Archive member included to satisfy reference by file (symbol)

/Applications/MCUXpressoIDE_24.12.148/ide/plugins/com.nxp.mcuxpresso.tools.macosx_24.12.0.202407110909/tools/bin/../lib/gcc/arm-none-eabi/13.2.1/../../../../arm-none-eabi/lib/thumb/v8-m.main/nofp/libcr_semihost_nf.a(_cr__main.o)
                              ./startup/startup_mcxa153.o (__main)
/Applications/MCUXpressoIDE_24.12.148/ide/plugins/com.nxp.mcuxpresso.tools.macosx_24.12.0.202407110909/tools/bin/../lib/gcc/arm-none-eabi/13.2.1/../../../../arm-none-eabi/lib/thumb/v8-m.main/nofp/libcr_c.a(memcpy.o)
                              ./source/fatFs/ff.o (memcpy)
/Applications/MCUXpressoIDE_24.12.148/ide/plugins/com.nxp.mcuxpresso.tools.macosx_24.12.0.202407110909/tools/bin/../lib/gcc/arm-none-eabi/13.2.1/../../../../arm-none-eabi/lib/thumb/v8-m.main/nofp/libcr_c.a(memset.o)
                              ./source/fatFs/ff.o (memset)
/Applications/MCUXpressoIDE_24.12.148/ide/plugins/com.nxp.mcuxpresso.tools.macosx_24.12.0.202407110909/tools/bin/../lib/gcc/arm-none-eabi/13.2.1/../../../../arm-none-eabi/lib/thumb/v8-m.main/nofp/libcr_c.a(cos.o)
                              ./source/utils/GPS.o (cos)
/Applications/MCUXpressoIDE_24.12.148/ide/plugins/com.nxp.mcuxpresso.tools.macosx_24.12.0.202407110909/tools/bin/../lib/gcc/arm-none-eabi/13.2.1/../../../../arm-none-eabi/lib/thumb/v8-m.main/nofp/libcr_c.a(fabs.o)
                              ./source/utils/GPS.o (fabs)
/Applications/MCUXpressoIDE_24.12.148/ide/plugins/com.nxp.mcuxpresso.tools.macosx_24.12.0.202407110909/tools/bin/../lib/gcc/arm-none-eabi/13.2.1/../../../../arm-none-eabi/lib/thumb/v8-m.main/nofp/libcr_c.a(fpprintf.o)
                              ./source/utils/Logger.o (sprintf)
/Applications/MCUXpressoIDE_24.12.148/ide/plugins/com.nxp.mcuxpresso.tools.macosx_24.12.0.202407110909/tools/bin/../lib/gcc/arm-none-eabi/13.2.1/../../../../arm-none-eabi/lib/thumb/v8-m.main/nofp/libcr_c.a(initio.o)
                              /Applications/MCUXpressoIDE_24.12.148/ide/plugins/com.nxp.mcuxpresso.tools.macosx_24.12.0.202407110909/tools/bin/../lib/gcc/arm-none-eabi/13.2.1/../../../../arm-none-eabi/lib/thumb/v8-m.main/nofp/libcr_semihost_nf.a(_cr__main.o) (_initio)
/Applications/MCUXpressoIDE_24.12.148/ide/plugins/com.nxp.mcuxpresso.tools.macosx_24.12.0.202407110909/tools/bin/../lib/gcc/arm-none-eabi/13.2.1/../../../../arm-none-eabi/lib/thumb/v8-m.main/nofp/libcr_c.a(memcmp.o)
                              ./source/fatFs/ff.o (memcmp)
/Applications/MCUXpressoIDE_24.12.148/ide/plugins/com.nxp.mcuxpresso.tools.macosx_24.12.0.202407110909/tools/bin/../lib/gcc/arm-none-eabi/13.2.1/../../../../arm-none-eabi/lib/thumb/v8-m.main/nofp/libcr_c.a(pow.o)
                              ./source/games/gps_location.game.o (pow)
/Applications/MCUXpressoIDE_24.12.148/ide/plugins/com.nxp.mcuxpresso.tools.macosx_24.12.0.202407110909/tools/bin/../lib/gcc/arm-none-eabi/13.2.1/../../../../arm-none-eabi/lib/thumb/v8-m.main/nofp/libcr_c.a(printf.o)
                              /Applications/MCUXpressoIDE_24.12.148/ide/plugins/com.nxp.mcuxpresso.tools.macosx_24.12.0.202407110909/tools/bin/../lib/gcc/arm-none-eabi/13.2.1/../../../../arm-none-eabi/lib/thumb/v8-m.main/nofp/libcr_c.a(fpprintf.o) (__vfprintf)
/Applications/MCUXpressoIDE_24.12.148/ide/plugins/com.nxp.mcuxpresso.tools.macosx_24.12.0.202407110909/tools/bin/../lib/gcc/arm-none-eabi/13.2.1/../../../../arm-none-eabi/lib/thumb/v8-m.main/nofp/libcr_c.a(scanf.o)
                              ./source/utils/GPS.o (atof)
/Applications/MCUXpressoIDE_24.12.148/ide/plugins/com.nxp.mcuxpresso.tools.macosx_24.12.0.202407110909/tools/bin/../lib/gcc/arm-none-eabi/13.2.1/../../../../arm-none-eabi/lib/thumb/v8-m.main/nofp/libcr_c.a(setvbuf.o)
                              /Applications/MCUXpressoIDE_24.12.148/ide/plugins/com.nxp.mcuxpresso.tools.macosx_24.12.0.202407110909/tools/bin/../lib/gcc/arm-none-eabi/13.2.1/../../../../arm-none-eabi/lib/thumb/v8-m.main/nofp/libcr_c.a(initio.o) (setvbuf)
/Applications/MCUXpressoIDE_24.12.148/ide/plugins/com.nxp.mcuxpresso.tools.macosx_24.12.0.202407110909/tools/bin/../lib/gcc/arm-none-eabi/13.2.1/../../../../arm-none-eabi/lib/thumb/v8-m.main/nofp/libcr_c.a(sqrt.o)
                              ./source/games/gps_location.game.o (sqrt)
/Applications/MCUXpressoIDE_24.12.148/ide/plugins/com.nxp.mcuxpresso.tools.macosx_24.12.0.202407110909/tools/bin/../lib/gcc/arm-none-eabi/13.2.1/../../../../arm-none-eabi/lib/thumb/v8-m.main/nofp/libcr_c.a(strchr.o)
                              ./source/fatFs/ff.o (strchr)
/Applications/MCUXpressoIDE_24.12.148/ide/plugins/com.nxp.mcuxpresso.tools.macosx_24.12.0.202407110909/tools/bin/../lib/gcc/arm-none-eabi/13.2.1/../../../../arm-none-eabi/lib/thumb/v8-m.main/nofp/libcr_c.a(strcspn.o)
                              ./source/utils/GPS.o (strcspn)
[...]
Memory Configuration

Name             Origin             Length             Attributes
PROGRAM_FLASH    0x00000000         0x00020000         xr
SRAM             0x20000000         0x00006000         xrw
SRAMX0           0x04000000         0x00002000         xrw
SRAMX1           0x04002000         0x00001000         xrw
*default*        0x00000000         0xffffffff

Linker script and memory map

LOAD ./startup/startup_mcxa153.o
LOAD ./source/utils/GPS.o
LOAD ./source/utils/Lock.o
LOAD ./source/utils/Logger.o
LOAD ./source/utils/SD.o
LOAD ./source/games/game_control.o
LOAD ./source/games/gps_location.game.o
LOAD ./source/games/gps_proximity.game.o
LOAD ./source/games/memory.game.o
LOAD ./source/fatFs/ff.o
LOAD ./source/fatFs/sdmm.o
LOAD ./source/fifo.o
LOAD ./source/gpio_output.o
LOAD ./source/lpi2c0_controller_polling.o
LOAD ./source/lpuart0_interrupt.o
LOAD ./source/lpuart2_interrupt.o
LOAD ./source/main.o
LOAD ./source/retarget.o
LOAD ./source/semihost_hardfault.o
LOAD ./device/system_MCXA153.o
START GROUP
LOAD /Applications/MCUXpressoIDE_24.12.148/ide/plugins/com.nxp.mcuxpresso.tools.macosx_24.12.0.202407110909/tools/bin/../lib/gcc/arm-none-eabi/13.2.1/../../../../arm-none-eabi/lib/thumb/v8-m.main/nofp/libcr_semihost_nf.a
LOAD /Applications/MCUXpressoIDE_24.12.148/ide/plugins/com.nxp.mcuxpresso.tools.macosx_24.12.0.202407110909/tools/bin/../lib/gcc/arm-none-eabi/13.2.1/../../../../arm-none-eabi/lib/thumb/v8-m.main/nofp/libcr_c.a
LOAD /Applications/MCUXpressoIDE_24.12.148/ide/plugins/com.nxp.mcuxpresso.tools.macosx_24.12.0.202407110909/tools/bin/../lib/gcc/arm-none-eabi/13.2.1/thumb/v8-m.main/nofp/libcr_eabihelpers.a
LOAD /Applications/MCUXpressoIDE_24.12.148/ide/plugins/com.nxp.mcuxpresso.tools.macosx_24.12.0.202407110909/tools/bin/../lib/gcc/arm-none-eabi/13.2.1/thumb/v8-m.main/nofp/libgcc.a
END GROUP
                0x00000000                        __base_PROGRAM_FLASH = 0x0
                0x00000000                        __base_Flash = 0x0
                0x00020000                        __top_PROGRAM_FLASH = 0x20000
                0x00020000                        __top_Flash = 0x20000
                0x20000000                        __base_SRAM = 0x20000000
                0x20000000                        __base_RAM = 0x20000000
                0x20006000                        __top_SRAM = 0x20006000
                0x20006000                        __top_RAM = 0x20006000
                0x04000000                        __base_SRAMX0 = 0x4000000
                0x04000000                        __base_RAM2 = 0x4000000
                0x04002000                        __top_SRAMX0 = 0x4002000
                0x04002000                        __top_RAM2 = 0x4002000
                0x04002000                        __base_SRAMX1 = 0x4002000
                0x04002000                        __base_RAM3 = 0x4002000
                0x04003000                        __top_SRAMX1 = 0x4003000
                0x04003000                        __top_RAM3 = 0x4003000

.text           0x00000000     0x8f94
 FILL mask 0xff
                0x00000000                        __vectors_start__ = ABSOLUTE (.)
 *(SORT_BY_ALIGNMENT(.isr_vector))
 .isr_vector    0x00000000      0x16c ./startup/startup_mcxa153.o
                0x00000000                __Vectors
                0x00000000                g_pfnVectors
                0x0000016c                        . = ALIGN (0x4)
                0x0000016c                        __section_table_start = .
                0x0000016c                        __data_section_table = .
                0x0000016c        0x4 LONG 0x8f94 LOADADDR (.data)
                0x00000170        0x4 LONG 0x20000000 ADDR (.data)
                0x00000174        0x4 LONG 0x10 SIZEOF (.data)
                0x00000178        0x4 LONG 0x8f94 LOADADDR (.data_RAM2)
                0x0000017c        0x4 LONG 0x4000000 ADDR (.data_RAM2)
                0x00000180        0x4 LONG 0x0 SIZEOF (.data_RAM2)
                0x00000184        0x4 LONG 0x8f94 LOADADDR (.data_RAM3)
                0x00000188        0x4 LONG 0x4002000 ADDR (.data_RAM3)
                0x0000018c        0x4 LONG 0x0 SIZEOF (.data_RAM3)
                0x00000190                        __data_section_table_end = .
                0x00000190                        __bss_section_table = .
                0x00000190        0x4 LONG 0x20000010 ADDR (.bss)
                0x00000194        0x4 LONG 0xb58 SIZEOF (.bss)
                0x00000198        0x4 LONG 0x4000000 ADDR (.bss_RAM2)
                0x0000019c        0x4 LONG 0x0 SIZEOF (.bss_RAM2)
                0x000001a0        0x4 LONG 0x4002000 ADDR (.bss_RAM3)
                0x000001a4        0x4 LONG 0x0 SIZEOF (.bss_RAM3)
                0x000001a8                        __bss_section_table_end = .
                0x000001a8                        __section_table_end = .
 *(SORT_BY_ALIGNMENT(.after_vectors*))
 .after_vectors.reset
                0x000001a8       0x68 ./startup/startup_mcxa153.o
                0x000001a8                ResetISR
 .after_vectors.init_data
                0x00000210       0x1c ./startup/startup_mcxa153.o
                0x00000210                data_init
 .after_vectors.init_bss
                0x0000022c       0x12 ./startup/startup_mcxa153.o
                0x0000022c                bss_init
 .after_vectors
                0x0000023e       0x16 ./startup/startup_mcxa153.o
                0x0000023e                NMI_Handler
                0x00000242                MemManage_Handler
                0x00000244                BusFault_Handler
                0x00000246                UsageFault_Handler
                0x00000248                SecureFault_Handler
                0x0000024a                SVC_Handler
                0x0000024c                DebugMon_Handler
                0x0000024e                PendSV_Handler
                0x00000252                LPTMR0_DriverIRQHandler
                0x00000252                FLEXPWM0_SUBMODULE1_DriverIRQHandler
                0x00000252                LPI2C0_DriverIRQHandler
                0x00000252                FLEXPWM0_RELOAD_ERROR_DriverIRQHandler
                0x00000252                QDC0_HOME_DriverIRQHandler
                0x00000252                Reserved82_DriverIRQHandler
                0x00000252                QDC0_WATCHDOG_DriverIRQHandler
                0x00000252                ERM0_MULTI_BIT_DriverIRQHandler
                0x00000252                Reserved36_DriverIRQHandler
                0x00000252                CTIMER2_DriverIRQHandler
                0x00000252                CMP1_DriverIRQHandler
                0x00000252                IntDefaultHandler
                0x00000252                USB0_DriverIRQHandler
                0x00000252                QDC0_INDEX_DriverIRQHandler
                0x00000252                UTICK0_DriverIRQHandler
                0x00000252                Reserved41_DriverIRQHandler
                0x00000252                FLEXPWM0_SUBMODULE2_DriverIRQHandler
                0x00000252                LPUART2_DriverIRQHandler
                0x00000252                WWDT0_DriverIRQHandler
                0x00000252                Reserved84_DriverIRQHandler
                0x00000252                FLEXPWM0_FAULT_DriverIRQHandler
                0x00000252                GPIO0_DriverIRQHandler
                0x00000252                Reserved38_DriverIRQHandler
                0x00000252                FREQME0_DriverIRQHandler
                0x00000252                Reserved22_DriverIRQHandler
                0x00000252                Reserved53_DriverIRQHandler
                0x00000252                Reserved35_DriverIRQHandler
                0x00000252                CTIMER0_DriverIRQHandler
                0x00000252                Reserved79_DriverIRQHandler
                0x00000252                Reserved24_DriverIRQHandler
                0x00000252                CTIMER1_DriverIRQHandler
                0x00000252                QDC0_COMPARE_DriverIRQHandler
                0x00000252                LPUART1_DriverIRQHandler
                0x00000252                LPSPI0_DriverIRQHandler
                0x00000252                DMA_CH3_DriverIRQHandler
                0x00000252                Reserved83_DriverIRQHandler
                0x00000252                Reserved72_DriverIRQHandler
                0x00000252                Reserved23_DriverIRQHandler
                0x00000252                Reserved65_DriverIRQHandler
                0x00000252                ERM0_SINGLE_BIT_DriverIRQHandler
                0x00000252                DMA_CH2_DriverIRQHandler
                0x00000252                Reserved51_DriverIRQHandler
                0x00000252                Reserved25_DriverIRQHandler
                0x00000252                FMU0_DriverIRQHandler
                0x00000252                LPSPI1_DriverIRQHandler
                0x00000252                Reserved77_DriverIRQHandler
                0x00000252                Reserved16_DriverIRQHandler
                0x00000252                LPUART0_DriverIRQHandler
                0x00000252                GPIO2_DriverIRQHandler
                0x00000252                Reserved85_DriverIRQHandler
                0x00000252                ADC0_DriverIRQHandler
                0x00000252                CMP0_DriverIRQHandler
                0x00000252                CDOG0_DriverIRQHandler
                0x00000252                Reserved59_DriverIRQHandler
                0x00000252                DMA_CH0_DriverIRQHandler
                0x00000252                Reserved58_DriverIRQHandler
                0x00000252                DMA_CH1_DriverIRQHandler
                0x00000252                SPC0_DriverIRQHandler
                0x00000252                Reserved43_DriverIRQHandler
                0x00000252                Reserved46_DriverIRQHandler
                0x00000252                Reserved37_DriverIRQHandler
                0x00000252                Reserved86_DriverIRQHandler
                0x00000252                GPIO1_DriverIRQHandler
                0x00000252                FLEXPWM0_SUBMODULE0_DriverIRQHandler
                0x00000252                Reserved50_DriverIRQHandler
                0x00000252                OS_EVENT_DriverIRQHandler
                0x00000252                SCG0_DriverIRQHandler
                0x00000252                GLIKEY0_DriverIRQHandler
                0x00000252                GPIO3_DriverIRQHandler
                0x00000252                CMC_DriverIRQHandler
                0x00000252                WUU0_DriverIRQHandler
                0x00000252                Reserved33_DriverIRQHandler
                0x00000252                I3C0_DriverIRQHandler
                0x00000252                Reserved39_DriverIRQHandler
                0x00000252                WAKETIMER0_DriverIRQHandler
                0x00000252                MBC0_DriverIRQHandler
 *(SORT_BY_ALIGNMENT(.text*))
 *fill*         0x00000254        0x4 ff
 .text.calculateLongitudeDistance
                0x00000258       0xcc ./source/utils/GPS.o
                0x00000258                calculateLongitudeDistance
 *fill*         0x00000324        0x4 ff
 .text.calculateLatitudeDistance
                0x00000328       0x8c ./source/utils/GPS.o
                0x00000328                calculateLatitudeDistance
 *fill*         0x000003b4        0x4 ff
 .text.ilog10   0x000003b8       0xf8 ./source/fatFs/ff.o
 .text.i10x     0x000004b0       0xc8 ./source/fatFs/ff.o
 .text.cos      0x00000578       0x60 /Applications/MCUXpressoIDE_24.12.148/ide/plugins/com.nxp.mcuxpresso.tools.macosx_24.12.0.202407110909/tools/bin/../lib/gcc/arm-none-eabi/13.2.1/../../../../arm-none-eabi/lib/thumb/v8-m.main/nofp/libcr_c.a(cos.o)
                0x00000578                cos
 .text.fp_display
                0x000005d8      0x9ac /Applications/MCUXpressoIDE_24.12.148/ide/plugins/com.nxp.mcuxpresso.tools.macosx_24.12.0.202407110909/tools/bin/../lib/gcc/arm-none-eabi/13.2.1/../../../../arm-none-eabi/lib/thumb/v8-m.main/nofp/libcr_c.a(fpprintf.o)
 *fill*         0x00000f84        0x4 ff
 .text.vfscanf  0x00000f88      0x900 /Applications/MCUXpressoIDE_24.12.148/ide/plugins/com.nxp.mcuxpresso.tools.macosx_24.12.0.202407110909/tools/bin/../lib/gcc/arm-none-eabi/13.2.1/../../../../arm-none-eabi/lib/thumb/v8-m.main/nofp/libcr_c.a(scanf.o)
                0x00000f88                vfscanf
 .text._sincos  0x00001888      0x1fc /Applications/MCUXpressoIDE_24.12.148/ide/plugins/com.nxp.mcuxpresso.tools.macosx_24.12.0.202407110909/tools/bin/../lib/gcc/arm-none-eabi/13.2.1/../../../../arm-none-eabi/lib/thumb/v8-m.main/nofp/libcr_c.a(_sincos.o)
                0x00001888                _sincos
 .text.GPS_updateData
                0x00001a84       0x84 ./source/utils/GPS.o
                0x00001a84                GPS_updateData
 .text.GPS_getCurrentLocation
                0x00001b08       0x14 ./source/utils/GPS.o
                0x00001b08                GPS_getCurrentLocation
 .text.GPS_getCurrentDirections
                0x00001b1c       0x14 ./source/utils/GPS.o
                0x00001b1c                GPS_getCurrentDirections
 .text.GPS_getConnectionQuality
                0x00001b30       0x14 ./source/utils/GPS.o
                0x00001b30                GPS_getConnectionQuality
 .text.parseGNGGA
                0x00001b44      0x224 ./source/utils/GPS.o
                0x00001b44                parseGNGGA
 .text.Logger_updateData
                0x00001d68       0x7c ./source/utils/Logger.o
                0x00001d68                Logger_updateData
 .text.SD_Writeln
                0x00001de4       0x54 ./source/utils/SD.o
                0x00001de4                SD_Writeln
 .text.SD_Overwrite
                0x00001e38       0x54 ./source/utils/SD.o
                0x00001e38                SD_Overwrite
 .text.SD_Read  0x00001e8c       0x6c ./source/utils/SD.o
                0x00001e8c                SD_Read
 .text.initGameControl
                0x00001ef8       0x9c ./source/games/game_control.o
                0x00001ef8                initGameControl
 .text.checkGameStatus
                0x00001f94       0xf4 ./source/games/game_control.o
                0x00001f94                checkGameStatus
 .text.initGPSLocationGame
                0x00002088      0x148 ./source/games/gps_location.game.o
                0x00002088                initGPSLocationGame
 .text.initGPSProximityGame
                0x000021d0      0x148 ./source/games/gps_proximity.game.o
                0x000021d0                initGPSProximityGame
 .text.sync_fs  0x00002318       0xe0 ./source/fatFs/ff.o
 .text.create_name
                0x000023f8      0x20c ./source/fatFs/ff.o
 .text.get_ldnumber
                0x00002604       0x88 ./source/fatFs/ff.o
 .text.check_fs
                0x0000268c      0x148 ./source/fatFs/ff.o
 .text.mount_volume
                0x000027d4      0x3fc ./source/fatFs/ff.o
 .text.f_open   0x00002bd0      0x2e0 ./source/fatFs/ff.o
                0x00002bd0                f_open
 .text.f_sync   0x00002eb0       0xc8 ./source/fatFs/ff.o
                0x00002eb0                f_sync
 .text.ftoa     0x00002f78      0x310 ./source/fatFs/ff.o
 .text.f_printf
                0x00003288      0x704 ./source/fatFs/ff.o
                0x00003288                f_printf
 .text.xmit_mmc
                0x0000398c      0x210 ./source/fatFs/sdmm.o
 .text.rcvr_mmc
                0x00003b9c      0x1bc ./source/fatFs/sdmm.o
 .text.deselect
                0x00003d58       0x28 ./source/fatFs/sdmm.o
 .text.select   0x00003d80       0x3c ./source/fatFs/sdmm.o
 .text.disk_status
                0x00003dbc       0x28 ./source/fatFs/sdmm.o
                0x00003dbc                disk_status
 .text.disk_initialize
                0x00003de4      0x224 ./source/fatFs/sdmm.o
                0x00003de4                disk_initialize
 .text.disk_read
                0x00004008       0xac ./source/fatFs/sdmm.o
                0x00004008                disk_read
 .text.disk_write
                0x000040b4       0xdc ./source/fatFs/sdmm.o
                0x000040b4                disk_write
 .text.gpio_output_init
                0x00004190       0x60 ./source/gpio_output.o
                0x00004190                gpio_output_init
 .text.lpi2c0_controller_init
                0x000041f0       0x84 ./source/lpi2c0_controller_polling.o
                0x000041f0                lpi2c0_controller_init
 .text.__NVIC_EnableIRQ
                0x00004274       0x38 ./source/lpuart0_interrupt.o
 .text.__NVIC_ClearPendingIRQ
                0x000042ac       0x3c ./source/lpuart0_interrupt.o
 .text.__NVIC_SetPriority
                0x000042e8       0x54 ./source/lpuart0_interrupt.o
 .text.lpuart0_init
                0x0000433c       0xc4 ./source/lpuart0_interrupt.o
                0x0000433c                lpuart0_init
 .text.lpuart0_putchar
                0x00004400       0x40 ./source/lpuart0_interrupt.o
                0x00004400                lpuart0_putchar
 .text.lpuart0_getchar
                0x00004440       0x30 ./source/lpuart0_interrupt.o
                0x00004440                lpuart0_getchar
 .text.LPUART0_IRQHandler
                0x00004470       0x7c ./source/lpuart0_interrupt.o
                0x00004470                LPUART0_IRQHandler
 .text.__NVIC_EnableIRQ
                0x000044ec       0x38 ./source/lpuart2_interrupt.o
 .text.__NVIC_ClearPendingIRQ
                0x00004524       0x3c ./source/lpuart2_interrupt.o
 .text.__NVIC_SetPriority
                0x00004560       0x54 ./source/lpuart2_interrupt.o
 .text.lpuart2_init
                0x000045b4       0xc8 ./source/lpuart2_interrupt.o
                0x000045b4                lpuart2_init
 .text.lpuart2_getchar
                0x0000467c       0x30 ./source/lpuart2_interrupt.o
                0x0000467c                lpuart2_getchar
 .text.lpuart2_rxcnt
                0x000046ac       0x14 ./source/lpuart2_interrupt.o
                0x000046ac                lpuart2_rxcnt
 .text.LPUART2_IRQHandler
                0x000046c0       0x7c ./source/lpuart2_interrupt.o
                0x000046c0                LPUART2_IRQHandler
 .text.__NVIC_SetPriority
                0x0000473c       0x54 ./source/main.o
 .text.SysTick_Config
                0x00004790       0x44 ./source/main.o
 .text.main     0x000047d4       0xcc ./source/main.o
                0x000047d4                main
 .text.SysTick_Handler
                0x000048a0       0x1c ./source/main.o
                0x000048a0                SysTick_Handler
 .text.SystemInit
                0x000048bc      0x120 ./device/system_MCXA153.o
                0x000048bc                SystemInit
 .text.sprintf  0x000049dc       0x6c /Applications/MCUXpressoIDE_24.12.148/ide/plugins/com.nxp.mcuxpresso.tools.macosx_24.12.0.202407110909/tools/bin/../lib/gcc/arm-none-eabi/13.2.1/../../../../arm-none-eabi/lib/thumb/v8-m.main/nofp/libcr_c.a(fpprintf.o)
                0x000049dc                sprintf
 .text.vsnprintf
                0x00004a48       0x68 /Applications/MCUXpressoIDE_24.12.148/ide/plugins/com.nxp.mcuxpresso.tools.macosx_24.12.0.202407110909/tools/bin/../lib/gcc/arm-none-eabi/13.2.1/../../../../arm-none-eabi/lib/thumb/v8-m.main/nofp/libcr_c.a(fpprintf.o)
                0x00004a48                vsnprintf
 .text.printf   0x00004ab0       0x54 /Applications/MCUXpressoIDE_24.12.148/ide/plugins/com.nxp.mcuxpresso.tools.macosx_24.12.0.202407110909/tools/bin/../lib/gcc/arm-none-eabi/13.2.1/../../../../arm-none-eabi/lib/thumb/v8-m.main/nofp/libcr_c.a(fpprintf.o)
                0x00004ab0                printf
 .text._initio  0x00004b04       0x78 /Applications/MCUXpressoIDE_24.12.148/ide/plugins/com.nxp.mcuxpresso.tools.macosx_24.12.0.202407110909/tools/bin/../lib/gcc/arm-none-eabi/13.2.1/../../../../arm-none-eabi/lib/thumb/v8-m.main/nofp/libcr_c.a(initio.o)
                0x00004b04                _initio
 .text.__vfprintf
                0x00004b7c      0xb70 /Applications/MCUXpressoIDE_24.12.148/ide/plugins/com.nxp.mcuxpresso.tools.macosx_24.12.0.202407110909/tools/bin/../lib/gcc/arm-none-eabi/13.2.1/../../../../arm-none-eabi/lib/thumb/v8-m.main/nofp/libcr_c.a(printf.o)
                0x00004b7c                __vfprintf
 .text.ch_val   0x000056ec       0x30 /Applications/MCUXpressoIDE_24.12.148/ide/plugins/com.nxp.mcuxpresso.tools.macosx_24.12.0.202407110909/tools/bin/../lib/gcc/arm-none-eabi/13.2.1/../../../../arm-none-eabi/lib/thumb/v8-m.main/nofp/libcr_c.a(scanf.o)
 .text._strtoul
                0x0000571c       0xb4 /Applications/MCUXpressoIDE_24.12.148/ide/plugins/com.nxp.mcuxpresso.tools.macosx_24.12.0.202407110909/tools/bin/../lib/gcc/arm-none-eabi/13.2.1/../../../../arm-none-eabi/lib/thumb/v8-m.main/nofp/libcr_c.a(scanf.o)
 .text.cr_rd_int
                0x000057d0      0x1a0 /Applications/MCUXpressoIDE_24.12.148/ide/plugins/com.nxp.mcuxpresso.tools.macosx_24.12.0.202407110909/tools/bin/../lib/gcc/arm-none-eabi/13.2.1/../../../../arm-none-eabi/lib/thumb/v8-m.main/nofp/libcr_c.a(scanf.o)
 .text.strtod   0x00005970       0x34 /Applications/MCUXpressoIDE_24.12.148/ide/plugins/com.nxp.mcuxpresso.tools.macosx_24.12.0.202407110909/tools/bin/../lib/gcc/arm-none-eabi/13.2.1/../../../../arm-none-eabi/lib/thumb/v8-m.main/nofp/libcr_c.a(scanf.o)
                0x00005970                strtod
 .text.strtol   0x000059a4       0x80 /Applications/MCUXpressoIDE_24.12.148/ide/plugins/com.nxp.mcuxpresso.tools.macosx_24.12.0.202407110909/tools/bin/../lib/gcc/arm-none-eabi/13.2.1/../../../../arm-none-eabi/lib/thumb/v8-m.main/nofp/libcr_c.a(scanf.o)
                0x000059a4                strtol
 .text.atof     0x00005a24       0x14 /Applications/MCUXpressoIDE_24.12.148/ide/plugins/com.nxp.mcuxpresso.tools.macosx_24.12.0.202407110909/tools/bin/../lib/gcc/arm-none-eabi/13.2.1/../../../../arm-none-eabi/lib/thumb/v8-m.main/nofp/libcr_c.a(scanf.o)
                0x00005a24                atof
 .text.atoi     0x00005a38       0x18 /Applications/MCUXpressoIDE_24.12.148/ide/plugins/com.nxp.mcuxpresso.tools.macosx_24.12.0.202407110909/tools/bin/../lib/gcc/arm-none-eabi/13.2.1/../../../../arm-none-eabi/lib/thumb/v8-m.main/nofp/libcr_c.a(scanf.o)
                0x00005a38                atoi
 .text.__filbuf
                0x00005a50      0x178 /Applications/MCUXpressoIDE_24.12.148/ide/plugins/com.nxp.mcuxpresso.tools.macosx_24.12.0.202407110909/tools/bin/../lib/gcc/arm-none-eabi/13.2.1/../../../../arm-none-eabi/lib/thumb/v8-m.main/nofp/libcr_c.a(__fillbuf.o)
                0x00005a50                __filbuf
 .text._ldexpl  0x00005bc8       0x48 /Applications/MCUXpressoIDE_24.12.148/ide/plugins/com.nxp.mcuxpresso.tools.macosx_24.12.0.202407110909/tools/bin/../lib/gcc/arm-none-eabi/13.2.1/../../../../arm-none-eabi/lib/thumb/v8-m.main/nofp/libcr_c.a(_ldexpl.o)
                0x00005bc8                _ldexpl
 .text._Cwritebuf
                0x00005c10       0x6c /Applications/MCUXpressoIDE_24.12.148/ide/plugins/com.nxp.mcuxpresso.tools.macosx_24.12.0.202407110909/tools/bin/../lib/gcc/arm-none-eabi/13.2.1/../../../../arm-none-eabi/lib/thumb/v8-m.main/nofp/libcr_c.a(_writebuf.o)
                0x00005c10                _Cwritebuf
 .text.malloc   0x00005c7c       0xc8 /Applications/MCUXpressoIDE_24.12.148/ide/plugins/com.nxp.mcuxpresso.tools.macosx_24.12.0.202407110909/tools/bin/../lib/gcc/arm-none-eabi/13.2.1/../../../../arm-none-eabi/lib/thumb/v8-m.main/nofp/libcr_c.a(alloc.o)
                0x00005c7c                malloc
 .text._Csys_alloc
                0x00005d44       0x20 /Applications/MCUXpressoIDE_24.12.148/ide/plugins/com.nxp.mcuxpresso.tools.macosx_24.12.0.202407110909/tools/bin/../lib/gcc/arm-none-eabi/13.2.1/../../../../arm-none-eabi/lib/thumb/v8-m.main/nofp/libcr_c.a(alloc.o)
                0x00005d44                _Csys_alloc
 .text.fflush   0x00005d64       0x3c /Applications/MCUXpressoIDE_24.12.148/ide/plugins/com.nxp.mcuxpresso.tools.macosx_24.12.0.202407110909/tools/bin/../lib/gcc/arm-none-eabi/13.2.1/../../../../arm-none-eabi/lib/thumb/v8-m.main/nofp/libcr_c.a(fflush.o)
                0x00005d64                fflush
 .text.fseek    0x00005da0       0xf8 /Applications/MCUXpressoIDE_24.12.148/ide/plugins/com.nxp.mcuxpresso.tools.macosx_24.12.0.202407110909/tools/bin/../lib/gcc/arm-none-eabi/13.2.1/../../../../arm-none-eabi/lib/thumb/v8-m.main/nofp/libcr_c.a(fseek.o)
                0x00005da0                fseek
 .text.ftell    0x00005e98       0x44 /Applications/MCUXpressoIDE_24.12.148/ide/plugins/com.nxp.mcuxpresso.tools.macosx_24.12.0.202407110909/tools/bin/../lib/gcc/arm-none-eabi/13.2.1/../../../../arm-none-eabi/lib/thumb/v8-m.main/nofp/libcr_c.a(ftell.o)
                0x00005e98                ftell
 .text._sbrk    0x00005edc       0x3c /Applications/MCUXpressoIDE_24.12.148/ide/plugins/com.nxp.mcuxpresso.tools.macosx_24.12.0.202407110909/tools/bin/../lib/gcc/arm-none-eabi/13.2.1/../../../../arm-none-eabi/lib/thumb/v8-m.main/nofp/libcr_c.a(_cr_sbrk.o)
                0x00005edc                _sbrk
 .text.__check_heap_overflow
                0x00005f18       0x18 /Applications/MCUXpressoIDE_24.12.148/ide/plugins/com.nxp.mcuxpresso.tools.macosx_24.12.0.202407110909/tools/bin/../lib/gcc/arm-none-eabi/13.2.1/../../../../arm-none-eabi/lib/thumb/v8-m.main/nofp/libcr_c.a(_cr_check_heap.o)
                0x00005f18                __check_heap_overflow
 .text.__aeabi_dmul
                0x00005f30       0xfc /Applications/MCUXpressoIDE_24.12.148/ide/plugins/com.nxp.mcuxpresso.tools.macosx_24.12.0.202407110909/tools/bin/../lib/gcc/arm-none-eabi/13.2.1/thumb/v8-m.main/nofp/libcr_eabihelpers.a(double.o)
                0x00005f30                __aeabi_dmul
 .text.__aeabi_ddiv
                0x0000602c      0x134 /Applications/MCUXpressoIDE_24.12.148/ide/plugins/com.nxp.mcuxpresso.tools.macosx_24.12.0.202407110909/tools/bin/../lib/gcc/arm-none-eabi/13.2.1/thumb/v8-m.main/nofp/libcr_eabihelpers.a(double.o)
                0x0000602c                __aeabi_ddiv
 .text.__aeabi_dsub
                0x00006160      0x1b4 /Applications/MCUXpressoIDE_24.12.148/ide/plugins/com.nxp.mcuxpresso.tools.macosx_24.12.0.202407110909/tools/bin/../lib/gcc/arm-none-eabi/13.2.1/thumb/v8-m.main/nofp/libcr_eabihelpers.a(double.o)
                0x00006160                __aeabi_dsub
 .text.__aeabi_dadd
                0x00006314      0x118 /Applications/MCUXpressoIDE_24.12.148/ide/plugins/com.nxp.mcuxpresso.tools.macosx_24.12.0.202407110909/tools/bin/../lib/gcc/arm-none-eabi/13.2.1/thumb/v8-m.main/nofp/libcr_eabihelpers.a(double.o)
                0x00006314                __aeabi_dadd
 .text.__aeabi_d2f
                0x0000642c       0x58 /Applications/MCUXpressoIDE_24.12.148/ide/plugins/com.nxp.mcuxpresso.tools.macosx_24.12.0.202407110909/tools/bin/../lib/gcc/arm-none-eabi/13.2.1/thumb/v8-m.main/nofp/libcr_eabihelpers.a(double.o)
                0x0000642c                __aeabi_d2f
 .text.__sys_appexit
                0x00006484        0xc /Applications/MCUXpressoIDE_24.12.148/ide/plugins/com.nxp.mcuxpresso.tools.macosx_24.12.0.202407110909/tools/bin/../lib/gcc/arm-none-eabi/13.2.1/../../../../arm-none-eabi/lib/thumb/v8-m.main/nofp/libcr_semihost_nf.a(__sys_appexit.o)
                0x00006484                __exit
                0x00006484                __sys_appexit
 .text.Reserved16_IRQHandler
                0x00006490        0x8 ./startup/startup_mcxa153.o
                0x00006490                Reserved16_IRQHandler
 .text.CMC_IRQHandler
                0x00006498        0x8 ./startup/startup_mcxa153.o
                0x00006498                CMC_IRQHandler
 .text.DMA_CH0_IRQHandler
                0x000064a0        0x8 ./startup/startup_mcxa153.o
                0x000064a0                DMA_CH0_IRQHandler
 .text.DMA_CH1_IRQHandler
                0x000064a8        0x8 ./startup/startup_mcxa153.o
                0x000064a8                DMA_CH1_IRQHandler
 .text.DMA_CH2_IRQHandler
                0x000064b0        0x8 ./startup/startup_mcxa153.o
                0x000064b0                DMA_CH2_IRQHandler
 .text.DMA_CH3_IRQHandler
                0x000064b8        0x8 ./startup/startup_mcxa153.o
                0x000064b8                DMA_CH3_IRQHandler
 .text.Reserved22_IRQHandler
                0x000064c0        0x8 ./startup/startup_mcxa153.o
                0x000064c0                Reserved22_IRQHandler
 .text.Reserved23_IRQHandler
                0x000064c8        0x8 ./startup/startup_mcxa153.o
                0x000064c8                Reserved23_IRQHandler
 .text.Reserved24_IRQHandler
                0x000064d0        0x8 ./startup/startup_mcxa153.o
                0x000064d0                Reserved24_IRQHandler
 .text.Reserved25_IRQHandler
                0x000064d8        0x8 ./startup/startup_mcxa153.o
                0x000064d8                Reserved25_IRQHandler
 .text.ERM0_SINGLE_BIT_IRQHandler
                0x000064e0        0x8 ./startup/startup_mcxa153.o
                0x000064e0                ERM0_SINGLE_BIT_IRQHandler
 .text.ERM0_MULTI_BIT_IRQHandler
                0x000064e8        0x8 ./startup/startup_mcxa153.o
                0x000064e8                ERM0_MULTI_BIT_IRQHandler
 .text.FMU0_IRQHandler
                0x000064f0        0x8 ./startup/startup_mcxa153.o
                0x000064f0                FMU0_IRQHandler
 .text.GLIKEY0_IRQHandler
                0x000064f8        0x8 ./startup/startup_mcxa153.o
                0x000064f8                GLIKEY0_IRQHandler
 .text.MBC0_IRQHandler
                0x00006500        0x8 ./startup/startup_mcxa153.o
                0x00006500                MBC0_IRQHandler
 .text.SCG0_IRQHandler
                0x00006508        0x8 ./startup/startup_mcxa153.o
                0x00006508                SCG0_IRQHandler
 .text.SPC0_IRQHandler
                0x00006510        0x8 ./startup/startup_mcxa153.o
                0x00006510                SPC0_IRQHandler
 .text.Reserved33_IRQHandler
                0x00006518        0x8 ./startup/startup_mcxa153.o
                0x00006518                Reserved33_IRQHandler
 .text.WUU0_IRQHandler
                0x00006520        0x8 ./startup/startup_mcxa153.o
                0x00006520                WUU0_IRQHandler
 .text.Reserved35_IRQHandler
                0x00006528        0x8 ./startup/startup_mcxa153.o
                0x00006528                Reserved35_IRQHandler
 .text.Reserved36_IRQHandler
                0x00006530        0x8 ./startup/startup_mcxa153.o
                0x00006530                Reserved36_IRQHandler
 .text.Reserved37_IRQHandler
                0x00006538        0x8 ./startup/startup_mcxa153.o
                0x00006538                Reserved37_IRQHandler
 .text.Reserved38_IRQHandler
                0x00006540        0x8 ./startup/startup_mcxa153.o
                0x00006540                Reserved38_IRQHandler
 .text.Reserved39_IRQHandler
                0x00006548        0x8 ./startup/startup_mcxa153.o
                0x00006548                Reserved39_IRQHandler
 .text.I3C0_IRQHandler
                0x00006550        0x8 ./startup/startup_mcxa153.o
                0x00006550                I3C0_IRQHandler
 .text.Reserved41_IRQHandler
                0x00006558        0x8 ./startup/startup_mcxa153.o
                0x00006558                Reserved41_IRQHandler
 .text.LPI2C0_IRQHandler
                0x00006560        0x8 ./startup/startup_mcxa153.o
                0x00006560                LPI2C0_IRQHandler
 .text.Reserved43_IRQHandler
                0x00006568        0x8 ./startup/startup_mcxa153.o
                0x00006568                Reserved43_IRQHandler
 .text.LPSPI0_IRQHandler
                0x00006570        0x8 ./startup/startup_mcxa153.o
                0x00006570                LPSPI0_IRQHandler
 .text.LPSPI1_IRQHandler
                0x00006578        0x8 ./startup/startup_mcxa153.o
                0x00006578                LPSPI1_IRQHandler
 .text.Reserved46_IRQHandler
                0x00006580        0x8 ./startup/startup_mcxa153.o
                0x00006580                Reserved46_IRQHandler
 .text.LPUART1_IRQHandler
                0x00006588        0x8 ./startup/startup_mcxa153.o
                0x00006588                LPUART1_IRQHandler
 .text.Reserved50_IRQHandler
                0x00006590        0x8 ./startup/startup_mcxa153.o
                0x00006590                Reserved50_IRQHandler
 .text.Reserved51_IRQHandler
                0x00006598        0x8 ./startup/startup_mcxa153.o
                0x00006598                Reserved51_IRQHandler
 .text.USB0_IRQHandler
                0x000065a0        0x8 ./startup/startup_mcxa153.o
                0x000065a0                USB0_IRQHandler
 .text.Reserved53_IRQHandler
                0x000065a8        0x8 ./startup/startup_mcxa153.o
                0x000065a8                Reserved53_IRQHandler
 .text.CDOG0_IRQHandler
                0x000065b0        0x8 ./startup/startup_mcxa153.o
                0x000065b0                CDOG0_IRQHandler
 .text.CTIMER0_IRQHandler
                0x000065b8        0x8 ./startup/startup_mcxa153.o
                0x000065b8                CTIMER0_IRQHandler
 .text.CTIMER1_IRQHandler
                0x000065c0        0x8 ./startup/startup_mcxa153.o
                0x000065c0                CTIMER1_IRQHandler
 .text.CTIMER2_IRQHandler
                0x000065c8        0x8 ./startup/startup_mcxa153.o
                0x000065c8                CTIMER2_IRQHandler
 .text.Reserved58_IRQHandler
                0x000065d0        0x8 ./startup/startup_mcxa153.o
                0x000065d0                Reserved58_IRQHandler
 .text.Reserved59_IRQHandler
                0x000065d8        0x8 ./startup/startup_mcxa153.o
                0x000065d8                Reserved59_IRQHandler
 .text.FLEXPWM0_RELOAD_ERROR_IRQHandler
                0x000065e0        0x8 ./startup/startup_mcxa153.o
                0x000065e0                FLEXPWM0_RELOAD_ERROR_IRQHandler
 .text.FLEXPWM0_FAULT_IRQHandler
                0x000065e8        0x8 ./startup/startup_mcxa153.o
                0x000065e8                FLEXPWM0_FAULT_IRQHandler
 .text.FLEXPWM0_SUBMODULE0_IRQHandler
                0x000065f0        0x8 ./startup/startup_mcxa153.o
                0x000065f0                FLEXPWM0_SUBMODULE0_IRQHandler
 .text.FLEXPWM0_SUBMODULE1_IRQHandler
                0x000065f8        0x8 ./startup/startup_mcxa153.o
                0x000065f8                FLEXPWM0_SUBMODULE1_IRQHandler
 .text.FLEXPWM0_SUBMODULE2_IRQHandler
                0x00006600        0x8 ./startup/startup_mcxa153.o
                0x00006600                FLEXPWM0_SUBMODULE2_IRQHandler
 .text.Reserved65_IRQHandler
                0x00006608        0x8 ./startup/startup_mcxa153.o
                0x00006608                Reserved65_IRQHandler
 .text.QDC0_COMPARE_IRQHandler
                0x00006610        0x8 ./startup/startup_mcxa153.o
                0x00006610                QDC0_COMPARE_IRQHandler
 .text.QDC0_HOME_IRQHandler
                0x00006618        0x8 ./startup/startup_mcxa153.o
                0x00006618                QDC0_HOME_IRQHandler
 .text.QDC0_WATCHDOG_IRQHandler
                0x00006620        0x8 ./startup/startup_mcxa153.o
                0x00006620                QDC0_WATCHDOG_IRQHandler
 .text.QDC0_INDEX_IRQHandler
                0x00006628        0x8 ./startup/startup_mcxa153.o
                0x00006628                QDC0_INDEX_IRQHandler
 .text.FREQME0_IRQHandler
                0x00006630        0x8 ./startup/startup_mcxa153.o
                0x00006630                FREQME0_IRQHandler
 .text.LPTMR0_IRQHandler
                0x00006638        0x8 ./startup/startup_mcxa153.o
                0x00006638                LPTMR0_IRQHandler
 .text.Reserved72_IRQHandler
                0x00006640        0x8 ./startup/startup_mcxa153.o
                0x00006640                Reserved72_IRQHandler
 .text.OS_EVENT_IRQHandler
                0x00006648        0x8 ./startup/startup_mcxa153.o
                0x00006648                OS_EVENT_IRQHandler
 .text.WAKETIMER0_IRQHandler
                0x00006650        0x8 ./startup/startup_mcxa153.o
                0x00006650                WAKETIMER0_IRQHandler
 .text.UTICK0_IRQHandler
                0x00006658        0x8 ./startup/startup_mcxa153.o
                0x00006658                UTICK0_IRQHandler
 .text.WWDT0_IRQHandler
                0x00006660        0x8 ./startup/startup_mcxa153.o
                0x00006660                WWDT0_IRQHandler
 .text.Reserved77_IRQHandler
                0x00006668        0x8 ./startup/startup_mcxa153.o
                0x00006668                Reserved77_IRQHandler
 .text.ADC0_IRQHandler
                0x00006670        0x8 ./startup/startup_mcxa153.o
                0x00006670                ADC0_IRQHandler
 .text.Reserved79_IRQHandler
                0x00006678        0x8 ./startup/startup_mcxa153.o
                0x00006678                Reserved79_IRQHandler
 .text.CMP0_IRQHandler
                0x00006680        0x8 ./startup/startup_mcxa153.o
                0x00006680                CMP0_IRQHandler
 .text.CMP1_IRQHandler
                0x00006688        0x8 ./startup/startup_mcxa153.o
                0x00006688                CMP1_IRQHandler
 .text.Reserved82_IRQHandler
                0x00006690        0x8 ./startup/startup_mcxa153.o
                0x00006690                Reserved82_IRQHandler
 .text.Reserved83_IRQHandler
                0x00006698        0x8 ./startup/startup_mcxa153.o
                0x00006698                Reserved83_IRQHandler
 .text.Reserved84_IRQHandler
                0x000066a0        0x8 ./startup/startup_mcxa153.o
                0x000066a0                Reserved84_IRQHandler
 .text.Reserved85_IRQHandler
                0x000066a8        0x8 ./startup/startup_mcxa153.o
                0x000066a8                Reserved85_IRQHandler
 .text.Reserved86_IRQHandler
                0x000066b0        0x8 ./startup/startup_mcxa153.o
                0x000066b0                Reserved86_IRQHandler
 .text.GPIO0_IRQHandler
                0x000066b8        0x8 ./startup/startup_mcxa153.o
                0x000066b8                GPIO0_IRQHandler
 .text.GPIO1_IRQHandler
                0x000066c0        0x8 ./startup/startup_mcxa153.o
                0x000066c0                GPIO1_IRQHandler
 .text.GPIO2_IRQHandler
                0x000066c8        0x8 ./startup/startup_mcxa153.o
                0x000066c8                GPIO2_IRQHandler
 .text.GPIO3_IRQHandler
                0x000066d0        0x8 ./startup/startup_mcxa153.o
                0x000066d0                GPIO3_IRQHandler
 .text.strsep   0x000066d8       0x50 ./source/utils/GPS.o
                0x000066d8                strsep
 .text.GPSCalculateDirections
                0x00006728       0x86 ./source/utils/GPS.o
                0x00006728                GPSCalculateDirections
 .text.determineLongitudeDirection
                0x000067ae       0x2e ./source/utils/GPS.o
                0x000067ae                determineLongitudeDirection
 .text.determineLatitudeDirection
                0x000067dc       0x2e ./source/utils/GPS.o
                0x000067dc                determineLatitudeDirection
 .text.ld_word  0x0000680a       0x30 ./source/fatFs/ff.o
 .text.ld_dword
                0x0000683a       0x44 ./source/fatFs/ff.o
 .text.st_word  0x0000687e       0x34 ./source/fatFs/ff.o
 .text.st_dword
                0x000068b2       0x56 ./source/fatFs/ff.o
 .text.dbc_1st  0x00006908       0x3e ./source/fatFs/ff.o
 .text.dbc_2nd  0x00006946       0x52 ./source/fatFs/ff.o
 .text.sync_window
                0x00006998       0x78 ./source/fatFs/ff.o
 .text.move_window
                0x00006a10       0x5a ./source/fatFs/ff.o
 .text.clst2sect
                0x00006a6a       0x3c ./source/fatFs/ff.o
 .text.get_fat  0x00006aa6      0x14e ./source/fatFs/ff.o
 .text.put_fat  0x00006bf4      0x1d4 ./source/fatFs/ff.o
 .text.remove_chain
                0x00006dc8       0xca ./source/fatFs/ff.o
 .text.create_chain
                0x00006e92      0x1aa ./source/fatFs/ff.o
 .text.dir_clear
                0x0000703c       0x90 ./source/fatFs/ff.o
 .text.dir_sdi  0x000070cc       0xf6 ./source/fatFs/ff.o
 .text.dir_next
                0x000071c2      0x12c ./source/fatFs/ff.o
 .text.dir_alloc
                0x000072ee       0x8e ./source/fatFs/ff.o
 .text.ld_clust
                0x0000737c       0x3e ./source/fatFs/ff.o
 .text.st_clust
                0x000073ba       0x40 ./source/fatFs/ff.o
 .text.dir_find
                0x000073fa       0xaa ./source/fatFs/ff.o
 .text.dir_register
                0x000074a4       0x64 ./source/fatFs/ff.o
 .text.follow_path
                0x00007508      0x11c ./source/fatFs/ff.o
 .text.find_volume
                0x00007624       0xbe ./source/fatFs/ff.o
 .text.validate
                0x000076e2       0x6a ./source/fatFs/ff.o
 .text.f_read   0x0000774c      0x21a ./source/fatFs/ff.o
                0x0000774c                f_read
 .text.f_write  0x00007966      0x2ba ./source/fatFs/ff.o
                0x00007966                f_write
 .text.f_close  0x00007c20       0x40 ./source/fatFs/ff.o
                0x00007c20                f_close
 .text.putc_bfd
                0x00007c60       0x70 ./source/fatFs/ff.o
 .text.putc_flush
                0x00007cd0       0x4a ./source/fatFs/ff.o
 .text.putc_init
                0x00007d1a       0x22 ./source/fatFs/ff.o
 .text.dly_us   0x00007d3c       0x32 ./source/fatFs/sdmm.o
                0x00007d3c                dly_us
 .text.wait_ready
                0x00007d6e       0x48 ./source/fatFs/sdmm.o
 .text.rcvr_datablock
                0x00007db6       0x62 ./source/fatFs/sdmm.o
 .text.xmit_datablock
                0x00007e18       0x6a ./source/fatFs/sdmm.o
 .text.send_cmd
                0x00007e82       0xda ./source/fatFs/sdmm.o
 .text.disk_ioctl
                0x00007f5c      0x116 ./source/fatFs/sdmm.o
                0x00007f5c                disk_ioctl
 .text.f_init   0x00008072       0x4a ./source/fifo.o
                0x00008072                f_init
 .text.f_push   0x000080bc       0x6a ./source/fifo.o
                0x000080bc                f_push
 .text.f_pop    0x00008126       0x66 ./source/fifo.o
                0x00008126                f_pop
 .text.f_cnt    0x0000818c       0x16 ./source/fifo.o
                0x0000818c                f_cnt
 .text.__sys_write
                0x000081a2       0x56 ./source/retarget.o
                0x000081a2                __sys_write
 .text.__sys_readc
                0x000081f8        0xe ./source/retarget.o
                0x000081f8                __sys_readc
 .text.HardFault_Handler
                0x00008206       0x36 ./source/semihost_hardfault.o
                0x00008206                HardFault_Handler
 .text.SystemInitHook
                0x0000823c        0xc ./device/system_MCXA153.o
                0x0000823c                SystemInitHook
 .text.__main   0x00008248        0xe /Applications/MCUXpressoIDE_24.12.148/ide/plugins/com.nxp.mcuxpresso.tools.macosx_24.12.0.202407110909/tools/bin/../lib/gcc/arm-none-eabi/13.2.1/../../../../arm-none-eabi/lib/thumb/v8-m.main/nofp/libcr_semihost_nf.a(_cr__main.o)
                0x00008248                __main
                0x00008248                __CR_SEMIHOST
 .text.memcpy   0x00008256        0x4 /Applications/MCUXpressoIDE_24.12.148/ide/plugins/com.nxp.mcuxpresso.tools.macosx_24.12.0.202407110909/tools/bin/../lib/gcc/arm-none-eabi/13.2.1/../../../../arm-none-eabi/lib/thumb/v8-m.main/nofp/libcr_c.a(memcpy.o)
                0x00008256                memcpy
 .text.memset   0x0000825a        0x4 /Applications/MCUXpressoIDE_24.12.148/ide/plugins/com.nxp.mcuxpresso.tools.macosx_24.12.0.202407110909/tools/bin/../lib/gcc/arm-none-eabi/13.2.1/../../../../arm-none-eabi/lib/thumb/v8-m.main/nofp/libcr_c.a(memset.o)
                0x0000825a                memset
 .text.fabs     0x0000825e       0x1c /Applications/MCUXpressoIDE_24.12.148/ide/plugins/com.nxp.mcuxpresso.tools.macosx_24.12.0.202407110909/tools/bin/../lib/gcc/arm-none-eabi/13.2.1/../../../../arm-none-eabi/lib/thumb/v8-m.main/nofp/libcr_c.a(fabs.o)
                0x0000825e                fabs
 .text.fp_round
                0x0000827a       0x4c /Applications/MCUXpressoIDE_24.12.148/ide/plugins/com.nxp.mcuxpresso.tools.macosx_24.12.0.202407110909/tools/bin/../lib/gcc/arm-none-eabi/13.2.1/../../../../arm-none-eabi/lib/thumb/v8-m.main/nofp/libcr_c.a(fpprintf.o)
 .text.pr_dec.constprop.0
                0x000082c6       0x24 /Applications/MCUXpressoIDE_24.12.148/ide/plugins/com.nxp.mcuxpresso.tools.macosx_24.12.0.202407110909/tools/bin/../lib/gcc/arm-none-eabi/13.2.1/../../../../arm-none-eabi/lib/thumb/v8-m.main/nofp/libcr_c.a(fpprintf.o)
 .text.memcmp   0x000082ea       0x42 /Applications/MCUXpressoIDE_24.12.148/ide/plugins/com.nxp.mcuxpresso.tools.macosx_24.12.0.202407110909/tools/bin/../lib/gcc/arm-none-eabi/13.2.1/../../../../arm-none-eabi/lib/thumb/v8-m.main/nofp/libcr_c.a(memcmp.o)
                0x000082ea                memcmp
 .text.sscanf   0x0000832c       0x3e /Applications/MCUXpressoIDE_24.12.148/ide/plugins/com.nxp.mcuxpresso.tools.macosx_24.12.0.202407110909/tools/bin/../lib/gcc/arm-none-eabi/13.2.1/../../../../arm-none-eabi/lib/thumb/v8-m.main/nofp/libcr_c.a(scanf.o)
                0x0000832c                sscanf
 .text.setvbuf  0x0000836a       0x3e /Applications/MCUXpressoIDE_24.12.148/ide/plugins/com.nxp.mcuxpresso.tools.macosx_24.12.0.202407110909/tools/bin/../lib/gcc/arm-none-eabi/13.2.1/../../../../arm-none-eabi/lib/thumb/v8-m.main/nofp/libcr_c.a(setvbuf.o)
                0x0000836a                setvbuf
 .text.strchr   0x000083a8       0x18 /Applications/MCUXpressoIDE_24.12.148/ide/plugins/com.nxp.mcuxpresso.tools.macosx_24.12.0.202407110909/tools/bin/../lib/gcc/arm-none-eabi/13.2.1/../../../../arm-none-eabi/lib/thumb/v8-m.main/nofp/libcr_c.a(strchr.o)
                0x000083a8                strchr
 .text.strcspn  0x000083c0       0x1e /Applications/MCUXpressoIDE_24.12.148/ide/plugins/com.nxp.mcuxpresso.tools.macosx_24.12.0.202407110909/tools/bin/../lib/gcc/arm-none-eabi/13.2.1/../../../../arm-none-eabi/lib/thumb/v8-m.main/nofp/libcr_c.a(strcspn.o)
                0x000083c0                strcspn
 .text.strlen   0x000083de       0x4e /Applications/MCUXpressoIDE_24.12.148/ide/plugins/com.nxp.mcuxpresso.tools.macosx_24.12.0.202407110909/tools/bin/../lib/gcc/arm-none-eabi/13.2.1/../../../../arm-none-eabi/lib/thumb/v8-m.main/nofp/libcr_c.a(strlen.o)
                0x000083de                strlen
 .text.strncat  0x0000842c       0x28 /Applications/MCUXpressoIDE_24.12.148/ide/plugins/com.nxp.mcuxpresso.tools.macosx_24.12.0.202407110909/tools/bin/../lib/gcc/arm-none-eabi/13.2.1/../../../../arm-none-eabi/lib/thumb/v8-m.main/nofp/libcr_c.a(strncat.o)
                0x0000842c                strncat
 .text.strncmp  0x00008454       0x54 /Applications/MCUXpressoIDE_24.12.148/ide/plugins/com.nxp.mcuxpresso.tools.macosx_24.12.0.202407110909/tools/bin/../lib/gcc/arm-none-eabi/13.2.1/../../../../arm-none-eabi/lib/thumb/v8-m.main/nofp/libcr_c.a(strncmp.o)
                0x00008454                strncmp
 .text.ungetc   0x000084a8       0x32 /Applications/MCUXpressoIDE_24.12.148/ide/plugins/com.nxp.mcuxpresso.tools.macosx_24.12.0.202407110909/tools/bin/../lib/gcc/arm-none-eabi/13.2.1/../../../../arm-none-eabi/lib/thumb/v8-m.main/nofp/libcr_c.a(ungetc.o)
                0x000084a8                ungetc
 .text._Csys_read_
                0x000084da       0x22 /Applications/MCUXpressoIDE_24.12.148/ide/plugins/com.nxp.mcuxpresso.tools.macosx_24.12.0.202407110909/tools/bin/../lib/gcc/arm-none-eabi/13.2.1/../../../../arm-none-eabi/lib/thumb/v8-m.main/nofp/libcr_c.a(__fillbuf.o)
                0x000084da                _Csys_read_
 .text._deferredlazyseek
                0x000084fc       0x40 /Applications/MCUXpressoIDE_24.12.148/ide/plugins/com.nxp.mcuxpresso.tools.macosx_24.12.0.202407110909/tools/bin/../lib/gcc/arm-none-eabi/13.2.1/../../../../arm-none-eabi/lib/thumb/v8-m.main/nofp/libcr_c.a(_deferredlazyseek.o)
                0x000084fc                _deferredlazyseek
 .text.__flsbuf
                0x0000853c      0x126 /Applications/MCUXpressoIDE_24.12.148/ide/plugins/com.nxp.mcuxpresso.tools.macosx_24.12.0.202407110909/tools/bin/../lib/gcc/arm-none-eabi/13.2.1/../../../../arm-none-eabi/lib/thumb/v8-m.main/nofp/libcr_c.a(_deferredlazyseek.o)
                0x0000853c                __flsbuf
 .text._fdopen  0x00008662       0x68 /Applications/MCUXpressoIDE_24.12.148/ide/plugins/com.nxp.mcuxpresso.tools.macosx_24.12.0.202407110909/tools/bin/../lib/gcc/arm-none-eabi/13.2.1/../../../../arm-none-eabi/lib/thumb/v8-m.main/nofp/libcr_c.a(_fdopen.o)
                0x00008662                _fdopen
 .text._fflush  0x000086ca       0x52 /Applications/MCUXpressoIDE_24.12.148/ide/plugins/com.nxp.mcuxpresso.tools.macosx_24.12.0.202407110909/tools/bin/../lib/gcc/arm-none-eabi/13.2.1/../../../../arm-none-eabi/lib/thumb/v8-m.main/nofp/libcr_c.a(_fflush.o)
                0x000086ca                _fflush
 .text._frexpl  0x0000871c       0x5a /Applications/MCUXpressoIDE_24.12.148/ide/plugins/com.nxp.mcuxpresso.tools.macosx_24.12.0.202407110909/tools/bin/../lib/gcc/arm-none-eabi/13.2.1/../../../../arm-none-eabi/lib/thumb/v8-m.main/nofp/libcr_c.a(_frexpl.o)
                0x0000871c                _frexpl
 .text.free     0x00008776       0x30 /Applications/MCUXpressoIDE_24.12.148/ide/plugins/com.nxp.mcuxpresso.tools.macosx_24.12.0.202407110909/tools/bin/../lib/gcc/arm-none-eabi/13.2.1/../../../../arm-none-eabi/lib/thumb/v8-m.main/nofp/libcr_c.a(alloc.o)
                0x00008776                free
 .text.fclose   0x000087a6       0x58 /Applications/MCUXpressoIDE_24.12.148/ide/plugins/com.nxp.mcuxpresso.tools.macosx_24.12.0.202407110909/tools/bin/../lib/gcc/arm-none-eabi/13.2.1/../../../../arm-none-eabi/lib/thumb/v8-m.main/nofp/libcr_c.a(fclose.o)
                0x000087a6                fclose
 .text.remove   0x000087fe       0x14 /Applications/MCUXpressoIDE_24.12.148/ide/plugins/com.nxp.mcuxpresso.tools.macosx_24.12.0.202407110909/tools/bin/../lib/gcc/arm-none-eabi/13.2.1/../../../../arm-none-eabi/lib/thumb/v8-m.main/nofp/libcr_c.a(remove.o)
                0x000087fe                remove
 .text._do_fflush
                0x00008812       0x40 /Applications/MCUXpressoIDE_24.12.148/ide/plugins/com.nxp.mcuxpresso.tools.macosx_24.12.0.202407110909/tools/bin/../lib/gcc/arm-none-eabi/13.2.1/../../../../arm-none-eabi/lib/thumb/v8-m.main/nofp/libcr_c.a(_do_fflush.o)
                0x00008812                _do_fflush
 .text.__aeabi_division_uldivmod
                0x00008852      0x174 /Applications/MCUXpressoIDE_24.12.148/ide/plugins/com.nxp.mcuxpresso.tools.macosx_24.12.0.202407110909/tools/bin/../lib/gcc/arm-none-eabi/13.2.1/thumb/v8-m.main/nofp/libcr_eabihelpers.a(division_64.o)
                0x00008852                __aeabi_uldivmod
                0x00008856                __bhs_ldivmod1
 .text.__aeabi_division_idiv0
                0x000089c6        0x2 /Applications/MCUXpressoIDE_24.12.148/ide/plugins/com.nxp.mcuxpresso.tools.macosx_24.12.0.202407110909/tools/bin/../lib/gcc/arm-none-eabi/13.2.1/thumb/v8-m.main/nofp/libcr_eabihelpers.a(division_idiv0.o)
                0x000089c6                __aeabi_idiv0
 .text.__aeabi_d2iz
                0x000089c8       0x42 /Applications/MCUXpressoIDE_24.12.148/ide/plugins/com.nxp.mcuxpresso.tools.macosx_24.12.0.202407110909/tools/bin/../lib/gcc/arm-none-eabi/13.2.1/thumb/v8-m.main/nofp/libcr_eabihelpers.a(double.o)
                0x000089c8                __aeabi_d2iz
 .text.__bhs_ui2d
                0x00008a0a       0x46 /Applications/MCUXpressoIDE_24.12.148/ide/plugins/com.nxp.mcuxpresso.tools.macosx_24.12.0.202407110909/tools/bin/../lib/gcc/arm-none-eabi/13.2.1/thumb/v8-m.main/nofp/libcr_eabihelpers.a(double.o)
                0x00008a0a                __bhs_ui2d
 .text.__aeabi_i2d
                0x00008a50       0x10 /Applications/MCUXpressoIDE_24.12.148/ide/plugins/com.nxp.mcuxpresso.tools.macosx_24.12.0.202407110909/tools/bin/../lib/gcc/arm-none-eabi/13.2.1/thumb/v8-m.main/nofp/libcr_eabihelpers.a(double.o)
                0x00008a50                __aeabi_i2d
 .text.__aeabi_dcmpeq
                0x00008a60       0x30 /Applications/MCUXpressoIDE_24.12.148/ide/plugins/com.nxp.mcuxpresso.tools.macosx_24.12.0.202407110909/tools/bin/../lib/gcc/arm-none-eabi/13.2.1/thumb/v8-m.main/nofp/libcr_eabihelpers.a(double.o)
                0x00008a60                __aeabi_dcmpeq
 .text.__aeabi_dcmplt
                0x00008a90       0x56 /Applications/MCUXpressoIDE_24.12.148/ide/plugins/com.nxp.mcuxpresso.tools.macosx_24.12.0.202407110909/tools/bin/../lib/gcc/arm-none-eabi/13.2.1/thumb/v8-m.main/nofp/libcr_eabihelpers.a(double.o)
                0x00008a90                __aeabi_dcmplt
 .text.__aeabi_dcmpgt
                0x00008ae6       0x56 /Applications/MCUXpressoIDE_24.12.148/ide/plugins/com.nxp.mcuxpresso.tools.macosx_24.12.0.202407110909/tools/bin/../lib/gcc/arm-none-eabi/13.2.1/thumb/v8-m.main/nofp/libcr_eabihelpers.a(double.o)
                0x00008ae6                __aeabi_dcmpgt
 .text.__aeabi_dcmple
                0x00008b3c       0x54 /Applications/MCUXpressoIDE_24.12.148/ide/plugins/com.nxp.mcuxpresso.tools.macosx_24.12.0.202407110909/tools/bin/../lib/gcc/arm-none-eabi/13.2.1/thumb/v8-m.main/nofp/libcr_eabihelpers.a(double.o)
                0x00008b3c                __aeabi_dcmple
 .text.__aeabi_dcmpge
                0x00008b90       0x5a /Applications/MCUXpressoIDE_24.12.148/ide/plugins/com.nxp.mcuxpresso.tools.macosx_24.12.0.202407110909/tools/bin/../lib/gcc/arm-none-eabi/13.2.1/thumb/v8-m.main/nofp/libcr_eabihelpers.a(double.o)
                0x00008b90                __aeabi_dcmpge
 .text.__aeabi_memcpy
                0x00008bea       0x34 /Applications/MCUXpressoIDE_24.12.148/ide/plugins/com.nxp.mcuxpresso.tools.macosx_24.12.0.202407110909/tools/bin/../lib/gcc/arm-none-eabi/13.2.1/thumb/v8-m.main/nofp/libcr_eabihelpers.a(memcpy.o)
                0x00008bea                __aeabi_memcpy
                0x00008bf4                __aeabi_memcpy4
                0x00008bf4                __aeabi_memcpy8
 .text.__aeabi_memset_lowlevel
                0x00008c1e       0x32 /Applications/MCUXpressoIDE_24.12.148/ide/plugins/com.nxp.mcuxpresso.tools.macosx_24.12.0.202407110909/tools/bin/../lib/gcc/arm-none-eabi/13.2.1/thumb/v8-m.main/nofp/libcr_eabihelpers.a(memcpy.o)
                0x00008c1e                __aeabi_lowlevel_memset
 .text.__sys_close
                0x00008c50        0xc /Applications/MCUXpressoIDE_24.12.148/ide/plugins/com.nxp.mcuxpresso.tools.macosx_24.12.0.202407110909/tools/bin/../lib/gcc/arm-none-eabi/13.2.1/../../../../arm-none-eabi/lib/thumb/v8-m.main/nofp/libcr_semihost_nf.a(__sys_close.o)
                0x00008c50                __sys_close
 .text.__sys_flen
                0x00008c5c        0xc /Applications/MCUXpressoIDE_24.12.148/ide/plugins/com.nxp.mcuxpresso.tools.macosx_24.12.0.202407110909/tools/bin/../lib/gcc/arm-none-eabi/13.2.1/../../../../arm-none-eabi/lib/thumb/v8-m.main/nofp/libcr_semihost_nf.a(__sys_flen.o)
                0x00008c5c                __sys_flen
 .text.__sys_istty
                0x00008c68        0xc /Applications/MCUXpressoIDE_24.12.148/ide/plugins/com.nxp.mcuxpresso.tools.macosx_24.12.0.202407110909/tools/bin/../lib/gcc/arm-none-eabi/13.2.1/../../../../arm-none-eabi/lib/thumb/v8-m.main/nofp/libcr_semihost_nf.a(__sys_istty.o)
                0x00008c68                __sys_istty
 .text.__sys_read
                0x00008c74        0xc /Applications/MCUXpressoIDE_24.12.148/ide/plugins/com.nxp.mcuxpresso.tools.macosx_24.12.0.202407110909/tools/bin/../lib/gcc/arm-none-eabi/13.2.1/../../../../arm-none-eabi/lib/thumb/v8-m.main/nofp/libcr_semihost_nf.a(__sys_read.o)
                0x00008c74                __sys_read
 .text.__sys_remove
                0x00008c80        0xc /Applications/MCUXpressoIDE_24.12.148/ide/plugins/com.nxp.mcuxpresso.tools.macosx_24.12.0.202407110909/tools/bin/../lib/gcc/arm-none-eabi/13.2.1/../../../../arm-none-eabi/lib/thumb/v8-m.main/nofp/libcr_semihost_nf.a(__sys_remove.o)
                0x00008c80                __sys_remove
 .text.__sys_seek
                0x00008c8c        0xc /Applications/MCUXpressoIDE_24.12.148/ide/plugins/com.nxp.mcuxpresso.tools.macosx_24.12.0.202407110909/tools/bin/../lib/gcc/arm-none-eabi/13.2.1/../../../../arm-none-eabi/lib/thumb/v8-m.main/nofp/libcr_semihost_nf.a(__sys_seek.o)
                0x00008c8c                __sys_seek
 .text.__sys_tmpnam
                0x00008c98        0xc /Applications/MCUXpressoIDE_24.12.148/ide/plugins/com.nxp.mcuxpresso.tools.macosx_24.12.0.202407110909/tools/bin/../lib/gcc/arm-none-eabi/13.2.1/../../../../arm-none-eabi/lib/thumb/v8-m.main/nofp/libcr_semihost_nf.a(__sys_tmpnam.o)
                0x00008c98                __sys_tmpnam
 *(SORT_BY_ALIGNMENT(.rodata) SORT_BY_ALIGNMENT(.rodata.*) SORT_BY_ALIGNMENT(.constdata) SORT_BY_ALIGNMENT(.constdata.*))
 .rodata.GPS_updateData.str1.4
                0x00008ca4       0xe3 ./source/utils/GPS.o
                                  0x7 (size before relaxing)
 .rodata.parseGNGGA.str1.4
                0x00008d87        0x2 ./source/utils/GPS.o
 .rodata.Logger_updateData.str1.4
                0x00008d87       0x28 ./source/utils/Logger.o
 .rodata.SD_Writeln.str1.4
                0x00008d87        0x5 ./source/utils/SD.o
 .rodata.initGameControl.str1.4
                0x00008d87        0xa ./source/games/game_control.o
 .rodata.checkGameStatus.str1.4
                0x00008d87       0x1a ./source/games/game_control.o
 .rodata.initGPSLocationGame.str1.4
                0x00008d87       0x4f ./source/games/gps_location.game.o
 .rodata.initGPSProximityGame.str1.4
                0x00008d87       0x4f ./source/games/gps_proximity.game.o
 .rodata.create_name.str1.4
                0x00008d87        0xf ./source/fatFs/ff.o
 .rodata.check_fs.str1.4
                0x00008d87        0x9 ./source/fatFs/ff.o
 .rodata.ftoa.str1.4
                0x00008d87        0xb ./source/fatFs/ff.o
 *fill*         0x00008d87        0x1 ff
 .rodata.__num_Ciob_streams
                0x00008d88        0x4 /Applications/MCUXpressoIDE_24.12.148/ide/plugins/com.nxp.mcuxpresso.tools.macosx_24.12.0.202407110909/tools/bin/../lib/gcc/arm-none-eabi/13.2.1/../../../../arm-none-eabi/lib/thumb/v8-m.main/nofp/libcr_semihost_nf.a(__ciob.o)
                0x00008d88                __num_Ciob_streams
 .rodata.fp_display.str1.1
                0x00008d8c       0x87 /Applications/MCUXpressoIDE_24.12.148/ide/plugins/com.nxp.mcuxpresso.tools.macosx_24.12.0.202407110909/tools/bin/../lib/gcc/arm-none-eabi/13.2.1/../../../../arm-none-eabi/lib/thumb/v8-m.main/nofp/libcr_c.a(fpprintf.o)
                                 0x35 (size before relaxing)
 .rodata._initio.str1.1
                0x00008e13        0x4 /Applications/MCUXpressoIDE_24.12.148/ide/plugins/com.nxp.mcuxpresso.tools.macosx_24.12.0.202407110909/tools/bin/../lib/gcc/arm-none-eabi/13.2.1/../../../../arm-none-eabi/lib/thumb/v8-m.main/nofp/libcr_c.a(initio.o)
 .rodata.__vfprintf.str1.1
                0x00008e13       0x38 /Applications/MCUXpressoIDE_24.12.148/ide/plugins/com.nxp.mcuxpresso.tools.macosx_24.12.0.202407110909/tools/bin/../lib/gcc/arm-none-eabi/13.2.1/../../../../arm-none-eabi/lib/thumb/v8-m.main/nofp/libcr_c.a(printf.o)
 .rodata.strtod.str1.1
                0x00008e13        0x6 /Applications/MCUXpressoIDE_24.12.148/ide/plugins/com.nxp.mcuxpresso.tools.macosx_24.12.0.202407110909/tools/bin/../lib/gcc/arm-none-eabi/13.2.1/../../../../arm-none-eabi/lib/thumb/v8-m.main/nofp/libcr_c.a(scanf.o)
 .rodata._Csys_alloc.str1.1
                0x00008e13       0x18 /Applications/MCUXpressoIDE_24.12.148/ide/plugins/com.nxp.mcuxpresso.tools.macosx_24.12.0.202407110909/tools/bin/../lib/gcc/arm-none-eabi/13.2.1/../../../../arm-none-eabi/lib/thumb/v8-m.main/nofp/libcr_c.a(alloc.o)
 .rodata.__ctype
                0x00008e13      0x180 /Applications/MCUXpressoIDE_24.12.148/ide/plugins/com.nxp.mcuxpresso.tools.macosx_24.12.0.202407110909/tools/bin/../lib/gcc/arm-none-eabi/13.2.1/../../../../arm-none-eabi/lib/thumb/v8-m.main/nofp/libcr_c.a(ctype.o)
                0x00008e13                __ctype
                0x00008f94                        . = ALIGN (0x4)
 *fill*         0x00008f93        0x1 ff

.glue_7         0x00008f94        0x0
 .glue_7        0x00008f94        0x0 linker stubs

.glue_7t        0x00008f94        0x0
 .glue_7t       0x00008f94        0x0 linker stubs

.vfp11_veneer   0x00008f94        0x0
 .vfp11_veneer  0x00008f94        0x0 linker stubs

.v4_bx          0x00008f94        0x0
 .v4_bx         0x00008f94        0x0 linker stubs

.iplt           0x00008f94        0x0
 .iplt          0x00008f94        0x0 ./startup/startup_mcxa153.o

.rel.dyn        0x00008f94        0x0
 .rel.iplt      0x00008f94        0x0 ./startup/startup_mcxa153.o

.ARM.extab
 *(SORT_BY_ALIGNMENT(.ARM.extab*) SORT_BY_ALIGNMENT(.gnu.linkonce.armextab.*))

.ARM.exidx      0x00008f94        0x0
                0x00008f94                        __exidx_start = .
 *(SORT_BY_ALIGNMENT(.ARM.exidx*) SORT_BY_ALIGNMENT(.gnu.linkonce.armexidx.*))
                0x00008f94                        __exidx_end = .
                0x00008f94                        _etext = .

.data_RAM2      0x04000000        0x0 load address 0x00008f94
 FILL mask 0xff
                [!provide]                        PROVIDE (__start_data_RAM2 = .)
                [!provide]                        PROVIDE (__start_data_SRAMX0 = .)
 *(SORT_BY_ALIGNMENT(.ramfunc.$RAM2))
 *(SORT_BY_ALIGNMENT(.ramfunc.$SRAMX0))
 *(SORT_BY_ALIGNMENT(.data.$RAM2))
 *(SORT_BY_ALIGNMENT(.data.$SRAMX0))
 *(SORT_BY_ALIGNMENT(.data.$RAM2.*))
 *(SORT_BY_ALIGNMENT(.data.$SRAMX0.*))
                0x04000000                        . = ALIGN (0x4)
                [!provide]                        PROVIDE (__end_data_RAM2 = .)
                [!provide]                        PROVIDE (__end_data_SRAMX0 = .)

.data_RAM3      0x04002000        0x0 load address 0x00008f94
 FILL mask 0xff
                [!provide]                        PROVIDE (__start_data_RAM3 = .)
                [!provide]                        PROVIDE (__start_data_SRAMX1 = .)
 *(SORT_BY_ALIGNMENT(.ramfunc.$RAM3))
 *(SORT_BY_ALIGNMENT(.ramfunc.$SRAMX1))
 *(SORT_BY_ALIGNMENT(.data.$RAM3))
 *(SORT_BY_ALIGNMENT(.data.$SRAMX1))
 *(SORT_BY_ALIGNMENT(.data.$RAM3.*))
 *(SORT_BY_ALIGNMENT(.data.$SRAMX1.*))
                0x04002000                        . = ALIGN (0x4)
                [!provide]                        PROVIDE (__end_data_RAM3 = .)
                [!provide]                        PROVIDE (__end_data_SRAMX1 = .)

.uninit_RESERVED
                0x20000000        0x0
                0x20000000                        _start_uninit_RESERVED = .
 *(SORT_BY_ALIGNMENT(.bss.$RESERVED*))
                0x20000000                        . = ALIGN (0x4)
                0x20000000                        _end_uninit_RESERVED = .

.data           0x20000000       0x10 load address 0x00008f94
 FILL mask 0xff
                0x20000000                        _data = .
                [!provide]                        PROVIDE (__start_data_RAM = .)
                [!provide]                        PROVIDE (__start_data_SRAM = .)
 *(SORT_BY_ALIGNMENT(vtable))
 *(SORT_BY_ALIGNMENT(.ramfunc*))
 *(SORT_BY_ALIGNMENT(CodeQuickAccess))
 *(SORT_BY_ALIGNMENT(DataQuickAccess))
 *(SORT_BY_ALIGNMENT(RamFunction))
 *(SORT_BY_ALIGNMENT(.data*))
 .data.noFixLoops
                0x20000000        0x4 ./source/utils/GPS.o
                0x20000000                noFixLoops
 .data.neginf.0
                0x20000004        0x4 /Applications/MCUXpressoIDE_24.12.148/ide/plugins/com.nxp.mcuxpresso.tools.macosx_24.12.0.202407110909/tools/bin/../lib/gcc/arm-none-eabi/13.2.1/../../../../arm-none-eabi/lib/thumb/v8-m.main/nofp/libcr_c.a(scanf.o)
 .data.posinf.1
                0x20000008        0x4 /Applications/MCUXpressoIDE_24.12.148/ide/plugins/com.nxp.mcuxpresso.tools.macosx_24.12.0.202407110909/tools/bin/../lib/gcc/arm-none-eabi/13.2.1/../../../../arm-none-eabi/lib/thumb/v8-m.main/nofp/libcr_c.a(scanf.o)
 .data.Stat     0x2000000c        0x1 ./source/fatFs/sdmm.o
                0x20000010                        . = ALIGN (0x4)
 *fill*         0x2000000d        0x3 ff
                0x20000010                        _edata = .
                [!provide]                        PROVIDE (__end_data_RAM = .)
                [!provide]                        PROVIDE (__end_data_SRAM = .)

.igot.plt       0x20000010        0x0 load address 0x00008fa4
 .igot.plt      0x20000010        0x0 ./startup/startup_mcxa153.o

.bss_RAM2       0x04000000        0x0
                [!provide]                        PROVIDE (__start_bss_RAM2 = .)
                [!provide]                        PROVIDE (__start_bss_SRAMX0 = .)
 *(SORT_BY_ALIGNMENT(.bss.$RAM2))
 *(SORT_BY_ALIGNMENT(.bss.$SRAMX0))
 *(SORT_BY_ALIGNMENT(.bss.$RAM2.*))
 *(SORT_BY_ALIGNMENT(.bss.$SRAMX0.*))
                0x04000000                        . = ALIGN ((. != 0x0)?0x4:0x1)
                [!provide]                        PROVIDE (__end_bss_RAM2 = .)
                [!provide]                        PROVIDE (__end_bss_SRAMX0 = .)

.bss_RAM3       0x04002000        0x0
                [!provide]                        PROVIDE (__start_bss_RAM3 = .)
                [!provide]                        PROVIDE (__start_bss_SRAMX1 = .)
 *(SORT_BY_ALIGNMENT(.bss.$RAM3))
 *(SORT_BY_ALIGNMENT(.bss.$SRAMX1))
 *(SORT_BY_ALIGNMENT(.bss.$RAM3.*))
 *(SORT_BY_ALIGNMENT(.bss.$SRAMX1.*))
                0x04002000                        . = ALIGN ((. != 0x0)?0x4:0x1)
                [!provide]                        PROVIDE (__end_bss_RAM3 = .)
                [!provide]                        PROVIDE (__end_bss_SRAMX1 = .)

.bss            0x20000010      0xb58
                0x20000010                        _bss = .
                [!provide]                        PROVIDE (__start_bss_RAM = .)
                [!provide]                        PROVIDE (__start_bss_SRAM = .)
 *(SORT_BY_ALIGNMENT(.bss*))
 .bss.currentLocation
                0x20000010       0x18 ./source/utils/GPS.o
                0x20000010                currentLocation
 .bss.targetLocation
                0x20000028       0x18 ./source/utils/GPS.o
                0x20000028                targetLocation
 .bss.directions
                0x20000040       0x18 ./source/utils/GPS.o
                0x20000040                directions
 .bss.connectionQuality
                0x20000058       0x18 ./source/utils/GPS.o
                0x20000058                connectionQuality
 .bss.locationGameProps
                0x20000070       0x18 ./source/games/gps_location.game.o
                0x20000070                locationGameProps
 .bss.proximityGameProps
                0x20000088       0x18 ./source/games/gps_proximity.game.o
                0x20000088                proximityGameProps
 .bss.buffer    0x200000a0       0x64 ./source/utils/GPS.o
                0x200000a0                buffer
 .bss.file      0x20000104       0x28 ./source/utils/SD.o
                0x20000104                file
 .bss.bw        0x2000012c        0x4 ./source/utils/SD.o
                0x2000012c                bw
 .bss.br        0x20000130        0x4 ./source/utils/SD.o
                0x20000130                br
 .bss.gameControl
                0x20000134        0x3 ./source/games/game_control.o
                0x20000134                gameControl
 *fill*         0x20000137        0x1 
 .bss.FatFs     0x20000138        0x4 ./source/fatFs/ff.o
 .bss.tx        0x2000013c       0x18 ./source/lpuart0_interrupt.o
 .bss.rx        0x20000154       0x18 ./source/lpuart0_interrupt.o
 .bss.tx_buffer
                0x2000016c       0x80 ./source/lpuart0_interrupt.o
 .bss.rx_buffer
                0x200001ec       0x80 ./source/lpuart0_interrupt.o
 .bss.tx        0x2000026c       0x18 ./source/lpuart2_interrupt.o
 .bss.rx        0x20000284       0x18 ./source/lpuart2_interrupt.o
 .bss.tx_buffer
                0x2000029c      0x400 ./source/lpuart2_interrupt.o
 .bss.rx_buffer
                0x2000069c      0x400 ./source/lpuart2_interrupt.o
 .bss.ms        0x20000a9c        0x4 ./source/main.o
 .bss.errno     0x20000aa0        0x4 /Applications/MCUXpressoIDE_24.12.148/ide/plugins/com.nxp.mcuxpresso.tools.macosx_24.12.0.202407110909/tools/bin/../lib/gcc/arm-none-eabi/13.2.1/../../../../arm-none-eabi/lib/thumb/v8-m.main/nofp/libcr_c.a(errno.o)
                0x20000aa0                errno
 .bss.__end_of_heap
                0x20000aa4        0x4 /Applications/MCUXpressoIDE_24.12.148/ide/plugins/com.nxp.mcuxpresso.tools.macosx_24.12.0.202407110909/tools/bin/../lib/gcc/arm-none-eabi/13.2.1/../../../../arm-none-eabi/lib/thumb/v8-m.main/nofp/libcr_c.a(__init_alloc.o)
                0x20000aa4                __end_of_heap
 .bss.__heaps   0x20000aa8        0x4 /Applications/MCUXpressoIDE_24.12.148/ide/plugins/com.nxp.mcuxpresso.tools.macosx_24.12.0.202407110909/tools/bin/../lib/gcc/arm-none-eabi/13.2.1/../../../../arm-none-eabi/lib/thumb/v8-m.main/nofp/libcr_c.a(__init_alloc.o)
                0x20000aa8                __heaps
 .bss.__Ciob    0x20000aac       0xb4 /Applications/MCUXpressoIDE_24.12.148/ide/plugins/com.nxp.mcuxpresso.tools.macosx_24.12.0.202407110909/tools/bin/../lib/gcc/arm-none-eabi/13.2.1/../../../../arm-none-eabi/lib/thumb/v8-m.main/nofp/libcr_semihost_nf.a(__ciob.o)
                0x20000aac                __Ciob
 .bss.Fsid      0x20000b60        0x2 ./source/fatFs/ff.o
 .bss.fr        0x20000b62        0x1 ./source/utils/SD.o
                0x20000b62                fr
 .bss.CurrVol   0x20000b63        0x1 ./source/fatFs/ff.o
 .bss.CardType  0x20000b64        0x1 ./source/fatFs/sdmm.o
 *(SORT_BY_ALIGNMENT(COMMON))
                0x20000b68                        . = ALIGN (0x4)
 *fill*         0x20000b65        0x3 
                0x20000b68                        _ebss = .
                [!provide]                        PROVIDE (__end_bss_RAM = .)
                [!provide]                        PROVIDE (__end_bss_SRAM = .)
                [!provide]                        PROVIDE (end = .)

.noinit_RAM2    0x04000000        0x0
                [!provide]                        PROVIDE (__start_noinit_RAM2 = .)
                [!provide]                        PROVIDE (__start_noinit_SRAMX0 = .)
 *(SORT_BY_ALIGNMENT(.noinit.$RAM2))
 *(SORT_BY_ALIGNMENT(.noinit.$SRAMX0))
 *(SORT_BY_ALIGNMENT(.noinit.$RAM2.*))
 *(SORT_BY_ALIGNMENT(.noinit.$SRAMX0.*))
                0x04000000                        . = ALIGN (0x4)
                [!provide]                        PROVIDE (__end_noinit_RAM2 = .)
                [!provide]                        PROVIDE (__end_noinit_SRAMX0 = .)

.noinit_RAM3    0x04002000        0x0
                [!provide]                        PROVIDE (__start_noinit_RAM3 = .)
                [!provide]                        PROVIDE (__start_noinit_SRAMX1 = .)
 *(SORT_BY_ALIGNMENT(.noinit.$RAM3))
 *(SORT_BY_ALIGNMENT(.noinit.$SRAMX1))
 *(SORT_BY_ALIGNMENT(.noinit.$RAM3.*))
 *(SORT_BY_ALIGNMENT(.noinit.$SRAMX1.*))
                0x04002000                        . = ALIGN (0x4)
                [!provide]                        PROVIDE (__end_noinit_RAM3 = .)
                [!provide]                        PROVIDE (__end_noinit_SRAMX1 = .)

.noinit         0x20000b68        0x0
                0x20000b68                        _noinit = .
                [!provide]                        PROVIDE (__start_noinit_RAM = .)
                [!provide]                        PROVIDE (__start_noinit_SRAM = .)
 *(SORT_BY_ALIGNMENT(.noinit*))
                0x20000b68                        . = ALIGN (0x4)
                0x20000b68                        _end_noinit = .
                [!provide]                        PROVIDE (__end_noinit_RAM = .)
                [!provide]                        PROVIDE (__end_noinit_SRAM = .)
                0x00000600                        _HeapSize = 0x600

.heap           0x20000b68      0x600
                0x20000b68                        _pvHeapStart = .
                0x20001168                        . = (. + _HeapSize)
 *fill*         0x20000b68      0x600 
                0x20001168                        . = ALIGN (0x4)
                0x20001168                        _pvHeapLimit = .
                0x00000600                        _StackSize = 0x600

.heap2stackfill
                0x20001168      0x600
                0x20001768                        . = (. + _StackSize)
 *fill*         0x20001168      0x600 

.stack          0x20005a00        0x0
                0x20005a00                        _vStackBase = .
                0x20005a00                        . = ALIGN (0x4)
                0x20006000                        _vStackTop = (. + _StackSize)
                0x00000000                        _image_start = LOADADDR (.text)
                0x00008fa4                        _image_end = (LOADADDR (.data) + SIZEOF (.data))
                0x00008fa4                        _image_size = (_image_end - _image_start)
OUTPUT(project.axf elf32-littlearm)
LOAD linker stubs

.debug_info     0x00000000    0x13b74
 .debug_info    0x00000000      0xb86 ./startup/startup_mcxa153.o
 .debug_info    0x00000b86      0x654 ./source/utils/GPS.o
 .debug_info    0x000011da      0x1f5 ./source/utils/Logger.o
 .debug_info    0x000013cf      0x617 ./source/utils/SD.o
 .debug_info    0x000019e6      0x1f2 ./source/games/game_control.o
 .debug_info    0x00001bd8      0x429 ./source/games/gps_location.game.o
 .debug_info    0x00002001      0x438 ./source/games/gps_proximity.game.o
 .debug_info    0x00002439     0x21d6 ./source/fatFs/ff.o
 .debug_info    0x0000460f      0xbdc ./source/fatFs/sdmm.o
 .debug_info    0x000051eb      0x2dc ./source/fifo.o
 .debug_info    0x000054c7      0x670 ./source/gpio_output.o
 .debug_info    0x00005b37      0x8da ./source/lpi2c0_controller_polling.o
 .debug_info    0x00006411      0xf5b ./source/lpuart0_interrupt.o
 .debug_info    0x0000736c      0xf5c ./source/lpuart2_interrupt.o
 .debug_info    0x000082c8      0xa6e ./source/main.o
 .debug_info    0x00008d36      0x128 ./source/retarget.o
 .debug_info    0x00008e5e       0x3c ./source/semihost_hardfault.o
 .debug_info    0x00008e9a      0xc6a ./device/system_MCXA153.o
 .debug_info    0x00009b04       0x85 /Applications/MCUXpressoIDE_24.12.148/ide/plugins/com.nxp.mcuxpresso.tools.macosx_24.12.0.202407110909/tools/bin/../lib/gcc/arm-none-eabi/13.2.1/../../../../arm-none-eabi/lib/thumb/v8-m.main/nofp/libcr_semihost_nf.a(_cr__main.o)
 .debug_info    0x00009b89      0x12b /Applications/MCUXpressoIDE_24.12.148/ide/plugins/com.nxp.mcuxpresso.tools.macosx_24.12.0.202407110909/tools/bin/../lib/gcc/arm-none-eabi/13.2.1/../../../../arm-none-eabi/lib/thumb/v8-m.main/nofp/libcr_c.a(memcpy.o)
 .debug_info    0x00009cb4       0xfc /Applications/MCUXpressoIDE_24.12.148/ide/plugins/com.nxp.mcuxpresso.tools.macosx_24.12.0.202407110909/tools/bin/../lib/gcc/arm-none-eabi/13.2.1/../../../../arm-none-eabi/lib/thumb/v8-m.main/nofp/libcr_c.a(memset.o)
 .debug_info    0x00009db0       0xe2 /Applications/MCUXpressoIDE_24.12.148/ide/plugins/com.nxp.mcuxpresso.tools.macosx_24.12.0.202407110909/tools/bin/../lib/gcc/arm-none-eabi/13.2.1/../../../../arm-none-eabi/lib/thumb/v8-m.main/nofp/libcr_c.a(cos.o)
 .debug_info    0x00009e92       0x8f /Applications/MCUXpressoIDE_24.12.148/ide/plugins/com.nxp.mcuxpresso.tools.macosx_24.12.0.202407110909/tools/bin/../lib/gcc/arm-none-eabi/13.2.1/../../../../arm-none-eabi/lib/thumb/v8-m.main/nofp/libcr_c.a(fabs.o)
 .debug_info    0x00009f21     0x1569 /Applications/MCUXpressoIDE_24.12.148/ide/plugins/com.nxp.mcuxpresso.tools.macosx_24.12.0.202407110909/tools/bin/../lib/gcc/arm-none-eabi/13.2.1/../../../../arm-none-eabi/lib/thumb/v8-m.main/nofp/libcr_c.a(fpprintf.o)
 .debug_info    0x0000b48a      0x339 /Applications/MCUXpressoIDE_24.12.148/ide/plugins/com.nxp.mcuxpresso.tools.macosx_24.12.0.202407110909/tools/bin/../lib/gcc/arm-none-eabi/13.2.1/../../../../arm-none-eabi/lib/thumb/v8-m.main/nofp/libcr_c.a(initio.o)
 .debug_info    0x0000b7c3      0x115 /Applications/MCUXpressoIDE_24.12.148/ide/plugins/com.nxp.mcuxpresso.tools.macosx_24.12.0.202407110909/tools/bin/../lib/gcc/arm-none-eabi/13.2.1/../../../../arm-none-eabi/lib/thumb/v8-m.main/nofp/libcr_c.a(memcmp.o)
 .debug_info    0x0000b8d8     0x1280 /Applications/MCUXpressoIDE_24.12.148/ide/plugins/com.nxp.mcuxpresso.tools.macosx_24.12.0.202407110909/tools/bin/../lib/gcc/arm-none-eabi/13.2.1/../../../../arm-none-eabi/lib/thumb/v8-m.main/nofp/libcr_c.a(printf.o)
 .debug_info    0x0000cb58     0x19dd /Applications/MCUXpressoIDE_24.12.148/ide/plugins/com.nxp.mcuxpresso.tools.macosx_24.12.0.202407110909/tools/bin/../lib/gcc/arm-none-eabi/13.2.1/../../../../arm-none-eabi/lib/thumb/v8-m.main/nofp/libcr_c.a(scanf.o)
 .debug_info    0x0000e535      0x1fd /Applications/MCUXpressoIDE_24.12.148/ide/plugins/com.nxp.mcuxpresso.tools.macosx_24.12.0.202407110909/tools/bin/../lib/gcc/arm-none-eabi/13.2.1/../../../../arm-none-eabi/lib/thumb/v8-m.main/nofp/libcr_c.a(setvbuf.o)
 .debug_info    0x0000e732       0xa8 /Applications/MCUXpressoIDE_24.12.148/ide/plugins/com.nxp.mcuxpresso.tools.macosx_24.12.0.202407110909/tools/bin/../lib/gcc/arm-none-eabi/13.2.1/../../../../arm-none-eabi/lib/thumb/v8-m.main/nofp/libcr_c.a(strchr.o)
 .debug_info    0x0000e7da       0xe0 /Applications/MCUXpressoIDE_24.12.148/ide/plugins/com.nxp.mcuxpresso.tools.macosx_24.12.0.202407110909/tools/bin/../lib/gcc/arm-none-eabi/13.2.1/../../../../arm-none-eabi/lib/thumb/v8-m.main/nofp/libcr_c.a(strcspn.o)
 .debug_info    0x0000e8ba       0xe1 /Applications/MCUXpressoIDE_24.12.148/ide/plugins/com.nxp.mcuxpresso.tools.macosx_24.12.0.202407110909/tools/bin/../lib/gcc/arm-none-eabi/13.2.1/../../../../arm-none-eabi/lib/thumb/v8-m.main/nofp/libcr_c.a(strlen.o)
 .debug_info    0x0000e99b       0xca /Applications/MCUXpressoIDE_24.12.148/ide/plugins/com.nxp.mcuxpresso.tools.macosx_24.12.0.202407110909/tools/bin/../lib/gcc/arm-none-eabi/13.2.1/../../../../arm-none-eabi/lib/thumb/v8-m.main/nofp/libcr_c.a(strncat.o)
 .debug_info    0x0000ea65      0x11c /Applications/MCUXpressoIDE_24.12.148/ide/plugins/com.nxp.mcuxpresso.tools.macosx_24.12.0.202407110909/tools/bin/../lib/gcc/arm-none-eabi/13.2.1/../../../../arm-none-eabi/lib/thumb/v8-m.main/nofp/libcr_c.a(strncmp.o)
 .debug_info    0x0000eb81      0x192 /Applications/MCUXpressoIDE_24.12.148/ide/plugins/com.nxp.mcuxpresso.tools.macosx_24.12.0.202407110909/tools/bin/../lib/gcc/arm-none-eabi/13.2.1/../../../../arm-none-eabi/lib/thumb/v8-m.main/nofp/libcr_c.a(ungetc.o)
 .debug_info    0x0000ed13      0x46d /Applications/MCUXpressoIDE_24.12.148/ide/plugins/com.nxp.mcuxpresso.tools.macosx_24.12.0.202407110909/tools/bin/../lib/gcc/arm-none-eabi/13.2.1/../../../../arm-none-eabi/lib/thumb/v8-m.main/nofp/libcr_c.a(__fillbuf.o)
 .debug_info    0x0000f180      0x369 /Applications/MCUXpressoIDE_24.12.148/ide/plugins/com.nxp.mcuxpresso.tools.macosx_24.12.0.202407110909/tools/bin/../lib/gcc/arm-none-eabi/13.2.1/../../../../arm-none-eabi/lib/thumb/v8-m.main/nofp/libcr_c.a(_deferredlazyseek.o)
 .debug_info    0x0000f4e9      0x24b /Applications/MCUXpressoIDE_24.12.148/ide/plugins/com.nxp.mcuxpresso.tools.macosx_24.12.0.202407110909/tools/bin/../lib/gcc/arm-none-eabi/13.2.1/../../../../arm-none-eabi/lib/thumb/v8-m.main/nofp/libcr_c.a(_fdopen.o)
 .debug_info    0x0000f734      0x1e3 /Applications/MCUXpressoIDE_24.12.148/ide/plugins/com.nxp.mcuxpresso.tools.macosx_24.12.0.202407110909/tools/bin/../lib/gcc/arm-none-eabi/13.2.1/../../../../arm-none-eabi/lib/thumb/v8-m.main/nofp/libcr_c.a(_fflush.o)
 .debug_info    0x0000f917      0x15e /Applications/MCUXpressoIDE_24.12.148/ide/plugins/com.nxp.mcuxpresso.tools.macosx_24.12.0.202407110909/tools/bin/../lib/gcc/arm-none-eabi/13.2.1/../../../../arm-none-eabi/lib/thumb/v8-m.main/nofp/libcr_c.a(_frexpl.o)
 .debug_info    0x0000fa75      0x146 /Applications/MCUXpressoIDE_24.12.148/ide/plugins/com.nxp.mcuxpresso.tools.macosx_24.12.0.202407110909/tools/bin/../lib/gcc/arm-none-eabi/13.2.1/../../../../arm-none-eabi/lib/thumb/v8-m.main/nofp/libcr_c.a(_ldexpl.o)
 .debug_info    0x0000fbbb      0x286 /Applications/MCUXpressoIDE_24.12.148/ide/plugins/com.nxp.mcuxpresso.tools.macosx_24.12.0.202407110909/tools/bin/../lib/gcc/arm-none-eabi/13.2.1/../../../../arm-none-eabi/lib/thumb/v8-m.main/nofp/libcr_c.a(_sincos.o)
 .debug_info    0x0000fe41      0x289 /Applications/MCUXpressoIDE_24.12.148/ide/plugins/com.nxp.mcuxpresso.tools.macosx_24.12.0.202407110909/tools/bin/../lib/gcc/arm-none-eabi/13.2.1/../../../../arm-none-eabi/lib/thumb/v8-m.main/nofp/libcr_c.a(_writebuf.o)
 .debug_info    0x000100ca      0x520 /Applications/MCUXpressoIDE_24.12.148/ide/plugins/com.nxp.mcuxpresso.tools.macosx_24.12.0.202407110909/tools/bin/../lib/gcc/arm-none-eabi/13.2.1/../../../../arm-none-eabi/lib/thumb/v8-m.main/nofp/libcr_c.a(alloc.o)
 .debug_info    0x000105ea      0x2f8 /Applications/MCUXpressoIDE_24.12.148/ide/plugins/com.nxp.mcuxpresso.tools.macosx_24.12.0.202407110909/tools/bin/../lib/gcc/arm-none-eabi/13.2.1/../../../../arm-none-eabi/lib/thumb/v8-m.main/nofp/libcr_c.a(ctype.o)
 .debug_info    0x000108e2       0x44 /Applications/MCUXpressoIDE_24.12.148/ide/plugins/com.nxp.mcuxpresso.tools.macosx_24.12.0.202407110909/tools/bin/../lib/gcc/arm-none-eabi/13.2.1/../../../../arm-none-eabi/lib/thumb/v8-m.main/nofp/libcr_c.a(errno.o)
 .debug_info    0x00010926      0x318 /Applications/MCUXpressoIDE_24.12.148/ide/plugins/com.nxp.mcuxpresso.tools.macosx_24.12.0.202407110909/tools/bin/../lib/gcc/arm-none-eabi/13.2.1/../../../../arm-none-eabi/lib/thumb/v8-m.main/nofp/libcr_c.a(fclose.o)
 .debug_info    0x00010c3e      0x209 /Applications/MCUXpressoIDE_24.12.148/ide/plugins/com.nxp.mcuxpresso.tools.macosx_24.12.0.202407110909/tools/bin/../lib/gcc/arm-none-eabi/13.2.1/../../../../arm-none-eabi/lib/thumb/v8-m.main/nofp/libcr_c.a(fflush.o)
 .debug_info    0x00010e47      0x276 /Applications/MCUXpressoIDE_24.12.148/ide/plugins/com.nxp.mcuxpresso.tools.macosx_24.12.0.202407110909/tools/bin/../lib/gcc/arm-none-eabi/13.2.1/../../../../arm-none-eabi/lib/thumb/v8-m.main/nofp/libcr_c.a(fseek.o)
 .debug_info    0x000110bd      0x197 /Applications/MCUXpressoIDE_24.12.148/ide/plugins/com.nxp.mcuxpresso.tools.macosx_24.12.0.202407110909/tools/bin/../lib/gcc/arm-none-eabi/13.2.1/../../../../arm-none-eabi/lib/thumb/v8-m.main/nofp/libcr_c.a(ftell.o)
 .debug_info    0x00011254      0x1d7 /Applications/MCUXpressoIDE_24.12.148/ide/plugins/com.nxp.mcuxpresso.tools.macosx_24.12.0.202407110909/tools/bin/../lib/gcc/arm-none-eabi/13.2.1/../../../../arm-none-eabi/lib/thumb/v8-m.main/nofp/libcr_c.a(remove.o)
 .debug_info    0x0001142b       0xd4 /Applications/MCUXpressoIDE_24.12.148/ide/plugins/com.nxp.mcuxpresso.tools.macosx_24.12.0.202407110909/tools/bin/../lib/gcc/arm-none-eabi/13.2.1/../../../../arm-none-eabi/lib/thumb/v8-m.main/nofp/libcr_c.a(__init_alloc.o)
 .debug_info    0x000114ff      0x107 /Applications/MCUXpressoIDE_24.12.148/ide/plugins/com.nxp.mcuxpresso.tools.macosx_24.12.0.202407110909/tools/bin/../lib/gcc/arm-none-eabi/13.2.1/../../../../arm-none-eabi/lib/thumb/v8-m.main/nofp/libcr_c.a(_cr_sbrk.o)
 .debug_info    0x00011606      0x23a /Applications/MCUXpressoIDE_24.12.148/ide/plugins/com.nxp.mcuxpresso.tools.macosx_24.12.0.202407110909/tools/bin/../lib/gcc/arm-none-eabi/13.2.1/../../../../arm-none-eabi/lib/thumb/v8-m.main/nofp/libcr_c.a(_do_fflush.o)
 .debug_info    0x00011840       0x78 /Applications/MCUXpressoIDE_24.12.148/ide/plugins/com.nxp.mcuxpresso.tools.macosx_24.12.0.202407110909/tools/bin/../lib/gcc/arm-none-eabi/13.2.1/../../../../arm-none-eabi/lib/thumb/v8-m.main/nofp/libcr_c.a(_cr_check_heap.o)
 .debug_info    0x000118b8     0x2131 /Applications/MCUXpressoIDE_24.12.148/ide/plugins/com.nxp.mcuxpresso.tools.macosx_24.12.0.202407110909/tools/bin/../lib/gcc/arm-none-eabi/13.2.1/thumb/v8-m.main/nofp/libcr_eabihelpers.a(double.o)
 .debug_info    0x000139e9      0x18b /Applications/MCUXpressoIDE_24.12.148/ide/plugins/com.nxp.mcuxpresso.tools.macosx_24.12.0.202407110909/tools/bin/../lib/gcc/arm-none-eabi/13.2.1/../../../../arm-none-eabi/lib/thumb/v8-m.main/nofp/libcr_semihost_nf.a(__ciob.o)

.debug_abbrev   0x00000000     0x4b1e
 .debug_abbrev  0x00000000      0x134 ./startup/startup_mcxa153.o
 .debug_abbrev  0x00000134      0x18c ./source/utils/GPS.o
 .debug_abbrev  0x000002c0       0xfd ./source/utils/Logger.o
 .debug_abbrev  0x000003bd      0x1c8 ./source/utils/SD.o
 .debug_abbrev  0x00000585      0x143 ./source/games/game_control.o
 .debug_abbrev  0x000006c8      0x16e ./source/games/gps_location.game.o
 .debug_abbrev  0x00000836      0x16e ./source/games/gps_proximity.game.o
 .debug_abbrev  0x000009a4      0x25f ./source/fatFs/ff.o
 .debug_abbrev  0x00000c03      0x21d ./source/fatFs/sdmm.o
 .debug_abbrev  0x00000e20      0x191 ./source/fifo.o
 .debug_abbrev  0x00000fb1       0xb8 ./source/gpio_output.o
 .debug_abbrev  0x00001069      0x171 ./source/lpi2c0_controller_polling.o
 .debug_abbrev  0x000011da      0x251 ./source/lpuart0_interrupt.o
 .debug_abbrev  0x0000142b      0x251 ./source/lpuart2_interrupt.o
 .debug_abbrev  0x0000167c      0x250 ./source/main.o
 .debug_abbrev  0x000018cc       0xe2 ./source/retarget.o
 .debug_abbrev  0x000019ae       0x31 ./source/semihost_hardfault.o
 .debug_abbrev  0x000019df      0x17f ./device/system_MCXA153.o
 .debug_abbrev  0x00001b5e       0x70 /Applications/MCUXpressoIDE_24.12.148/ide/plugins/com.nxp.mcuxpresso.tools.macosx_24.12.0.202407110909/tools/bin/../lib/gcc/arm-none-eabi/13.2.1/../../../../arm-none-eabi/lib/thumb/v8-m.main/nofp/libcr_semihost_nf.a(_cr__main.o)
 .debug_abbrev  0x00001bce       0xb6 /Applications/MCUXpressoIDE_24.12.148/ide/plugins/com.nxp.mcuxpresso.tools.macosx_24.12.0.202407110909/tools/bin/../lib/gcc/arm-none-eabi/13.2.1/../../../../arm-none-eabi/lib/thumb/v8-m.main/nofp/libcr_c.a(memcpy.o)
 .debug_abbrev  0x00001c84       0xa8 /Applications/MCUXpressoIDE_24.12.148/ide/plugins/com.nxp.mcuxpresso.tools.macosx_24.12.0.202407110909/tools/bin/../lib/gcc/arm-none-eabi/13.2.1/../../../../arm-none-eabi/lib/thumb/v8-m.main/nofp/libcr_c.a(memset.o)
 .debug_abbrev  0x00001d2c       0x92 /Applications/MCUXpressoIDE_24.12.148/ide/plugins/com.nxp.mcuxpresso.tools.macosx_24.12.0.202407110909/tools/bin/../lib/gcc/arm-none-eabi/13.2.1/../../../../arm-none-eabi/lib/thumb/v8-m.main/nofp/libcr_c.a(cos.o)
 .debug_abbrev  0x00001dbe       0x74 /Applications/MCUXpressoIDE_24.12.148/ide/plugins/com.nxp.mcuxpresso.tools.macosx_24.12.0.202407110909/tools/bin/../lib/gcc/arm-none-eabi/13.2.1/../../../../arm-none-eabi/lib/thumb/v8-m.main/nofp/libcr_c.a(fabs.o)
 .debug_abbrev  0x00001e32      0x46c /Applications/MCUXpressoIDE_24.12.148/ide/plugins/com.nxp.mcuxpresso.tools.macosx_24.12.0.202407110909/tools/bin/../lib/gcc/arm-none-eabi/13.2.1/../../../../arm-none-eabi/lib/thumb/v8-m.main/nofp/libcr_c.a(fpprintf.o)
 .debug_abbrev  0x0000229e      0x169 /Applications/MCUXpressoIDE_24.12.148/ide/plugins/com.nxp.mcuxpresso.tools.macosx_24.12.0.202407110909/tools/bin/../lib/gcc/arm-none-eabi/13.2.1/../../../../arm-none-eabi/lib/thumb/v8-m.main/nofp/libcr_c.a(initio.o)
 .debug_abbrev  0x00002407       0x9d /Applications/MCUXpressoIDE_24.12.148/ide/plugins/com.nxp.mcuxpresso.tools.macosx_24.12.0.202407110909/tools/bin/../lib/gcc/arm-none-eabi/13.2.1/../../../../arm-none-eabi/lib/thumb/v8-m.main/nofp/libcr_c.a(memcmp.o)
 .debug_abbrev  0x000024a4      0x3ba /Applications/MCUXpressoIDE_24.12.148/ide/plugins/com.nxp.mcuxpresso.tools.macosx_24.12.0.202407110909/tools/bin/../lib/gcc/arm-none-eabi/13.2.1/../../../../arm-none-eabi/lib/thumb/v8-m.main/nofp/libcr_c.a(printf.o)
 .debug_abbrev  0x0000285e      0x453 /Applications/MCUXpressoIDE_24.12.148/ide/plugins/com.nxp.mcuxpresso.tools.macosx_24.12.0.202407110909/tools/bin/../lib/gcc/arm-none-eabi/13.2.1/../../../../arm-none-eabi/lib/thumb/v8-m.main/nofp/libcr_c.a(scanf.o)
 .debug_abbrev  0x00002cb1       0xe1 /Applications/MCUXpressoIDE_24.12.148/ide/plugins/com.nxp.mcuxpresso.tools.macosx_24.12.0.202407110909/tools/bin/../lib/gcc/arm-none-eabi/13.2.1/../../../../arm-none-eabi/lib/thumb/v8-m.main/nofp/libcr_c.a(setvbuf.o)
 .debug_abbrev  0x00002d92       0x6c /Applications/MCUXpressoIDE_24.12.148/ide/plugins/com.nxp.mcuxpresso.tools.macosx_24.12.0.202407110909/tools/bin/../lib/gcc/arm-none-eabi/13.2.1/../../../../arm-none-eabi/lib/thumb/v8-m.main/nofp/libcr_c.a(strchr.o)
 .debug_abbrev  0x00002dfe       0xa0 /Applications/MCUXpressoIDE_24.12.148/ide/plugins/com.nxp.mcuxpresso.tools.macosx_24.12.0.202407110909/tools/bin/../lib/gcc/arm-none-eabi/13.2.1/../../../../arm-none-eabi/lib/thumb/v8-m.main/nofp/libcr_c.a(strcspn.o)
 .debug_abbrev  0x00002e9e       0xa7 /Applications/MCUXpressoIDE_24.12.148/ide/plugins/com.nxp.mcuxpresso.tools.macosx_24.12.0.202407110909/tools/bin/../lib/gcc/arm-none-eabi/13.2.1/../../../../arm-none-eabi/lib/thumb/v8-m.main/nofp/libcr_c.a(strlen.o)
 .debug_abbrev  0x00002f45       0xa0 /Applications/MCUXpressoIDE_24.12.148/ide/plugins/com.nxp.mcuxpresso.tools.macosx_24.12.0.202407110909/tools/bin/../lib/gcc/arm-none-eabi/13.2.1/../../../../arm-none-eabi/lib/thumb/v8-m.main/nofp/libcr_c.a(strncat.o)
 .debug_abbrev  0x00002fe5       0xb0 /Applications/MCUXpressoIDE_24.12.148/ide/plugins/com.nxp.mcuxpresso.tools.macosx_24.12.0.202407110909/tools/bin/../lib/gcc/arm-none-eabi/13.2.1/../../../../arm-none-eabi/lib/thumb/v8-m.main/nofp/libcr_c.a(strncmp.o)
 .debug_abbrev  0x00003095       0xb9 /Applications/MCUXpressoIDE_24.12.148/ide/plugins/com.nxp.mcuxpresso.tools.macosx_24.12.0.202407110909/tools/bin/../lib/gcc/arm-none-eabi/13.2.1/../../../../arm-none-eabi/lib/thumb/v8-m.main/nofp/libcr_c.a(ungetc.o)
 .debug_abbrev  0x0000314e      0x228 /Applications/MCUXpressoIDE_24.12.148/ide/plugins/com.nxp.mcuxpresso.tools.macosx_24.12.0.202407110909/tools/bin/../lib/gcc/arm-none-eabi/13.2.1/../../../../arm-none-eabi/lib/thumb/v8-m.main/nofp/libcr_c.a(__fillbuf.o)
 .debug_abbrev  0x00003376      0x152 /Applications/MCUXpressoIDE_24.12.148/ide/plugins/com.nxp.mcuxpresso.tools.macosx_24.12.0.202407110909/tools/bin/../lib/gcc/arm-none-eabi/13.2.1/../../../../arm-none-eabi/lib/thumb/v8-m.main/nofp/libcr_c.a(_deferredlazyseek.o)
 .debug_abbrev  0x000034c8      0x119 /Applications/MCUXpressoIDE_24.12.148/ide/plugins/com.nxp.mcuxpresso.tools.macosx_24.12.0.202407110909/tools/bin/../lib/gcc/arm-none-eabi/13.2.1/../../../../arm-none-eabi/lib/thumb/v8-m.main/nofp/libcr_c.a(_fdopen.o)
 .debug_abbrev  0x000035e1       0xf1 /Applications/MCUXpressoIDE_24.12.148/ide/plugins/com.nxp.mcuxpresso.tools.macosx_24.12.0.202407110909/tools/bin/../lib/gcc/arm-none-eabi/13.2.1/../../../../arm-none-eabi/lib/thumb/v8-m.main/nofp/libcr_c.a(_fflush.o)
 .debug_abbrev  0x000036d2      0x123 /Applications/MCUXpressoIDE_24.12.148/ide/plugins/com.nxp.mcuxpresso.tools.macosx_24.12.0.202407110909/tools/bin/../lib/gcc/arm-none-eabi/13.2.1/../../../../arm-none-eabi/lib/thumb/v8-m.main/nofp/libcr_c.a(_frexpl.o)
 .debug_abbrev  0x000037f5      0x115 /Applications/MCUXpressoIDE_24.12.148/ide/plugins/com.nxp.mcuxpresso.tools.macosx_24.12.0.202407110909/tools/bin/../lib/gcc/arm-none-eabi/13.2.1/../../../../arm-none-eabi/lib/thumb/v8-m.main/nofp/libcr_c.a(_ldexpl.o)
 .debug_abbrev  0x0000390a       0xd4 /Applications/MCUXpressoIDE_24.12.148/ide/plugins/com.nxp.mcuxpresso.tools.macosx_24.12.0.202407110909/tools/bin/../lib/gcc/arm-none-eabi/13.2.1/../../../../arm-none-eabi/lib/thumb/v8-m.main/nofp/libcr_c.a(_sincos.o)
 .debug_abbrev  0x000039de      0x126 /Applications/MCUXpressoIDE_24.12.148/ide/plugins/com.nxp.mcuxpresso.tools.macosx_24.12.0.202407110909/tools/bin/../lib/gcc/arm-none-eabi/13.2.1/../../../../arm-none-eabi/lib/thumb/v8-m.main/nofp/libcr_c.a(_writebuf.o)
 .debug_abbrev  0x00003b04      0x284 /Applications/MCUXpressoIDE_24.12.148/ide/plugins/com.nxp.mcuxpresso.tools.macosx_24.12.0.202407110909/tools/bin/../lib/gcc/arm-none-eabi/13.2.1/../../../../arm-none-eabi/lib/thumb/v8-m.main/nofp/libcr_c.a(alloc.o)
 .debug_abbrev  0x00003d88       0xba /Applications/MCUXpressoIDE_24.12.148/ide/plugins/com.nxp.mcuxpresso.tools.macosx_24.12.0.202407110909/tools/bin/../lib/gcc/arm-none-eabi/13.2.1/../../../../arm-none-eabi/lib/thumb/v8-m.main/nofp/libcr_c.a(ctype.o)
 .debug_abbrev  0x00003e42       0x44 /Applications/MCUXpressoIDE_24.12.148/ide/plugins/com.nxp.mcuxpresso.tools.macosx_24.12.0.202407110909/tools/bin/../lib/gcc/arm-none-eabi/13.2.1/../../../../arm-none-eabi/lib/thumb/v8-m.main/nofp/libcr_c.a(errno.o)
 .debug_abbrev  0x00003e86      0x155 /Applications/MCUXpressoIDE_24.12.148/ide/plugins/com.nxp.mcuxpresso.tools.macosx_24.12.0.202407110909/tools/bin/../lib/gcc/arm-none-eabi/13.2.1/../../../../arm-none-eabi/lib/thumb/v8-m.main/nofp/libcr_c.a(fclose.o)
 .debug_abbrev  0x00003fdb      0x125 /Applications/MCUXpressoIDE_24.12.148/ide/plugins/com.nxp.mcuxpresso.tools.macosx_24.12.0.202407110909/tools/bin/../lib/gcc/arm-none-eabi/13.2.1/../../../../arm-none-eabi/lib/thumb/v8-m.main/nofp/libcr_c.a(fflush.o)
 .debug_abbrev  0x00004100      0x11b /Applications/MCUXpressoIDE_24.12.148/ide/plugins/com.nxp.mcuxpresso.tools.macosx_24.12.0.202407110909/tools/bin/../lib/gcc/arm-none-eabi/13.2.1/../../../../arm-none-eabi/lib/thumb/v8-m.main/nofp/libcr_c.a(fseek.o)
 .debug_abbrev  0x0000421b       0xc2 /Applications/MCUXpressoIDE_24.12.148/ide/plugins/com.nxp.mcuxpresso.tools.macosx_24.12.0.202407110909/tools/bin/../lib/gcc/arm-none-eabi/13.2.1/../../../../arm-none-eabi/lib/thumb/v8-m.main/nofp/libcr_c.a(ftell.o)
 .debug_abbrev  0x000042dd       0xfb /Applications/MCUXpressoIDE_24.12.148/ide/plugins/com.nxp.mcuxpresso.tools.macosx_24.12.0.202407110909/tools/bin/../lib/gcc/arm-none-eabi/13.2.1/../../../../arm-none-eabi/lib/thumb/v8-m.main/nofp/libcr_c.a(remove.o)
 .debug_abbrev  0x000043d8       0xaf /Applications/MCUXpressoIDE_24.12.148/ide/plugins/com.nxp.mcuxpresso.tools.macosx_24.12.0.202407110909/tools/bin/../lib/gcc/arm-none-eabi/13.2.1/../../../../arm-none-eabi/lib/thumb/v8-m.main/nofp/libcr_c.a(__init_alloc.o)