Archive member included to satisfy reference by file (symbol)

C:/nxp/MCUXpressoIDE_24.12.148/ide/plugins/com.nxp.mcuxpresso.tools.win32_24.12.0.202407110909/tools/bin/../lib/gcc/arm-none-eabi/13.2.1/../../../../arm-none-eabi/lib/thumb/v8-m.main/nofp\libcr_semihost_nf.a(_cr__main.o)
                              ./startup/startup_mcxa153.o (__main)
C:/nxp/MCUXpressoIDE_24.12.148/ide/plugins/com.nxp.mcuxpresso.tools.win32_24.12.0.202407110909/tools/bin/../lib/gcc/arm-none-eabi/13.2.1/../../../../arm-none-eabi/lib/thumb/v8-m.main/nofp\libcr_c.a(memcpy.o)
                              ./source/fatFs/ff.o (memcpy)
C:/nxp/MCUXpressoIDE_24.12.148/ide/plugins/com.nxp.mcuxpresso.tools.win32_24.12.0.202407110909/tools/bin/../lib/gcc/arm-none-eabi/13.2.1/../../../../arm-none-eabi/lib/thumb/v8-m.main/nofp\libcr_c.a(memset.o)
                              ./source/fatFs/ff.o (memset)
C:/nxp/MCUXpressoIDE_24.12.148/ide/plugins/com.nxp.mcuxpresso.tools.win32_24.12.0.202407110909/tools/bin/../lib/gcc/arm-none-eabi/13.2.1/../../../../arm-none-eabi/lib/thumb/v8-m.main/nofp\libcr_c.a(cos.o)
                              ./source/utils/GPS.o (cos)
C:/nxp/MCUXpressoIDE_24.12.148/ide/plugins/com.nxp.mcuxpresso.tools.win32_24.12.0.202407110909/tools/bin/../lib/gcc/arm-none-eabi/13.2.1/../../../../arm-none-eabi/lib/thumb/v8-m.main/nofp\libcr_c.a(fabs.o)
                              ./source/utils/GPS.o (fabs)
C:/nxp/MCUXpressoIDE_24.12.148/ide/plugins/com.nxp.mcuxpresso.tools.win32_24.12.0.202407110909/tools/bin/../lib/gcc/arm-none-eabi/13.2.1/../../../../arm-none-eabi/lib/thumb/v8-m.main/nofp\libcr_c.a(fpprintf.o)
                              ./source/utils/Logger.o (sprintf)
C:/nxp/MCUXpressoIDE_24.12.148/ide/plugins/com.nxp.mcuxpresso.tools.win32_24.12.0.202407110909/tools/bin/../lib/gcc/arm-none-eabi/13.2.1/../../../../arm-none-eabi/lib/thumb/v8-m.main/nofp\libcr_c.a(initio.o)
                              C:/nxp/MCUXpressoIDE_24.12.148/ide/plugins/com.nxp.mcuxpresso.tools.win32_24.12.0.202407110909/tools/bin/../lib/gcc/arm-none-eabi/13.2.1/../../../../arm-none-eabi/lib/thumb/v8-m.main/nofp\libcr_semihost_nf.a(_cr__main.o) (_initio)
C:/nxp/MCUXpressoIDE_24.12.148/ide/plugins/com.nxp.mcuxpresso.tools.win32_24.12.0.202407110909/tools/bin/../lib/gcc/arm-none-eabi/13.2.1/../../../../arm-none-eabi/lib/thumb/v8-m.main/nofp\libcr_c.a(memcmp.o)
                              ./source/fatFs/ff.o (memcmp)
C:/nxp/MCUXpressoIDE_24.12.148/ide/plugins/com.nxp.mcuxpresso.tools.win32_24.12.0.202407110909/tools/bin/../lib/gcc/arm-none-eabi/13.2.1/../../../../arm-none-eabi/lib/thumb/v8-m.main/nofp\libcr_c.a(pow.o)
                              ./source/games/gps_location.game.o (pow)
C:/nxp/MCUXpressoIDE_24.12.148/ide/plugins/com.nxp.mcuxpresso.tools.win32_24.12.0.202407110909/tools/bin/../lib/gcc/arm-none-eabi/13.2.1/../../../../arm-none-eabi/lib/thumb/v8-m.main/nofp\libcr_c.a(printf.o)
                              C:/nxp/MCUXpressoIDE_24.12.148/ide/plugins/com.nxp.mcuxpresso.tools.win32_24.12.0.202407110909/tools/bin/../lib/gcc/arm-none-eabi/13.2.1/../../../../arm-none-eabi/lib/thumb/v8-m.main/nofp\libcr_c.a(fpprintf.o) (__vfprintf)
C:/nxp/MCUXpressoIDE_24.12.148/ide/plugins/com.nxp.mcuxpresso.tools.win32_24.12.0.202407110909/tools/bin/../lib/gcc/arm-none-eabi/13.2.1/../../../../arm-none-eabi/lib/thumb/v8-m.main/nofp\libcr_c.a(scanf.o)
                              ./source/utils/GPS.o (atof)
C:/nxp/MCUXpressoIDE_24.12.148/ide/plugins/com.nxp.mcuxpresso.tools.win32_24.12.0.202407110909/tools/bin/../lib/gcc/arm-none-eabi/13.2.1/../../../../arm-none-eabi/lib/thumb/v8-m.main/nofp\libcr_c.a(setvbuf.o)
                              C:/nxp/MCUXpressoIDE_24.12.148/ide/plugins/com.nxp.mcuxpresso.tools.win32_24.12.0.202407110909/tools/bin/../lib/gcc/arm-none-eabi/13.2.1/../../../../arm-none-eabi/lib/thumb/v8-m.main/nofp\libcr_c.a(initio.o) (setvbuf)
C:/nxp/MCUXpressoIDE_24.12.148/ide/plugins/com.nxp.mcuxpresso.tools.win32_24.12.0.202407110909/tools/bin/../lib/gcc/arm-none-eabi/13.2.1/../../../../arm-none-eabi/lib/thumb/v8-m.main/nofp\libcr_c.a(sqrt.o)
                              ./source/games/gps_location.game.o (sqrt)
C:/nxp/MCUXpressoIDE_24.12.148/ide/plugins/com.nxp.mcuxpresso.tools.win32_24.12.0.202407110909/tools/bin/../lib/gcc/arm-none-eabi/13.2.1/../../../../arm-none-eabi/lib/thumb/v8-m.main/nofp\libcr_c.a(strchr.o)
                              ./source/fatFs/ff.o (strchr)
C:/nxp/MCUXpressoIDE_24.12.148/ide/plugins/com.nxp.mcuxpresso.tools.win32_24.12.0.202407110909/tools/bin/../lib/gcc/arm-none-eabi/13.2.1/../../../../arm-none-eabi/lib/thumb/v8-m.main/nofp\libcr_c.a(strcspn.o)
                              ./source/utils/GPS.o (strcspn)
C:/nxp/MCUXpressoIDE_24.12.148/ide/plugins/com.nxp.mcuxpresso.tools.win32_24.12.0.202407110909/tools/bin/../lib/gcc/arm-none-eabi/13.2.1/../../../../arm-none-eabi/lib/thumb/v8-m.main/nofp\libcr_c.a(strlen.o)
                              ./source/fatFs/ff.o (strlen)
[...]
Memory Configuration

Name             Origin             Length             Attributes
PROGRAM_FLASH    0x00000000         0x00020000         xr
SRAM             0x20000000         0x00006000         xrw
SRAMX0           0x04000000         0x00002000         xrw
SRAMX1           0x04002000         0x00001000         xrw
*default*        0x00000000         0xffffffff

Linker script and memory map

LOAD ./startup/startup_mcxa153.o
LOAD ./source/utils/GPS.o
LOAD ./source/utils/Logger.o
LOAD ./source/utils/SD.o
LOAD ./source/games/game_control.o
LOAD ./source/games/gps_location.game.o
LOAD ./source/games/gps_proximity.game.o
LOAD ./source/fatFs/ff.o
LOAD ./source/fatFs/sdmm.o
LOAD ./source/fifo.o
LOAD ./source/gpio_output.o
LOAD ./source/lpi2c0_controller_polling.o
LOAD ./source/lpuart0_interrupt.o
LOAD ./source/lpuart2_interrupt.o
LOAD ./source/main.o
LOAD ./source/retarget.o
LOAD ./source/semihost_hardfault.o
LOAD ./device/system_MCXA153.o
START GROUP
LOAD C:/nxp/MCUXpressoIDE_24.12.148/ide/plugins/com.nxp.mcuxpresso.tools.win32_24.12.0.202407110909/tools/bin/../lib/gcc/arm-none-eabi/13.2.1/../../../../arm-none-eabi/lib/thumb/v8-m.main/nofp\libcr_semihost_nf.a
LOAD C:/nxp/MCUXpressoIDE_24.12.148/ide/plugins/com.nxp.mcuxpresso.tools.win32_24.12.0.202407110909/tools/bin/../lib/gcc/arm-none-eabi/13.2.1/../../../../arm-none-eabi/lib/thumb/v8-m.main/nofp\libcr_c.a
LOAD C:/nxp/MCUXpressoIDE_24.12.148/ide/plugins/com.nxp.mcuxpresso.tools.win32_24.12.0.202407110909/tools/bin/../lib/gcc/arm-none-eabi/13.2.1/thumb/v8-m.main/nofp\libcr_eabihelpers.a
LOAD C:/nxp/MCUXpressoIDE_24.12.148/ide/plugins/com.nxp.mcuxpresso.tools.win32_24.12.0.202407110909/tools/bin/../lib/gcc/arm-none-eabi/13.2.1/thumb/v8-m.main/nofp\libgcc.a
END GROUP
                0x00000000                        __base_PROGRAM_FLASH = 0x0
                0x00000000                        __base_Flash = 0x0
                0x00020000                        __top_PROGRAM_FLASH = 0x20000
                0x00020000                        __top_Flash = 0x20000
                0x20000000                        __base_SRAM = 0x20000000
                0x20000000                        __base_RAM = 0x20000000
                0x20006000                        __top_SRAM = 0x20006000
                0x20006000                        __top_RAM = 0x20006000
                0x04000000                        __base_SRAMX0 = 0x4000000
                0x04000000                        __base_RAM2 = 0x4000000
                0x04002000                        __top_SRAMX0 = 0x4002000
                0x04002000                        __top_RAM2 = 0x4002000
                0x04002000                        __base_SRAMX1 = 0x4002000
                0x04002000                        __base_RAM3 = 0x4002000
                0x04003000                        __top_SRAMX1 = 0x4003000
                0x04003000                        __top_RAM3 = 0x4003000

.text           0x00000000     0x9af8
 FILL mask 0xff
                0x00000000                        __vectors_start__ = ABSOLUTE (.)
 *(SORT_BY_ALIGNMENT(.isr_vector))
 .isr_vector    0x00000000      0x16c ./startup/startup_mcxa153.o
                0x00000000                g_pfnVectors
                0x00000000                __Vectors
                0x0000016c                        . = ALIGN (0x4)
                0x0000016c                        __section_table_start = .
                0x0000016c                        __data_section_table = .
                0x0000016c        0x4 LONG 0x9af8 LOADADDR (.data)
                0x00000170        0x4 LONG 0x20000000 ADDR (.data)
                0x00000174        0x4 LONG 0x10 SIZEOF (.data)
                0x00000178        0x4 LONG 0x9af8 LOADADDR (.data_RAM2)
                0x0000017c        0x4 LONG 0x4000000 ADDR (.data_RAM2)
                0x00000180        0x4 LONG 0x0 SIZEOF (.data_RAM2)
                0x00000184        0x4 LONG 0x9af8 LOADADDR (.data_RAM3)
                0x00000188        0x4 LONG 0x4002000 ADDR (.data_RAM3)
                0x0000018c        0x4 LONG 0x0 SIZEOF (.data_RAM3)
                0x00000190                        __data_section_table_end = .
                0x00000190                        __bss_section_table = .
                0x00000190        0x4 LONG 0x20000010 ADDR (.bss)
                0x00000194        0x4 LONG 0xd8c SIZEOF (.bss)
                0x00000198        0x4 LONG 0x4000000 ADDR (.bss_RAM2)
                0x0000019c        0x4 LONG 0x0 SIZEOF (.bss_RAM2)
                0x000001a0        0x4 LONG 0x4002000 ADDR (.bss_RAM3)
                0x000001a4        0x4 LONG 0x0 SIZEOF (.bss_RAM3)
                0x000001a8                        __bss_section_table_end = .
                0x000001a8                        __section_table_end = .
 *(SORT_BY_ALIGNMENT(.after_vectors*))
 .after_vectors.reset
                0x000001a8       0x68 ./startup/startup_mcxa153.o
                0x000001a8                ResetISR
 .after_vectors.init_data
                0x00000210       0x1c ./startup/startup_mcxa153.o
                0x00000210                data_init
 .after_vectors.init_bss
                0x0000022c       0x12 ./startup/startup_mcxa153.o
                0x0000022c                bss_init
 .after_vectors
                0x0000023e       0x16 ./startup/startup_mcxa153.o
                0x0000023e                NMI_Handler
                0x00000242                MemManage_Handler
                0x00000244                BusFault_Handler
                0x00000246                UsageFault_Handler
                0x00000248                SecureFault_Handler
                0x0000024a                SVC_Handler
                0x0000024c                DebugMon_Handler
                0x0000024e                PendSV_Handler
                0x00000252                LPTMR0_DriverIRQHandler
                0x00000252                FLEXPWM0_SUBMODULE1_DriverIRQHandler
                0x00000252                MBC0_DriverIRQHandler
                0x00000252                WAKETIMER0_DriverIRQHandler
                0x00000252                I3C0_DriverIRQHandler
                0x00000252                LPI2C0_DriverIRQHandler
                0x00000252                FLEXPWM0_RELOAD_ERROR_DriverIRQHandler
                0x00000252                QDC0_HOME_DriverIRQHandler
                0x00000252                Reserved82_DriverIRQHandler
                0x00000252                QDC0_WATCHDOG_DriverIRQHandler
                0x00000252                ERM0_MULTI_BIT_DriverIRQHandler
                0x00000252                Reserved36_DriverIRQHandler
                0x00000252                CTIMER2_DriverIRQHandler
                0x00000252                Reserved33_DriverIRQHandler
                0x00000252                CMP1_DriverIRQHandler
                0x00000252                IntDefaultHandler
                0x00000252                USB0_DriverIRQHandler
                0x00000252                QDC0_INDEX_DriverIRQHandler
                0x00000252                UTICK0_DriverIRQHandler
                0x00000252                Reserved41_DriverIRQHandler
                0x00000252                FLEXPWM0_SUBMODULE2_DriverIRQHandler
                0x00000252                Reserved39_DriverIRQHandler
                0x00000252                WWDT0_DriverIRQHandler
                0x00000252                Reserved84_DriverIRQHandler
                0x00000252                FLEXPWM0_FAULT_DriverIRQHandler
                0x00000252                GPIO0_DriverIRQHandler
                0x00000252                Reserved38_DriverIRQHandler
                0x00000252                FREQME0_DriverIRQHandler
                0x00000252                Reserved22_DriverIRQHandler
                0x00000252                Reserved53_DriverIRQHandler
                0x00000252                Reserved35_DriverIRQHandler
                0x00000252                CTIMER0_DriverIRQHandler
                0x00000252                Reserved79_DriverIRQHandler
                0x00000252                Reserved24_DriverIRQHandler
                0x00000252                CTIMER1_DriverIRQHandler
                0x00000252                QDC0_COMPARE_DriverIRQHandler
                0x00000252                LPUART1_DriverIRQHandler
                0x00000252                WUU0_DriverIRQHandler
                0x00000252                LPSPI0_DriverIRQHandler
                0x00000252                DMA_CH3_DriverIRQHandler
                0x00000252                Reserved83_DriverIRQHandler
                0x00000252                Reserved72_DriverIRQHandler
                0x00000252                Reserved23_DriverIRQHandler
                0x00000252                Reserved65_DriverIRQHandler
                0x00000252                ERM0_SINGLE_BIT_DriverIRQHandler
                0x00000252                DMA_CH2_DriverIRQHandler
                0x00000252                CMC_DriverIRQHandler
                0x00000252                Reserved51_DriverIRQHandler
                0x00000252                Reserved25_DriverIRQHandler
                0x00000252                LPUART2_DriverIRQHandler
                0x00000252                FMU0_DriverIRQHandler
                0x00000252                LPSPI1_DriverIRQHandler
                0x00000252                Reserved77_DriverIRQHandler
                0x00000252                Reserved16_DriverIRQHandler
                0x00000252                LPUART0_DriverIRQHandler
                0x00000252                GPIO2_DriverIRQHandler
                0x00000252                Reserved85_DriverIRQHandler
                0x00000252                ADC0_DriverIRQHandler
                0x00000252                CMP0_DriverIRQHandler
                0x00000252                CDOG0_DriverIRQHandler
                0x00000252                Reserved59_DriverIRQHandler
                0x00000252                DMA_CH0_DriverIRQHandler
                0x00000252                Reserved58_DriverIRQHandler
                0x00000252                DMA_CH1_DriverIRQHandler
                0x00000252                SPC0_DriverIRQHandler
                0x00000252                GLIKEY0_DriverIRQHandler
                0x00000252                Reserved43_DriverIRQHandler
                0x00000252                Reserved46_DriverIRQHandler
                0x00000252                Reserved37_DriverIRQHandler
                0x00000252                Reserved86_DriverIRQHandler
                0x00000252                GPIO1_DriverIRQHandler
                0x00000252                FLEXPWM0_SUBMODULE0_DriverIRQHandler
                0x00000252                Reserved50_DriverIRQHandler
                0x00000252                OS_EVENT_DriverIRQHandler
                0x00000252                SCG0_DriverIRQHandler
                0x00000252                GPIO3_DriverIRQHandler
 *(SORT_BY_ALIGNMENT(.text*))
 *fill*         0x00000254        0x4 ff
 .text.calculateLongitudeDistance
                0x00000258       0xcc ./source/utils/GPS.o
                0x00000258                calculateLongitudeDistance
 *fill*         0x00000324        0x4 ff
 .text.calculateLatitudeDistance
                0x00000328       0x8c ./source/utils/GPS.o
                0x00000328                calculateLatitudeDistance
 *fill*         0x000003b4        0x4 ff
 .text.ilog10   0x000003b8       0xf8 ./source/fatFs/ff.o
 .text.i10x     0x000004b0       0xc8 ./source/fatFs/ff.o
 .text.cos      0x00000578       0x60 C:/nxp/MCUXpressoIDE_24.12.148/ide/plugins/com.nxp.mcuxpresso.tools.win32_24.12.0.202407110909/tools/bin/../lib/gcc/arm-none-eabi/13.2.1/../../../../arm-none-eabi/lib/thumb/v8-m.main/nofp\libcr_c.a(cos.o)
                0x00000578                cos
 .text.fp_display
                0x000005d8      0x9ac C:/nxp/MCUXpressoIDE_24.12.148/ide/plugins/com.nxp.mcuxpresso.tools.win32_24.12.0.202407110909/tools/bin/../lib/gcc/arm-none-eabi/13.2.1/../../../../arm-none-eabi/lib/thumb/v8-m.main/nofp\libcr_c.a(fpprintf.o)
 *fill*         0x00000f84        0x4 ff
 .text.pow      0x00000f88      0x54c C:/nxp/MCUXpressoIDE_24.12.148/ide/plugins/com.nxp.mcuxpresso.tools.win32_24.12.0.202407110909/tools/bin/../lib/gcc/arm-none-eabi/13.2.1/../../../../arm-none-eabi/lib/thumb/v8-m.main/nofp\libcr_c.a(pow.o)
                0x00000f88                pow
 *fill*         0x000014d4        0x4 ff
 .text.vfscanf  0x000014d8      0x900 C:/nxp/MCUXpressoIDE_24.12.148/ide/plugins/com.nxp.mcuxpresso.tools.win32_24.12.0.202407110909/tools/bin/../lib/gcc/arm-none-eabi/13.2.1/../../../../arm-none-eabi/lib/thumb/v8-m.main/nofp\libcr_c.a(scanf.o)
                0x000014d8                vfscanf
 .text.sqrt     0x00001dd8      0x10c C:/nxp/MCUXpressoIDE_24.12.148/ide/plugins/com.nxp.mcuxpresso.tools.win32_24.12.0.202407110909/tools/bin/../lib/gcc/arm-none-eabi/13.2.1/../../../../arm-none-eabi/lib/thumb/v8-m.main/nofp\libcr_c.a(sqrt.o)
                0x00001dd8                sqrt
 *fill*         0x00001ee4        0x4 ff
 .text._sincos  0x00001ee8      0x1fc C:/nxp/MCUXpressoIDE_24.12.148/ide/plugins/com.nxp.mcuxpresso.tools.win32_24.12.0.202407110909/tools/bin/../lib/gcc/arm-none-eabi/13.2.1/../../../../arm-none-eabi/lib/thumb/v8-m.main/nofp\libcr_c.a(_sincos.o)
                0x00001ee8                _sincos
 .text.GPS_updateData
                0x000020e4       0x84 ./source/utils/GPS.o
                0x000020e4                GPS_updateData
 .text.GPS_setDestination
                0x00002168       0x50 ./source/utils/GPS.o
                0x00002168                GPS_setDestination
 .text.GPS_getCurrentLocation
                0x000021b8       0x14 ./source/utils/GPS.o
                0x000021b8                GPS_getCurrentLocation
 .text.GPS_getCurrentDirections
                0x000021cc       0x14 ./source/utils/GPS.o
                0x000021cc                GPS_getCurrentDirections
 .text.GPS_getConnectionQuality
                0x000021e0       0x14 ./source/utils/GPS.o
                0x000021e0                GPS_getConnectionQuality
 .text.parseGNGGA
                0x000021f4      0x224 ./source/utils/GPS.o
                0x000021f4                parseGNGGA
 .text.Logger_updateData
                0x00002418       0x7c ./source/utils/Logger.o
                0x00002418                Logger_updateData
 .text.SD_Init  0x00002494       0x40 ./source/utils/SD.o
                0x00002494                SD_Init
 .text.SD_Writeln
                0x000024d4       0x54 ./source/utils/SD.o
                0x000024d4                SD_Writeln
 .text.SD_Overwrite
                0x00002528       0x54 ./source/utils/SD.o
                0x00002528                SD_Overwrite
 .text.SD_Read  0x0000257c       0x6c ./source/utils/SD.o
                0x0000257c                SD_Read
 .text.initGameControl
                0x000025e8       0x9c ./source/games/game_control.o
                0x000025e8                initGameControl
 .text.getGameControl
                0x00002684       0x14 ./source/games/game_control.o
                0x00002684                getGameControl
 .text.checkGameStatus
                0x00002698       0xf4 ./source/games/game_control.o
                0x00002698                checkGameStatus
 .text.initGPSLocationGame
                0x0000278c      0x148 ./source/games/gps_location.game.o
                0x0000278c                initGPSLocationGame
 .text.gpsLocationGame
                0x000028d4       0xd0 ./source/games/gps_location.game.o
                0x000028d4                gpsLocationGame
 .text.initGPSProximityGame
                0x000029a4      0x148 ./source/games/gps_proximity.game.o
                0x000029a4                initGPSProximityGame
 .text.gpsProximityGame
                0x00002aec      0x12c ./source/games/gps_proximity.game.o
                0x00002aec                gpsProximityGame
 .text.sync_fs  0x00002c18       0xe0 ./source/fatFs/ff.o
 .text.create_name
                0x00002cf8      0x20c ./source/fatFs/ff.o
 .text.get_ldnumber
                0x00002f04       0x88 ./source/fatFs/ff.o
 .text.check_fs
                0x00002f8c      0x148 ./source/fatFs/ff.o
 .text.mount_volume
                0x000030d4      0x3fc ./source/fatFs/ff.o
 .text.f_mount  0x000034d0       0x94 ./source/fatFs/ff.o
                0x000034d0                f_mount
 .text.f_open   0x00003564      0x2e0 ./source/fatFs/ff.o
                0x00003564                f_open
 .text.f_sync   0x00003844       0xc8 ./source/fatFs/ff.o
                0x00003844                f_sync
 .text.ftoa     0x0000390c      0x310 ./source/fatFs/ff.o
 .text.f_printf
                0x00003c1c      0x704 ./source/fatFs/ff.o
                0x00003c1c                f_printf
 .text.xmit_mmc
                0x00004320      0x210 ./source/fatFs/sdmm.o
 .text.rcvr_mmc
                0x00004530      0x1bc ./source/fatFs/sdmm.o
 .text.deselect
                0x000046ec       0x28 ./source/fatFs/sdmm.o
 .text.select   0x00004714       0x3c ./source/fatFs/sdmm.o
 .text.disk_status
                0x00004750       0x28 ./source/fatFs/sdmm.o
                0x00004750                disk_status
 .text.disk_initialize
                0x00004778      0x224 ./source/fatFs/sdmm.o
                0x00004778                disk_initialize
 .text.disk_read
                0x0000499c       0xac ./source/fatFs/sdmm.o
                0x0000499c                disk_read
 .text.disk_write
                0x00004a48       0xdc ./source/fatFs/sdmm.o
                0x00004a48                disk_write
 .text.gpio_output_init
                0x00004b24       0x70 ./source/gpio_output.o
                0x00004b24                gpio_output_init
 .text.lpi2c0_controller_init
                0x00004b94       0x84 ./source/lpi2c0_controller_polling.o
                0x00004b94                lpi2c0_controller_init
 .text.__NVIC_EnableIRQ
                0x00004c18       0x38 ./source/lpuart0_interrupt.o
 .text.__NVIC_ClearPendingIRQ
                0x00004c50       0x3c ./source/lpuart0_interrupt.o
 .text.__NVIC_SetPriority
                0x00004c8c       0x54 ./source/lpuart0_interrupt.o
 .text.lpuart0_init
                0x00004ce0       0xc4 ./source/lpuart0_interrupt.o
                0x00004ce0                lpuart0_init
 .text.lpuart0_putchar
                0x00004da4       0x40 ./source/lpuart0_interrupt.o
                0x00004da4                lpuart0_putchar
 .text.lpuart0_getchar
                0x00004de4       0x30 ./source/lpuart0_interrupt.o
                0x00004de4                lpuart0_getchar
 .text.LPUART0_IRQHandler
                0x00004e14       0x7c ./source/lpuart0_interrupt.o
                0x00004e14                LPUART0_IRQHandler
 .text.__NVIC_EnableIRQ
                0x00004e90       0x38 ./source/lpuart2_interrupt.o
 .text.__NVIC_ClearPendingIRQ
                0x00004ec8       0x3c ./source/lpuart2_interrupt.o
 .text.__NVIC_SetPriority
                0x00004f04       0x54 ./source/lpuart2_interrupt.o
 .text.lpuart2_init
                0x00004f58       0xc8 ./source/lpuart2_interrupt.o
                0x00004f58                lpuart2_init
 .text.lpuart2_getchar
                0x00005020       0x30 ./source/lpuart2_interrupt.o
                0x00005020                lpuart2_getchar
 .text.lpuart2_rxcnt
                0x00005050       0x14 ./source/lpuart2_interrupt.o
                0x00005050                lpuart2_rxcnt
 .text.LPUART2_IRQHandler
                0x00005064       0x7c ./source/lpuart2_interrupt.o
                0x00005064                LPUART2_IRQHandler
 .text.__NVIC_SetPriority
                0x000050e0       0x54 ./source/main.o
 .text.SysTick_Config
                0x00005134       0x44 ./source/main.o
 .text.main     0x00005178       0xcc ./source/main.o
                0x00005178                main
 .text.SysTick_Handler
                0x00005244       0x1c ./source/main.o
                0x00005244                SysTick_Handler
 .text.SystemInit
                0x00005260      0x120 ./device/system_MCXA153.o
                0x00005260                SystemInit
 .text.sprintf  0x00005380       0x6c C:/nxp/MCUXpressoIDE_24.12.148/ide/plugins/com.nxp.mcuxpresso.tools.win32_24.12.0.202407110909/tools/bin/../lib/gcc/arm-none-eabi/13.2.1/../../../../arm-none-eabi/lib/thumb/v8-m.main/nofp\libcr_c.a(fpprintf.o)
                0x00005380                sprintf
 .text.vsnprintf
                0x000053ec       0x68 C:/nxp/MCUXpressoIDE_24.12.148/ide/plugins/com.nxp.mcuxpresso.tools.win32_24.12.0.202407110909/tools/bin/../lib/gcc/arm-none-eabi/13.2.1/../../../../arm-none-eabi/lib/thumb/v8-m.main/nofp\libcr_c.a(fpprintf.o)
                0x000053ec                vsnprintf
 .text.printf   0x00005454       0x54 C:/nxp/MCUXpressoIDE_24.12.148/ide/plugins/com.nxp.mcuxpresso.tools.win32_24.12.0.202407110909/tools/bin/../lib/gcc/arm-none-eabi/13.2.1/../../../../arm-none-eabi/lib/thumb/v8-m.main/nofp\libcr_c.a(fpprintf.o)
                0x00005454                printf
 .text._initio  0x000054a8       0x78 C:/nxp/MCUXpressoIDE_24.12.148/ide/plugins/com.nxp.mcuxpresso.tools.win32_24.12.0.202407110909/tools/bin/../lib/gcc/arm-none-eabi/13.2.1/../../../../arm-none-eabi/lib/thumb/v8-m.main/nofp\libcr_c.a(initio.o)
                0x000054a8                _initio
 .text.__vfprintf
                0x00005520      0xb70 C:/nxp/MCUXpressoIDE_24.12.148/ide/plugins/com.nxp.mcuxpresso.tools.win32_24.12.0.202407110909/tools/bin/../lib/gcc/arm-none-eabi/13.2.1/../../../../arm-none-eabi/lib/thumb/v8-m.main/nofp\libcr_c.a(printf.o)
                0x00005520                __vfprintf
 .text.ch_val   0x00006090       0x30 C:/nxp/MCUXpressoIDE_24.12.148/ide/plugins/com.nxp.mcuxpresso.tools.win32_24.12.0.202407110909/tools/bin/../lib/gcc/arm-none-eabi/13.2.1/../../../../arm-none-eabi/lib/thumb/v8-m.main/nofp\libcr_c.a(scanf.o)
 .text._strtoul
                0x000060c0       0xb4 C:/nxp/MCUXpressoIDE_24.12.148/ide/plugins/com.nxp.mcuxpresso.tools.win32_24.12.0.202407110909/tools/bin/../lib/gcc/arm-none-eabi/13.2.1/../../../../arm-none-eabi/lib/thumb/v8-m.main/nofp\libcr_c.a(scanf.o)
 .text.cr_rd_int
                0x00006174      0x1a0 C:/nxp/MCUXpressoIDE_24.12.148/ide/plugins/com.nxp.mcuxpresso.tools.win32_24.12.0.202407110909/tools/bin/../lib/gcc/arm-none-eabi/13.2.1/../../../../arm-none-eabi/lib/thumb/v8-m.main/nofp\libcr_c.a(scanf.o)
 .text.strtod   0x00006314       0x34 C:/nxp/MCUXpressoIDE_24.12.148/ide/plugins/com.nxp.mcuxpresso.tools.win32_24.12.0.202407110909/tools/bin/../lib/gcc/arm-none-eabi/13.2.1/../../../../arm-none-eabi/lib/thumb/v8-m.main/nofp\libcr_c.a(scanf.o)
                0x00006314                strtod
 .text.strtol   0x00006348       0x80 C:/nxp/MCUXpressoIDE_24.12.148/ide/plugins/com.nxp.mcuxpresso.tools.win32_24.12.0.202407110909/tools/bin/../lib/gcc/arm-none-eabi/13.2.1/../../../../arm-none-eabi/lib/thumb/v8-m.main/nofp\libcr_c.a(scanf.o)
                0x00006348                strtol
 .text.atof     0x000063c8       0x14 C:/nxp/MCUXpressoIDE_24.12.148/ide/plugins/com.nxp.mcuxpresso.tools.win32_24.12.0.202407110909/tools/bin/../lib/gcc/arm-none-eabi/13.2.1/../../../../arm-none-eabi/lib/thumb/v8-m.main/nofp\libcr_c.a(scanf.o)
                0x000063c8                atof
 .text.atoi     0x000063dc       0x18 C:/nxp/MCUXpressoIDE_24.12.148/ide/plugins/com.nxp.mcuxpresso.tools.win32_24.12.0.202407110909/tools/bin/../lib/gcc/arm-none-eabi/13.2.1/../../../../arm-none-eabi/lib/thumb/v8-m.main/nofp\libcr_c.a(scanf.o)
                0x000063dc                atoi
 .text.__filbuf
                0x000063f4      0x178 C:/nxp/MCUXpressoIDE_24.12.148/ide/plugins/com.nxp.mcuxpresso.tools.win32_24.12.0.202407110909/tools/bin/../lib/gcc/arm-none-eabi/13.2.1/../../../../arm-none-eabi/lib/thumb/v8-m.main/nofp\libcr_c.a(__fillbuf.o)
                0x000063f4                __filbuf
 .text._ldexpl  0x0000656c       0x48 C:/nxp/MCUXpressoIDE_24.12.148/ide/plugins/com.nxp.mcuxpresso.tools.win32_24.12.0.202407110909/tools/bin/../lib/gcc/arm-none-eabi/13.2.1/../../../../arm-none-eabi/lib/thumb/v8-m.main/nofp\libcr_c.a(_ldexpl.o)
                0x0000656c                _ldexpl
 .text._Cwritebuf
                0x000065b4       0x6c C:/nxp/MCUXpressoIDE_24.12.148/ide/plugins/com.nxp.mcuxpresso.tools.win32_24.12.0.202407110909/tools/bin/../lib/gcc/arm-none-eabi/13.2.1/../../../../arm-none-eabi/lib/thumb/v8-m.main/nofp\libcr_c.a(_writebuf.o)
                0x000065b4                _Cwritebuf
 .text.malloc   0x00006620       0xc8 C:/nxp/MCUXpressoIDE_24.12.148/ide/plugins/com.nxp.mcuxpresso.tools.win32_24.12.0.202407110909/tools/bin/../lib/gcc/arm-none-eabi/13.2.1/../../../../arm-none-eabi/lib/thumb/v8-m.main/nofp\libcr_c.a(alloc.o)
                0x00006620                malloc
 .text._Csys_alloc
                0x000066e8       0x20 C:/nxp/MCUXpressoIDE_24.12.148/ide/plugins/com.nxp.mcuxpresso.tools.win32_24.12.0.202407110909/tools/bin/../lib/gcc/arm-none-eabi/13.2.1/../../../../arm-none-eabi/lib/thumb/v8-m.main/nofp\libcr_c.a(alloc.o)
                0x000066e8                _Csys_alloc
 .text.fflush   0x00006708       0x3c C:/nxp/MCUXpressoIDE_24.12.148/ide/plugins/com.nxp.mcuxpresso.tools.win32_24.12.0.202407110909/tools/bin/../lib/gcc/arm-none-eabi/13.2.1/../../../../arm-none-eabi/lib/thumb/v8-m.main/nofp\libcr_c.a(fflush.o)
                0x00006708                fflush
 .text.fseek    0x00006744       0xf8 C:/nxp/MCUXpressoIDE_24.12.148/ide/plugins/com.nxp.mcuxpresso.tools.win32_24.12.0.202407110909/tools/bin/../lib/gcc/arm-none-eabi/13.2.1/../../../../arm-none-eabi/lib/thumb/v8-m.main/nofp\libcr_c.a(fseek.o)
                0x00006744                fseek
 .text.ftell    0x0000683c       0x44 C:/nxp/MCUXpressoIDE_24.12.148/ide/plugins/com.nxp.mcuxpresso.tools.win32_24.12.0.202407110909/tools/bin/../lib/gcc/arm-none-eabi/13.2.1/../../../../arm-none-eabi/lib/thumb/v8-m.main/nofp\libcr_c.a(ftell.o)
                0x0000683c                ftell
 .text.ldexp    0x00006880       0x48 C:/nxp/MCUXpressoIDE_24.12.148/ide/plugins/com.nxp.mcuxpresso.tools.win32_24.12.0.202407110909/tools/bin/../lib/gcc/arm-none-eabi/13.2.1/../../../../arm-none-eabi/lib/thumb/v8-m.main/nofp\libcr_c.a(ldexp.o)
                0x00006880                ldexp
 .text._sbrk    0x000068c8       0x3c C:/nxp/MCUXpressoIDE_24.12.148/ide/plugins/com.nxp.mcuxpresso.tools.win32_24.12.0.202407110909/tools/bin/../lib/gcc/arm-none-eabi/13.2.1/../../../../arm-none-eabi/lib/thumb/v8-m.main/nofp\libcr_c.a(_cr_sbrk.o)
                0x000068c8                _sbrk
 .text.__check_heap_overflow
                0x00006904       0x18 C:/nxp/MCUXpressoIDE_24.12.148/ide/plugins/com.nxp.mcuxpresso.tools.win32_24.12.0.202407110909/tools/bin/../lib/gcc/arm-none-eabi/13.2.1/../../../../arm-none-eabi/lib/thumb/v8-m.main/nofp\libcr_c.a(_cr_check_heap.o)
                0x00006904                __check_heap_overflow
 .text.__aeabi_dmul
                0x0000691c       0xfc C:/nxp/MCUXpressoIDE_24.12.148/ide/plugins/com.nxp.mcuxpresso.tools.win32_24.12.0.202407110909/tools/bin/../lib/gcc/arm-none-eabi/13.2.1/thumb/v8-m.main/nofp\libcr_eabihelpers.a(double.o)
                0x0000691c                __aeabi_dmul
 .text.__aeabi_ddiv
                0x00006a18      0x134 C:/nxp/MCUXpressoIDE_24.12.148/ide/plugins/com.nxp.mcuxpresso.tools.win32_24.12.0.202407110909/tools/bin/../lib/gcc/arm-none-eabi/13.2.1/thumb/v8-m.main/nofp\libcr_eabihelpers.a(double.o)
                0x00006a18                __aeabi_ddiv
 .text.__aeabi_dsub
                0x00006b4c      0x1b4 C:/nxp/MCUXpressoIDE_24.12.148/ide/plugins/com.nxp.mcuxpresso.tools.win32_24.12.0.202407110909/tools/bin/../lib/gcc/arm-none-eabi/13.2.1/thumb/v8-m.main/nofp\libcr_eabihelpers.a(double.o)
                0x00006b4c                __aeabi_dsub
 .text.__aeabi_dadd
                0x00006d00      0x118 C:/nxp/MCUXpressoIDE_24.12.148/ide/plugins/com.nxp.mcuxpresso.tools.win32_24.12.0.202407110909/tools/bin/../lib/gcc/arm-none-eabi/13.2.1/thumb/v8-m.main/nofp\libcr_eabihelpers.a(double.o)
                0x00006d00                __aeabi_dadd
 .text.__aeabi_d2f
                0x00006e18       0x58 C:/nxp/MCUXpressoIDE_24.12.148/ide/plugins/com.nxp.mcuxpresso.tools.win32_24.12.0.202407110909/tools/bin/../lib/gcc/arm-none-eabi/13.2.1/thumb/v8-m.main/nofp\libcr_eabihelpers.a(double.o)
                0x00006e18                __aeabi_d2f
 .text.__sys_appexit
                0x00006e70        0xc C:/nxp/MCUXpressoIDE_24.12.148/ide/plugins/com.nxp.mcuxpresso.tools.win32_24.12.0.202407110909/tools/bin/../lib/gcc/arm-none-eabi/13.2.1/../../../../arm-none-eabi/lib/thumb/v8-m.main/nofp\libcr_semihost_nf.a(__sys_appexit.o)
                0x00006e70                __sys_appexit
                0x00006e70                __exit
 .text.Reserved16_IRQHandler
                0x00006e7c        0x8 ./startup/startup_mcxa153.o
                0x00006e7c                Reserved16_IRQHandler
 .text.CMC_IRQHandler
                0x00006e84        0x8 ./startup/startup_mcxa153.o
                0x00006e84                CMC_IRQHandler
 .text.DMA_CH0_IRQHandler
                0x00006e8c        0x8 ./startup/startup_mcxa153.o
                0x00006e8c                DMA_CH0_IRQHandler
 .text.DMA_CH1_IRQHandler
                0x00006e94        0x8 ./startup/startup_mcxa153.o
                0x00006e94                DMA_CH1_IRQHandler
 .text.DMA_CH2_IRQHandler
                0x00006e9c        0x8 ./startup/startup_mcxa153.o
                0x00006e9c                DMA_CH2_IRQHandler
 .text.DMA_CH3_IRQHandler
                0x00006ea4        0x8 ./startup/startup_mcxa153.o
                0x00006ea4                DMA_CH3_IRQHandler
 .text.Reserved22_IRQHandler
                0x00006eac        0x8 ./startup/startup_mcxa153.o
                0x00006eac                Reserved22_IRQHandler
 .text.Reserved23_IRQHandler
                0x00006eb4        0x8 ./startup/startup_mcxa153.o
                0x00006eb4                Reserved23_IRQHandler
 .text.Reserved24_IRQHandler
                0x00006ebc        0x8 ./startup/startup_mcxa153.o
                0x00006ebc                Reserved24_IRQHandler
 .text.Reserved25_IRQHandler
                0x00006ec4        0x8 ./startup/startup_mcxa153.o
                0x00006ec4                Reserved25_IRQHandler
 .text.ERM0_SINGLE_BIT_IRQHandler
                0x00006ecc        0x8 ./startup/startup_mcxa153.o
                0x00006ecc                ERM0_SINGLE_BIT_IRQHandler
 .text.ERM0_MULTI_BIT_IRQHandler
                0x00006ed4        0x8 ./startup/startup_mcxa153.o
                0x00006ed4                ERM0_MULTI_BIT_IRQHandler
 .text.FMU0_IRQHandler
                0x00006edc        0x8 ./startup/startup_mcxa153.o
                0x00006edc                FMU0_IRQHandler
 .text.GLIKEY0_IRQHandler
                0x00006ee4        0x8 ./startup/startup_mcxa153.o
                0x00006ee4                GLIKEY0_IRQHandler
 .text.MBC0_IRQHandler
                0x00006eec        0x8 ./startup/startup_mcxa153.o
                0x00006eec                MBC0_IRQHandler
 .text.SCG0_IRQHandler
                0x00006ef4        0x8 ./startup/startup_mcxa153.o
                0x00006ef4                SCG0_IRQHandler
 .text.SPC0_IRQHandler
                0x00006efc        0x8 ./startup/startup_mcxa153.o
                0x00006efc                SPC0_IRQHandler
 .text.Reserved33_IRQHandler
                0x00006f04        0x8 ./startup/startup_mcxa153.o
                0x00006f04                Reserved33_IRQHandler
 .text.WUU0_IRQHandler
                0x00006f0c        0x8 ./startup/startup_mcxa153.o
                0x00006f0c                WUU0_IRQHandler
 .text.Reserved35_IRQHandler
                0x00006f14        0x8 ./startup/startup_mcxa153.o
                0x00006f14                Reserved35_IRQHandler
 .text.Reserved36_IRQHandler
                0x00006f1c        0x8 ./startup/startup_mcxa153.o
                0x00006f1c                Reserved36_IRQHandler
 .text.Reserved37_IRQHandler
                0x00006f24        0x8 ./startup/startup_mcxa153.o
                0x00006f24                Reserved37_IRQHandler
 .text.Reserved38_IRQHandler
                0x00006f2c        0x8 ./startup/startup_mcxa153.o
                0x00006f2c                Reserved38_IRQHandler
 .text.Reserved39_IRQHandler
                0x00006f34        0x8 ./startup/startup_mcxa153.o
                0x00006f34                Reserved39_IRQHandler
 .text.I3C0_IRQHandler
                0x00006f3c        0x8 ./startup/startup_mcxa153.o
                0x00006f3c                I3C0_IRQHandler
 .text.Reserved41_IRQHandler
                0x00006f44        0x8 ./startup/startup_mcxa153.o
                0x00006f44                Reserved41_IRQHandler
 .text.LPI2C0_IRQHandler
                0x00006f4c        0x8 ./startup/startup_mcxa153.o
                0x00006f4c                LPI2C0_IRQHandler
 .text.Reserved43_IRQHandler
                0x00006f54        0x8 ./startup/startup_mcxa153.o
                0x00006f54                Reserved43_IRQHandler
 .text.LPSPI0_IRQHandler
                0x00006f5c        0x8 ./startup/startup_mcxa153.o
                0x00006f5c                LPSPI0_IRQHandler
 .text.LPSPI1_IRQHandler
                0x00006f64        0x8 ./startup/startup_mcxa153.o
                0x00006f64                LPSPI1_IRQHandler
 .text.Reserved46_IRQHandler
                0x00006f6c        0x8 ./startup/startup_mcxa153.o
                0x00006f6c                Reserved46_IRQHandler
 .text.LPUART1_IRQHandler
                0x00006f74        0x8 ./startup/startup_mcxa153.o
                0x00006f74                LPUART1_IRQHandler
 .text.Reserved50_IRQHandler
                0x00006f7c        0x8 ./startup/startup_mcxa153.o
                0x00006f7c                Reserved50_IRQHandler
 .text.Reserved51_IRQHandler
                0x00006f84        0x8 ./startup/startup_mcxa153.o
                0x00006f84                Reserved51_IRQHandler
 .text.USB0_IRQHandler
                0x00006f8c        0x8 ./startup/startup_mcxa153.o
                0x00006f8c                USB0_IRQHandler
 .text.Reserved53_IRQHandler
                0x00006f94        0x8 ./startup/startup_mcxa153.o
                0x00006f94                Reserved53_IRQHandler
 .text.CDOG0_IRQHandler
                0x00006f9c        0x8 ./startup/startup_mcxa153.o
                0x00006f9c                CDOG0_IRQHandler
 .text.CTIMER0_IRQHandler
                0x00006fa4        0x8 ./startup/startup_mcxa153.o
                0x00006fa4                CTIMER0_IRQHandler
 .text.CTIMER1_IRQHandler
                0x00006fac        0x8 ./startup/startup_mcxa153.o
                0x00006fac                CTIMER1_IRQHandler
 .text.CTIMER2_IRQHandler
                0x00006fb4        0x8 ./startup/startup_mcxa153.o
                0x00006fb4                CTIMER2_IRQHandler
 .text.Reserved58_IRQHandler
                0x00006fbc        0x8 ./startup/startup_mcxa153.o
                0x00006fbc                Reserved58_IRQHandler
 .text.Reserved59_IRQHandler
                0x00006fc4        0x8 ./startup/startup_mcxa153.o
                0x00006fc4                Reserved59_IRQHandler
 .text.FLEXPWM0_RELOAD_ERROR_IRQHandler
                0x00006fcc        0x8 ./startup/startup_mcxa153.o
                0x00006fcc                FLEXPWM0_RELOAD_ERROR_IRQHandler
 .text.FLEXPWM0_FAULT_IRQHandler
                0x00006fd4        0x8 ./startup/startup_mcxa153.o
                0x00006fd4                FLEXPWM0_FAULT_IRQHandler
 .text.FLEXPWM0_SUBMODULE0_IRQHandler
                0x00006fdc        0x8 ./startup/startup_mcxa153.o
                0x00006fdc                FLEXPWM0_SUBMODULE0_IRQHandler
 .text.FLEXPWM0_SUBMODULE1_IRQHandler
                0x00006fe4        0x8 ./startup/startup_mcxa153.o
                0x00006fe4                FLEXPWM0_SUBMODULE1_IRQHandler
 .text.FLEXPWM0_SUBMODULE2_IRQHandler
                0x00006fec        0x8 ./startup/startup_mcxa153.o
                0x00006fec                FLEXPWM0_SUBMODULE2_IRQHandler
 .text.Reserved65_IRQHandler
                0x00006ff4        0x8 ./startup/startup_mcxa153.o
                0x00006ff4                Reserved65_IRQHandler
 .text.QDC0_COMPARE_IRQHandler
                0x00006ffc        0x8 ./startup/startup_mcxa153.o
                0x00006ffc                QDC0_COMPARE_IRQHandler
 .text.QDC0_HOME_IRQHandler
                0x00007004        0x8 ./startup/startup_mcxa153.o
                0x00007004                QDC0_HOME_IRQHandler
 .text.QDC0_WATCHDOG_IRQHandler
                0x0000700c        0x8 ./startup/startup_mcxa153.o
                0x0000700c                QDC0_WATCHDOG_IRQHandler
 .text.QDC0_INDEX_IRQHandler
                0x00007014        0x8 ./startup/startup_mcxa153.o
                0x00007014                QDC0_INDEX_IRQHandler
 .text.FREQME0_IRQHandler
                0x0000701c        0x8 ./startup/startup_mcxa153.o
                0x0000701c                FREQME0_IRQHandler
 .text.LPTMR0_IRQHandler
                0x00007024        0x8 ./startup/startup_mcxa153.o
                0x00007024                LPTMR0_IRQHandler
 .text.Reserved72_IRQHandler
                0x0000702c        0x8 ./startup/startup_mcxa153.o
                0x0000702c                Reserved72_IRQHandler
 .text.OS_EVENT_IRQHandler
                0x00007034        0x8 ./startup/startup_mcxa153.o
                0x00007034                OS_EVENT_IRQHandler
 .text.WAKETIMER0_IRQHandler
                0x0000703c        0x8 ./startup/startup_mcxa153.o
                0x0000703c                WAKETIMER0_IRQHandler
 .text.UTICK0_IRQHandler
                0x00007044        0x8 ./startup/startup_mcxa153.o
                0x00007044                UTICK0_IRQHandler
 .text.WWDT0_IRQHandler
                0x0000704c        0x8 ./startup/startup_mcxa153.o
                0x0000704c                WWDT0_IRQHandler
 .text.Reserved77_IRQHandler
                0x00007054        0x8 ./startup/startup_mcxa153.o
                0x00007054                Reserved77_IRQHandler
 .text.ADC0_IRQHandler
                0x0000705c        0x8 ./startup/startup_mcxa153.o
                0x0000705c                ADC0_IRQHandler
 .text.Reserved79_IRQHandler
                0x00007064        0x8 ./startup/startup_mcxa153.o
                0x00007064                Reserved79_IRQHandler
 .text.CMP0_IRQHandler
                0x0000706c        0x8 ./startup/startup_mcxa153.o
                0x0000706c                CMP0_IRQHandler
 .text.CMP1_IRQHandler
                0x00007074        0x8 ./startup/startup_mcxa153.o
                0x00007074                CMP1_IRQHandler
 .text.Reserved82_IRQHandler
                0x0000707c        0x8 ./startup/startup_mcxa153.o
                0x0000707c                Reserved82_IRQHandler
 .text.Reserved83_IRQHandler
                0x00007084        0x8 ./startup/startup_mcxa153.o
                0x00007084                Reserved83_IRQHandler
 .text.Reserved84_IRQHandler
                0x0000708c        0x8 ./startup/startup_mcxa153.o
                0x0000708c                Reserved84_IRQHandler
 .text.Reserved85_IRQHandler
                0x00007094        0x8 ./startup/startup_mcxa153.o
                0x00007094                Reserved85_IRQHandler
 .text.Reserved86_IRQHandler
                0x0000709c        0x8 ./startup/startup_mcxa153.o
                0x0000709c                Reserved86_IRQHandler
 .text.GPIO0_IRQHandler
                0x000070a4        0x8 ./startup/startup_mcxa153.o
                0x000070a4                GPIO0_IRQHandler
 .text.GPIO1_IRQHandler
                0x000070ac        0x8 ./startup/startup_mcxa153.o
                0x000070ac                GPIO1_IRQHandler
 .text.GPIO2_IRQHandler
                0x000070b4        0x8 ./startup/startup_mcxa153.o
                0x000070b4                GPIO2_IRQHandler
 .text.GPIO3_IRQHandler
                0x000070bc        0x8 ./startup/startup_mcxa153.o
                0x000070bc                GPIO3_IRQHandler
 .text.strsep   0x000070c4       0x50 ./source/utils/GPS.o
                0x000070c4                strsep
 .text.GPSCalculateDirections
                0x00007114       0x86 ./source/utils/GPS.o
                0x00007114                GPSCalculateDirections
 .text.determineLongitudeDirection
                0x0000719a       0x2e ./source/utils/GPS.o
                0x0000719a                determineLongitudeDirection
 .text.determineLatitudeDirection
                0x000071c8       0x2e ./source/utils/GPS.o
                0x000071c8                determineLatitudeDirection
 .text.ld_word  0x000071f6       0x30 ./source/fatFs/ff.o
 .text.ld_dword
                0x00007226       0x44 ./source/fatFs/ff.o
 .text.st_word  0x0000726a       0x34 ./source/fatFs/ff.o
 .text.st_dword
                0x0000729e       0x56 ./source/fatFs/ff.o
 .text.dbc_1st  0x000072f4       0x3e ./source/fatFs/ff.o
 .text.dbc_2nd  0x00007332       0x52 ./source/fatFs/ff.o
 .text.sync_window
                0x00007384       0x78 ./source/fatFs/ff.o
 .text.move_window
                0x000073fc       0x5a ./source/fatFs/ff.o
 .text.clst2sect
                0x00007456       0x3c ./source/fatFs/ff.o
 .text.get_fat  0x00007492      0x14e ./source/fatFs/ff.o
 .text.put_fat  0x000075e0      0x1d4 ./source/fatFs/ff.o
 .text.remove_chain
                0x000077b4       0xca ./source/fatFs/ff.o
 .text.create_chain
                0x0000787e      0x1aa ./source/fatFs/ff.o
 .text.dir_clear
                0x00007a28       0x90 ./source/fatFs/ff.o
 .text.dir_sdi  0x00007ab8       0xf6 ./source/fatFs/ff.o
 .text.dir_next
                0x00007bae      0x12c ./source/fatFs/ff.o
 .text.dir_alloc
                0x00007cda       0x8e ./source/fatFs/ff.o
 .text.ld_clust
                0x00007d68       0x3e ./source/fatFs/ff.o
 .text.st_clust
                0x00007da6       0x40 ./source/fatFs/ff.o
 .text.dir_find
                0x00007de6       0xaa ./source/fatFs/ff.o
 .text.dir_register
                0x00007e90       0x64 ./source/fatFs/ff.o
 .text.follow_path
                0x00007ef4      0x11c ./source/fatFs/ff.o
 .text.find_volume
                0x00008010       0xbe ./source/fatFs/ff.o
 .text.validate
                0x000080ce       0x6a ./source/fatFs/ff.o
 .text.f_read   0x00008138      0x21a ./source/fatFs/ff.o
                0x00008138                f_read
 .text.f_write  0x00008352      0x2ba ./source/fatFs/ff.o
                0x00008352                f_write
 .text.f_close  0x0000860c       0x40 ./source/fatFs/ff.o
                0x0000860c                f_close
 .text.putc_bfd
                0x0000864c       0x70 ./source/fatFs/ff.o
 .text.putc_flush
                0x000086bc       0x4a ./source/fatFs/ff.o
 .text.putc_init
                0x00008706       0x22 ./source/fatFs/ff.o
 .text.dly_us   0x00008728       0x32 ./source/fatFs/sdmm.o
                0x00008728                dly_us
 .text.wait_ready
                0x0000875a       0x48 ./source/fatFs/sdmm.o
 .text.rcvr_datablock
                0x000087a2       0x62 ./source/fatFs/sdmm.o
 .text.xmit_datablock
                0x00008804       0x6a ./source/fatFs/sdmm.o
 .text.send_cmd
                0x0000886e       0xda ./source/fatFs/sdmm.o
 .text.disk_ioctl
                0x00008948      0x116 ./source/fatFs/sdmm.o
                0x00008948                disk_ioctl
 .text.f_init   0x00008a5e       0x4a ./source/fifo.o
                0x00008a5e                f_init
 .text.f_push   0x00008aa8       0x6a ./source/fifo.o
                0x00008aa8                f_push
 .text.f_pop    0x00008b12       0x66 ./source/fifo.o
                0x00008b12                f_pop
 .text.f_cnt    0x00008b78       0x16 ./source/fifo.o
                0x00008b78                f_cnt
 .text.__sys_write
                0x00008b8e       0x56 ./source/retarget.o
                0x00008b8e                __sys_write
 .text.__sys_readc
                0x00008be4        0xe ./source/retarget.o
                0x00008be4                __sys_readc
 .text.HardFault_Handler
                0x00008bf2       0x36 ./source/semihost_hardfault.o
                0x00008bf2                HardFault_Handler
 .text.SystemInitHook
                0x00008c28        0xc ./device/system_MCXA153.o
                0x00008c28                SystemInitHook
 .text.__main   0x00008c34        0xe C:/nxp/MCUXpressoIDE_24.12.148/ide/plugins/com.nxp.mcuxpresso.tools.win32_24.12.0.202407110909/tools/bin/../lib/gcc/arm-none-eabi/13.2.1/../../../../arm-none-eabi/lib/thumb/v8-m.main/nofp\libcr_semihost_nf.a(_cr__main.o)
                0x00008c34                __CR_SEMIHOST
                0x00008c34                __main
 .text.memcpy   0x00008c42        0x4 C:/nxp/MCUXpressoIDE_24.12.148/ide/plugins/com.nxp.mcuxpresso.tools.win32_24.12.0.202407110909/tools/bin/../lib/gcc/arm-none-eabi/13.2.1/../../../../arm-none-eabi/lib/thumb/v8-m.main/nofp\libcr_c.a(memcpy.o)
                0x00008c42                memcpy
 .text.memset   0x00008c46        0x4 C:/nxp/MCUXpressoIDE_24.12.148/ide/plugins/com.nxp.mcuxpresso.tools.win32_24.12.0.202407110909/tools/bin/../lib/gcc/arm-none-eabi/13.2.1/../../../../arm-none-eabi/lib/thumb/v8-m.main/nofp\libcr_c.a(memset.o)
                0x00008c46                memset
 .text.fabs     0x00008c4a       0x1c C:/nxp/MCUXpressoIDE_24.12.148/ide/plugins/com.nxp.mcuxpresso.tools.win32_24.12.0.202407110909/tools/bin/../lib/gcc/arm-none-eabi/13.2.1/../../../../arm-none-eabi/lib/thumb/v8-m.main/nofp\libcr_c.a(fabs.o)
                0x00008c4a                fabs
 .text.fp_round
                0x00008c66       0x4c C:/nxp/MCUXpressoIDE_24.12.148/ide/plugins/com.nxp.mcuxpresso.tools.win32_24.12.0.202407110909/tools/bin/../lib/gcc/arm-none-eabi/13.2.1/../../../../arm-none-eabi/lib/thumb/v8-m.main/nofp\libcr_c.a(fpprintf.o)
 .text.pr_dec.constprop.0
                0x00008cb2       0x24 C:/nxp/MCUXpressoIDE_24.12.148/ide/plugins/com.nxp.mcuxpresso.tools.win32_24.12.0.202407110909/tools/bin/../lib/gcc/arm-none-eabi/13.2.1/../../../../arm-none-eabi/lib/thumb/v8-m.main/nofp\libcr_c.a(fpprintf.o)
 .text.memcmp   0x00008cd6       0x42 C:/nxp/MCUXpressoIDE_24.12.148/ide/plugins/com.nxp.mcuxpresso.tools.win32_24.12.0.202407110909/tools/bin/../lib/gcc/arm-none-eabi/13.2.1/../../../../arm-none-eabi/lib/thumb/v8-m.main/nofp\libcr_c.a(memcmp.o)
                0x00008cd6                memcmp
 .text.sscanf   0x00008d18       0x3e C:/nxp/MCUXpressoIDE_24.12.148/ide/plugins/com.nxp.mcuxpresso.tools.win32_24.12.0.202407110909/tools/bin/../lib/gcc/arm-none-eabi/13.2.1/../../../../arm-none-eabi/lib/thumb/v8-m.main/nofp\libcr_c.a(scanf.o)
                0x00008d18                sscanf
 .text.setvbuf  0x00008d56       0x3e C:/nxp/MCUXpressoIDE_24.12.148/ide/plugins/com.nxp.mcuxpresso.tools.win32_24.12.0.202407110909/tools/bin/../lib/gcc/arm-none-eabi/13.2.1/../../../../arm-none-eabi/lib/thumb/v8-m.main/nofp\libcr_c.a(setvbuf.o)
                0x00008d56                setvbuf
 .text.strchr   0x00008d94       0x18 C:/nxp/MCUXpressoIDE_24.12.148/ide/plugins/com.nxp.mcuxpresso.tools.win32_24.12.0.202407110909/tools/bin/../lib/gcc/arm-none-eabi/13.2.1/../../../../arm-none-eabi/lib/thumb/v8-m.main/nofp\libcr_c.a(strchr.o)
                0x00008d94                strchr
 .text.strcspn  0x00008dac       0x1e C:/nxp/MCUXpressoIDE_24.12.148/ide/plugins/com.nxp.mcuxpresso.tools.win32_24.12.0.202407110909/tools/bin/../lib/gcc/arm-none-eabi/13.2.1/../../../../arm-none-eabi/lib/thumb/v8-m.main/nofp\libcr_c.a(strcspn.o)
                0x00008dac                strcspn
 .text.strlen   0x00008dca       0x4e C:/nxp/MCUXpressoIDE_24.12.148/ide/plugins/com.nxp.mcuxpresso.tools.win32_24.12.0.202407110909/tools/bin/../lib/gcc/arm-none-eabi/13.2.1/../../../../arm-none-eabi/lib/thumb/v8-m.main/nofp\libcr_c.a(strlen.o)
                0x00008dca                strlen
 .text.strncat  0x00008e18       0x28 C:/nxp/MCUXpressoIDE_24.12.148/ide/plugins/com.nxp.mcuxpresso.tools.win32_24.12.0.202407110909/tools/bin/../lib/gcc/arm-none-eabi/13.2.1/../../../../arm-none-eabi/lib/thumb/v8-m.main/nofp\libcr_c.a(strncat.o)
                0x00008e18                strncat
 .text.strncmp  0x00008e40       0x54 C:/nxp/MCUXpressoIDE_24.12.148/ide/plugins/com.nxp.mcuxpresso.tools.win32_24.12.0.202407110909/tools/bin/../lib/gcc/arm-none-eabi/13.2.1/../../../../arm-none-eabi/lib/thumb/v8-m.main/nofp\libcr_c.a(strncmp.o)
                0x00008e40                strncmp
 .text.ungetc   0x00008e94       0x32 C:/nxp/MCUXpressoIDE_24.12.148/ide/plugins/com.nxp.mcuxpresso.tools.win32_24.12.0.202407110909/tools/bin/../lib/gcc/arm-none-eabi/13.2.1/../../../../arm-none-eabi/lib/thumb/v8-m.main/nofp\libcr_c.a(ungetc.o)
                0x00008e94                ungetc
 .text._Csys_read_
                0x00008ec6       0x22 C:/nxp/MCUXpressoIDE_24.12.148/ide/plugins/com.nxp.mcuxpresso.tools.win32_24.12.0.202407110909/tools/bin/../lib/gcc/arm-none-eabi/13.2.1/../../../../arm-none-eabi/lib/thumb/v8-m.main/nofp\libcr_c.a(__fillbuf.o)
                0x00008ec6                _Csys_read_
 .text._deferredlazyseek
                0x00008ee8       0x40 C:/nxp/MCUXpressoIDE_24.12.148/ide/plugins/com.nxp.mcuxpresso.tools.win32_24.12.0.202407110909/tools/bin/../lib/gcc/arm-none-eabi/13.2.1/../../../../arm-none-eabi/lib/thumb/v8-m.main/nofp\libcr_c.a(_deferredlazyseek.o)
                0x00008ee8                _deferredlazyseek
 .text.__flsbuf
                0x00008f28      0x126 C:/nxp/MCUXpressoIDE_24.12.148/ide/plugins/com.nxp.mcuxpresso.tools.win32_24.12.0.202407110909/tools/bin/../lib/gcc/arm-none-eabi/13.2.1/../../../../arm-none-eabi/lib/thumb/v8-m.main/nofp\libcr_c.a(_deferredlazyseek.o)
                0x00008f28                __flsbuf
 .text._fdopen  0x0000904e       0x68 C:/nxp/MCUXpressoIDE_24.12.148/ide/plugins/com.nxp.mcuxpresso.tools.win32_24.12.0.202407110909/tools/bin/../lib/gcc/arm-none-eabi/13.2.1/../../../../arm-none-eabi/lib/thumb/v8-m.main/nofp\libcr_c.a(_fdopen.o)
                0x0000904e                _fdopen
 .text._fflush  0x000090b6       0x52 C:/nxp/MCUXpressoIDE_24.12.148/ide/plugins/com.nxp.mcuxpresso.tools.win32_24.12.0.202407110909/tools/bin/../lib/gcc/arm-none-eabi/13.2.1/../../../../arm-none-eabi/lib/thumb/v8-m.main/nofp\libcr_c.a(_fflush.o)
                0x000090b6                _fflush
 .text._frexpl  0x00009108       0x5a C:/nxp/MCUXpressoIDE_24.12.148/ide/plugins/com.nxp.mcuxpresso.tools.win32_24.12.0.202407110909/tools/bin/../lib/gcc/arm-none-eabi/13.2.1/../../../../arm-none-eabi/lib/thumb/v8-m.main/nofp\libcr_c.a(_frexpl.o)
                0x00009108                _frexpl
 .text.free     0x00009162       0x30 C:/nxp/MCUXpressoIDE_24.12.148/ide/plugins/com.nxp.mcuxpresso.tools.win32_24.12.0.202407110909/tools/bin/../lib/gcc/arm-none-eabi/13.2.1/../../../../arm-none-eabi/lib/thumb/v8-m.main/nofp\libcr_c.a(alloc.o)
                0x00009162                free
 .text.fclose   0x00009192       0x58 C:/nxp/MCUXpressoIDE_24.12.148/ide/plugins/com.nxp.mcuxpresso.tools.win32_24.12.0.202407110909/tools/bin/../lib/gcc/arm-none-eabi/13.2.1/../../../../arm-none-eabi/lib/thumb/v8-m.main/nofp\libcr_c.a(fclose.o)
                0x00009192                fclose
 .text.frexp    0x000091ea       0x5a C:/nxp/MCUXpressoIDE_24.12.148/ide/plugins/com.nxp.mcuxpresso.tools.win32_24.12.0.202407110909/tools/bin/../lib/gcc/arm-none-eabi/13.2.1/../../../../arm-none-eabi/lib/thumb/v8-m.main/nofp\libcr_c.a(frexp.o)
                0x000091ea                frexp
 .text.remove   0x00009244       0x14 C:/nxp/MCUXpressoIDE_24.12.148/ide/plugins/com.nxp.mcuxpresso.tools.win32_24.12.0.202407110909/tools/bin/../lib/gcc/arm-none-eabi/13.2.1/../../../../arm-none-eabi/lib/thumb/v8-m.main/nofp\libcr_c.a(remove.o)
                0x00009244                remove
 .text._do_fflush
                0x00009258       0x40 C:/nxp/MCUXpressoIDE_24.12.148/ide/plugins/com.nxp.mcuxpresso.tools.win32_24.12.0.202407110909/tools/bin/../lib/gcc/arm-none-eabi/13.2.1/../../../../arm-none-eabi/lib/thumb/v8-m.main/nofp\libcr_c.a(_do_fflush.o)
                0x00009258                _do_fflush
 .text.__aeabi_division_uldivmod
                0x00009298      0x174 C:/nxp/MCUXpressoIDE_24.12.148/ide/plugins/com.nxp.mcuxpresso.tools.win32_24.12.0.202407110909/tools/bin/../lib/gcc/arm-none-eabi/13.2.1/thumb/v8-m.main/nofp\libcr_eabihelpers.a(division_64.o)
                0x00009298                __aeabi_uldivmod
                0x0000929c                __bhs_ldivmod1
 .text.__aeabi_division_idiv0
                0x0000940c        0x2 C:/nxp/MCUXpressoIDE_24.12.148/ide/plugins/com.nxp.mcuxpresso.tools.win32_24.12.0.202407110909/tools/bin/../lib/gcc/arm-none-eabi/13.2.1/thumb/v8-m.main/nofp\libcr_eabihelpers.a(division_idiv0.o)
                0x0000940c                __aeabi_idiv0
 .text.__aeabi_d2iz
                0x0000940e       0x42 C:/nxp/MCUXpressoIDE_24.12.148/ide/plugins/com.nxp.mcuxpresso.tools.win32_24.12.0.202407110909/tools/bin/../lib/gcc/arm-none-eabi/13.2.1/thumb/v8-m.main/nofp\libcr_eabihelpers.a(double.o)
                0x0000940e                __aeabi_d2iz
 .text.__bhs_ui2d
                0x00009450       0x46 C:/nxp/MCUXpressoIDE_24.12.148/ide/plugins/com.nxp.mcuxpresso.tools.win32_24.12.0.202407110909/tools/bin/../lib/gcc/arm-none-eabi/13.2.1/thumb/v8-m.main/nofp\libcr_eabihelpers.a(double.o)
                0x00009450                __bhs_ui2d
 .text.__aeabi_i2d
                0x00009496       0x10 C:/nxp/MCUXpressoIDE_24.12.148/ide/plugins/com.nxp.mcuxpresso.tools.win32_24.12.0.202407110909/tools/bin/../lib/gcc/arm-none-eabi/13.2.1/thumb/v8-m.main/nofp\libcr_eabihelpers.a(double.o)
                0x00009496                __aeabi_i2d
 .text.__aeabi_dcmpeq
                0x000094a6       0x30 C:/nxp/MCUXpressoIDE_24.12.148/ide/plugins/com.nxp.mcuxpresso.tools.win32_24.12.0.202407110909/tools/bin/../lib/gcc/arm-none-eabi/13.2.1/thumb/v8-m.main/nofp\libcr_eabihelpers.a(double.o)
                0x000094a6                __aeabi_dcmpeq
 .text.__aeabi_dcmplt
                0x000094d6       0x56 C:/nxp/MCUXpressoIDE_24.12.148/ide/plugins/com.nxp.mcuxpresso.tools.win32_24.12.0.202407110909/tools/bin/../lib/gcc/arm-none-eabi/13.2.1/thumb/v8-m.main/nofp\libcr_eabihelpers.a(double.o)
                0x000094d6                __aeabi_dcmplt
 .text.__aeabi_dcmpgt
                0x0000952c       0x56 C:/nxp/MCUXpressoIDE_24.12.148/ide/plugins/com.nxp.mcuxpresso.tools.win32_24.12.0.202407110909/tools/bin/../lib/gcc/arm-none-eabi/13.2.1/thumb/v8-m.main/nofp\libcr_eabihelpers.a(double.o)
                0x0000952c                __aeabi_dcmpgt
 .text.__aeabi_dcmple
                0x00009582       0x54 C:/nxp/MCUXpressoIDE_24.12.148/ide/plugins/com.nxp.mcuxpresso.tools.win32_24.12.0.202407110909/tools/bin/../lib/gcc/arm-none-eabi/13.2.1/thumb/v8-m.main/nofp\libcr_eabihelpers.a(double.o)
                0x00009582                __aeabi_dcmple
 .text.__aeabi_dcmpge
                0x000095d6       0x5a C:/nxp/MCUXpressoIDE_24.12.148/ide/plugins/com.nxp.mcuxpresso.tools.win32_24.12.0.202407110909/tools/bin/../lib/gcc/arm-none-eabi/13.2.1/thumb/v8-m.main/nofp\libcr_eabihelpers.a(double.o)
                0x000095d6                __aeabi_dcmpge
 .text.__aeabi_memcpy
                0x00009630       0x34 C:/nxp/MCUXpressoIDE_24.12.148/ide/plugins/com.nxp.mcuxpresso.tools.win32_24.12.0.202407110909/tools/bin/../lib/gcc/arm-none-eabi/13.2.1/thumb/v8-m.main/nofp\libcr_eabihelpers.a(memcpy.o)
                0x00009630                __aeabi_memcpy
                0x0000963a                __aeabi_memcpy8
                0x0000963a                __aeabi_memcpy4
 .text.__aeabi_memset_lowlevel
                0x00009664       0x32 C:/nxp/MCUXpressoIDE_24.12.148/ide/plugins/com.nxp.mcuxpresso.tools.win32_24.12.0.202407110909/tools/bin/../lib/gcc/arm-none-eabi/13.2.1/thumb/v8-m.main/nofp\libcr_eabihelpers.a(memcpy.o)
                0x00009664                __aeabi_lowlevel_memset
 .text.__sys_close
                0x00009696        0xc C:/nxp/MCUXpressoIDE_24.12.148/ide/plugins/com.nxp.mcuxpresso.tools.win32_24.12.0.202407110909/tools/bin/../lib/gcc/arm-none-eabi/13.2.1/../../../../arm-none-eabi/lib/thumb/v8-m.main/nofp\libcr_semihost_nf.a(__sys_close.o)
                0x00009696                __sys_close
 .text.__sys_flen
                0x000096a2        0xc C:/nxp/MCUXpressoIDE_24.12.148/ide/plugins/com.nxp.mcuxpresso.tools.win32_24.12.0.202407110909/tools/bin/../lib/gcc/arm-none-eabi/13.2.1/../../../../arm-none-eabi/lib/thumb/v8-m.main/nofp\libcr_semihost_nf.a(__sys_flen.o)
                0x000096a2                __sys_flen
 .text.__sys_istty
                0x000096ae        0xc C:/nxp/MCUXpressoIDE_24.12.148/ide/plugins/com.nxp.mcuxpresso.tools.win32_24.12.0.202407110909/tools/bin/../lib/gcc/arm-none-eabi/13.2.1/../../../../arm-none-eabi/lib/thumb/v8-m.main/nofp\libcr_semihost_nf.a(__sys_istty.o)
                0x000096ae                __sys_istty
 .text.__sys_read
                0x000096ba        0xc C:/nxp/MCUXpressoIDE_24.12.148/ide/plugins/com.nxp.mcuxpresso.tools.win32_24.12.0.202407110909/tools/bin/../lib/gcc/arm-none-eabi/13.2.1/../../../../arm-none-eabi/lib/thumb/v8-m.main/nofp\libcr_semihost_nf.a(__sys_read.o)
                0x000096ba                __sys_read
 .text.__sys_remove
                0x000096c6        0xc C:/nxp/MCUXpressoIDE_24.12.148/ide/plugins/com.nxp.mcuxpresso.tools.win32_24.12.0.202407110909/tools/bin/../lib/gcc/arm-none-eabi/13.2.1/../../../../arm-none-eabi/lib/thumb/v8-m.main/nofp\libcr_semihost_nf.a(__sys_remove.o)
                0x000096c6                __sys_remove
 .text.__sys_seek
                0x000096d2        0xc C:/nxp/MCUXpressoIDE_24.12.148/ide/plugins/com.nxp.mcuxpresso.tools.win32_24.12.0.202407110909/tools/bin/../lib/gcc/arm-none-eabi/13.2.1/../../../../arm-none-eabi/lib/thumb/v8-m.main/nofp\libcr_semihost_nf.a(__sys_seek.o)
                0x000096d2                __sys_seek
 .text.__sys_tmpnam
                0x000096de        0xc C:/nxp/MCUXpressoIDE_24.12.148/ide/plugins/com.nxp.mcuxpresso.tools.win32_24.12.0.202407110909/tools/bin/../lib/gcc/arm-none-eabi/13.2.1/../../../../arm-none-eabi/lib/thumb/v8-m.main/nofp\libcr_semihost_nf.a(__sys_tmpnam.o)
                0x000096de                __sys_tmpnam
 *(SORT_BY_ALIGNMENT(.rodata) SORT_BY_ALIGNMENT(.rodata.*) SORT_BY_ALIGNMENT(.constdata) SORT_BY_ALIGNMENT(.constdata.*))
 *fill*         0x000096ea        0x6 ff
 .rodata.a2.0   0x000096f0       0x40 C:/nxp/MCUXpressoIDE_24.12.148/ide/plugins/com.nxp.mcuxpresso.tools.win32_24.12.0.202407110909/tools/bin/../lib/gcc/arm-none-eabi/13.2.1/../../../../arm-none-eabi/lib/thumb/v8-m.main/nofp\libcr_c.a(pow.o)
 .rodata.a1.1   0x00009730       0x88 C:/nxp/MCUXpressoIDE_24.12.148/ide/plugins/com.nxp.mcuxpresso.tools.win32_24.12.0.202407110909/tools/bin/../lib/gcc/arm-none-eabi/13.2.1/../../../../arm-none-eabi/lib/thumb/v8-m.main/nofp\libcr_c.a(pow.o)
 .rodata.GPS_updateData.str1.4
                0x000097b8      0x133 ./source/utils/GPS.o
                                  0x7 (size before relaxing)
 .rodata.parseGNGGA.str1.4
                0x000098eb        0x2 ./source/utils/GPS.o
 .rodata.Logger_updateData.str1.4
                0x000098eb       0x28 ./source/utils/Logger.o
 .rodata.SD_Init.str1.4
                0x000098eb       0x16 ./source/utils/SD.o
 .rodata.SD_Writeln.str1.4
                0x000098eb        0x5 ./source/utils/SD.o
 .rodata.initGameControl.str1.4
                0x000098eb        0xa ./source/games/game_control.o
 .rodata.checkGameStatus.str1.4
                0x000098eb       0x1a ./source/games/game_control.o
 .rodata.initGPSLocationGame.str1.4
                0x000098eb       0x4f ./source/games/gps_location.game.o
 .rodata.gpsLocationGame.str1.4
                0x000098eb       0x28 ./source/games/gps_location.game.o
 .rodata.initGPSProximityGame.str1.4
                0x000098eb       0x4f ./source/games/gps_proximity.game.o
 .rodata.gpsProximityGame.str1.4
                0x000098eb       0x3c ./source/games/gps_proximity.game.o
 .rodata.create_name.str1.4
                0x000098eb        0xf ./source/fatFs/ff.o
 .rodata.check_fs.str1.4
                0x000098eb        0x9 ./source/fatFs/ff.o
 .rodata.ftoa.str1.4
                0x000098eb        0xb ./source/fatFs/ff.o
 *fill*         0x000098eb        0x1 ff
 .rodata.__num_Ciob_streams
                0x000098ec        0x4 C:/nxp/MCUXpressoIDE_24.12.148/ide/plugins/com.nxp.mcuxpresso.tools.win32_24.12.0.202407110909/tools/bin/../lib/gcc/arm-none-eabi/13.2.1/../../../../arm-none-eabi/lib/thumb/v8-m.main/nofp\libcr_semihost_nf.a(__ciob.o)
                0x000098ec                __num_Ciob_streams
 .rodata.fp_display.str1.1
                0x000098f0       0x87 C:/nxp/MCUXpressoIDE_24.12.148/ide/plugins/com.nxp.mcuxpresso.tools.win32_24.12.0.202407110909/tools/bin/../lib/gcc/arm-none-eabi/13.2.1/../../../../arm-none-eabi/lib/thumb/v8-m.main/nofp\libcr_c.a(fpprintf.o)
                                 0x35 (size before relaxing)
 .rodata._initio.str1.1
                0x00009977        0x4 C:/nxp/MCUXpressoIDE_24.12.148/ide/plugins/com.nxp.mcuxpresso.tools.win32_24.12.0.202407110909/tools/bin/../lib/gcc/arm-none-eabi/13.2.1/../../../../arm-none-eabi/lib/thumb/v8-m.main/nofp\libcr_c.a(initio.o)
 .rodata.__vfprintf.str1.1
                0x00009977       0x38 C:/nxp/MCUXpressoIDE_24.12.148/ide/plugins/com.nxp.mcuxpresso.tools.win32_24.12.0.202407110909/tools/bin/../lib/gcc/arm-none-eabi/13.2.1/../../../../arm-none-eabi/lib/thumb/v8-m.main/nofp\libcr_c.a(printf.o)
 .rodata.strtod.str1.1
                0x00009977        0x6 C:/nxp/MCUXpressoIDE_24.12.148/ide/plugins/com.nxp.mcuxpresso.tools.win32_24.12.0.202407110909/tools/bin/../lib/gcc/arm-none-eabi/13.2.1/../../../../arm-none-eabi/lib/thumb/v8-m.main/nofp\libcr_c.a(scanf.o)
 .rodata._Csys_alloc.str1.1
                0x00009977       0x18 C:/nxp/MCUXpressoIDE_24.12.148/ide/plugins/com.nxp.mcuxpresso.tools.win32_24.12.0.202407110909/tools/bin/../lib/gcc/arm-none-eabi/13.2.1/../../../../arm-none-eabi/lib/thumb/v8-m.main/nofp\libcr_c.a(alloc.o)
 .rodata.__ctype
                0x00009977      0x180 C:/nxp/MCUXpressoIDE_24.12.148/ide/plugins/com.nxp.mcuxpresso.tools.win32_24.12.0.202407110909/tools/bin/../lib/gcc/arm-none-eabi/13.2.1/../../../../arm-none-eabi/lib/thumb/v8-m.main/nofp\libcr_c.a(ctype.o)
                0x00009977                __ctype
                0x00009af8                        . = ALIGN (0x4)
 *fill*         0x00009af7        0x1 ff

.glue_7         0x00009af8        0x0
 .glue_7        0x00009af8        0x0 linker stubs

.glue_7t        0x00009af8        0x0
 .glue_7t       0x00009af8        0x0 linker stubs

.vfp11_veneer   0x00009af8        0x0
 .vfp11_veneer  0x00009af8        0x0 linker stubs

.v4_bx          0x00009af8        0x0
 .v4_bx         0x00009af8        0x0 linker stubs

.iplt           0x00009af8        0x0
 .iplt          0x00009af8        0x0 ./startup/startup_mcxa153.o

.rel.dyn        0x00009af8        0x0
 .rel.iplt      0x00009af8        0x0 ./startup/startup_mcxa153.o

.ARM.extab
 *(SORT_BY_ALIGNMENT(.ARM.extab*) SORT_BY_ALIGNMENT(.gnu.linkonce.armextab.*))

.ARM.exidx      0x00009af8        0x0
                0x00009af8                        __exidx_start = .
 *(SORT_BY_ALIGNMENT(.ARM.exidx*) SORT_BY_ALIGNMENT(.gnu.linkonce.armexidx.*))
                0x00009af8                        __exidx_end = .
                0x00009af8                        _etext = .

.data_RAM2      0x04000000        0x0 load address 0x00009af8
 FILL mask 0xff
                [!provide]                        PROVIDE (__start_data_RAM2 = .)
                [!provide]                        PROVIDE (__start_data_SRAMX0 = .)
 *(SORT_BY_ALIGNMENT(.ramfunc.$RAM2))
 *(SORT_BY_ALIGNMENT(.ramfunc.$SRAMX0))
 *(SORT_BY_ALIGNMENT(.data.$RAM2))
 *(SORT_BY_ALIGNMENT(.data.$SRAMX0))
 *(SORT_BY_ALIGNMENT(.data.$RAM2.*))
 *(SORT_BY_ALIGNMENT(.data.$SRAMX0.*))
                0x04000000                        . = ALIGN (0x4)
                [!provide]                        PROVIDE (__end_data_RAM2 = .)
                [!provide]                        PROVIDE (__end_data_SRAMX0 = .)

.data_RAM3      0x04002000        0x0 load address 0x00009af8
 FILL mask 0xff
                [!provide]                        PROVIDE (__start_data_RAM3 = .)
                [!provide]                        PROVIDE (__start_data_SRAMX1 = .)
 *(SORT_BY_ALIGNMENT(.ramfunc.$RAM3))
 *(SORT_BY_ALIGNMENT(.ramfunc.$SRAMX1))
 *(SORT_BY_ALIGNMENT(.data.$RAM3))
 *(SORT_BY_ALIGNMENT(.data.$SRAMX1))
 *(SORT_BY_ALIGNMENT(.data.$RAM3.*))
 *(SORT_BY_ALIGNMENT(.data.$SRAMX1.*))
                0x04002000                        . = ALIGN (0x4)
                [!provide]                        PROVIDE (__end_data_RAM3 = .)
                [!provide]                        PROVIDE (__end_data_SRAMX1 = .)

.uninit_RESERVED
                0x20000000        0x0
                0x20000000                        _start_uninit_RESERVED = .
 *(SORT_BY_ALIGNMENT(.bss.$RESERVED*))
                0x20000000                        . = ALIGN (0x4)
                0x20000000                        _end_uninit_RESERVED = .

.data           0x20000000       0x10 load address 0x00009af8
 FILL mask 0xff
                0x20000000                        _data = .
                [!provide]                        PROVIDE (__start_data_RAM = .)
                [!provide]                        PROVIDE (__start_data_SRAM = .)
 *(SORT_BY_ALIGNMENT(vtable))
 *(SORT_BY_ALIGNMENT(.ramfunc*))
 *(SORT_BY_ALIGNMENT(CodeQuickAccess))
 *(SORT_BY_ALIGNMENT(DataQuickAccess))
 *(SORT_BY_ALIGNMENT(RamFunction))
 *(SORT_BY_ALIGNMENT(.data*))
 .data.noFixLoops
                0x20000000        0x4 ./source/utils/GPS.o
                0x20000000                noFixLoops
 .data.neginf.0
                0x20000004        0x4 C:/nxp/MCUXpressoIDE_24.12.148/ide/plugins/com.nxp.mcuxpresso.tools.win32_24.12.0.202407110909/tools/bin/../lib/gcc/arm-none-eabi/13.2.1/../../../../arm-none-eabi/lib/thumb/v8-m.main/nofp\libcr_c.a(scanf.o)
 .data.posinf.1
                0x20000008        0x4 C:/nxp/MCUXpressoIDE_24.12.148/ide/plugins/com.nxp.mcuxpresso.tools.win32_24.12.0.202407110909/tools/bin/../lib/gcc/arm-none-eabi/13.2.1/../../../../arm-none-eabi/lib/thumb/v8-m.main/nofp\libcr_c.a(scanf.o)
 .data.Stat     0x2000000c        0x1 ./source/fatFs/sdmm.o
                0x20000010                        . = ALIGN (0x4)
 *fill*         0x2000000d        0x3 ff
                0x20000010                        _edata = .
                [!provide]                        PROVIDE (__end_data_RAM = .)
                [!provide]                        PROVIDE (__end_data_SRAM = .)

.igot.plt       0x20000010        0x0 load address 0x00009b08
 .igot.plt      0x20000010        0x0 ./startup/startup_mcxa153.o

.bss_RAM2       0x04000000        0x0
                [!provide]                        PROVIDE (__start_bss_RAM2 = .)
                [!provide]                        PROVIDE (__start_bss_SRAMX0 = .)
 *(SORT_BY_ALIGNMENT(.bss.$RAM2))
 *(SORT_BY_ALIGNMENT(.bss.$SRAMX0))
 *(SORT_BY_ALIGNMENT(.bss.$RAM2.*))
 *(SORT_BY_ALIGNMENT(.bss.$SRAMX0.*))
                0x04000000                        . = ALIGN ((. != 0x0)?0x4:0x1)
                [!provide]                        PROVIDE (__end_bss_RAM2 = .)
                [!provide]                        PROVIDE (__end_bss_SRAMX0 = .)

.bss_RAM3       0x04002000        0x0
                [!provide]                        PROVIDE (__start_bss_RAM3 = .)
                [!provide]                        PROVIDE (__start_bss_SRAMX1 = .)
 *(SORT_BY_ALIGNMENT(.bss.$RAM3))
 *(SORT_BY_ALIGNMENT(.bss.$SRAMX1))
 *(SORT_BY_ALIGNMENT(.bss.$RAM3.*))
 *(SORT_BY_ALIGNMENT(.bss.$SRAMX1.*))
                0x04002000                        . = ALIGN ((. != 0x0)?0x4:0x1)
                [!provide]                        PROVIDE (__end_bss_RAM3 = .)
                [!provide]                        PROVIDE (__end_bss_SRAMX1 = .)

.bss            0x20000010      0xd8c
                0x20000010                        _bss = .
                [!provide]                        PROVIDE (__start_bss_RAM = .)
                [!provide]                        PROVIDE (__start_bss_SRAM = .)
 *(SORT_BY_ALIGNMENT(.bss*))
 .bss.currentLocation
                0x20000010       0x18 ./source/utils/GPS.o
                0x20000010                currentLocation
 .bss.targetLocation
                0x20000028       0x18 ./source/utils/GPS.o
                0x20000028                targetLocation
 .bss.directions
                0x20000040       0x18 ./source/utils/GPS.o
                0x20000040                directions
 .bss.connectionQuality
                0x20000058       0x18 ./source/utils/GPS.o
                0x20000058                connectionQuality
 .bss.locationGameProps
                0x20000070       0x18 ./source/games/gps_location.game.o
                0x20000070                locationGameProps
 .bss.proximityGameProps
                0x20000088       0x18 ./source/games/gps_proximity.game.o
                0x20000088                proximityGameProps
 .bss.buffer    0x200000a0       0x64 ./source/utils/GPS.o
                0x200000a0                buffer
 .bss.fatFs     0x20000104      0x234 ./source/utils/SD.o
                0x20000104                fatFs
 .bss.file      0x20000338       0x28 ./source/utils/SD.o
                0x20000338                file
 .bss.bw        0x20000360        0x4 ./source/utils/SD.o
                0x20000360                bw
 .bss.br        0x20000364        0x4 ./source/utils/SD.o
                0x20000364                br
 .bss.gameControl
                0x20000368        0x3 ./source/games/game_control.o
                0x20000368                gameControl
 *fill*         0x2000036b        0x1 
 .bss.FatFs     0x2000036c        0x4 ./source/fatFs/ff.o
 .bss.tx        0x20000370       0x18 ./source/lpuart0_interrupt.o
 .bss.rx        0x20000388       0x18 ./source/lpuart0_interrupt.o
 .bss.tx_buffer
                0x200003a0       0x80 ./source/lpuart0_interrupt.o
 .bss.rx_buffer
                0x20000420       0x80 ./source/lpuart0_interrupt.o
 .bss.tx        0x200004a0       0x18 ./source/lpuart2_interrupt.o
 .bss.rx        0x200004b8       0x18 ./source/lpuart2_interrupt.o
 .bss.tx_buffer
                0x200004d0      0x400 ./source/lpuart2_interrupt.o
 .bss.rx_buffer
                0x200008d0      0x400 ./source/lpuart2_interrupt.o
 .bss.ms        0x20000cd0        0x4 ./source/main.o
 .bss.errno     0x20000cd4        0x4 C:/nxp/MCUXpressoIDE_24.12.148/ide/plugins/com.nxp.mcuxpresso.tools.win32_24.12.0.202407110909/tools/bin/../lib/gcc/arm-none-eabi/13.2.1/../../../../arm-none-eabi/lib/thumb/v8-m.main/nofp\libcr_c.a(errno.o)
                0x20000cd4                errno
 .bss.__end_of_heap
                0x20000cd8        0x4 C:/nxp/MCUXpressoIDE_24.12.148/ide/plugins/com.nxp.mcuxpresso.tools.win32_24.12.0.202407110909/tools/bin/../lib/gcc/arm-none-eabi/13.2.1/../../../../arm-none-eabi/lib/thumb/v8-m.main/nofp\libcr_c.a(__init_alloc.o)
                0x20000cd8                __end_of_heap
 .bss.__heaps   0x20000cdc        0x4 C:/nxp/MCUXpressoIDE_24.12.148/ide/plugins/com.nxp.mcuxpresso.tools.win32_24.12.0.202407110909/tools/bin/../lib/gcc/arm-none-eabi/13.2.1/../../../../arm-none-eabi/lib/thumb/v8-m.main/nofp\libcr_c.a(__init_alloc.o)
                0x20000cdc                __heaps
 .bss.__Ciob    0x20000ce0       0xb4 C:/nxp/MCUXpressoIDE_24.12.148/ide/plugins/com.nxp.mcuxpresso.tools.win32_24.12.0.202407110909/tools/bin/../lib/gcc/arm-none-eabi/13.2.1/../../../../arm-none-eabi/lib/thumb/v8-m.main/nofp\libcr_semihost_nf.a(__ciob.o)
                0x20000ce0                __Ciob
 .bss.Fsid      0x20000d94        0x2 ./source/fatFs/ff.o
 .bss.fr        0x20000d96        0x1 ./source/utils/SD.o
                0x20000d96                fr
 .bss.CurrVol   0x20000d97        0x1 ./source/fatFs/ff.o
 .bss.CardType  0x20000d98        0x1 ./source/fatFs/sdmm.o
 *(SORT_BY_ALIGNMENT(COMMON))
                0x20000d9c                        . = ALIGN (0x4)
 *fill*         0x20000d99        0x3 
                0x20000d9c                        _ebss = .
                [!provide]                        PROVIDE (__end_bss_RAM = .)
                [!provide]                        PROVIDE (__end_bss_SRAM = .)
                [!provide]                        PROVIDE (end = .)

.noinit_RAM2    0x04000000        0x0
                [!provide]                        PROVIDE (__start_noinit_RAM2 = .)
                [!provide]                        PROVIDE (__start_noinit_SRAMX0 = .)
 *(SORT_BY_ALIGNMENT(.noinit.$RAM2))
 *(SORT_BY_ALIGNMENT(.noinit.$SRAMX0))
 *(SORT_BY_ALIGNMENT(.noinit.$RAM2.*))
 *(SORT_BY_ALIGNMENT(.noinit.$SRAMX0.*))
                0x04000000                        . = ALIGN (0x4)
                [!provide]                        PROVIDE (__end_noinit_RAM2 = .)
                [!provide]                        PROVIDE (__end_noinit_SRAMX0 = .)

.noinit_RAM3    0x04002000        0x0
                [!provide]                        PROVIDE (__start_noinit_RAM3 = .)
                [!provide]                        PROVIDE (__start_noinit_SRAMX1 = .)
 *(SORT_BY_ALIGNMENT(.noinit.$RAM3))
 *(SORT_BY_ALIGNMENT(.noinit.$SRAMX1))
 *(SORT_BY_ALIGNMENT(.noinit.$RAM3.*))
 *(SORT_BY_ALIGNMENT(.noinit.$SRAMX1.*))
                0x04002000                        . = ALIGN (0x4)
                [!provide]                        PROVIDE (__end_noinit_RAM3 = .)
                [!provide]                        PROVIDE (__end_noinit_SRAMX1 = .)

.noinit         0x20000d9c        0x0
                0x20000d9c                        _noinit = .
                [!provide]                        PROVIDE (__start_noinit_RAM = .)
                [!provide]                        PROVIDE (__start_noinit_SRAM = .)
 *(SORT_BY_ALIGNMENT(.noinit*))
                0x20000d9c                        . = ALIGN (0x4)
                0x20000d9c                        _end_noinit = .
                [!provide]                        PROVIDE (__end_noinit_RAM = .)
                [!provide]                        PROVIDE (__end_noinit_SRAM = .)
                0x00000600                        _HeapSize = 0x600

.heap           0x20000d9c      0x600
                0x20000d9c                        _pvHeapStart = .
                0x2000139c                        . = (. + _HeapSize)
 *fill*         0x20000d9c      0x600 
                0x2000139c                        . = ALIGN (0x4)
                0x2000139c                        _pvHeapLimit = .
                0x00000600                        _StackSize = 0x600

.heap2stackfill
                0x2000139c      0x600
                0x2000199c                        . = (. + _StackSize)
 *fill*         0x2000139c      0x600 

.stack          0x20005a00        0x0
                0x20005a00                        _vStackBase = .
                0x20005a00                        . = ALIGN (0x4)
                0x20006000                        _vStackTop = (. + _StackSize)
                0x00000000                        _image_start = LOADADDR (.text)
                0x00009b08                        _image_end = (LOADADDR (.data) + SIZEOF (.data))
                0x00009b08                        _image_size = (_image_end - _image_start)
OUTPUT(project.axf elf32-littlearm)
LOAD linker stubs

.debug_info     0x00000000    0x14694
 .debug_info    0x00000000      0xb86 ./startup/startup_mcxa153.o
 .debug_info    0x00000b86      0x68c ./source/utils/GPS.o
 .debug_info    0x00001212      0x1f5 ./source/utils/Logger.o
 .debug_info    0x00001407      0x617 ./source/utils/SD.o
 .debug_info    0x00001a1e      0x1f2 ./source/games/game_control.o
 .debug_info    0x00001c10      0x429 ./source/games/gps_location.game.o
 .debug_info    0x00002039      0x438 ./source/games/gps_proximity.game.o
 .debug_info    0x00002471     0x21d6 ./source/fatFs/ff.o
 .debug_info    0x00004647      0xbdc ./source/fatFs/sdmm.o
 .debug_info    0x00005223      0x2dc ./source/fifo.o
 .debug_info    0x000054ff      0x670 ./source/gpio_output.o
 .debug_info    0x00005b6f      0x8da ./source/lpi2c0_controller_polling.o
 .debug_info    0x00006449      0xf5b ./source/lpuart0_interrupt.o
 .debug_info    0x000073a4      0xf5c ./source/lpuart2_interrupt.o
 .debug_info    0x00008300      0xa98 ./source/main.o
 .debug_info    0x00008d98      0x128 ./source/retarget.o
 .debug_info    0x00008ec0       0x3c ./source/semihost_hardfault.o
 .debug_info    0x00008efc      0xc6a ./device/system_MCXA153.o
 .debug_info    0x00009b66       0x85 C:/nxp/MCUXpressoIDE_24.12.148/ide/plugins/com.nxp.mcuxpresso.tools.win32_24.12.0.202407110909/tools/bin/../lib/gcc/arm-none-eabi/13.2.1/../../../../arm-none-eabi/lib/thumb/v8-m.main/nofp\libcr_semihost_nf.a(_cr__main.o)
 .debug_info    0x00009beb      0x12b C:/nxp/MCUXpressoIDE_24.12.148/ide/plugins/com.nxp.mcuxpresso.tools.win32_24.12.0.202407110909/tools/bin/../lib/gcc/arm-none-eabi/13.2.1/../../../../arm-none-eabi/lib/thumb/v8-m.main/nofp\libcr_c.a(memcpy.o)
 .debug_info    0x00009d16       0xfc C:/nxp/MCUXpressoIDE_24.12.148/ide/plugins/com.nxp.mcuxpresso.tools.win32_24.12.0.202407110909/tools/bin/../lib/gcc/arm-none-eabi/13.2.1/../../../../arm-none-eabi/lib/thumb/v8-m.main/nofp\libcr_c.a(memset.o)
 .debug_info    0x00009e12       0xe2 C:/nxp/MCUXpressoIDE_24.12.148/ide/plugins/com.nxp.mcuxpresso.tools.win32_24.12.0.202407110909/tools/bin/../lib/gcc/arm-none-eabi/13.2.1/../../../../arm-none-eabi/lib/thumb/v8-m.main/nofp\libcr_c.a(cos.o)
 .debug_info    0x00009ef4       0x8f C:/nxp/MCUXpressoIDE_24.12.148/ide/plugins/com.nxp.mcuxpresso.tools.win32_24.12.0.202407110909/tools/bin/../lib/gcc/arm-none-eabi/13.2.1/../../../../arm-none-eabi/lib/thumb/v8-m.main/nofp\libcr_c.a(fabs.o)
 .debug_info    0x00009f83     0x1569 C:/nxp/MCUXpressoIDE_24.12.148/ide/plugins/com.nxp.mcuxpresso.tools.win32_24.12.0.202407110909/tools/bin/../lib/gcc/arm-none-eabi/13.2.1/../../../../arm-none-eabi/lib/thumb/v8-m.main/nofp\libcr_c.a(fpprintf.o)
 .debug_info    0x0000b4ec      0x339 C:/nxp/MCUXpressoIDE_24.12.148/ide/plugins/com.nxp.mcuxpresso.tools.win32_24.12.0.202407110909/tools/bin/../lib/gcc/arm-none-eabi/13.2.1/../../../../arm-none-eabi/lib/thumb/v8-m.main/nofp\libcr_c.a(initio.o)
 .debug_info    0x0000b825      0x115 C:/nxp/MCUXpressoIDE_24.12.148/ide/plugins/com.nxp.mcuxpresso.tools.win32_24.12.0.202407110909/tools/bin/../lib/gcc/arm-none-eabi/13.2.1/../../../../arm-none-eabi/lib/thumb/v8-m.main/nofp\libcr_c.a(memcmp.o)
 .debug_info    0x0000b93a      0x617 C:/nxp/MCUXpressoIDE_24.12.148/ide/plugins/com.nxp.mcuxpresso.tools.win32_24.12.0.202407110909/tools/bin/../lib/gcc/arm-none-eabi/13.2.1/../../../../arm-none-eabi/lib/thumb/v8-m.main/nofp\libcr_c.a(pow.o)
 .debug_info    0x0000bf51     0x1280 C:/nxp/MCUXpressoIDE_24.12.148/ide/plugins/com.nxp.mcuxpresso.tools.win32_24.12.0.202407110909/tools/bin/../lib/gcc/arm-none-eabi/13.2.1/../../../../arm-none-eabi/lib/thumb/v8-m.main/nofp\libcr_c.a(printf.o)
 .debug_info    0x0000d1d1     0x19dd C:/nxp/MCUXpressoIDE_24.12.148/ide/plugins/com.nxp.mcuxpresso.tools.win32_24.12.0.202407110909/tools/bin/../lib/gcc/arm-none-eabi/13.2.1/../../../../arm-none-eabi/lib/thumb/v8-m.main/nofp\libcr_c.a(scanf.o)
 .debug_info    0x0000ebae      0x1fd C:/nxp/MCUXpressoIDE_24.12.148/ide/plugins/com.nxp.mcuxpresso.tools.win32_24.12.0.202407110909/tools/bin/../lib/gcc/arm-none-eabi/13.2.1/../../../../arm-none-eabi/lib/thumb/v8-m.main/nofp\libcr_c.a(setvbuf.o)
 .debug_info    0x0000edab      0x203 C:/nxp/MCUXpressoIDE_24.12.148/ide/plugins/com.nxp.mcuxpresso.tools.win32_24.12.0.202407110909/tools/bin/../lib/gcc/arm-none-eabi/13.2.1/../../../../arm-none-eabi/lib/thumb/v8-m.main/nofp\libcr_c.a(sqrt.o)
 .debug_info    0x0000efae       0xa8 C:/nxp/MCUXpressoIDE_24.12.148/ide/plugins/com.nxp.mcuxpresso.tools.win32_24.12.0.202407110909/tools/bin/../lib/gcc/arm-none-eabi/13.2.1/../../../../arm-none-eabi/lib/thumb/v8-m.main/nofp\libcr_c.a(strchr.o)
 .debug_info    0x0000f056       0xe0 C:/nxp/MCUXpressoIDE_24.12.148/ide/plugins/com.nxp.mcuxpresso.tools.win32_24.12.0.202407110909/tools/bin/../lib/gcc/arm-none-eabi/13.2.1/../../../../arm-none-eabi/lib/thumb/v8-m.main/nofp\libcr_c.a(strcspn.o)
 .debug_info    0x0000f136       0xe1 C:/nxp/MCUXpressoIDE_24.12.148/ide/plugins/com.nxp.mcuxpresso.tools.win32_24.12.0.202407110909/tools/bin/../lib/gcc/arm-none-eabi/13.2.1/../../../../arm-none-eabi/lib/thumb/v8-m.main/nofp\libcr_c.a(strlen.o)
 .debug_info    0x0000f217       0xca C:/nxp/MCUXpressoIDE_24.12.148/ide/plugins/com.nxp.mcuxpresso.tools.win32_24.12.0.202407110909/tools/bin/../lib/gcc/arm-none-eabi/13.2.1/../../../../arm-none-eabi/lib/thumb/v8-m.main/nofp\libcr_c.a(strncat.o)
 .debug_info    0x0000f2e1      0x11c C:/nxp/MCUXpressoIDE_24.12.148/ide/plugins/com.nxp.mcuxpresso.tools.win32_24.12.0.202407110909/tools/bin/../lib/gcc/arm-none-eabi/13.2.1/../../../../arm-none-eabi/lib/thumb/v8-m.main/nofp\libcr_c.a(strncmp.o)
 .debug_info    0x0000f3fd      0x192 C:/nxp/MCUXpressoIDE_24.12.148/ide/plugins/com.nxp.mcuxpresso.tools.win32_24.12.0.202407110909/tools/bin/../lib/gcc/arm-none-eabi/13.2.1/../../../../arm-none-eabi/lib/thumb/v8-m.main/nofp\libcr_c.a(ungetc.o)
 .debug_info    0x0000f58f      0x46d C:/nxp/MCUXpressoIDE_24.12.148/ide/plugins/com.nxp.mcuxpresso.tools.win32_24.12.0.202407110909/tools/bin/../lib/gcc/arm-none-eabi/13.2.1/../../../../arm-none-eabi/lib/thumb/v8-m.main/nofp\libcr_c.a(__fillbuf.o)
 .debug_info    0x0000f9fc      0x369 C:/nxp/MCUXpressoIDE_24.12.148/ide/plugins/com.nxp.mcuxpresso.tools.win32_24.12.0.202407110909/tools/bin/../lib/gcc/arm-none-eabi/13.2.1/../../../../arm-none-eabi/lib/thumb/v8-m.main/nofp\libcr_c.a(_deferredlazyseek.o)
 .debug_info    0x0000fd65      0x24b C:/nxp/MCUXpressoIDE_24.12.148/ide/plugins/com.nxp.mcuxpresso.tools.win32_24.12.0.202407110909/tools/bin/../lib/gcc/arm-none-eabi/13.2.1/../../../../arm-none-eabi/lib/thumb/v8-m.main/nofp\libcr_c.a(_fdopen.o)
 .debug_info    0x0000ffb0      0x1e3 C:/nxp/MCUXpressoIDE_24.12.148/ide/plugins/com.nxp.mcuxpresso.tools.win32_24.12.0.202407110909/tools/bin/../lib/gcc/arm-none-eabi/13.2.1/../../../../arm-none-eabi/lib/thumb/v8-m.main/nofp\libcr_c.a(_fflush.o)
 .debug_info    0x00010193      0x15e C:/nxp/MCUXpressoIDE_24.12.148/ide/plugins/com.nxp.mcuxpresso.tools.win32_24.12.0.202407110909/tools/bin/../lib/gcc/arm-none-eabi/13.2.1/../../../../arm-none-eabi/lib/thumb/v8-m.main/nofp\libcr_c.a(_frexpl.o)
 .debug_info    0x000102f1      0x146 C:/nxp/MCUXpressoIDE_24.12.148/ide/plugins/com.nxp.mcuxpresso.tools.win32_24.12.0.202407110909/tools/bin/../lib/gcc/arm-none-eabi/13.2.1/../../../../arm-none-eabi/lib/thumb/v8-m.main/nofp\libcr_c.a(_ldexpl.o)
 .debug_info    0x00010437      0x286 C:/nxp/MCUXpressoIDE_24.12.148/ide/plugins/com.nxp.mcuxpresso.tools.win32_24.12.0.202407110909/tools/bin/../lib/gcc/arm-none-eabi/13.2.1/../../../../arm-none-eabi/lib/thumb/v8-m.main/nofp\libcr_c.a(_sincos.o)
 .debug_info    0x000106bd      0x289 C:/nxp/MCUXpressoIDE_24.12.148/ide/plugins/com.nxp.mcuxpresso.tools.win32_24.12.0.202407110909/tools/bin/../lib/gcc/arm-none-eabi/13.2.1/../../../../arm-none-eabi/lib/thumb/v8-m.main/nofp\libcr_c.a(_writebuf.o)
 .debug_info    0x00010946      0x520 C:/nxp/MCUXpressoIDE_24.12.148/ide/plugins/com.nxp.mcuxpresso.tools.win32_24.12.0.202407110909/tools/bin/../lib/gcc/arm-none-eabi/13.2.1/../../../../arm-none-eabi/lib/thumb/v8-m.main/nofp\libcr_c.a(alloc.o)
 .debug_info    0x00010e66      0x2f8 C:/nxp/MCUXpressoIDE_24.12.148/ide/plugins/com.nxp.mcuxpresso.tools.win32_24.12.0.202407110909/tools/bin/../lib/gcc/arm-none-eabi/13.2.1/../../../../arm-none-eabi/lib/thumb/v8-m.main/nofp\libcr_c.a(ctype.o)
 .debug_info    0x0001115e       0x44 C:/nxp/MCUXpressoIDE_24.12.148/ide/plugins/com.nxp.mcuxpresso.tools.win32_24.12.0.202407110909/tools/bin/../lib/gcc/arm-none-eabi/13.2.1/../../../../arm-none-eabi/lib/thumb/v8-m.main/nofp\libcr_c.a(errno.o)
 .debug_info    0x000111a2      0x318 C:/nxp/MCUXpressoIDE_24.12.148/ide/plugins/com.nxp.mcuxpresso.tools.win32_24.12.0.202407110909/tools/bin/../lib/gcc/arm-none-eabi/13.2.1/../../../../arm-none-eabi/lib/thumb/v8-m.main/nofp\libcr_c.a(fclose.o)
 .debug_info    0x000114ba      0x209 C:/nxp/MCUXpressoIDE_24.12.148/ide/plugins/com.nxp.mcuxpresso.tools.win32_24.12.0.202407110909/tools/bin/../lib/gcc/arm-none-eabi/13.2.1/../../../../arm-none-eabi/lib/thumb/v8-m.main/nofp\libcr_c.a(fflush.o)
 .debug_info    0x000116c3      0x15e C:/nxp/MCUXpressoIDE_24.12.148/ide/plugins/com.nxp.mcuxpresso.tools.win32_24.12.0.202407110909/tools/bin/../lib/gcc/arm-none-eabi/13.2.1/../../../../arm-none-eabi/lib/thumb/v8-m.main/nofp\libcr_c.a(frexp.o)
 .debug_info    0x00011821      0x276 C:/nxp/MCUXpressoIDE_24.12.148/ide/plugins/com.nxp.mcuxpresso.tools.win32_24.12.0.202407110909/tools/bin/../lib/gcc/arm-none-eabi/13.2.1/../../../../arm-none-eabi/lib/thumb/v8-m.main/nofp\libcr_c.a(fseek.o)
 .debug_info    0x00011a97      0x197 C:/nxp/MCUXpressoIDE_24.12.148/ide/plugins/com.nxp.mcuxpresso.tools.win32_24.12.0.202407110909/tools/bin/../lib/gcc/arm-none-eabi/13.2.1/../../../../arm-none-eabi/lib/thumb/v8-m.main/nofp\libcr_c.a(ftell.o)
 .debug_info    0x00011c2e      0x146 C:/nxp/MCUXpressoIDE_24.12.148/ide/plugins/com.nxp.mcuxpresso.tools.win32_24.12.0.202407110909/tools/bin/../lib/gcc/arm-none-eabi/13.2.1/../../../../arm-none-eabi/lib/thumb/v8-m.main/nofp\libcr_c.a(ldexp.o)
 .debug_info    0x00011d74      0x1d7 C:/nxp/MCUXpressoIDE_24.12.148/ide/plugins/com.nxp.mcuxpresso.tools.win32_24.12.0.202407110909/tools/bin/../lib/gcc/arm-none-eabi/13.2.1/../../../../arm-none-eabi/lib/thumb/v8-m.main/nofp\libcr_c.a(remove.o)
 .debug_info    0x00011f4b       0xd4 C:/nxp/MCUXpressoIDE_24.12.148/ide/plugins/com.nxp.mcuxpresso.tools.win32_24.12.0.202407110909/tools/bin/../lib/gcc/arm-none-eabi/13.2.1/../../../../arm-none-eabi/lib/thumb/v8-m.main/nofp\libcr_c.a(__init_alloc.o)
 .debug_info    0x0001201f      0x107 C:/nxp/MCUXpressoIDE_24.12.148/ide/plugins/com.nxp.mcuxpresso.tools.win32_24.12.0.202407110909/tools/bin/../lib/gcc/arm-none-eabi/13.2.1/../../../../arm-none-eabi/lib/thumb/v8-m.main/nofp\libcr_c.a(_cr_sbrk.o)
 .debug_info    0x00012126      0x23a C:/nxp/MCUXpressoIDE_24.12.148/ide/plugins/com.nxp.mcuxpresso.tools.win32_24.12.0.202407110909/tools/bin/../lib/gcc/arm-none-eabi/13.2.1/../../../../arm-none-eabi/lib/thumb/v8-m.main/nofp\libcr_c.a(_do_fflush.o)
 .debug_info    0x00012360       0x78 C:/nxp/MCUXpressoIDE_24.12.148/ide/plugins/com.nxp.mcuxpresso.tools.win32_24.12.0.202407110909/tools/bin/../lib/gcc/arm-none-eabi/13.2.1/../../../../arm-none-eabi/lib/thumb/v8-m.main/nofp\libcr_c.a(_cr_check_heap.o)
 .debug_info    0x000123d8     0x2131 C:/nxp/MCUXpressoIDE_24.12.148/ide/plugins/com.nxp.mcuxpresso.tools.win32_24.12.0.202407110909/tools/bin/../lib/gcc/arm-none-eabi/13.2.1/thumb/v8-m.main/nofp\libcr_eabihelpers.a(double.o)
 .debug_info    0x00014509      0x18b C:/nxp/MCUXpressoIDE_24.12.148/ide/plugins/com.nxp.mcuxpresso.tools.win32_24.12.0.202407110909/tools/bin/../lib/gcc/arm-none-eabi/13.2.1/../../../../arm-none-eabi/lib/thumb/v8-m.main/nofp\libcr_semihost_nf.a(__ciob.o)

.debug_abbrev   0x00000000     0x4fbb
 .debug_abbrev  0x00000000      0x134 ./startup/startup_mcxa153.o
 .debug_abbrev  0x00000134      0x1b9 ./source/utils/GPS.o
 .debug_abbrev  0x000002ed       0xfd ./source/utils/Logger.o
 .debug_abbrev  0x000003ea      0x1c8 ./source/utils/SD.o
 .debug_abbrev  0x000005b2      0x143 ./source/games/game_control.o
 .debug_abbrev  0x000006f5      0x16e ./source/games/gps_location.game.o
 .debug_abbrev  0x00000863      0x16e ./source/games/gps_proximity.game.o
 .debug_abbrev  0x000009d1      0x25f ./source/fatFs/ff.o
 .debug_abbrev  0x00000c30      0x21d ./source/fatFs/sdmm.o
 .debug_abbrev  0x00000e4d      0x191 ./source/fifo.o
 .debug_abbrev  0x00000fde       0xb8 ./source/gpio_output.o
 .debug_abbrev  0x00001096      0x171 ./source/lpi2c0_controller_polling.o
 .debug_abbrev  0x00001207      0x251 ./source/lpuart0_interrupt.o
 .debug_abbrev  0x00001458      0x251 ./source/lpuart2_interrupt.o
 .debug_abbrev  0x000016a9      0x250 ./source/main.o
 .debug_abbrev  0x000018f9       0xe2 ./source/retarget.o
 .debug_abbrev  0x000019db       0x31 ./source/semihost_hardfault.o
 .debug_abbrev  0x00001a0c      0x17f ./device/system_MCXA153.o
 .debug_abbrev  0x00001b8b       0x70 C:/nxp/MCUXpressoIDE_24.12.148/ide/plugins/com.nxp.mcuxpresso.tools.win32_24.12.0.202407110909/tools/bin/../lib/gcc/arm-none-eabi/13.2.1/../../../../arm-none-eabi/lib/thumb/v8-m.main/nofp\libcr_semihost_nf.a(_cr__main.o)
 .debug_abbrev  0x00001bfb       0xb6 C:/nxp/MCUXpressoIDE_24.12.148/ide/plugins/com.nxp.mcuxpresso.tools.win32_24.12.0.202407110909/tools/bin/../lib/gcc/arm-none-eabi/13.2.1/../../../../arm-none-eabi/lib/thumb/v8-m.main/nofp\libcr_c.a(memcpy.o)
 .debug_abbrev  0x00001cb1       0xa8 C:/nxp/MCUXpressoIDE_24.12.148/ide/plugins/com.nxp.mcuxpresso.tools.win32_24.12.0.202407110909/tools/bin/../lib/gcc/arm-none-eabi/13.2.1/../../../../arm-none-eabi/lib/thumb/v8-m.main/nofp\libcr_c.a(memset.o)
 .debug_abbrev  0x00001d59       0x92 C:/nxp/MCUXpressoIDE_24.12.148/ide/plugins/com.nxp.mcuxpresso.tools.win32_24.12.0.202407110909/tools/bin/../lib/gcc/arm-none-eabi/13.2.1/../../../../arm-none-eabi/lib/thumb/v8-m.main/nofp\libcr_c.a(cos.o)
 .debug_abbrev  0x00001deb       0x74 C:/nxp/MCUXpressoIDE_24.12.148/ide/plugins/com.nxp.mcuxpresso.tools.win32_24.12.0.202407110909/tools/bin/../lib/gcc/arm-none-eabi/13.2.1/../../../../arm-none-eabi/lib/thumb/v8-m.main/nofp\libcr_c.a(fabs.o)
 .debug_abbrev  0x00001e5f      0x46c C:/nxp/MCUXpressoIDE_24.12.148/ide/plugins/com.nxp.mcuxpresso.tools.win32_24.12.0.202407110909/tools/bin/../lib/gcc/arm-none-eabi/13.2.1/../../../../arm-none-eabi/lib/thumb/v8-m.main/nofp\libcr_c.a(fpprintf.o)
 .debug_abbrev  0x000022cb      0x169 C:/nxp/MCUXpressoIDE_24.12.148/ide/plugins/com.nxp.mcuxpresso.tools.win32_24.12.0.202407110909/tools/bin/../lib/gcc/arm-none-eabi/13.2.1/../../../../arm-none-eabi/lib/thumb/v8-m.main/nofp\libcr_c.a(initio.o)
 .debug_abbrev  0x00002434       0x9d C:/nxp/MCUXpressoIDE_24.12.148/ide/plugins/com.nxp.mcuxpresso.tools.win32_24.12.0.202407110909/tools/bin/../lib/gcc/arm-none-eabi/13.2.1/../../../../arm-none-eabi/lib/thumb/v8-m.main/nofp\libcr_c.a(memcmp.o)
 .debug_abbrev  0x000024d1      0x129 C:/nxp/MCUXpressoIDE_24.12.148/ide/plugins/com.nxp.mcuxpresso.tools.win32_24.12.0.202407110909/tools/bin/../lib/gcc/arm-none-eabi/13.2.1/../../../../arm-none-eabi/lib/thumb/v8-m.main/nofp\libcr_c.a(pow.o)
 .debug_abbrev  0x000025fa      0x3ba C:/nxp/MCUXpressoIDE_24.12.148/ide/plugins/com.nxp.mcuxpresso.tools.win32_24.12.0.202407110909/tools/bin/../lib/gcc/arm-none-eabi/13.2.1/../../../../arm-none-eabi/lib/thumb/v8-m.main/nofp\libcr_c.a(printf.o)
 .debug_abbrev  0x000029b4      0x453 C:/nxp/MCUXpressoIDE_24.12.148/ide/plugins/com.nxp.mcuxpresso.tools.win32_24.12.0.202407110909/tools/bin/../lib/gcc/arm-none-eabi/13.2.1/../../../../arm-none-eabi/lib/thumb/v8-m.main/nofp\libcr_c.a(scanf.o)
 .debug_abbrev  0x00002e07       0xe1 C:/nxp/MCUXpressoIDE_24.12.148/ide/plugins/com.nxp.mcuxpresso.tools.win32_24.12.0.202407110909/tools/bin/../lib/gcc/arm-none-eabi/13.2.1/../../../../arm-none-eabi/lib/thumb/v8-m.main/nofp\libcr_c.a(setvbuf.o)
 .debug_abbrev  0x00002ee8      0x10f C:/nxp/MCUXpressoIDE_24.12.148/ide/plugins/com.nxp.mcuxpresso.tools.win32_24.12.0.202407110909/tools/bin/../lib/gcc/arm-none-eabi/13.2.1/../../../../arm-none-eabi/lib/thumb/v8-m.main/nofp\libcr_c.a(sqrt.o)
 .debug_abbrev  0x00002ff7       0x6c C:/nxp/MCUXpressoIDE_24.12.148/ide/plugins/com.nxp.mcuxpresso.tools.win32_24.12.0.202407110909/tools/bin/../lib/gcc/arm-none-eabi/13.2.1/../../../../arm-none-eabi/lib/thumb/v8-m.main/nofp\libcr_c.a(strchr.o)
 .debug_abbrev  0x00003063       0xa0 C:/nxp/MCUXpressoIDE_24.12.148/ide/plugins/com.nxp.mcuxpresso.tools.win32_24.12.0.202407110909/tools/bin/../lib/gcc/arm-none-eabi/13.2.1/../../../../arm-none-eabi/lib/thumb/v8-m.main/nofp\libcr_c.a(strcspn.o)
 .debug_abbrev  0x00003103       0xa7 C:/nxp/MCUXpressoIDE_24.12.148/ide/plugins/com.nxp.mcuxpresso.tools.win32_24.12.0.202407110909/tools/bin/../lib/gcc/arm-none-eabi/13.2.1/../../../../arm-none-eabi/lib/thumb/v8-m.main/nofp\libcr_c.a(strlen.o)
 .debug_abbrev  0x000031aa       0xa0 C:/nxp/MCUXpressoIDE_24.12.148/ide/plugins/com.nxp.mcuxpresso.tools.win32_24.12.0.202407110909/tools/bin/../lib/gcc/arm-none-eabi/13.2.1/../../../../arm-none-eabi/lib/thumb/v8-m.main/nofp\libcr_c.a(strncat.o)
 .debug_abbrev  0x0000324a       0xb0 C:/nxp/MCUXpressoIDE_24.12.148/ide/plugins/com.nxp.mcuxpresso.tools.win32_24.12.0.202407110909/tools/bin/../lib/gcc/arm-none-eabi/13.2.1/../../../../arm-none-eabi/lib/thumb/v8-m.main/nofp\libcr_c.a(strncmp.o)
 .debug_abbrev  0x000032fa       0xb9 C:/nxp/MCUXpressoIDE_24.12.148/ide/plugins/com.nxp.mcuxpresso.tools.win32_24.12.0.202407110909/tools/bin/../lib/gcc/arm-none-eabi/13.2.1/../../../../arm-none-eabi/lib/thumb/v8-m.main/nofp\libcr_c.a(ungetc.o)
 .debug_abbrev  0x000033b3      0x228 C:/nxp/MCUXpressoIDE_24.12.148/ide/plugins/com.nxp.mcuxpresso.tools.win32_24.12.0.202407110909/tools/bin/../lib/gcc/arm-none-eabi/13.2.1/../../../../arm-none-eabi/lib/thumb/v8-m.main/nofp\libcr_c.a(__fillbuf.o)
 .debug_abbrev  0x000035db      0x152 C:/nxp/MCUXpressoIDE_24.12.148/ide/plugins/com.nxp.mcuxpresso.tools.win32_24.12.0.202407110909/tools/bin/../lib/gcc/arm-none-eabi/13.2.1/../../../../arm-none-eabi/lib/thumb/v8-m.main/nofp\libcr_c.a(_deferredlazyseek.o)
 .debug_abbrev  0x0000372d      0x119 C:/nxp/MCUXpressoIDE_24.12.148/ide/plugins/com.nxp.mcuxpresso.tools.win32_24.12.0.202407110909/tools/bin/../lib/gcc/arm-none-eabi/13.2.1/../../../../arm-none-eabi/lib/thumb/v8-m.main/nofp\libcr_c.a(_fdopen.o)
 .debug_abbrev  0x00003846       0xf1 C:/nxp/MCUXpressoIDE_24.12.148/ide/plugins/com.nxp.mcuxpresso.tools.win32_24.12.0.202407110909/tools/bin/../lib/gcc/arm-none-eabi/13.2.1/../../../../arm-none-eabi/lib/thumb/v8-m.main/nofp\libcr_c.a(_fflush.o)