Archive member included to satisfy reference by file (symbol)

C:/nxp/MCUXpressoIDE_24.12.148/ide/plugins/com.nxp.mcuxpresso.tools.win32_24.12.0.202407110909/tools/bin/../lib/gcc/arm-none-eabi/13.2.1/../../../../arm-none-eabi/lib/thumb/v8-m.main/nofp\libcr_semihost_nf.a(_cr__main.o)
                              ./startup/startup_mcxa153.o (__main)
C:/nxp/MCUXpressoIDE_24.12.148/ide/plugins/com.nxp.mcuxpresso.tools.win32_24.12.0.202407110909/tools/bin/../lib/gcc/arm-none-eabi/13.2.1/../../../../arm-none-eabi/lib/thumb/v8-m.main/nofp\libcr_c.a(memcpy.o)
                              ./source/fatFs/ff.o (memcpy)
C:/nxp/MCUXpressoIDE_24.12.148/ide/plugins/com.nxp.mcuxpresso.tools.win32_24.12.0.202407110909/tools/bin/../lib/gcc/arm-none-eabi/13.2.1/../../../../arm-none-eabi/lib/thumb/v8-m.main/nofp\libcr_c.a(memset.o)
                              ./source/fatFs/ff.o (memset)
C:/nxp/MCUXpressoIDE_24.12.148/ide/plugins/com.nxp.mcuxpresso.tools.win32_24.12.0.202407110909/tools/bin/../lib/gcc/arm-none-eabi/13.2.1/../../../../arm-none-eabi/lib/thumb/v8-m.main/nofp\libcr_c.a(cos.o)
                              ./source/utils/GPS.o (cos)
C:/nxp/MCUXpressoIDE_24.12.148/ide/plugins/com.nxp.mcuxpresso.tools.win32_24.12.0.202407110909/tools/bin/../lib/gcc/arm-none-eabi/13.2.1/../../../../arm-none-eabi/lib/thumb/v8-m.main/nofp\libcr_c.a(fabs.o)
                              ./source/utils/GPS.o (fabs)
C:/nxp/MCUXpressoIDE_24.12.148/ide/plugins/com.nxp.mcuxpresso.tools.win32_24.12.0.202407110909/tools/bin/../lib/gcc/arm-none-eabi/13.2.1/../../../../arm-none-eabi/lib/thumb/v8-m.main/nofp\libcr_c.a(fpprintf.o)
                              ./source/utils/Logger.o (sprintf)
C:/nxp/MCUXpressoIDE_24.12.148/ide/plugins/com.nxp.mcuxpresso.tools.win32_24.12.0.202407110909/tools/bin/../lib/gcc/arm-none-eabi/13.2.1/../../../../arm-none-eabi/lib/thumb/v8-m.main/nofp\libcr_c.a(initio.o)
                              C:/nxp/MCUXpressoIDE_24.12.148/ide/plugins/com.nxp.mcuxpresso.tools.win32_24.12.0.202407110909/tools/bin/../lib/gcc/arm-none-eabi/13.2.1/../../../../arm-none-eabi/lib/thumb/v8-m.main/nofp\libcr_semihost_nf.a(_cr__main.o) (_initio)
C:/nxp/MCUXpressoIDE_24.12.148/ide/plugins/com.nxp.mcuxpresso.tools.win32_24.12.0.202407110909/tools/bin/../lib/gcc/arm-none-eabi/13.2.1/../../../../arm-none-eabi/lib/thumb/v8-m.main/nofp\libcr_c.a(memcmp.o)
                              ./source/fatFs/ff.o (memcmp)
C:/nxp/MCUXpressoIDE_24.12.148/ide/plugins/com.nxp.mcuxpresso.tools.win32_24.12.0.202407110909/tools/bin/../lib/gcc/arm-none-eabi/13.2.1/../../../../arm-none-eabi/lib/thumb/v8-m.main/nofp\libcr_c.a(pow.o)
                              ./source/games/gps_location.game.o (pow)
C:/nxp/MCUXpressoIDE_24.12.148/ide/plugins/com.nxp.mcuxpresso.tools.win32_24.12.0.202407110909/tools/bin/../lib/gcc/arm-none-eabi/13.2.1/../../../../arm-none-eabi/lib/thumb/v8-m.main/nofp\libcr_c.a(printf.o)
                              C:/nxp/MCUXpressoIDE_24.12.148/ide/plugins/com.nxp.mcuxpresso.tools.win32_24.12.0.202407110909/tools/bin/../lib/gcc/arm-none-eabi/13.2.1/../../../../arm-none-eabi/lib/thumb/v8-m.main/nofp\libcr_c.a(fpprintf.o) (__vfprintf)
C:/nxp/MCUXpressoIDE_24.12.148/ide/plugins/com.nxp.mcuxpresso.tools.win32_24.12.0.202407110909/tools/bin/../lib/gcc/arm-none-eabi/13.2.1/../../../../arm-none-eabi/lib/thumb/v8-m.main/nofp\libcr_c.a(scanf.o)
                              ./source/utils/GPS.o (atof)
C:/nxp/MCUXpressoIDE_24.12.148/ide/plugins/com.nxp.mcuxpresso.tools.win32_24.12.0.202407110909/tools/bin/../lib/gcc/arm-none-eabi/13.2.1/../../../../arm-none-eabi/lib/thumb/v8-m.main/nofp\libcr_c.a(setvbuf.o)
                              C:/nxp/MCUXpressoIDE_24.12.148/ide/plugins/com.nxp.mcuxpresso.tools.win32_24.12.0.202407110909/tools/bin/../lib/gcc/arm-none-eabi/13.2.1/../../../../arm-none-eabi/lib/thumb/v8-m.main/nofp\libcr_c.a(initio.o) (setvbuf)
C:/nxp/MCUXpressoIDE_24.12.148/ide/plugins/com.nxp.mcuxpresso.tools.win32_24.12.0.202407110909/tools/bin/../lib/gcc/arm-none-eabi/13.2.1/../../../../arm-none-eabi/lib/thumb/v8-m.main/nofp\libcr_c.a(sqrt.o)
                              ./source/games/gps_location.game.o (sqrt)
C:/nxp/MCUXpressoIDE_24.12.148/ide/plugins/com.nxp.mcuxpresso.tools.win32_24.12.0.202407110909/tools/bin/../lib/gcc/arm-none-eabi/13.2.1/../../../../arm-none-eabi/lib/thumb/v8-m.main/nofp\libcr_c.a(strchr.o)
                              ./source/fatFs/ff.o (strchr)
C:/nxp/MCUXpressoIDE_24.12.148/ide/plugins/com.nxp.mcuxpresso.tools.win32_24.12.0.202407110909/tools/bin/../lib/gcc/arm-none-eabi/13.2.1/../../../../arm-none-eabi/lib/thumb/v8-m.main/nofp\libcr_c.a(strcspn.o)
                              ./source/utils/GPS.o (strcspn)
C:/nxp/MCUXpressoIDE_24.12.148/ide/plugins/com.nxp.mcuxpresso.tools.win32_24.12.0.202407110909/tools/bin/../lib/gcc/arm-none-eabi/13.2.1/../../../../arm-none-eabi/lib/thumb/v8-m.main/nofp\libcr_c.a(strlen.o)
                              ./source/fatFs/ff.o (strlen)
[...]
Memory Configuration

Name             Origin             Length             Attributes
PROGRAM_FLASH    0x00000000         0x00020000         xr
SRAM             0x20000000         0x00006000         xrw
SRAMX0           0x04000000         0x00002000         xrw
SRAMX1           0x04002000         0x00001000         xrw
*default*        0x00000000         0xffffffff

Linker script and memory map

LOAD ./startup/startup_mcxa153.o
LOAD ./source/utils/GPS.o
LOAD ./source/utils/Logger.o
LOAD ./source/utils/SD.o
LOAD ./source/utils/button.o
LOAD ./source/utils/buzzer.o
LOAD ./source/games/game_control.o
LOAD ./source/games/gps_location.game.o
LOAD ./source/games/gps_proximity.game.o
LOAD ./source/fatFs/ff.o
LOAD ./source/fatFs/sdmm.o
LOAD ./source/ctimer1_pwm.o
LOAD ./source/fifo.o
LOAD ./source/gpio_output.o
LOAD ./source/lpi2c0_controller_polling.o
LOAD ./source/lpuart0_interrupt.o
LOAD ./source/lpuart2_interrupt.o
LOAD ./source/main.o
LOAD ./source/retarget.o
LOAD ./source/semihost_hardfault.o
LOAD ./device/system_MCXA153.o
START GROUP
LOAD C:/nxp/MCUXpressoIDE_24.12.148/ide/plugins/com.nxp.mcuxpresso.tools.win32_24.12.0.202407110909/tools/bin/../lib/gcc/arm-none-eabi/13.2.1/../../../../arm-none-eabi/lib/thumb/v8-m.main/nofp\libcr_semihost_nf.a
LOAD C:/nxp/MCUXpressoIDE_24.12.148/ide/plugins/com.nxp.mcuxpresso.tools.win32_24.12.0.202407110909/tools/bin/../lib/gcc/arm-none-eabi/13.2.1/../../../../arm-none-eabi/lib/thumb/v8-m.main/nofp\libcr_c.a
LOAD C:/nxp/MCUXpressoIDE_24.12.148/ide/plugins/com.nxp.mcuxpresso.tools.win32_24.12.0.202407110909/tools/bin/../lib/gcc/arm-none-eabi/13.2.1/thumb/v8-m.main/nofp\libcr_eabihelpers.a
LOAD C:/nxp/MCUXpressoIDE_24.12.148/ide/plugins/com.nxp.mcuxpresso.tools.win32_24.12.0.202407110909/tools/bin/../lib/gcc/arm-none-eabi/13.2.1/thumb/v8-m.main/nofp\libgcc.a
END GROUP
                0x00000000                        __base_PROGRAM_FLASH = 0x0
                0x00000000                        __base_Flash = 0x0
                0x00020000                        __top_PROGRAM_FLASH = 0x20000
                0x00020000                        __top_Flash = 0x20000
                0x20000000                        __base_SRAM = 0x20000000
                0x20000000                        __base_RAM = 0x20000000
                0x20006000                        __top_SRAM = 0x20006000
                0x20006000                        __top_RAM = 0x20006000
                0x04000000                        __base_SRAMX0 = 0x4000000
                0x04000000                        __base_RAM2 = 0x4000000
                0x04002000                        __top_SRAMX0 = 0x4002000
                0x04002000                        __top_RAM2 = 0x4002000
                0x04002000                        __base_SRAMX1 = 0x4002000
                0x04002000                        __base_RAM3 = 0x4002000
                0x04003000                        __top_SRAMX1 = 0x4003000
                0x04003000                        __top_RAM3 = 0x4003000

.text           0x00000000     0x9078
 FILL mask 0xff
                0x00000000                        __vectors_start__ = ABSOLUTE (.)
 *(SORT_BY_ALIGNMENT(.isr_vector))
 .isr_vector    0x00000000      0x16c ./startup/startup_mcxa153.o
                0x00000000                g_pfnVectors
                0x00000000                __Vectors
                0x0000016c                        . = ALIGN (0x4)
                0x0000016c                        __section_table_start = .
                0x0000016c                        __data_section_table = .
                0x0000016c        0x4 LONG 0x9078 LOADADDR (.data)
                0x00000170        0x4 LONG 0x20000000 ADDR (.data)
                0x00000174        0x4 LONG 0x10 SIZEOF (.data)
                0x00000178        0x4 LONG 0x9078 LOADADDR (.data_RAM2)
                0x0000017c        0x4 LONG 0x4000000 ADDR (.data_RAM2)
                0x00000180        0x4 LONG 0x0 SIZEOF (.data_RAM2)
                0x00000184        0x4 LONG 0x9078 LOADADDR (.data_RAM3)
                0x00000188        0x4 LONG 0x4002000 ADDR (.data_RAM3)
                0x0000018c        0x4 LONG 0x0 SIZEOF (.data_RAM3)
                0x00000190                        __data_section_table_end = .
                0x00000190                        __bss_section_table = .
                0x00000190        0x4 LONG 0x20000010 ADDR (.bss)
                0x00000194        0x4 LONG 0xb68 SIZEOF (.bss)
                0x00000198        0x4 LONG 0x4000000 ADDR (.bss_RAM2)
                0x0000019c        0x4 LONG 0x0 SIZEOF (.bss_RAM2)
                0x000001a0        0x4 LONG 0x4002000 ADDR (.bss_RAM3)
                0x000001a4        0x4 LONG 0x0 SIZEOF (.bss_RAM3)
                0x000001a8                        __bss_section_table_end = .
                0x000001a8                        __section_table_end = .
 *(SORT_BY_ALIGNMENT(.after_vectors*))
 .after_vectors.reset
                0x000001a8       0x68 ./startup/startup_mcxa153.o
                0x000001a8                ResetISR
 .after_vectors.init_data
                0x00000210       0x1c ./startup/startup_mcxa153.o
                0x00000210                data_init
 .after_vectors.init_bss
                0x0000022c       0x12 ./startup/startup_mcxa153.o
                0x0000022c                bss_init
 .after_vectors
                0x0000023e       0x16 ./startup/startup_mcxa153.o
                0x0000023e                NMI_Handler
                0x00000242                MemManage_Handler
                0x00000244                BusFault_Handler
                0x00000246                UsageFault_Handler
                0x00000248                SecureFault_Handler
                0x0000024a                SVC_Handler
                0x0000024c                DebugMon_Handler
                0x0000024e                PendSV_Handler
                0x00000252                LPTMR0_DriverIRQHandler
                0x00000252                FLEXPWM0_SUBMODULE1_DriverIRQHandler
                0x00000252                MBC0_DriverIRQHandler
                0x00000252                WAKETIMER0_DriverIRQHandler
                0x00000252                I3C0_DriverIRQHandler
                0x00000252                LPI2C0_DriverIRQHandler
                0x00000252                FLEXPWM0_RELOAD_ERROR_DriverIRQHandler
                0x00000252                QDC0_HOME_DriverIRQHandler
                0x00000252                Reserved82_DriverIRQHandler
                0x00000252                QDC0_WATCHDOG_DriverIRQHandler
                0x00000252                ERM0_MULTI_BIT_DriverIRQHandler
                0x00000252                Reserved36_DriverIRQHandler
                0x00000252                CTIMER2_DriverIRQHandler
                0x00000252                Reserved33_DriverIRQHandler
                0x00000252                CMP1_DriverIRQHandler
                0x00000252                IntDefaultHandler
                0x00000252                USB0_DriverIRQHandler
                0x00000252                QDC0_INDEX_DriverIRQHandler
                0x00000252                UTICK0_DriverIRQHandler
                0x00000252                Reserved41_DriverIRQHandler
                0x00000252                FLEXPWM0_SUBMODULE2_DriverIRQHandler
                0x00000252                Reserved39_DriverIRQHandler
                0x00000252                WWDT0_DriverIRQHandler
                0x00000252                Reserved84_DriverIRQHandler
                0x00000252                FLEXPWM0_FAULT_DriverIRQHandler
                0x00000252                GPIO0_DriverIRQHandler
                0x00000252                Reserved38_DriverIRQHandler
                0x00000252                FREQME0_DriverIRQHandler
                0x00000252                Reserved22_DriverIRQHandler
                0x00000252                Reserved53_DriverIRQHandler
                0x00000252                Reserved35_DriverIRQHandler
                0x00000252                CTIMER0_DriverIRQHandler
                0x00000252                Reserved79_DriverIRQHandler
                0x00000252                Reserved24_DriverIRQHandler
                0x00000252                CTIMER1_DriverIRQHandler
                0x00000252                QDC0_COMPARE_DriverIRQHandler
                0x00000252                LPUART1_DriverIRQHandler
                0x00000252                WUU0_DriverIRQHandler
                0x00000252                LPSPI0_DriverIRQHandler
                0x00000252                DMA_CH3_DriverIRQHandler
                0x00000252                Reserved83_DriverIRQHandler
                0x00000252                Reserved72_DriverIRQHandler
                0x00000252                Reserved23_DriverIRQHandler
                0x00000252                Reserved65_DriverIRQHandler
                0x00000252                ERM0_SINGLE_BIT_DriverIRQHandler
                0x00000252                DMA_CH2_DriverIRQHandler
                0x00000252                CMC_DriverIRQHandler
                0x00000252                Reserved51_DriverIRQHandler
                0x00000252                Reserved25_DriverIRQHandler
                0x00000252                LPUART2_DriverIRQHandler
                0x00000252                FMU0_DriverIRQHandler
                0x00000252                LPSPI1_DriverIRQHandler
                0x00000252                Reserved77_DriverIRQHandler
                0x00000252                Reserved16_DriverIRQHandler
                0x00000252                LPUART0_DriverIRQHandler
                0x00000252                GPIO2_DriverIRQHandler
                0x00000252                Reserved85_DriverIRQHandler
                0x00000252                ADC0_DriverIRQHandler
                0x00000252                CMP0_DriverIRQHandler
                0x00000252                CDOG0_DriverIRQHandler
                0x00000252                Reserved59_DriverIRQHandler
                0x00000252                DMA_CH0_DriverIRQHandler
                0x00000252                Reserved58_DriverIRQHandler
                0x00000252                DMA_CH1_DriverIRQHandler
                0x00000252                SPC0_DriverIRQHandler
                0x00000252                GLIKEY0_DriverIRQHandler
                0x00000252                Reserved43_DriverIRQHandler
                0x00000252                Reserved46_DriverIRQHandler
                0x00000252                Reserved37_DriverIRQHandler
                0x00000252                Reserved86_DriverIRQHandler
                0x00000252                GPIO1_DriverIRQHandler
                0x00000252                FLEXPWM0_SUBMODULE0_DriverIRQHandler
                0x00000252                Reserved50_DriverIRQHandler
                0x00000252                OS_EVENT_DriverIRQHandler
                0x00000252                SCG0_DriverIRQHandler
                0x00000252                GPIO3_DriverIRQHandler
 *(SORT_BY_ALIGNMENT(.text*))
 *fill*         0x00000254        0x4 ff
 .text.calculateLongitudeDistance
                0x00000258       0xcc ./source/utils/GPS.o
                0x00000258                calculateLongitudeDistance
 *fill*         0x00000324        0x4 ff
 .text.calculateLatitudeDistance
                0x00000328       0x8c ./source/utils/GPS.o
                0x00000328                calculateLatitudeDistance
 *fill*         0x000003b4        0x4 ff
 .text.ilog10   0x000003b8       0xf8 ./source/fatFs/ff.o
 .text.i10x     0x000004b0       0xc8 ./source/fatFs/ff.o
 .text.cos      0x00000578       0x60 C:/nxp/MCUXpressoIDE_24.12.148/ide/plugins/com.nxp.mcuxpresso.tools.win32_24.12.0.202407110909/tools/bin/../lib/gcc/arm-none-eabi/13.2.1/../../../../arm-none-eabi/lib/thumb/v8-m.main/nofp\libcr_c.a(cos.o)
                0x00000578                cos
 .text.fp_display
                0x000005d8      0x9ac C:/nxp/MCUXpressoIDE_24.12.148/ide/plugins/com.nxp.mcuxpresso.tools.win32_24.12.0.202407110909/tools/bin/../lib/gcc/arm-none-eabi/13.2.1/../../../../arm-none-eabi/lib/thumb/v8-m.main/nofp\libcr_c.a(fpprintf.o)
 *fill*         0x00000f84        0x4 ff
 .text.vfscanf  0x00000f88      0x900 C:/nxp/MCUXpressoIDE_24.12.148/ide/plugins/com.nxp.mcuxpresso.tools.win32_24.12.0.202407110909/tools/bin/../lib/gcc/arm-none-eabi/13.2.1/../../../../arm-none-eabi/lib/thumb/v8-m.main/nofp\libcr_c.a(scanf.o)
                0x00000f88                vfscanf
 .text._sincos  0x00001888      0x1fc C:/nxp/MCUXpressoIDE_24.12.148/ide/plugins/com.nxp.mcuxpresso.tools.win32_24.12.0.202407110909/tools/bin/../lib/gcc/arm-none-eabi/13.2.1/../../../../arm-none-eabi/lib/thumb/v8-m.main/nofp\libcr_c.a(_sincos.o)
                0x00001888                _sincos
 .text.GPS_updateData
                0x00001a84       0x84 ./source/utils/GPS.o
                0x00001a84                GPS_updateData
 .text.GPS_getCurrentLocation
                0x00001b08       0x14 ./source/utils/GPS.o
                0x00001b08                GPS_getCurrentLocation
 .text.GPS_getCurrentDirections
                0x00001b1c       0x14 ./source/utils/GPS.o
                0x00001b1c                GPS_getCurrentDirections
 .text.GPS_getConnectionQuality
                0x00001b30       0x14 ./source/utils/GPS.o
                0x00001b30                GPS_getConnectionQuality
 .text.parseGNGGA
                0x00001b44      0x224 ./source/utils/GPS.o
                0x00001b44                parseGNGGA
 .text.Logger_updateData
                0x00001d68       0x7c ./source/utils/Logger.o
                0x00001d68                Logger_updateData
 .text.SD_Writeln
                0x00001de4       0x54 ./source/utils/SD.o
                0x00001de4                SD_Writeln
 .text.SD_Overwrite
                0x00001e38       0x54 ./source/utils/SD.o
                0x00001e38                SD_Overwrite
 .text.SD_Read  0x00001e8c       0x6c ./source/utils/SD.o
                0x00001e8c                SD_Read
 .text.__NVIC_ClearPendingIRQ
                0x00001ef8       0x3c ./source/utils/button.o
 .text.GPIO3_IRQHandler
                0x00001f34       0x30 ./source/utils/button.o
                0x00001f34                GPIO3_IRQHandler
 .text.GPIO2_IRQHandler
                0x00001f64       0x30 ./source/utils/button.o
                0x00001f64                GPIO2_IRQHandler
 .text.GPIO1_IRQHandler
                0x00001f94       0x48 ./source/utils/button.o
                0x00001f94                GPIO1_IRQHandler
 .text.initGameControl
                0x00001fdc       0x9c ./source/games/game_control.o
                0x00001fdc                initGameControl
 .text.checkGameStatus
                0x00002078       0xf4 ./source/games/game_control.o
                0x00002078                checkGameStatus
 .text.initGPSLocationGame
                0x0000216c      0x148 ./source/games/gps_location.game.o
                0x0000216c                initGPSLocationGame
 .text.initGPSProximityGame
                0x000022b4      0x148 ./source/games/gps_proximity.game.o
                0x000022b4                initGPSProximityGame
 .text.sync_fs  0x000023fc       0xe0 ./source/fatFs/ff.o
 .text.create_name
                0x000024dc      0x20c ./source/fatFs/ff.o
 .text.get_ldnumber
                0x000026e8       0x88 ./source/fatFs/ff.o
 .text.check_fs
                0x00002770      0x148 ./source/fatFs/ff.o
 .text.mount_volume
                0x000028b8      0x3fc ./source/fatFs/ff.o
 .text.f_open   0x00002cb4      0x2e0 ./source/fatFs/ff.o
                0x00002cb4                f_open
 .text.f_sync   0x00002f94       0xc8 ./source/fatFs/ff.o
                0x00002f94                f_sync
 .text.ftoa     0x0000305c      0x310 ./source/fatFs/ff.o
 .text.f_printf
                0x0000336c      0x704 ./source/fatFs/ff.o
                0x0000336c                f_printf
 .text.xmit_mmc
                0x00003a70      0x210 ./source/fatFs/sdmm.o
 .text.rcvr_mmc
                0x00003c80      0x1bc ./source/fatFs/sdmm.o
 .text.deselect
                0x00003e3c       0x28 ./source/fatFs/sdmm.o
 .text.select   0x00003e64       0x3c ./source/fatFs/sdmm.o
 .text.disk_status
                0x00003ea0       0x28 ./source/fatFs/sdmm.o
                0x00003ea0                disk_status
 .text.disk_initialize
                0x00003ec8      0x224 ./source/fatFs/sdmm.o
                0x00003ec8                disk_initialize
 .text.disk_read
                0x000040ec       0xac ./source/fatFs/sdmm.o
                0x000040ec                disk_read
 .text.disk_write
                0x00004198       0xdc ./source/fatFs/sdmm.o
                0x00004198                disk_write
 .text.gpio_output_init
                0x00004274       0x70 ./source/gpio_output.o
                0x00004274                gpio_output_init
 .text.lpi2c0_controller_init
                0x000042e4       0x84 ./source/lpi2c0_controller_polling.o
                0x000042e4                lpi2c0_controller_init
 .text.__NVIC_EnableIRQ
                0x00004368       0x38 ./source/lpuart0_interrupt.o
 .text.__NVIC_ClearPendingIRQ
                0x000043a0       0x3c ./source/lpuart0_interrupt.o
 .text.__NVIC_SetPriority
                0x000043dc       0x54 ./source/lpuart0_interrupt.o
 .text.lpuart0_init
                0x00004430       0xc4 ./source/lpuart0_interrupt.o
                0x00004430                lpuart0_init
 .text.lpuart0_putchar
                0x000044f4       0x40 ./source/lpuart0_interrupt.o
                0x000044f4                lpuart0_putchar
 .text.lpuart0_getchar
                0x00004534       0x30 ./source/lpuart0_interrupt.o
                0x00004534                lpuart0_getchar
 .text.LPUART0_IRQHandler
                0x00004564       0x7c ./source/lpuart0_interrupt.o
                0x00004564                LPUART0_IRQHandler
 .text.__NVIC_EnableIRQ
                0x000045e0       0x38 ./source/lpuart2_interrupt.o
 .text.__NVIC_ClearPendingIRQ
                0x00004618       0x3c ./source/lpuart2_interrupt.o
 .text.__NVIC_SetPriority
                0x00004654       0x54 ./source/lpuart2_interrupt.o
 .text.lpuart2_init
                0x000046a8       0xc8 ./source/lpuart2_interrupt.o
                0x000046a8                lpuart2_init
 .text.lpuart2_getchar
                0x00004770       0x30 ./source/lpuart2_interrupt.o
                0x00004770                lpuart2_getchar
 .text.lpuart2_rxcnt
                0x000047a0       0x14 ./source/lpuart2_interrupt.o
                0x000047a0                lpuart2_rxcnt
 .text.LPUART2_IRQHandler
                0x000047b4       0x7c ./source/lpuart2_interrupt.o
                0x000047b4                LPUART2_IRQHandler
 .text.__NVIC_SetPriority
                0x00004830       0x54 ./source/main.o
 .text.SysTick_Config
                0x00004884       0x44 ./source/main.o
 .text.main     0x000048c8       0xd4 ./source/main.o
                0x000048c8                main
 .text.SysTick_Handler
                0x0000499c       0x1c ./source/main.o
                0x0000499c                SysTick_Handler
 .text.SystemInit
                0x000049b8      0x120 ./device/system_MCXA153.o
                0x000049b8                SystemInit
 .text.sprintf  0x00004ad8       0x6c C:/nxp/MCUXpressoIDE_24.12.148/ide/plugins/com.nxp.mcuxpresso.tools.win32_24.12.0.202407110909/tools/bin/../lib/gcc/arm-none-eabi/13.2.1/../../../../arm-none-eabi/lib/thumb/v8-m.main/nofp\libcr_c.a(fpprintf.o)
                0x00004ad8                sprintf
 .text.vsnprintf
                0x00004b44       0x68 C:/nxp/MCUXpressoIDE_24.12.148/ide/plugins/com.nxp.mcuxpresso.tools.win32_24.12.0.202407110909/tools/bin/../lib/gcc/arm-none-eabi/13.2.1/../../../../arm-none-eabi/lib/thumb/v8-m.main/nofp\libcr_c.a(fpprintf.o)
                0x00004b44                vsnprintf
 .text.printf   0x00004bac       0x54 C:/nxp/MCUXpressoIDE_24.12.148/ide/plugins/com.nxp.mcuxpresso.tools.win32_24.12.0.202407110909/tools/bin/../lib/gcc/arm-none-eabi/13.2.1/../../../../arm-none-eabi/lib/thumb/v8-m.main/nofp\libcr_c.a(fpprintf.o)
                0x00004bac                printf
 .text._initio  0x00004c00       0x78 C:/nxp/MCUXpressoIDE_24.12.148/ide/plugins/com.nxp.mcuxpresso.tools.win32_24.12.0.202407110909/tools/bin/../lib/gcc/arm-none-eabi/13.2.1/../../../../arm-none-eabi/lib/thumb/v8-m.main/nofp\libcr_c.a(initio.o)
                0x00004c00                _initio
 .text.__vfprintf
                0x00004c78      0xb70 C:/nxp/MCUXpressoIDE_24.12.148/ide/plugins/com.nxp.mcuxpresso.tools.win32_24.12.0.202407110909/tools/bin/../lib/gcc/arm-none-eabi/13.2.1/../../../../arm-none-eabi/lib/thumb/v8-m.main/nofp\libcr_c.a(printf.o)
                0x00004c78                __vfprintf
 .text.ch_val   0x000057e8       0x30 C:/nxp/MCUXpressoIDE_24.12.148/ide/plugins/com.nxp.mcuxpresso.tools.win32_24.12.0.202407110909/tools/bin/../lib/gcc/arm-none-eabi/13.2.1/../../../../arm-none-eabi/lib/thumb/v8-m.main/nofp\libcr_c.a(scanf.o)
 .text._strtoul
                0x00005818       0xb4 C:/nxp/MCUXpressoIDE_24.12.148/ide/plugins/com.nxp.mcuxpresso.tools.win32_24.12.0.202407110909/tools/bin/../lib/gcc/arm-none-eabi/13.2.1/../../../../arm-none-eabi/lib/thumb/v8-m.main/nofp\libcr_c.a(scanf.o)
 .text.cr_rd_int
                0x000058cc      0x1a0 C:/nxp/MCUXpressoIDE_24.12.148/ide/plugins/com.nxp.mcuxpresso.tools.win32_24.12.0.202407110909/tools/bin/../lib/gcc/arm-none-eabi/13.2.1/../../../../arm-none-eabi/lib/thumb/v8-m.main/nofp\libcr_c.a(scanf.o)
 .text.strtod   0x00005a6c       0x34 C:/nxp/MCUXpressoIDE_24.12.148/ide/plugins/com.nxp.mcuxpresso.tools.win32_24.12.0.202407110909/tools/bin/../lib/gcc/arm-none-eabi/13.2.1/../../../../arm-none-eabi/lib/thumb/v8-m.main/nofp\libcr_c.a(scanf.o)
                0x00005a6c                strtod
 .text.strtol   0x00005aa0       0x80 C:/nxp/MCUXpressoIDE_24.12.148/ide/plugins/com.nxp.mcuxpresso.tools.win32_24.12.0.202407110909/tools/bin/../lib/gcc/arm-none-eabi/13.2.1/../../../../arm-none-eabi/lib/thumb/v8-m.main/nofp\libcr_c.a(scanf.o)
                0x00005aa0                strtol
 .text.atof     0x00005b20       0x14 C:/nxp/MCUXpressoIDE_24.12.148/ide/plugins/com.nxp.mcuxpresso.tools.win32_24.12.0.202407110909/tools/bin/../lib/gcc/arm-none-eabi/13.2.1/../../../../arm-none-eabi/lib/thumb/v8-m.main/nofp\libcr_c.a(scanf.o)
                0x00005b20                atof
 .text.atoi     0x00005b34       0x18 C:/nxp/MCUXpressoIDE_24.12.148/ide/plugins/com.nxp.mcuxpresso.tools.win32_24.12.0.202407110909/tools/bin/../lib/gcc/arm-none-eabi/13.2.1/../../../../arm-none-eabi/lib/thumb/v8-m.main/nofp\libcr_c.a(scanf.o)
                0x00005b34                atoi
 .text.__filbuf
                0x00005b4c      0x178 C:/nxp/MCUXpressoIDE_24.12.148/ide/plugins/com.nxp.mcuxpresso.tools.win32_24.12.0.202407110909/tools/bin/../lib/gcc/arm-none-eabi/13.2.1/../../../../arm-none-eabi/lib/thumb/v8-m.main/nofp\libcr_c.a(__fillbuf.o)
                0x00005b4c                __filbuf
 .text._ldexpl  0x00005cc4       0x48 C:/nxp/MCUXpressoIDE_24.12.148/ide/plugins/com.nxp.mcuxpresso.tools.win32_24.12.0.202407110909/tools/bin/../lib/gcc/arm-none-eabi/13.2.1/../../../../arm-none-eabi/lib/thumb/v8-m.main/nofp\libcr_c.a(_ldexpl.o)
                0x00005cc4                _ldexpl
 .text._Cwritebuf
                0x00005d0c       0x6c C:/nxp/MCUXpressoIDE_24.12.148/ide/plugins/com.nxp.mcuxpresso.tools.win32_24.12.0.202407110909/tools/bin/../lib/gcc/arm-none-eabi/13.2.1/../../../../arm-none-eabi/lib/thumb/v8-m.main/nofp\libcr_c.a(_writebuf.o)
                0x00005d0c                _Cwritebuf
 .text.malloc   0x00005d78       0xc8 C:/nxp/MCUXpressoIDE_24.12.148/ide/plugins/com.nxp.mcuxpresso.tools.win32_24.12.0.202407110909/tools/bin/../lib/gcc/arm-none-eabi/13.2.1/../../../../arm-none-eabi/lib/thumb/v8-m.main/nofp\libcr_c.a(alloc.o)
                0x00005d78                malloc
 .text._Csys_alloc
                0x00005e40       0x20 C:/nxp/MCUXpressoIDE_24.12.148/ide/plugins/com.nxp.mcuxpresso.tools.win32_24.12.0.202407110909/tools/bin/../lib/gcc/arm-none-eabi/13.2.1/../../../../arm-none-eabi/lib/thumb/v8-m.main/nofp\libcr_c.a(alloc.o)
                0x00005e40                _Csys_alloc
 .text.fflush   0x00005e60       0x3c C:/nxp/MCUXpressoIDE_24.12.148/ide/plugins/com.nxp.mcuxpresso.tools.win32_24.12.0.202407110909/tools/bin/../lib/gcc/arm-none-eabi/13.2.1/../../../../arm-none-eabi/lib/thumb/v8-m.main/nofp\libcr_c.a(fflush.o)
                0x00005e60                fflush
 .text.fseek    0x00005e9c       0xf8 C:/nxp/MCUXpressoIDE_24.12.148/ide/plugins/com.nxp.mcuxpresso.tools.win32_24.12.0.202407110909/tools/bin/../lib/gcc/arm-none-eabi/13.2.1/../../../../arm-none-eabi/lib/thumb/v8-m.main/nofp\libcr_c.a(fseek.o)
                0x00005e9c                fseek
 .text.ftell    0x00005f94       0x44 C:/nxp/MCUXpressoIDE_24.12.148/ide/plugins/com.nxp.mcuxpresso.tools.win32_24.12.0.202407110909/tools/bin/../lib/gcc/arm-none-eabi/13.2.1/../../../../arm-none-eabi/lib/thumb/v8-m.main/nofp\libcr_c.a(ftell.o)
                0x00005f94                ftell
 .text._sbrk    0x00005fd8       0x3c C:/nxp/MCUXpressoIDE_24.12.148/ide/plugins/com.nxp.mcuxpresso.tools.win32_24.12.0.202407110909/tools/bin/../lib/gcc/arm-none-eabi/13.2.1/../../../../arm-none-eabi/lib/thumb/v8-m.main/nofp\libcr_c.a(_cr_sbrk.o)
                0x00005fd8                _sbrk
 .text.__check_heap_overflow
                0x00006014       0x18 C:/nxp/MCUXpressoIDE_24.12.148/ide/plugins/com.nxp.mcuxpresso.tools.win32_24.12.0.202407110909/tools/bin/../lib/gcc/arm-none-eabi/13.2.1/../../../../arm-none-eabi/lib/thumb/v8-m.main/nofp\libcr_c.a(_cr_check_heap.o)
                0x00006014                __check_heap_overflow
 .text.__aeabi_dmul
                0x0000602c       0xfc C:/nxp/MCUXpressoIDE_24.12.148/ide/plugins/com.nxp.mcuxpresso.tools.win32_24.12.0.202407110909/tools/bin/../lib/gcc/arm-none-eabi/13.2.1/thumb/v8-m.main/nofp\libcr_eabihelpers.a(double.o)
                0x0000602c                __aeabi_dmul
 .text.__aeabi_ddiv
                0x00006128      0x134 C:/nxp/MCUXpressoIDE_24.12.148/ide/plugins/com.nxp.mcuxpresso.tools.win32_24.12.0.202407110909/tools/bin/../lib/gcc/arm-none-eabi/13.2.1/thumb/v8-m.main/nofp\libcr_eabihelpers.a(double.o)
                0x00006128                __aeabi_ddiv
 .text.__aeabi_dsub
                0x0000625c      0x1b4 C:/nxp/MCUXpressoIDE_24.12.148/ide/plugins/com.nxp.mcuxpresso.tools.win32_24.12.0.202407110909/tools/bin/../lib/gcc/arm-none-eabi/13.2.1/thumb/v8-m.main/nofp\libcr_eabihelpers.a(double.o)
                0x0000625c                __aeabi_dsub
 .text.__aeabi_dadd
                0x00006410      0x118 C:/nxp/MCUXpressoIDE_24.12.148/ide/plugins/com.nxp.mcuxpresso.tools.win32_24.12.0.202407110909/tools/bin/../lib/gcc/arm-none-eabi/13.2.1/thumb/v8-m.main/nofp\libcr_eabihelpers.a(double.o)
                0x00006410                __aeabi_dadd
 .text.__aeabi_d2f
                0x00006528       0x58 C:/nxp/MCUXpressoIDE_24.12.148/ide/plugins/com.nxp.mcuxpresso.tools.win32_24.12.0.202407110909/tools/bin/../lib/gcc/arm-none-eabi/13.2.1/thumb/v8-m.main/nofp\libcr_eabihelpers.a(double.o)
                0x00006528                __aeabi_d2f
 .text.__sys_appexit
                0x00006580        0xc C:/nxp/MCUXpressoIDE_24.12.148/ide/plugins/com.nxp.mcuxpresso.tools.win32_24.12.0.202407110909/tools/bin/../lib/gcc/arm-none-eabi/13.2.1/../../../../arm-none-eabi/lib/thumb/v8-m.main/nofp\libcr_semihost_nf.a(__sys_appexit.o)
                0x00006580                __sys_appexit
                0x00006580                __exit
 .text.Reserved16_IRQHandler
                0x0000658c        0x8 ./startup/startup_mcxa153.o
                0x0000658c                Reserved16_IRQHandler
 .text.CMC_IRQHandler
                0x00006594        0x8 ./startup/startup_mcxa153.o
                0x00006594                CMC_IRQHandler
 .text.DMA_CH0_IRQHandler
                0x0000659c        0x8 ./startup/startup_mcxa153.o
                0x0000659c                DMA_CH0_IRQHandler
 .text.DMA_CH1_IRQHandler
                0x000065a4        0x8 ./startup/startup_mcxa153.o
                0x000065a4                DMA_CH1_IRQHandler
 .text.DMA_CH2_IRQHandler
                0x000065ac        0x8 ./startup/startup_mcxa153.o
                0x000065ac                DMA_CH2_IRQHandler
 .text.DMA_CH3_IRQHandler
                0x000065b4        0x8 ./startup/startup_mcxa153.o
                0x000065b4                DMA_CH3_IRQHandler
 .text.Reserved22_IRQHandler
                0x000065bc        0x8 ./startup/startup_mcxa153.o
                0x000065bc                Reserved22_IRQHandler
 .text.Reserved23_IRQHandler
                0x000065c4        0x8 ./startup/startup_mcxa153.o
                0x000065c4                Reserved23_IRQHandler
 .text.Reserved24_IRQHandler
                0x000065cc        0x8 ./startup/startup_mcxa153.o
                0x000065cc                Reserved24_IRQHandler
 .text.Reserved25_IRQHandler
                0x000065d4        0x8 ./startup/startup_mcxa153.o
                0x000065d4                Reserved25_IRQHandler
 .text.ERM0_SINGLE_BIT_IRQHandler
                0x000065dc        0x8 ./startup/startup_mcxa153.o
                0x000065dc                ERM0_SINGLE_BIT_IRQHandler
 .text.ERM0_MULTI_BIT_IRQHandler
                0x000065e4        0x8 ./startup/startup_mcxa153.o
                0x000065e4                ERM0_MULTI_BIT_IRQHandler
 .text.FMU0_IRQHandler
                0x000065ec        0x8 ./startup/startup_mcxa153.o
                0x000065ec                FMU0_IRQHandler
 .text.GLIKEY0_IRQHandler
                0x000065f4        0x8 ./startup/startup_mcxa153.o
                0x000065f4                GLIKEY0_IRQHandler
 .text.MBC0_IRQHandler
                0x000065fc        0x8 ./startup/startup_mcxa153.o
                0x000065fc                MBC0_IRQHandler
 .text.SCG0_IRQHandler
                0x00006604        0x8 ./startup/startup_mcxa153.o
                0x00006604                SCG0_IRQHandler
 .text.SPC0_IRQHandler
                0x0000660c        0x8 ./startup/startup_mcxa153.o
                0x0000660c                SPC0_IRQHandler
 .text.Reserved33_IRQHandler
                0x00006614        0x8 ./startup/startup_mcxa153.o
                0x00006614                Reserved33_IRQHandler
 .text.WUU0_IRQHandler
                0x0000661c        0x8 ./startup/startup_mcxa153.o
                0x0000661c                WUU0_IRQHandler
 .text.Reserved35_IRQHandler
                0x00006624        0x8 ./startup/startup_mcxa153.o
                0x00006624                Reserved35_IRQHandler
 .text.Reserved36_IRQHandler
                0x0000662c        0x8 ./startup/startup_mcxa153.o
                0x0000662c                Reserved36_IRQHandler
 .text.Reserved37_IRQHandler
                0x00006634        0x8 ./startup/startup_mcxa153.o
                0x00006634                Reserved37_IRQHandler
 .text.Reserved38_IRQHandler
                0x0000663c        0x8 ./startup/startup_mcxa153.o
                0x0000663c                Reserved38_IRQHandler
 .text.Reserved39_IRQHandler
                0x00006644        0x8 ./startup/startup_mcxa153.o
                0x00006644                Reserved39_IRQHandler
 .text.I3C0_IRQHandler
                0x0000664c        0x8 ./startup/startup_mcxa153.o
                0x0000664c                I3C0_IRQHandler
 .text.Reserved41_IRQHandler
                0x00006654        0x8 ./startup/startup_mcxa153.o
                0x00006654                Reserved41_IRQHandler
 .text.LPI2C0_IRQHandler
                0x0000665c        0x8 ./startup/startup_mcxa153.o
                0x0000665c                LPI2C0_IRQHandler
 .text.Reserved43_IRQHandler
                0x00006664        0x8 ./startup/startup_mcxa153.o
                0x00006664                Reserved43_IRQHandler
 .text.LPSPI0_IRQHandler
                0x0000666c        0x8 ./startup/startup_mcxa153.o
                0x0000666c                LPSPI0_IRQHandler
 .text.LPSPI1_IRQHandler
                0x00006674        0x8 ./startup/startup_mcxa153.o
                0x00006674                LPSPI1_IRQHandler
 .text.Reserved46_IRQHandler
                0x0000667c        0x8 ./startup/startup_mcxa153.o
                0x0000667c                Reserved46_IRQHandler
 .text.LPUART1_IRQHandler
                0x00006684        0x8 ./startup/startup_mcxa153.o
                0x00006684                LPUART1_IRQHandler
 .text.Reserved50_IRQHandler
                0x0000668c        0x8 ./startup/startup_mcxa153.o
                0x0000668c                Reserved50_IRQHandler
 .text.Reserved51_IRQHandler
                0x00006694        0x8 ./startup/startup_mcxa153.o
                0x00006694                Reserved51_IRQHandler
 .text.USB0_IRQHandler
                0x0000669c        0x8 ./startup/startup_mcxa153.o
                0x0000669c                USB0_IRQHandler
 .text.Reserved53_IRQHandler
                0x000066a4        0x8 ./startup/startup_mcxa153.o
                0x000066a4                Reserved53_IRQHandler
 .text.CDOG0_IRQHandler
                0x000066ac        0x8 ./startup/startup_mcxa153.o
                0x000066ac                CDOG0_IRQHandler
 .text.CTIMER0_IRQHandler
                0x000066b4        0x8 ./startup/startup_mcxa153.o
                0x000066b4                CTIMER0_IRQHandler
 .text.CTIMER1_IRQHandler
                0x000066bc        0x8 ./startup/startup_mcxa153.o
                0x000066bc                CTIMER1_IRQHandler
 .text.CTIMER2_IRQHandler
                0x000066c4        0x8 ./startup/startup_mcxa153.o
                0x000066c4                CTIMER2_IRQHandler
 .text.Reserved58_IRQHandler
                0x000066cc        0x8 ./startup/startup_mcxa153.o
                0x000066cc                Reserved58_IRQHandler
 .text.Reserved59_IRQHandler
                0x000066d4        0x8 ./startup/startup_mcxa153.o
                0x000066d4                Reserved59_IRQHandler
 .text.FLEXPWM0_RELOAD_ERROR_IRQHandler
                0x000066dc        0x8 ./startup/startup_mcxa153.o
                0x000066dc                FLEXPWM0_RELOAD_ERROR_IRQHandler
 .text.FLEXPWM0_FAULT_IRQHandler
                0x000066e4        0x8 ./startup/startup_mcxa153.o
                0x000066e4                FLEXPWM0_FAULT_IRQHandler
 .text.FLEXPWM0_SUBMODULE0_IRQHandler
                0x000066ec        0x8 ./startup/startup_mcxa153.o
                0x000066ec                FLEXPWM0_SUBMODULE0_IRQHandler
 .text.FLEXPWM0_SUBMODULE1_IRQHandler
                0x000066f4        0x8 ./startup/startup_mcxa153.o
                0x000066f4                FLEXPWM0_SUBMODULE1_IRQHandler
 .text.FLEXPWM0_SUBMODULE2_IRQHandler
                0x000066fc        0x8 ./startup/startup_mcxa153.o
                0x000066fc                FLEXPWM0_SUBMODULE2_IRQHandler
 .text.Reserved65_IRQHandler
                0x00006704        0x8 ./startup/startup_mcxa153.o
                0x00006704                Reserved65_IRQHandler
 .text.QDC0_COMPARE_IRQHandler
                0x0000670c        0x8 ./startup/startup_mcxa153.o
                0x0000670c                QDC0_COMPARE_IRQHandler
 .text.QDC0_HOME_IRQHandler
                0x00006714        0x8 ./startup/startup_mcxa153.o
                0x00006714                QDC0_HOME_IRQHandler
 .text.QDC0_WATCHDOG_IRQHandler
                0x0000671c        0x8 ./startup/startup_mcxa153.o
                0x0000671c                QDC0_WATCHDOG_IRQHandler
 .text.QDC0_INDEX_IRQHandler
                0x00006724        0x8 ./startup/startup_mcxa153.o
                0x00006724                QDC0_INDEX_IRQHandler
 .text.FREQME0_IRQHandler
                0x0000672c        0x8 ./startup/startup_mcxa153.o
                0x0000672c                FREQME0_IRQHandler
 .text.LPTMR0_IRQHandler
                0x00006734        0x8 ./startup/startup_mcxa153.o
                0x00006734                LPTMR0_IRQHandler
 .text.Reserved72_IRQHandler
                0x0000673c        0x8 ./startup/startup_mcxa153.o
                0x0000673c                Reserved72_IRQHandler
 .text.OS_EVENT_IRQHandler
                0x00006744        0x8 ./startup/startup_mcxa153.o
                0x00006744                OS_EVENT_IRQHandler
 .text.WAKETIMER0_IRQHandler
                0x0000674c        0x8 ./startup/startup_mcxa153.o
                0x0000674c                WAKETIMER0_IRQHandler
 .text.UTICK0_IRQHandler
                0x00006754        0x8 ./startup/startup_mcxa153.o
                0x00006754                UTICK0_IRQHandler
 .text.WWDT0_IRQHandler
                0x0000675c        0x8 ./startup/startup_mcxa153.o
                0x0000675c                WWDT0_IRQHandler
 .text.Reserved77_IRQHandler
                0x00006764        0x8 ./startup/startup_mcxa153.o
                0x00006764                Reserved77_IRQHandler
 .text.ADC0_IRQHandler
                0x0000676c        0x8 ./startup/startup_mcxa153.o
                0x0000676c                ADC0_IRQHandler
 .text.Reserved79_IRQHandler
                0x00006774        0x8 ./startup/startup_mcxa153.o
                0x00006774                Reserved79_IRQHandler
 .text.CMP0_IRQHandler
                0x0000677c        0x8 ./startup/startup_mcxa153.o
                0x0000677c                CMP0_IRQHandler
 .text.CMP1_IRQHandler
                0x00006784        0x8 ./startup/startup_mcxa153.o
                0x00006784                CMP1_IRQHandler
 .text.Reserved82_IRQHandler
                0x0000678c        0x8 ./startup/startup_mcxa153.o
                0x0000678c                Reserved82_IRQHandler
 .text.Reserved83_IRQHandler
                0x00006794        0x8 ./startup/startup_mcxa153.o
                0x00006794                Reserved83_IRQHandler
 .text.Reserved84_IRQHandler
                0x0000679c        0x8 ./startup/startup_mcxa153.o
                0x0000679c                Reserved84_IRQHandler
 .text.Reserved85_IRQHandler
                0x000067a4        0x8 ./startup/startup_mcxa153.o
                0x000067a4                Reserved85_IRQHandler
 .text.Reserved86_IRQHandler
                0x000067ac        0x8 ./startup/startup_mcxa153.o
                0x000067ac                Reserved86_IRQHandler
 .text.GPIO0_IRQHandler
                0x000067b4        0x8 ./startup/startup_mcxa153.o
                0x000067b4                GPIO0_IRQHandler
 .text.strsep   0x000067bc       0x50 ./source/utils/GPS.o
                0x000067bc                strsep
 .text.GPSCalculateDirections
                0x0000680c       0x86 ./source/utils/GPS.o
                0x0000680c                GPSCalculateDirections
 .text.determineLongitudeDirection
                0x00006892       0x2e ./source/utils/GPS.o
                0x00006892                determineLongitudeDirection
 .text.determineLatitudeDirection
                0x000068c0       0x2e ./source/utils/GPS.o
                0x000068c0                determineLatitudeDirection
 .text.ld_word  0x000068ee       0x30 ./source/fatFs/ff.o
 .text.ld_dword
                0x0000691e       0x44 ./source/fatFs/ff.o
 .text.st_word  0x00006962       0x34 ./source/fatFs/ff.o
 .text.st_dword
                0x00006996       0x56 ./source/fatFs/ff.o
 .text.dbc_1st  0x000069ec       0x3e ./source/fatFs/ff.o
 .text.dbc_2nd  0x00006a2a       0x52 ./source/fatFs/ff.o
 .text.sync_window
                0x00006a7c       0x78 ./source/fatFs/ff.o
 .text.move_window
                0x00006af4       0x5a ./source/fatFs/ff.o
 .text.clst2sect
                0x00006b4e       0x3c ./source/fatFs/ff.o
 .text.get_fat  0x00006b8a      0x14e ./source/fatFs/ff.o
 .text.put_fat  0x00006cd8      0x1d4 ./source/fatFs/ff.o
 .text.remove_chain
                0x00006eac       0xca ./source/fatFs/ff.o
 .text.create_chain
                0x00006f76      0x1aa ./source/fatFs/ff.o
 .text.dir_clear
                0x00007120       0x90 ./source/fatFs/ff.o
 .text.dir_sdi  0x000071b0       0xf6 ./source/fatFs/ff.o
 .text.dir_next
                0x000072a6      0x12c ./source/fatFs/ff.o
 .text.dir_alloc
                0x000073d2       0x8e ./source/fatFs/ff.o
 .text.ld_clust
                0x00007460       0x3e ./source/fatFs/ff.o
 .text.st_clust
                0x0000749e       0x40 ./source/fatFs/ff.o
 .text.dir_find
                0x000074de       0xaa ./source/fatFs/ff.o
 .text.dir_register
                0x00007588       0x64 ./source/fatFs/ff.o
 .text.follow_path
                0x000075ec      0x11c ./source/fatFs/ff.o
 .text.find_volume
                0x00007708       0xbe ./source/fatFs/ff.o
 .text.validate
                0x000077c6       0x6a ./source/fatFs/ff.o
 .text.f_read   0x00007830      0x21a ./source/fatFs/ff.o
                0x00007830                f_read
 .text.f_write  0x00007a4a      0x2ba ./source/fatFs/ff.o
                0x00007a4a                f_write
 .text.f_close  0x00007d04       0x40 ./source/fatFs/ff.o
                0x00007d04                f_close
 .text.putc_bfd
                0x00007d44       0x70 ./source/fatFs/ff.o
 .text.putc_flush
                0x00007db4       0x4a ./source/fatFs/ff.o
 .text.putc_init
                0x00007dfe       0x22 ./source/fatFs/ff.o
 .text.dly_us   0x00007e20       0x32 ./source/fatFs/sdmm.o
                0x00007e20                dly_us
 .text.wait_ready
                0x00007e52       0x48 ./source/fatFs/sdmm.o
 .text.rcvr_datablock
                0x00007e9a       0x62 ./source/fatFs/sdmm.o
 .text.xmit_datablock
                0x00007efc       0x6a ./source/fatFs/sdmm.o
 .text.send_cmd
                0x00007f66       0xda ./source/fatFs/sdmm.o
 .text.disk_ioctl
                0x00008040      0x116 ./source/fatFs/sdmm.o
                0x00008040                disk_ioctl
 .text.f_init   0x00008156       0x4a ./source/fifo.o
                0x00008156                f_init
 .text.f_push   0x000081a0       0x6a ./source/fifo.o
                0x000081a0                f_push
 .text.f_pop    0x0000820a       0x66 ./source/fifo.o
                0x0000820a                f_pop
 .text.f_cnt    0x00008270       0x16 ./source/fifo.o
                0x00008270                f_cnt
 .text.__sys_write
                0x00008286       0x56 ./source/retarget.o
                0x00008286                __sys_write
 .text.__sys_readc
                0x000082dc        0xe ./source/retarget.o
                0x000082dc                __sys_readc
 .text.HardFault_Handler
                0x000082ea       0x36 ./source/semihost_hardfault.o
                0x000082ea                HardFault_Handler
 .text.SystemInitHook
                0x00008320        0xc ./device/system_MCXA153.o
                0x00008320                SystemInitHook
 .text.__main   0x0000832c        0xe C:/nxp/MCUXpressoIDE_24.12.148/ide/plugins/com.nxp.mcuxpresso.tools.win32_24.12.0.202407110909/tools/bin/../lib/gcc/arm-none-eabi/13.2.1/../../../../arm-none-eabi/lib/thumb/v8-m.main/nofp\libcr_semihost_nf.a(_cr__main.o)
                0x0000832c                __CR_SEMIHOST
                0x0000832c                __main
 .text.memcpy   0x0000833a        0x4 C:/nxp/MCUXpressoIDE_24.12.148/ide/plugins/com.nxp.mcuxpresso.tools.win32_24.12.0.202407110909/tools/bin/../lib/gcc/arm-none-eabi/13.2.1/../../../../arm-none-eabi/lib/thumb/v8-m.main/nofp\libcr_c.a(memcpy.o)
                0x0000833a                memcpy
 .text.memset   0x0000833e        0x4 C:/nxp/MCUXpressoIDE_24.12.148/ide/plugins/com.nxp.mcuxpresso.tools.win32_24.12.0.202407110909/tools/bin/../lib/gcc/arm-none-eabi/13.2.1/../../../../arm-none-eabi/lib/thumb/v8-m.main/nofp\libcr_c.a(memset.o)
                0x0000833e                memset
 .text.fabs     0x00008342       0x1c C:/nxp/MCUXpressoIDE_24.12.148/ide/plugins/com.nxp.mcuxpresso.tools.win32_24.12.0.202407110909/tools/bin/../lib/gcc/arm-none-eabi/13.2.1/../../../../arm-none-eabi/lib/thumb/v8-m.main/nofp\libcr_c.a(fabs.o)
                0x00008342                fabs
 .text.fp_round
                0x0000835e       0x4c C:/nxp/MCUXpressoIDE_24.12.148/ide/plugins/com.nxp.mcuxpresso.tools.win32_24.12.0.202407110909/tools/bin/../lib/gcc/arm-none-eabi/13.2.1/../../../../arm-none-eabi/lib/thumb/v8-m.main/nofp\libcr_c.a(fpprintf.o)
 .text.pr_dec.constprop.0
                0x000083aa       0x24 C:/nxp/MCUXpressoIDE_24.12.148/ide/plugins/com.nxp.mcuxpresso.tools.win32_24.12.0.202407110909/tools/bin/../lib/gcc/arm-none-eabi/13.2.1/../../../../arm-none-eabi/lib/thumb/v8-m.main/nofp\libcr_c.a(fpprintf.o)
 .text.memcmp   0x000083ce       0x42 C:/nxp/MCUXpressoIDE_24.12.148/ide/plugins/com.nxp.mcuxpresso.tools.win32_24.12.0.202407110909/tools/bin/../lib/gcc/arm-none-eabi/13.2.1/../../../../arm-none-eabi/lib/thumb/v8-m.main/nofp\libcr_c.a(memcmp.o)
                0x000083ce                memcmp
 .text.sscanf   0x00008410       0x3e C:/nxp/MCUXpressoIDE_24.12.148/ide/plugins/com.nxp.mcuxpresso.tools.win32_24.12.0.202407110909/tools/bin/../lib/gcc/arm-none-eabi/13.2.1/../../../../arm-none-eabi/lib/thumb/v8-m.main/nofp\libcr_c.a(scanf.o)
                0x00008410                sscanf
 .text.setvbuf  0x0000844e       0x3e C:/nxp/MCUXpressoIDE_24.12.148/ide/plugins/com.nxp.mcuxpresso.tools.win32_24.12.0.202407110909/tools/bin/../lib/gcc/arm-none-eabi/13.2.1/../../../../arm-none-eabi/lib/thumb/v8-m.main/nofp\libcr_c.a(setvbuf.o)
                0x0000844e                setvbuf
 .text.strchr   0x0000848c       0x18 C:/nxp/MCUXpressoIDE_24.12.148/ide/plugins/com.nxp.mcuxpresso.tools.win32_24.12.0.202407110909/tools/bin/../lib/gcc/arm-none-eabi/13.2.1/../../../../arm-none-eabi/lib/thumb/v8-m.main/nofp\libcr_c.a(strchr.o)
                0x0000848c                strchr
 .text.strcspn  0x000084a4       0x1e C:/nxp/MCUXpressoIDE_24.12.148/ide/plugins/com.nxp.mcuxpresso.tools.win32_24.12.0.202407110909/tools/bin/../lib/gcc/arm-none-eabi/13.2.1/../../../../arm-none-eabi/lib/thumb/v8-m.main/nofp\libcr_c.a(strcspn.o)
                0x000084a4                strcspn
 .text.strlen   0x000084c2       0x4e C:/nxp/MCUXpressoIDE_24.12.148/ide/plugins/com.nxp.mcuxpresso.tools.win32_24.12.0.202407110909/tools/bin/../lib/gcc/arm-none-eabi/13.2.1/../../../../arm-none-eabi/lib/thumb/v8-m.main/nofp\libcr_c.a(strlen.o)
                0x000084c2                strlen
 .text.strncat  0x00008510       0x28 C:/nxp/MCUXpressoIDE_24.12.148/ide/plugins/com.nxp.mcuxpresso.tools.win32_24.12.0.202407110909/tools/bin/../lib/gcc/arm-none-eabi/13.2.1/../../../../arm-none-eabi/lib/thumb/v8-m.main/nofp\libcr_c.a(strncat.o)
                0x00008510                strncat
 .text.strncmp  0x00008538       0x54 C:/nxp/MCUXpressoIDE_24.12.148/ide/plugins/com.nxp.mcuxpresso.tools.win32_24.12.0.202407110909/tools/bin/../lib/gcc/arm-none-eabi/13.2.1/../../../../arm-none-eabi/lib/thumb/v8-m.main/nofp\libcr_c.a(strncmp.o)
                0x00008538                strncmp
 .text.ungetc   0x0000858c       0x32 C:/nxp/MCUXpressoIDE_24.12.148/ide/plugins/com.nxp.mcuxpresso.tools.win32_24.12.0.202407110909/tools/bin/../lib/gcc/arm-none-eabi/13.2.1/../../../../arm-none-eabi/lib/thumb/v8-m.main/nofp\libcr_c.a(ungetc.o)
                0x0000858c                ungetc
 .text._Csys_read_
                0x000085be       0x22 C:/nxp/MCUXpressoIDE_24.12.148/ide/plugins/com.nxp.mcuxpresso.tools.win32_24.12.0.202407110909/tools/bin/../lib/gcc/arm-none-eabi/13.2.1/../../../../arm-none-eabi/lib/thumb/v8-m.main/nofp\libcr_c.a(__fillbuf.o)
                0x000085be                _Csys_read_
 .text._deferredlazyseek
                0x000085e0       0x40 C:/nxp/MCUXpressoIDE_24.12.148/ide/plugins/com.nxp.mcuxpresso.tools.win32_24.12.0.202407110909/tools/bin/../lib/gcc/arm-none-eabi/13.2.1/../../../../arm-none-eabi/lib/thumb/v8-m.main/nofp\libcr_c.a(_deferredlazyseek.o)
                0x000085e0                _deferredlazyseek
 .text.__flsbuf
                0x00008620      0x126 C:/nxp/MCUXpressoIDE_24.12.148/ide/plugins/com.nxp.mcuxpresso.tools.win32_24.12.0.202407110909/tools/bin/../lib/gcc/arm-none-eabi/13.2.1/../../../../arm-none-eabi/lib/thumb/v8-m.main/nofp\libcr_c.a(_deferredlazyseek.o)
                0x00008620                __flsbuf
 .text._fdopen  0x00008746       0x68 C:/nxp/MCUXpressoIDE_24.12.148/ide/plugins/com.nxp.mcuxpresso.tools.win32_24.12.0.202407110909/tools/bin/../lib/gcc/arm-none-eabi/13.2.1/../../../../arm-none-eabi/lib/thumb/v8-m.main/nofp\libcr_c.a(_fdopen.o)
                0x00008746                _fdopen
 .text._fflush  0x000087ae       0x52 C:/nxp/MCUXpressoIDE_24.12.148/ide/plugins/com.nxp.mcuxpresso.tools.win32_24.12.0.202407110909/tools/bin/../lib/gcc/arm-none-eabi/13.2.1/../../../../arm-none-eabi/lib/thumb/v8-m.main/nofp\libcr_c.a(_fflush.o)
                0x000087ae                _fflush
 .text._frexpl  0x00008800       0x5a C:/nxp/MCUXpressoIDE_24.12.148/ide/plugins/com.nxp.mcuxpresso.tools.win32_24.12.0.202407110909/tools/bin/../lib/gcc/arm-none-eabi/13.2.1/../../../../arm-none-eabi/lib/thumb/v8-m.main/nofp\libcr_c.a(_frexpl.o)
                0x00008800                _frexpl
 .text.free     0x0000885a       0x30 C:/nxp/MCUXpressoIDE_24.12.148/ide/plugins/com.nxp.mcuxpresso.tools.win32_24.12.0.202407110909/tools/bin/../lib/gcc/arm-none-eabi/13.2.1/../../../../arm-none-eabi/lib/thumb/v8-m.main/nofp\libcr_c.a(alloc.o)
                0x0000885a                free
 .text.fclose   0x0000888a       0x58 C:/nxp/MCUXpressoIDE_24.12.148/ide/plugins/com.nxp.mcuxpresso.tools.win32_24.12.0.202407110909/tools/bin/../lib/gcc/arm-none-eabi/13.2.1/../../../../arm-none-eabi/lib/thumb/v8-m.main/nofp\libcr_c.a(fclose.o)
                0x0000888a                fclose
 .text.remove   0x000088e2       0x14 C:/nxp/MCUXpressoIDE_24.12.148/ide/plugins/com.nxp.mcuxpresso.tools.win32_24.12.0.202407110909/tools/bin/../lib/gcc/arm-none-eabi/13.2.1/../../../../arm-none-eabi/lib/thumb/v8-m.main/nofp\libcr_c.a(remove.o)
                0x000088e2                remove
 .text._do_fflush
                0x000088f6       0x40 C:/nxp/MCUXpressoIDE_24.12.148/ide/plugins/com.nxp.mcuxpresso.tools.win32_24.12.0.202407110909/tools/bin/../lib/gcc/arm-none-eabi/13.2.1/../../../../arm-none-eabi/lib/thumb/v8-m.main/nofp\libcr_c.a(_do_fflush.o)
                0x000088f6                _do_fflush
 .text.__aeabi_division_uldivmod
                0x00008936      0x174 C:/nxp/MCUXpressoIDE_24.12.148/ide/plugins/com.nxp.mcuxpresso.tools.win32_24.12.0.202407110909/tools/bin/../lib/gcc/arm-none-eabi/13.2.1/thumb/v8-m.main/nofp\libcr_eabihelpers.a(division_64.o)
                0x00008936                __aeabi_uldivmod
                0x0000893a                __bhs_ldivmod1
 .text.__aeabi_division_idiv0
                0x00008aaa        0x2 C:/nxp/MCUXpressoIDE_24.12.148/ide/plugins/com.nxp.mcuxpresso.tools.win32_24.12.0.202407110909/tools/bin/../lib/gcc/arm-none-eabi/13.2.1/thumb/v8-m.main/nofp\libcr_eabihelpers.a(division_idiv0.o)
                0x00008aaa                __aeabi_idiv0
 .text.__aeabi_d2iz
                0x00008aac       0x42 C:/nxp/MCUXpressoIDE_24.12.148/ide/plugins/com.nxp.mcuxpresso.tools.win32_24.12.0.202407110909/tools/bin/../lib/gcc/arm-none-eabi/13.2.1/thumb/v8-m.main/nofp\libcr_eabihelpers.a(double.o)
                0x00008aac                __aeabi_d2iz
 .text.__bhs_ui2d
                0x00008aee       0x46 C:/nxp/MCUXpressoIDE_24.12.148/ide/plugins/com.nxp.mcuxpresso.tools.win32_24.12.0.202407110909/tools/bin/../lib/gcc/arm-none-eabi/13.2.1/thumb/v8-m.main/nofp\libcr_eabihelpers.a(double.o)
                0x00008aee                __bhs_ui2d
 .text.__aeabi_i2d
                0x00008b34       0x10 C:/nxp/MCUXpressoIDE_24.12.148/ide/plugins/com.nxp.mcuxpresso.tools.win32_24.12.0.202407110909/tools/bin/../lib/gcc/arm-none-eabi/13.2.1/thumb/v8-m.main/nofp\libcr_eabihelpers.a(double.o)
                0x00008b34                __aeabi_i2d
 .text.__aeabi_dcmpeq
                0x00008b44       0x30 C:/nxp/MCUXpressoIDE_24.12.148/ide/plugins/com.nxp.mcuxpresso.tools.win32_24.12.0.202407110909/tools/bin/../lib/gcc/arm-none-eabi/13.2.1/thumb/v8-m.main/nofp\libcr_eabihelpers.a(double.o)
                0x00008b44                __aeabi_dcmpeq
 .text.__aeabi_dcmplt
                0x00008b74       0x56 C:/nxp/MCUXpressoIDE_24.12.148/ide/plugins/com.nxp.mcuxpresso.tools.win32_24.12.0.202407110909/tools/bin/../lib/gcc/arm-none-eabi/13.2.1/thumb/v8-m.main/nofp\libcr_eabihelpers.a(double.o)
                0x00008b74                __aeabi_dcmplt
 .text.__aeabi_dcmpgt
                0x00008bca       0x56 C:/nxp/MCUXpressoIDE_24.12.148/ide/plugins/com.nxp.mcuxpresso.tools.win32_24.12.0.202407110909/tools/bin/../lib/gcc/arm-none-eabi/13.2.1/thumb/v8-m.main/nofp\libcr_eabihelpers.a(double.o)
                0x00008bca                __aeabi_dcmpgt
 .text.__aeabi_dcmple
                0x00008c20       0x54 C:/nxp/MCUXpressoIDE_24.12.148/ide/plugins/com.nxp.mcuxpresso.tools.win32_24.12.0.202407110909/tools/bin/../lib/gcc/arm-none-eabi/13.2.1/thumb/v8-m.main/nofp\libcr_eabihelpers.a(double.o)
                0x00008c20                __aeabi_dcmple
 .text.__aeabi_dcmpge
                0x00008c74       0x5a C:/nxp/MCUXpressoIDE_24.12.148/ide/plugins/com.nxp.mcuxpresso.tools.win32_24.12.0.202407110909/tools/bin/../lib/gcc/arm-none-eabi/13.2.1/thumb/v8-m.main/nofp\libcr_eabihelpers.a(double.o)
                0x00008c74                __aeabi_dcmpge
 .text.__aeabi_memcpy
                0x00008cce       0x34 C:/nxp/MCUXpressoIDE_24.12.148/ide/plugins/com.nxp.mcuxpresso.tools.win32_24.12.0.202407110909/tools/bin/../lib/gcc/arm-none-eabi/13.2.1/thumb/v8-m.main/nofp\libcr_eabihelpers.a(memcpy.o)
                0x00008cce                __aeabi_memcpy
                0x00008cd8                __aeabi_memcpy8
                0x00008cd8                __aeabi_memcpy4
 .text.__aeabi_memset_lowlevel
                0x00008d02       0x32 C:/nxp/MCUXpressoIDE_24.12.148/ide/plugins/com.nxp.mcuxpresso.tools.win32_24.12.0.202407110909/tools/bin/../lib/gcc/arm-none-eabi/13.2.1/thumb/v8-m.main/nofp\libcr_eabihelpers.a(memcpy.o)
                0x00008d02                __aeabi_lowlevel_memset
 .text.__sys_close
                0x00008d34        0xc C:/nxp/MCUXpressoIDE_24.12.148/ide/plugins/com.nxp.mcuxpresso.tools.win32_24.12.0.202407110909/tools/bin/../lib/gcc/arm-none-eabi/13.2.1/../../../../arm-none-eabi/lib/thumb/v8-m.main/nofp\libcr_semihost_nf.a(__sys_close.o)
                0x00008d34                __sys_close
 .text.__sys_flen
                0x00008d40        0xc C:/nxp/MCUXpressoIDE_24.12.148/ide/plugins/com.nxp.mcuxpresso.tools.win32_24.12.0.202407110909/tools/bin/../lib/gcc/arm-none-eabi/13.2.1/../../../../arm-none-eabi/lib/thumb/v8-m.main/nofp\libcr_semihost_nf.a(__sys_flen.o)
                0x00008d40                __sys_flen
 .text.__sys_istty
                0x00008d4c        0xc C:/nxp/MCUXpressoIDE_24.12.148/ide/plugins/com.nxp.mcuxpresso.tools.win32_24.12.0.202407110909/tools/bin/../lib/gcc/arm-none-eabi/13.2.1/../../../../arm-none-eabi/lib/thumb/v8-m.main/nofp\libcr_semihost_nf.a(__sys_istty.o)
                0x00008d4c                __sys_istty
 .text.__sys_read
                0x00008d58        0xc C:/nxp/MCUXpressoIDE_24.12.148/ide/plugins/com.nxp.mcuxpresso.tools.win32_24.12.0.202407110909/tools/bin/../lib/gcc/arm-none-eabi/13.2.1/../../../../arm-none-eabi/lib/thumb/v8-m.main/nofp\libcr_semihost_nf.a(__sys_read.o)
                0x00008d58                __sys_read
 .text.__sys_remove
                0x00008d64        0xc C:/nxp/MCUXpressoIDE_24.12.148/ide/plugins/com.nxp.mcuxpresso.tools.win32_24.12.0.202407110909/tools/bin/../lib/gcc/arm-none-eabi/13.2.1/../../../../arm-none-eabi/lib/thumb/v8-m.main/nofp\libcr_semihost_nf.a(__sys_remove.o)
                0x00008d64                __sys_remove
 .text.__sys_seek
                0x00008d70        0xc C:/nxp/MCUXpressoIDE_24.12.148/ide/plugins/com.nxp.mcuxpresso.tools.win32_24.12.0.202407110909/tools/bin/../lib/gcc/arm-none-eabi/13.2.1/../../../../arm-none-eabi/lib/thumb/v8-m.main/nofp\libcr_semihost_nf.a(__sys_seek.o)
                0x00008d70                __sys_seek
 .text.__sys_tmpnam
                0x00008d7c        0xc C:/nxp/MCUXpressoIDE_24.12.148/ide/plugins/com.nxp.mcuxpresso.tools.win32_24.12.0.202407110909/tools/bin/../lib/gcc/arm-none-eabi/13.2.1/../../../../arm-none-eabi/lib/thumb/v8-m.main/nofp\libcr_semihost_nf.a(__sys_tmpnam.o)
                0x00008d7c                __sys_tmpnam
 *(SORT_BY_ALIGNMENT(.rodata) SORT_BY_ALIGNMENT(.rodata.*) SORT_BY_ALIGNMENT(.constdata) SORT_BY_ALIGNMENT(.constdata.*))
 .rodata.GPS_updateData.str1.4
                0x00008d88       0xe3 ./source/utils/GPS.o
                                  0x7 (size before relaxing)
 .rodata.parseGNGGA.str1.4
                0x00008e6b        0x2 ./source/utils/GPS.o
 .rodata.Logger_updateData.str1.4
                0x00008e6b       0x28 ./source/utils/Logger.o
 .rodata.SD_Writeln.str1.4
                0x00008e6b        0x5 ./source/utils/SD.o
 .rodata.initGameControl.str1.4
                0x00008e6b        0xa ./source/games/game_control.o
 .rodata.checkGameStatus.str1.4
                0x00008e6b       0x1a ./source/games/game_control.o
 .rodata.initGPSLocationGame.str1.4
                0x00008e6b       0x4f ./source/games/gps_location.game.o
 .rodata.initGPSProximityGame.str1.4
                0x00008e6b       0x4f ./source/games/gps_proximity.game.o
 .rodata.create_name.str1.4
                0x00008e6b        0xf ./source/fatFs/ff.o
 .rodata.check_fs.str1.4
                0x00008e6b        0x9 ./source/fatFs/ff.o
 .rodata.ftoa.str1.4
                0x00008e6b        0xb ./source/fatFs/ff.o
 *fill*         0x00008e6b        0x1 ff
 .rodata.__num_Ciob_streams
                0x00008e6c        0x4 C:/nxp/MCUXpressoIDE_24.12.148/ide/plugins/com.nxp.mcuxpresso.tools.win32_24.12.0.202407110909/tools/bin/../lib/gcc/arm-none-eabi/13.2.1/../../../../arm-none-eabi/lib/thumb/v8-m.main/nofp\libcr_semihost_nf.a(__ciob.o)
                0x00008e6c                __num_Ciob_streams
 .rodata.fp_display.str1.1
                0x00008e70       0x87 C:/nxp/MCUXpressoIDE_24.12.148/ide/plugins/com.nxp.mcuxpresso.tools.win32_24.12.0.202407110909/tools/bin/../lib/gcc/arm-none-eabi/13.2.1/../../../../arm-none-eabi/lib/thumb/v8-m.main/nofp\libcr_c.a(fpprintf.o)
                                 0x35 (size before relaxing)
 .rodata._initio.str1.1
                0x00008ef7        0x4 C:/nxp/MCUXpressoIDE_24.12.148/ide/plugins/com.nxp.mcuxpresso.tools.win32_24.12.0.202407110909/tools/bin/../lib/gcc/arm-none-eabi/13.2.1/../../../../arm-none-eabi/lib/thumb/v8-m.main/nofp\libcr_c.a(initio.o)
 .rodata.__vfprintf.str1.1
                0x00008ef7       0x38 C:/nxp/MCUXpressoIDE_24.12.148/ide/plugins/com.nxp.mcuxpresso.tools.win32_24.12.0.202407110909/tools/bin/../lib/gcc/arm-none-eabi/13.2.1/../../../../arm-none-eabi/lib/thumb/v8-m.main/nofp\libcr_c.a(printf.o)
 .rodata.strtod.str1.1
                0x00008ef7        0x6 C:/nxp/MCUXpressoIDE_24.12.148/ide/plugins/com.nxp.mcuxpresso.tools.win32_24.12.0.202407110909/tools/bin/../lib/gcc/arm-none-eabi/13.2.1/../../../../arm-none-eabi/lib/thumb/v8-m.main/nofp\libcr_c.a(scanf.o)
 .rodata._Csys_alloc.str1.1
                0x00008ef7       0x18 C:/nxp/MCUXpressoIDE_24.12.148/ide/plugins/com.nxp.mcuxpresso.tools.win32_24.12.0.202407110909/tools/bin/../lib/gcc/arm-none-eabi/13.2.1/../../../../arm-none-eabi/lib/thumb/v8-m.main/nofp\libcr_c.a(alloc.o)
 .rodata.__ctype
                0x00008ef7      0x180 C:/nxp/MCUXpressoIDE_24.12.148/ide/plugins/com.nxp.mcuxpresso.tools.win32_24.12.0.202407110909/tools/bin/../lib/gcc/arm-none-eabi/13.2.1/../../../../arm-none-eabi/lib/thumb/v8-m.main/nofp\libcr_c.a(ctype.o)
                0x00008ef7                __ctype
                0x00009078                        . = ALIGN (0x4)
 *fill*         0x00009077        0x1 ff

.glue_7         0x00009078        0x0
 .glue_7        0x00009078        0x0 linker stubs

.glue_7t        0x00009078        0x0
 .glue_7t       0x00009078        0x0 linker stubs

.vfp11_veneer   0x00009078        0x0
 .vfp11_veneer  0x00009078        0x0 linker stubs

.v4_bx          0x00009078        0x0
 .v4_bx         0x00009078        0x0 linker stubs

.iplt           0x00009078        0x0
 .iplt          0x00009078        0x0 ./startup/startup_mcxa153.o

.rel.dyn        0x00009078        0x0
 .rel.iplt      0x00009078        0x0 ./startup/startup_mcxa153.o

.ARM.extab
 *(SORT_BY_ALIGNMENT(.ARM.extab*) SORT_BY_ALIGNMENT(.gnu.linkonce.armextab.*))

.ARM.exidx      0x00009078        0x0
                0x00009078                        __exidx_start = .
 *(SORT_BY_ALIGNMENT(.ARM.exidx*) SORT_BY_ALIGNMENT(.gnu.linkonce.armexidx.*))
                0x00009078                        __exidx_end = .
                0x00009078                        _etext = .

.data_RAM2      0x04000000        0x0 load address 0x00009078
 FILL mask 0xff
                [!provide]                        PROVIDE (__start_data_RAM2 = .)
                [!provide]                        PROVIDE (__start_data_SRAMX0 = .)
 *(SORT_BY_ALIGNMENT(.ramfunc.$RAM2))
 *(SORT_BY_ALIGNMENT(.ramfunc.$SRAMX0))
 *(SORT_BY_ALIGNMENT(.data.$RAM2))
 *(SORT_BY_ALIGNMENT(.data.$SRAMX0))
 *(SORT_BY_ALIGNMENT(.data.$RAM2.*))
 *(SORT_BY_ALIGNMENT(.data.$SRAMX0.*))
                0x04000000                        . = ALIGN (0x4)
                [!provide]                        PROVIDE (__end_data_RAM2 = .)
                [!provide]                        PROVIDE (__end_data_SRAMX0 = .)

.data_RAM3      0x04002000        0x0 load address 0x00009078
 FILL mask 0xff
                [!provide]                        PROVIDE (__start_data_RAM3 = .)
                [!provide]                        PROVIDE (__start_data_SRAMX1 = .)
 *(SORT_BY_ALIGNMENT(.ramfunc.$RAM3))
 *(SORT_BY_ALIGNMENT(.ramfunc.$SRAMX1))
 *(SORT_BY_ALIGNMENT(.data.$RAM3))
 *(SORT_BY_ALIGNMENT(.data.$SRAMX1))
 *(SORT_BY_ALIGNMENT(.data.$RAM3.*))
 *(SORT_BY_ALIGNMENT(.data.$SRAMX1.*))
                0x04002000                        . = ALIGN (0x4)
                [!provide]                        PROVIDE (__end_data_RAM3 = .)
                [!provide]                        PROVIDE (__end_data_SRAMX1 = .)

.uninit_RESERVED
                0x20000000        0x0
                0x20000000                        _start_uninit_RESERVED = .
 *(SORT_BY_ALIGNMENT(.bss.$RESERVED*))
                0x20000000                        . = ALIGN (0x4)
                0x20000000                        _end_uninit_RESERVED = .

.data           0x20000000       0x10 load address 0x00009078
 FILL mask 0xff
                0x20000000                        _data = .
                [!provide]                        PROVIDE (__start_data_RAM = .)
                [!provide]                        PROVIDE (__start_data_SRAM = .)
 *(SORT_BY_ALIGNMENT(vtable))
 *(SORT_BY_ALIGNMENT(.ramfunc*))
 *(SORT_BY_ALIGNMENT(CodeQuickAccess))
 *(SORT_BY_ALIGNMENT(DataQuickAccess))
 *(SORT_BY_ALIGNMENT(RamFunction))
 *(SORT_BY_ALIGNMENT(.data*))
 .data.noFixLoops
                0x20000000        0x4 ./source/utils/GPS.o
                0x20000000                noFixLoops
 .data.neginf.0
                0x20000004        0x4 C:/nxp/MCUXpressoIDE_24.12.148/ide/plugins/com.nxp.mcuxpresso.tools.win32_24.12.0.202407110909/tools/bin/../lib/gcc/arm-none-eabi/13.2.1/../../../../arm-none-eabi/lib/thumb/v8-m.main/nofp\libcr_c.a(scanf.o)
 .data.posinf.1
                0x20000008        0x4 C:/nxp/MCUXpressoIDE_24.12.148/ide/plugins/com.nxp.mcuxpresso.tools.win32_24.12.0.202407110909/tools/bin/../lib/gcc/arm-none-eabi/13.2.1/../../../../arm-none-eabi/lib/thumb/v8-m.main/nofp\libcr_c.a(scanf.o)
 .data.Stat     0x2000000c        0x1 ./source/fatFs/sdmm.o
                0x20000010                        . = ALIGN (0x4)
 *fill*         0x2000000d        0x3 ff
                0x20000010                        _edata = .
                [!provide]                        PROVIDE (__end_data_RAM = .)
                [!provide]                        PROVIDE (__end_data_SRAM = .)

.igot.plt       0x20000010        0x0 load address 0x00009088
 .igot.plt      0x20000010        0x0 ./startup/startup_mcxa153.o

.bss_RAM2       0x04000000        0x0
                [!provide]                        PROVIDE (__start_bss_RAM2 = .)
                [!provide]                        PROVIDE (__start_bss_SRAMX0 = .)
 *(SORT_BY_ALIGNMENT(.bss.$RAM2))
 *(SORT_BY_ALIGNMENT(.bss.$SRAMX0))
 *(SORT_BY_ALIGNMENT(.bss.$RAM2.*))
 *(SORT_BY_ALIGNMENT(.bss.$SRAMX0.*))
                0x04000000                        . = ALIGN ((. != 0x0)?0x4:0x1)
                [!provide]                        PROVIDE (__end_bss_RAM2 = .)
                [!provide]                        PROVIDE (__end_bss_SRAMX0 = .)

.bss_RAM3       0x04002000        0x0
                [!provide]                        PROVIDE (__start_bss_RAM3 = .)
                [!provide]                        PROVIDE (__start_bss_SRAMX1 = .)
 *(SORT_BY_ALIGNMENT(.bss.$RAM3))
 *(SORT_BY_ALIGNMENT(.bss.$SRAMX1))
 *(SORT_BY_ALIGNMENT(.bss.$RAM3.*))
 *(SORT_BY_ALIGNMENT(.bss.$SRAMX1.*))
                0x04002000                        . = ALIGN ((. != 0x0)?0x4:0x1)
                [!provide]                        PROVIDE (__end_bss_RAM3 = .)
                [!provide]                        PROVIDE (__end_bss_SRAMX1 = .)

.bss            0x20000010      0xb68
                0x20000010                        _bss = .
                [!provide]                        PROVIDE (__start_bss_RAM = .)
                [!provide]                        PROVIDE (__start_bss_SRAM = .)
 *(SORT_BY_ALIGNMENT(.bss*))
 .bss.currentLocation
                0x20000010       0x18 ./source/utils/GPS.o
                0x20000010                currentLocation
 .bss.targetLocation
                0x20000028       0x18 ./source/utils/GPS.o
                0x20000028                targetLocation
 .bss.directions
                0x20000040       0x18 ./source/utils/GPS.o
                0x20000040                directions
 .bss.connectionQuality
                0x20000058       0x18 ./source/utils/GPS.o
                0x20000058                connectionQuality
 .bss.locationGameProps
                0x20000070       0x18 ./source/games/gps_location.game.o
                0x20000070                locationGameProps
 .bss.proximityGameProps
                0x20000088       0x18 ./source/games/gps_proximity.game.o
                0x20000088                proximityGameProps
 .bss.buffer    0x200000a0       0x64 ./source/utils/GPS.o
                0x200000a0                buffer
 .bss.file      0x20000104       0x28 ./source/utils/SD.o
                0x20000104                file
 .bss.bw        0x2000012c        0x4 ./source/utils/SD.o
                0x2000012c                bw
 .bss.br        0x20000130        0x4 ./source/utils/SD.o
                0x20000130                br
 .bss.button_flags
                0x20000134       0x10 ./source/utils/button.o
 .bss.gameControl
                0x20000144        0x3 ./source/games/game_control.o
                0x20000144                gameControl
 *fill*         0x20000147        0x1 
 .bss.FatFs     0x20000148        0x4 ./source/fatFs/ff.o
 .bss.tx        0x2000014c       0x18 ./source/lpuart0_interrupt.o
 .bss.rx        0x20000164       0x18 ./source/lpuart0_interrupt.o
 .bss.tx_buffer
                0x2000017c       0x80 ./source/lpuart0_interrupt.o
 .bss.rx_buffer
                0x200001fc       0x80 ./source/lpuart0_interrupt.o
 .bss.tx        0x2000027c       0x18 ./source/lpuart2_interrupt.o
 .bss.rx        0x20000294       0x18 ./source/lpuart2_interrupt.o
 .bss.tx_buffer
                0x200002ac      0x400 ./source/lpuart2_interrupt.o
 .bss.rx_buffer
                0x200006ac      0x400 ./source/lpuart2_interrupt.o
 .bss.ms        0x20000aac        0x4 ./source/main.o
 .bss.errno     0x20000ab0        0x4 C:/nxp/MCUXpressoIDE_24.12.148/ide/plugins/com.nxp.mcuxpresso.tools.win32_24.12.0.202407110909/tools/bin/../lib/gcc/arm-none-eabi/13.2.1/../../../../arm-none-eabi/lib/thumb/v8-m.main/nofp\libcr_c.a(errno.o)
                0x20000ab0                errno
 .bss.__end_of_heap
                0x20000ab4        0x4 C:/nxp/MCUXpressoIDE_24.12.148/ide/plugins/com.nxp.mcuxpresso.tools.win32_24.12.0.202407110909/tools/bin/../lib/gcc/arm-none-eabi/13.2.1/../../../../arm-none-eabi/lib/thumb/v8-m.main/nofp\libcr_c.a(__init_alloc.o)
                0x20000ab4                __end_of_heap
 .bss.__heaps   0x20000ab8        0x4 C:/nxp/MCUXpressoIDE_24.12.148/ide/plugins/com.nxp.mcuxpresso.tools.win32_24.12.0.202407110909/tools/bin/../lib/gcc/arm-none-eabi/13.2.1/../../../../arm-none-eabi/lib/thumb/v8-m.main/nofp\libcr_c.a(__init_alloc.o)
                0x20000ab8                __heaps
 .bss.__Ciob    0x20000abc       0xb4 C:/nxp/MCUXpressoIDE_24.12.148/ide/plugins/com.nxp.mcuxpresso.tools.win32_24.12.0.202407110909/tools/bin/../lib/gcc/arm-none-eabi/13.2.1/../../../../arm-none-eabi/lib/thumb/v8-m.main/nofp\libcr_semihost_nf.a(__ciob.o)
                0x20000abc                __Ciob
 .bss.Fsid      0x20000b70        0x2 ./source/fatFs/ff.o
 .bss.fr        0x20000b72        0x1 ./source/utils/SD.o
                0x20000b72                fr
 .bss.CurrVol   0x20000b73        0x1 ./source/fatFs/ff.o
 .bss.CardType  0x20000b74        0x1 ./source/fatFs/sdmm.o
 *(SORT_BY_ALIGNMENT(COMMON))
                0x20000b78                        . = ALIGN (0x4)
 *fill*         0x20000b75        0x3 
                0x20000b78                        _ebss = .
                [!provide]                        PROVIDE (__end_bss_RAM = .)
                [!provide]                        PROVIDE (__end_bss_SRAM = .)
                [!provide]                        PROVIDE (end = .)

.noinit_RAM2    0x04000000        0x0
                [!provide]                        PROVIDE (__start_noinit_RAM2 = .)
                [!provide]                        PROVIDE (__start_noinit_SRAMX0 = .)
 *(SORT_BY_ALIGNMENT(.noinit.$RAM2))
 *(SORT_BY_ALIGNMENT(.noinit.$SRAMX0))
 *(SORT_BY_ALIGNMENT(.noinit.$RAM2.*))
 *(SORT_BY_ALIGNMENT(.noinit.$SRAMX0.*))
                0x04000000                        . = ALIGN (0x4)
                [!provide]                        PROVIDE (__end_noinit_RAM2 = .)
                [!provide]                        PROVIDE (__end_noinit_SRAMX0 = .)

.noinit_RAM3    0x04002000        0x0
                [!provide]                        PROVIDE (__start_noinit_RAM3 = .)
                [!provide]                        PROVIDE (__start_noinit_SRAMX1 = .)
 *(SORT_BY_ALIGNMENT(.noinit.$RAM3))
 *(SORT_BY_ALIGNMENT(.noinit.$SRAMX1))
 *(SORT_BY_ALIGNMENT(.noinit.$RAM3.*))
 *(SORT_BY_ALIGNMENT(.noinit.$SRAMX1.*))
                0x04002000                        . = ALIGN (0x4)
                [!provide]                        PROVIDE (__end_noinit_RAM3 = .)
                [!provide]                        PROVIDE (__end_noinit_SRAMX1 = .)

.noinit         0x20000b78        0x0
                0x20000b78                        _noinit = .
                [!provide]                        PROVIDE (__start_noinit_RAM = .)
                [!provide]                        PROVIDE (__start_noinit_SRAM = .)
 *(SORT_BY_ALIGNMENT(.noinit*))
                0x20000b78                        . = ALIGN (0x4)
                0x20000b78                        _end_noinit = .
                [!provide]                        PROVIDE (__end_noinit_RAM = .)
                [!provide]                        PROVIDE (__end_noinit_SRAM = .)
                0x00000600                        _HeapSize = 0x600

.heap           0x20000b78      0x600
                0x20000b78                        _pvHeapStart = .
                0x20001178                        . = (. + _HeapSize)
 *fill*         0x20000b78      0x600 
                0x20001178                        . = ALIGN (0x4)
                0x20001178                        _pvHeapLimit = .
                0x00000600                        _StackSize = 0x600

.heap2stackfill
                0x20001178      0x600
                0x20001778                        . = (. + _StackSize)
 *fill*         0x20001178      0x600 

.stack          0x20005a00        0x0
                0x20005a00                        _vStackBase = .
                0x20005a00                        . = ALIGN (0x4)
                0x20006000                        _vStackTop = (. + _StackSize)
                0x00000000                        _image_start = LOADADDR (.text)
                0x00009088                        _image_end = (LOADADDR (.data) + SIZEOF (.data))
                0x00009088                        _image_size = (_image_end - _image_start)
OUTPUT(project.axf elf32-littlearm)
LOAD linker stubs

.debug_info     0x00000000    0x14a3f
 .debug_info    0x00000000      0xb86 ./startup/startup_mcxa153.o
 .debug_info    0x00000b86      0x654 ./source/utils/GPS.o
 .debug_info    0x000011da      0x1f5 ./source/utils/Logger.o
 .debug_info    0x000013cf      0x617 ./source/utils/SD.o
 .debug_info    0x000019e6      0xeb8 ./source/utils/button.o
 .debug_info    0x0000289e      0x1f2 ./source/games/game_control.o
 .debug_info    0x00002a90      0x429 ./source/games/gps_location.game.o
 .debug_info    0x00002eb9      0x438 ./source/games/gps_proximity.game.o
 .debug_info    0x000032f1     0x21d6 ./source/fatFs/ff.o
 .debug_info    0x000054c7      0xbdc ./source/fatFs/sdmm.o
 .debug_info    0x000060a3      0x2dc ./source/fifo.o
 .debug_info    0x0000637f      0x670 ./source/gpio_output.o
 .debug_info    0x000069ef      0x8da ./source/lpi2c0_controller_polling.o
 .debug_info    0x000072c9      0xf5b ./source/lpuart0_interrupt.o
 .debug_info    0x00008224      0xf5c ./source/lpuart2_interrupt.o
 .debug_info    0x00009180      0xa81 ./source/main.o
 .debug_info    0x00009c01      0x128 ./source/retarget.o
 .debug_info    0x00009d29       0x3c ./source/semihost_hardfault.o
 .debug_info    0x00009d65      0xc6a ./device/system_MCXA153.o
 .debug_info    0x0000a9cf       0x85 C:/nxp/MCUXpressoIDE_24.12.148/ide/plugins/com.nxp.mcuxpresso.tools.win32_24.12.0.202407110909/tools/bin/../lib/gcc/arm-none-eabi/13.2.1/../../../../arm-none-eabi/lib/thumb/v8-m.main/nofp\libcr_semihost_nf.a(_cr__main.o)
 .debug_info    0x0000aa54      0x12b C:/nxp/MCUXpressoIDE_24.12.148/ide/plugins/com.nxp.mcuxpresso.tools.win32_24.12.0.202407110909/tools/bin/../lib/gcc/arm-none-eabi/13.2.1/../../../../arm-none-eabi/lib/thumb/v8-m.main/nofp\libcr_c.a(memcpy.o)
 .debug_info    0x0000ab7f       0xfc C:/nxp/MCUXpressoIDE_24.12.148/ide/plugins/com.nxp.mcuxpresso.tools.win32_24.12.0.202407110909/tools/bin/../lib/gcc/arm-none-eabi/13.2.1/../../../../arm-none-eabi/lib/thumb/v8-m.main/nofp\libcr_c.a(memset.o)
 .debug_info    0x0000ac7b       0xe2 C:/nxp/MCUXpressoIDE_24.12.148/ide/plugins/com.nxp.mcuxpresso.tools.win32_24.12.0.202407110909/tools/bin/../lib/gcc/arm-none-eabi/13.2.1/../../../../arm-none-eabi/lib/thumb/v8-m.main/nofp\libcr_c.a(cos.o)
 .debug_info    0x0000ad5d       0x8f C:/nxp/MCUXpressoIDE_24.12.148/ide/plugins/com.nxp.mcuxpresso.tools.win32_24.12.0.202407110909/tools/bin/../lib/gcc/arm-none-eabi/13.2.1/../../../../arm-none-eabi/lib/thumb/v8-m.main/nofp\libcr_c.a(fabs.o)
 .debug_info    0x0000adec     0x1569 C:/nxp/MCUXpressoIDE_24.12.148/ide/plugins/com.nxp.mcuxpresso.tools.win32_24.12.0.202407110909/tools/bin/../lib/gcc/arm-none-eabi/13.2.1/../../../../arm-none-eabi/lib/thumb/v8-m.main/nofp\libcr_c.a(fpprintf.o)
 .debug_info    0x0000c355      0x339 C:/nxp/MCUXpressoIDE_24.12.148/ide/plugins/com.nxp.mcuxpresso.tools.win32_24.12.0.202407110909/tools/bin/../lib/gcc/arm-none-eabi/13.2.1/../../../../arm-none-eabi/lib/thumb/v8-m.main/nofp\libcr_c.a(initio.o)
 .debug_info    0x0000c68e      0x115 C:/nxp/MCUXpressoIDE_24.12.148/ide/plugins/com.nxp.mcuxpresso.tools.win32_24.12.0.202407110909/tools/bin/../lib/gcc/arm-none-eabi/13.2.1/../../../../arm-none-eabi/lib/thumb/v8-m.main/nofp\libcr_c.a(memcmp.o)
 .debug_info    0x0000c7a3     0x1280 C:/nxp/MCUXpressoIDE_24.12.148/ide/plugins/com.nxp.mcuxpresso.tools.win32_24.12.0.202407110909/tools/bin/../lib/gcc/arm-none-eabi/13.2.1/../../../../arm-none-eabi/lib/thumb/v8-m.main/nofp\libcr_c.a(printf.o)
 .debug_info    0x0000da23     0x19dd C:/nxp/MCUXpressoIDE_24.12.148/ide/plugins/com.nxp.mcuxpresso.tools.win32_24.12.0.202407110909/tools/bin/../lib/gcc/arm-none-eabi/13.2.1/../../../../arm-none-eabi/lib/thumb/v8-m.main/nofp\libcr_c.a(scanf.o)
 .debug_info    0x0000f400      0x1fd C:/nxp/MCUXpressoIDE_24.12.148/ide/plugins/com.nxp.mcuxpresso.tools.win32_24.12.0.202407110909/tools/bin/../lib/gcc/arm-none-eabi/13.2.1/../../../../arm-none-eabi/lib/thumb/v8-m.main/nofp\libcr_c.a(setvbuf.o)
 .debug_info    0x0000f5fd       0xa8 C:/nxp/MCUXpressoIDE_24.12.148/ide/plugins/com.nxp.mcuxpresso.tools.win32_24.12.0.202407110909/tools/bin/../lib/gcc/arm-none-eabi/13.2.1/../../../../arm-none-eabi/lib/thumb/v8-m.main/nofp\libcr_c.a(strchr.o)
 .debug_info    0x0000f6a5       0xe0 C:/nxp/MCUXpressoIDE_24.12.148/ide/plugins/com.nxp.mcuxpresso.tools.win32_24.12.0.202407110909/tools/bin/../lib/gcc/arm-none-eabi/13.2.1/../../../../arm-none-eabi/lib/thumb/v8-m.main/nofp\libcr_c.a(strcspn.o)
 .debug_info    0x0000f785       0xe1 C:/nxp/MCUXpressoIDE_24.12.148/ide/plugins/com.nxp.mcuxpresso.tools.win32_24.12.0.202407110909/tools/bin/../lib/gcc/arm-none-eabi/13.2.1/../../../../arm-none-eabi/lib/thumb/v8-m.main/nofp\libcr_c.a(strlen.o)
 .debug_info    0x0000f866       0xca C:/nxp/MCUXpressoIDE_24.12.148/ide/plugins/com.nxp.mcuxpresso.tools.win32_24.12.0.202407110909/tools/bin/../lib/gcc/arm-none-eabi/13.2.1/../../../../arm-none-eabi/lib/thumb/v8-m.main/nofp\libcr_c.a(strncat.o)
 .debug_info    0x0000f930      0x11c C:/nxp/MCUXpressoIDE_24.12.148/ide/plugins/com.nxp.mcuxpresso.tools.win32_24.12.0.202407110909/tools/bin/../lib/gcc/arm-none-eabi/13.2.1/../../../../arm-none-eabi/lib/thumb/v8-m.main/nofp\libcr_c.a(strncmp.o)
 .debug_info    0x0000fa4c      0x192 C:/nxp/MCUXpressoIDE_24.12.148/ide/plugins/com.nxp.mcuxpresso.tools.win32_24.12.0.202407110909/tools/bin/../lib/gcc/arm-none-eabi/13.2.1/../../../../arm-none-eabi/lib/thumb/v8-m.main/nofp\libcr_c.a(ungetc.o)
 .debug_info    0x0000fbde      0x46d C:/nxp/MCUXpressoIDE_24.12.148/ide/plugins/com.nxp.mcuxpresso.tools.win32_24.12.0.202407110909/tools/bin/../lib/gcc/arm-none-eabi/13.2.1/../../../../arm-none-eabi/lib/thumb/v8-m.main/nofp\libcr_c.a(__fillbuf.o)
 .debug_info    0x0001004b      0x369 C:/nxp/MCUXpressoIDE_24.12.148/ide/plugins/com.nxp.mcuxpresso.tools.win32_24.12.0.202407110909/tools/bin/../lib/gcc/arm-none-eabi/13.2.1/../../../../arm-none-eabi/lib/thumb/v8-m.main/nofp\libcr_c.a(_deferredlazyseek.o)
 .debug_info    0x000103b4      0x24b C:/nxp/MCUXpressoIDE_24.12.148/ide/plugins/com.nxp.mcuxpresso.tools.win32_24.12.0.202407110909/tools/bin/../lib/gcc/arm-none-eabi/13.2.1/../../../../arm-none-eabi/lib/thumb/v8-m.main/nofp\libcr_c.a(_fdopen.o)
 .debug_info    0x000105ff      0x1e3 C:/nxp/MCUXpressoIDE_24.12.148/ide/plugins/com.nxp.mcuxpresso.tools.win32_24.12.0.202407110909/tools/bin/../lib/gcc/arm-none-eabi/13.2.1/../../../../arm-none-eabi/lib/thumb/v8-m.main/nofp\libcr_c.a(_fflush.o)
 .debug_info    0x000107e2      0x15e C:/nxp/MCUXpressoIDE_24.12.148/ide/plugins/com.nxp.mcuxpresso.tools.win32_24.12.0.202407110909/tools/bin/../lib/gcc/arm-none-eabi/13.2.1/../../../../arm-none-eabi/lib/thumb/v8-m.main/nofp\libcr_c.a(_frexpl.o)
 .debug_info    0x00010940      0x146 C:/nxp/MCUXpressoIDE_24.12.148/ide/plugins/com.nxp.mcuxpresso.tools.win32_24.12.0.202407110909/tools/bin/../lib/gcc/arm-none-eabi/13.2.1/../../../../arm-none-eabi/lib/thumb/v8-m.main/nofp\libcr_c.a(_ldexpl.o)
 .debug_info    0x00010a86      0x286 C:/nxp/MCUXpressoIDE_24.12.148/ide/plugins/com.nxp.mcuxpresso.tools.win32_24.12.0.202407110909/tools/bin/../lib/gcc/arm-none-eabi/13.2.1/../../../../arm-none-eabi/lib/thumb/v8-m.main/nofp\libcr_c.a(_sincos.o)
 .debug_info    0x00010d0c      0x289 C:/nxp/MCUXpressoIDE_24.12.148/ide/plugins/com.nxp.mcuxpresso.tools.win32_24.12.0.202407110909/tools/bin/../lib/gcc/arm-none-eabi/13.2.1/../../../../arm-none-eabi/lib/thumb/v8-m.main/nofp\libcr_c.a(_writebuf.o)
 .debug_info    0x00010f95      0x520 C:/nxp/MCUXpressoIDE_24.12.148/ide/plugins/com.nxp.mcuxpresso.tools.win32_24.12.0.202407110909/tools/bin/../lib/gcc/arm-none-eabi/13.2.1/../../../../arm-none-eabi/lib/thumb/v8-m.main/nofp\libcr_c.a(alloc.o)
 .debug_info    0x000114b5      0x2f8 C:/nxp/MCUXpressoIDE_24.12.148/ide/plugins/com.nxp.mcuxpresso.tools.win32_24.12.0.202407110909/tools/bin/../lib/gcc/arm-none-eabi/13.2.1/../../../../arm-none-eabi/lib/thumb/v8-m.main/nofp\libcr_c.a(ctype.o)
 .debug_info    0x000117ad       0x44 C:/nxp/MCUXpressoIDE_24.12.148/ide/plugins/com.nxp.mcuxpresso.tools.win32_24.12.0.202407110909/tools/bin/../lib/gcc/arm-none-eabi/13.2.1/../../../../arm-none-eabi/lib/thumb/v8-m.main/nofp\libcr_c.a(errno.o)
 .debug_info    0x000117f1      0x318 C:/nxp/MCUXpressoIDE_24.12.148/ide/plugins/com.nxp.mcuxpresso.tools.win32_24.12.0.202407110909/tools/bin/../lib/gcc/arm-none-eabi/13.2.1/../../../../arm-none-eabi/lib/thumb/v8-m.main/nofp\libcr_c.a(fclose.o)
 .debug_info    0x00011b09      0x209 C:/nxp/MCUXpressoIDE_24.12.148/ide/plugins/com.nxp.mcuxpresso.tools.win32_24.12.0.202407110909/tools/bin/../lib/gcc/arm-none-eabi/13.2.1/../../../../arm-none-eabi/lib/thumb/v8-m.main/nofp\libcr_c.a(fflush.o)
 .debug_info    0x00011d12      0x276 C:/nxp/MCUXpressoIDE_24.12.148/ide/plugins/com.nxp.mcuxpresso.tools.win32_24.12.0.202407110909/tools/bin/../lib/gcc/arm-none-eabi/13.2.1/../../../../arm-none-eabi/lib/thumb/v8-m.main/nofp\libcr_c.a(fseek.o)
 .debug_info    0x00011f88      0x197 C:/nxp/MCUXpressoIDE_24.12.148/ide/plugins/com.nxp.mcuxpresso.tools.win32_24.12.0.202407110909/tools/bin/../lib/gcc/arm-none-eabi/13.2.1/../../../../arm-none-eabi/lib/thumb/v8-m.main/nofp\libcr_c.a(ftell.o)
 .debug_info    0x0001211f      0x1d7 C:/nxp/MCUXpressoIDE_24.12.148/ide/plugins/com.nxp.mcuxpresso.tools.win32_24.12.0.202407110909/tools/bin/../lib/gcc/arm-none-eabi/13.2.1/../../../../arm-none-eabi/lib/thumb/v8-m.main/nofp\libcr_c.a(remove.o)
 .debug_info    0x000122f6       0xd4 C:/nxp/MCUXpressoIDE_24.12.148/ide/plugins/com.nxp.mcuxpresso.tools.win32_24.12.0.202407110909/tools/bin/../lib/gcc/arm-none-eabi/13.2.1/../../../../arm-none-eabi/lib/thumb/v8-m.main/nofp\libcr_c.a(__init_alloc.o)
 .debug_info    0x000123ca      0x107 C:/nxp/MCUXpressoIDE_24.12.148/ide/plugins/com.nxp.mcuxpresso.tools.win32_24.12.0.202407110909/tools/bin/../lib/gcc/arm-none-eabi/13.2.1/../../../../arm-none-eabi/lib/thumb/v8-m.main/nofp\libcr_c.a(_cr_sbrk.o)
 .debug_info    0x000124d1      0x23a C:/nxp/MCUXpressoIDE_24.12.148/ide/plugins/com.nxp.mcuxpresso.tools.win32_24.12.0.202407110909/tools/bin/../lib/gcc/arm-none-eabi/13.2.1/../../../../arm-none-eabi/lib/thumb/v8-m.main/nofp\libcr_c.a(_do_fflush.o)
 .debug_info    0x0001270b       0x78 C:/nxp/MCUXpressoIDE_24.12.148/ide/plugins/com.nxp.mcuxpresso.tools.win32_24.12.0.202407110909/tools/bin/../lib/gcc/arm-none-eabi/13.2.1/../../../../arm-none-eabi/lib/thumb/v8-m.main/nofp\libcr_c.a(_cr_check_heap.o)
 .debug_info    0x00012783     0x2131 C:/nxp/MCUXpressoIDE_24.12.148/ide/plugins/com.nxp.mcuxpresso.tools.win32_24.12.0.202407110909/tools/bin/../lib/gcc/arm-none-eabi/13.2.1/thumb/v8-m.main/nofp\libcr_eabihelpers.a(double.o)
 .debug_info    0x000148b4      0x18b C:/nxp/MCUXpressoIDE_24.12.148/ide/plugins/com.nxp.mcuxpresso.tools.win32_24.12.0.202407110909/tools/bin/../lib/gcc/arm-none-eabi/13.2.1/../../../../arm-none-eabi/lib/thumb/v8-m.main/nofp\libcr_semihost_nf.a(__ciob.o)

.debug_abbrev   0x00000000     0x4d3e
 .debug_abbrev  0x00000000      0x134 ./startup/startup_mcxa153.o
 .debug_abbrev  0x00000134      0x18c ./source/utils/GPS.o
 .debug_abbrev  0x000002c0       0xfd ./source/utils/Logger.o
 .debug_abbrev  0x000003bd      0x1c8 ./source/utils/SD.o
 .debug_abbrev  0x00000585      0x20d ./source/utils/button.o
 .debug_abbrev  0x00000792      0x143 ./source/games/game_control.o
 .debug_abbrev  0x000008d5      0x16e ./source/games/gps_location.game.o
 .debug_abbrev  0x00000a43      0x16e ./source/games/gps_proximity.game.o
 .debug_abbrev  0x00000bb1      0x25f ./source/fatFs/ff.o
 .debug_abbrev  0x00000e10      0x21d ./source/fatFs/sdmm.o
 .debug_abbrev  0x0000102d      0x191 ./source/fifo.o
 .debug_abbrev  0x000011be       0xb8 ./source/gpio_output.o
 .debug_abbrev  0x00001276      0x171 ./source/lpi2c0_controller_polling.o
 .debug_abbrev  0x000013e7      0x251 ./source/lpuart0_interrupt.o
 .debug_abbrev  0x00001638      0x251 ./source/lpuart2_interrupt.o
 .debug_abbrev  0x00001889      0x263 ./source/main.o
 .debug_abbrev  0x00001aec       0xe2 ./source/retarget.o
 .debug_abbrev  0x00001bce       0x31 ./source/semihost_hardfault.o
 .debug_abbrev  0x00001bff      0x17f ./device/system_MCXA153.o
 .debug_abbrev  0x00001d7e       0x70 C:/nxp/MCUXpressoIDE_24.12.148/ide/plugins/com.nxp.mcuxpresso.tools.win32_24.12.0.202407110909/tools/bin/../lib/gcc/arm-none-eabi/13.2.1/../../../../arm-none-eabi/lib/thumb/v8-m.main/nofp\libcr_semihost_nf.a(_cr__main.o)
 .debug_abbrev  0x00001dee       0xb6 C:/nxp/MCUXpressoIDE_24.12.148/ide/plugins/com.nxp.mcuxpresso.tools.win32_24.12.0.202407110909/tools/bin/../lib/gcc/arm-none-eabi/13.2.1/../../../../arm-none-eabi/lib/thumb/v8-m.main/nofp\libcr_c.a(memcpy.o)
 .debug_abbrev  0x00001ea4       0xa8 C:/nxp/MCUXpressoIDE_24.12.148/ide/plugins/com.nxp.mcuxpresso.tools.win32_24.12.0.202407110909/tools/bin/../lib/gcc/arm-none-eabi/13.2.1/../../../../arm-none-eabi/lib/thumb/v8-m.main/nofp\libcr_c.a(memset.o)
 .debug_abbrev  0x00001f4c       0x92 C:/nxp/MCUXpressoIDE_24.12.148/ide/plugins/com.nxp.mcuxpresso.tools.win32_24.12.0.202407110909/tools/bin/../lib/gcc/arm-none-eabi/13.2.1/../../../../arm-none-eabi/lib/thumb/v8-m.main/nofp\libcr_c.a(cos.o)
 .debug_abbrev  0x00001fde       0x74 C:/nxp/MCUXpressoIDE_24.12.148/ide/plugins/com.nxp.mcuxpresso.tools.win32_24.12.0.202407110909/tools/bin/../lib/gcc/arm-none-eabi/13.2.1/../../../../arm-none-eabi/lib/thumb/v8-m.main/nofp\libcr_c.a(fabs.o)
 .debug_abbrev  0x00002052      0x46c C:/nxp/MCUXpressoIDE_24.12.148/ide/plugins/com.nxp.mcuxpresso.tools.win32_24.12.0.202407110909/tools/bin/../lib/gcc/arm-none-eabi/13.2.1/../../../../arm-none-eabi/lib/thumb/v8-m.main/nofp\libcr_c.a(fpprintf.o)
 .debug_abbrev  0x000024be      0x169 C:/nxp/MCUXpressoIDE_24.12.148/ide/plugins/com.nxp.mcuxpresso.tools.win32_24.12.0.202407110909/tools/bin/../lib/gcc/arm-none-eabi/13.2.1/../../../../arm-none-eabi/lib/thumb/v8-m.main/nofp\libcr_c.a(initio.o)
 .debug_abbrev  0x00002627       0x9d C:/nxp/MCUXpressoIDE_24.12.148/ide/plugins/com.nxp.mcuxpresso.tools.win32_24.12.0.202407110909/tools/bin/../lib/gcc/arm-none-eabi/13.2.1/../../../../arm-none-eabi/lib/thumb/v8-m.main/nofp\libcr_c.a(memcmp.o)
 .debug_abbrev  0x000026c4      0x3ba C:/nxp/MCUXpressoIDE_24.12.148/ide/plugins/com.nxp.mcuxpresso.tools.win32_24.12.0.202407110909/tools/bin/../lib/gcc/arm-none-eabi/13.2.1/../../../../arm-none-eabi/lib/thumb/v8-m.main/nofp\libcr_c.a(printf.o)
 .debug_abbrev  0x00002a7e      0x453 C:/nxp/MCUXpressoIDE_24.12.148/ide/plugins/com.nxp.mcuxpresso.tools.win32_24.12.0.202407110909/tools/bin/../lib/gcc/arm-none-eabi/13.2.1/../../../../arm-none-eabi/lib/thumb/v8-m.main/nofp\libcr_c.a(scanf.o)
 .debug_abbrev  0x00002ed1       0xe1 C:/nxp/MCUXpressoIDE_24.12.148/ide/plugins/com.nxp.mcuxpresso.tools.win32_24.12.0.202407110909/tools/bin/../lib/gcc/arm-none-eabi/13.2.1/../../../../arm-none-eabi/lib/thumb/v8-m.main/nofp\libcr_c.a(setvbuf.o)
 .debug_abbrev  0x00002fb2       0x6c C:/nxp/MCUXpressoIDE_24.12.148/ide/plugins/com.nxp.mcuxpresso.tools.win32_24.12.0.202407110909/tools/bin/../lib/gcc/arm-none-eabi/13.2.1/../../../../arm-none-eabi/lib/thumb/v8-m.main/nofp\libcr_c.a(strchr.o)
 .debug_abbrev  0x0000301e       0xa0 C:/nxp/MCUXpressoIDE_24.12.148/ide/plugins/com.nxp.mcuxpresso.tools.win32_24.12.0.202407110909/tools/bin/../lib/gcc/arm-none-eabi/13.2.1/../../../../arm-none-eabi/lib/thumb/v8-m.main/nofp\libcr_c.a(strcspn.o)
 .debug_abbrev  0x000030be       0xa7 C:/nxp/MCUXpressoIDE_24.12.148/ide/plugins/com.nxp.mcuxpresso.tools.win32_24.12.0.202407110909/tools/bin/../lib/gcc/arm-none-eabi/13.2.1/../../../../arm-none-eabi/lib/thumb/v8-m.main/nofp\libcr_c.a(strlen.o)
 .debug_abbrev  0x00003165       0xa0 C:/nxp/MCUXpressoIDE_24.12.148/ide/plugins/com.nxp.mcuxpresso.tools.win32_24.12.0.202407110909/tools/bin/../lib/gcc/arm-none-eabi/13.2.1/../../../../arm-none-eabi/lib/thumb/v8-m.main/nofp\libcr_c.a(strncat.o)
 .debug_abbrev  0x00003205       0xb0 C:/nxp/MCUXpressoIDE_24.12.148/ide/plugins/com.nxp.mcuxpresso.tools.win32_24.12.0.202407110909/tools/bin/../lib/gcc/arm-none-eabi/13.2.1/../../../../arm-none-eabi/lib/thumb/v8-m.main/nofp\libcr_c.a(strncmp.o)
 .debug_abbrev  0x000032b5       0xb9 C:/nxp/MCUXpressoIDE_24.12.148/ide/plugins/com.nxp.mcuxpresso.tools.win32_24.12.0.202407110909/tools/bin/../lib/gcc/arm-none-eabi/13.2.1/../../../../arm-none-eabi/lib/thumb/v8-m.main/nofp\libcr_c.a(ungetc.o)
 .debug_abbrev  0x0000336e      0x228 C:/nxp/MCUXpressoIDE_24.12.148/ide/plugins/com.nxp.mcuxpresso.tools.win32_24.12.0.202407110909/tools/bin/../lib/gcc/arm-none-eabi/13.2.1/../../../../arm-none-eabi/lib/thumb/v8-m.main/nofp\libcr_c.a(__fillbuf.o)
 .debug_abbrev  0x00003596      0x152 C:/nxp/MCUXpressoIDE_24.12.148/ide/plugins/com.nxp.mcuxpresso.tools.win32_24.12.0.202407110909/tools/bin/../lib/gcc/arm-none-eabi/13.2.1/../../../../arm-none-eabi/lib/thumb/v8-m.main/nofp\libcr_c.a(_deferredlazyseek.o)
 .debug_abbrev  0x000036e8      0x119 C:/nxp/MCUXpressoIDE_24.12.148/ide/plugins/com.nxp.mcuxpresso.tools.win32_24.12.0.202407110909/tools/bin/../lib/gcc/arm-none-eabi/13.2.1/../../../../arm-none-eabi/lib/thumb/v8-m.main/nofp\libcr_c.a(_fdopen.o)
 .debug_abbrev  0x00003801       0xf1 C:/nxp/MCUXpressoIDE_24.12.148/ide/plugins/com.nxp.mcuxpresso.tools.win32_24.12.0.202407110909/tools/bin/../lib/gcc/arm-none-eabi/13.2.1/../../../../arm-none-eabi/lib/thumb/v8-m.main/nofp\libcr_c.a(_fflush.o)
 .debug_abbrev  0x000038f2      0x123 C:/nxp/MCUXpressoIDE_24.12.148/ide/plugins/com.nxp.mcuxpresso.tools.win32_24.12.0.202407110909/tools/bin/../lib/gcc/arm-none-eabi/13.2.1/../../../../arm-none-eabi/lib/thumb/v8-m.main/nofp\libcr_c.a(_frexpl.o)
 .debug_abbrev  0x00003a15      0x115 C:/nxp/MCUXpressoIDE_24.12.148/ide/plugins/com.nxp.mcuxpresso.tools.win32_24.12.0.202407110909/tools/bin/../lib/gcc/arm-none-eabi/13.2.1/../../../../arm-none-eabi/lib/thumb/v8-m.main/nofp\libcr_c.a(_ldexpl.o)
 .debug_abbrev  0x00003b2a       0xd4 C:/nxp/MCUXpressoIDE_24.12.148/ide/plugins/com.nxp.mcuxpresso.tools.win32_24.12.0.202407110909/tools/bin/../lib/gcc/arm-none-eabi/13.2.1/../../../../arm-none-eabi/lib/thumb/v8-m.main/nofp\libcr_c.a(_sincos.o)
 .debug_abbrev  0x00003bfe      0x126 C:/nxp/MCUXpressoIDE_24.12.148/ide/plugins/com.nxp.mcuxpresso.tools.win32_24.12.0.202407110909/tools/bin/../lib/gcc/arm-none-eabi/13.2.1/../../../../arm-none-eabi/lib/thumb/v8-m.main/nofp\libcr_c.a(_writebuf.o)
 .debug_abbrev  0x00003d24      0x284 C:/nxp/MCUXpressoIDE_24.12.148/ide/plugins/com.nxp.mcuxpresso.tools.win32_24.12.0.202407110909/tools/bin/../lib/gcc/arm-none-eabi/13.2.1/../../../../arm-none-eabi/lib/thumb/v8-m.main/nofp\libcr_c.a(alloc.o)
 .debug_abbrev  0x00003fa8       0xba C:/nxp/MCUXpressoIDE_24.12.148/ide/plugins/com.nxp.mcuxpresso.tools.win32_24.12.0.202407110909/tools/bin/../lib/gcc/arm-none-eabi/13.2.1/../../../../arm-none-eabi/lib/thumb/v8-m.main/nofp\libcr_c.a(ctype.o)
 .debug_abbrev  0x00004062       0x44 C:/nxp/MCUXpressoIDE_24.12.148/ide/plugins/com.nxp.mcuxpresso.tools.win32_24.12.0.202407110909/tools/bin/../lib/gcc/arm-none-eabi/13.2.1/../../../../arm-none-eabi/lib/thumb/v8-m.main/nofp\libcr_c.a(errno.o)
 .debug_abbrev  0x000040a6      0x155 C:/nxp/MCUXpressoIDE_24.12.148/ide/plugins/com.nxp.mcuxpresso.tools.win32_24.12.0.202407110909/tools/bin/../lib/gcc/arm-none-eabi/13.2.1/../../../../arm-none-eabi/lib/thumb/v8-m.main/nofp\libcr_c.a(fclose.o)
 .debug_abbrev  0x000041fb      0x125 C:/nxp/MCUXpressoIDE_24.12.148/ide/plugins/com.nxp.mcuxpresso.tools.win32_24.12.0.202407110909/tools/bin/../lib/gcc/arm-none-eabi/13.2.1/../../../../arm-none-eabi/lib/thumb/v8-m.main/nofp\libcr_c.a(fflush.o)
 .debug_abbrev  0x00004320      0x11b C:/nxp/MCUXpressoIDE_24.12.148/ide/plugins/com.nxp.mcuxpresso.tools.win32_24.12.0.202407110909/tools/bin/../lib/gcc/arm-none-eabi/13.2.1/../../../../arm-none-eabi/lib/thumb/v8-m.main/nofp\libcr_c.a(fseek.o)
 .debug_abbrev  0x0000443b       0xc2 C:/nxp/MCUXpressoIDE_24.12.148/ide/plugins/com.nxp.mcuxpresso.tools.win32_24.12.0.202407110909/tools/bin/../lib/gcc/arm-none-eabi/13.2.1/../../../../arm-none-eabi/lib/thumb/v8-m.main/nofp\libcr_c.a(ftell.o)
 .debug_abbrev  0x000044fd       0xfb C:/nxp/MCUXpressoIDE_24.12.148/ide/plugins/com.nxp.mcuxpresso.tools.win32_24.12.0.202407110909/tools/bin/../lib/gcc/arm-none-eabi/13.2.1/../../../../arm-none-eabi/lib/thumb/v8-m.main/nofp\libcr_c.a(remove.o)
 .debug_abbrev  0x000045f8       0xaf C:/nxp/MCUXpressoIDE_24.12.148/ide/plugins/com.nxp.mcuxpresso.tools.win32_24.12.0.202407110909/tools/bin/../lib/gcc/arm-none-eabi/13.2.1/../../../../arm-none-eabi/lib/thumb/v8-m.main/nofp\libcr_c.a(__init_alloc.o)
 .debug_abbrev  0x000046a7       0xd3 C:/nxp/MCUXpressoIDE_24.12.148/ide/plugins/com.nxp.mcuxpresso.tools.win32_24.12.0.202407110909/tools/bin/../lib/gcc/arm-none-eabi/13.2.1/../../../../arm-none-eabi/lib/thumb/v8-m.main/nofp\libcr_c.a(_cr_sbrk.o)
 .debug_abbrev  0x0000477a      0x12c C:/nxp/MCUXpressoIDE_24.12.148/ide/plugins/com.nxp.mcuxpresso.tools.win32_24.12.0.202407110909/tools/bin/../lib/gcc/arm-none-eabi/13.2.1/../../../../arm-none-eabi/lib/thumb/v8-m.main/nofp\libcr_c.a(_do_fflush.o)
 .debug_abbrev  0x000048a6       0x6b C:/nxp/MCUXpressoIDE_24.12.148/ide/plugins/com.nxp.mcuxpresso.tools.win32_24.12.0.202407110909/tools/bin/../lib/gcc/arm-none-eabi/13.2.1/../../../../arm-none-eabi/lib/thumb/v8-m.main/nofp\libcr_c.a(_cr_check_heap.o)
 .debug_abbrev  0x00004911      0x378 C:/nxp/MCUXpressoIDE_24.12.148/ide/plugins/com.nxp.mcuxpresso.tools.win32_24.12.0.202407110909/tools/bin/../lib/gcc/arm-none-eabi/13.2.1/thumb/v8-m.main/nofp\libcr_eabihelpers.a(double.o)