Archive member included to satisfy reference by file (symbol)

/Applications/MCUXpressoIDE_24.12.148/ide/plugins/com.nxp.mcuxpresso.tools.macosx_24.12.0.202407110909/tools/bin/../lib/gcc/arm-none-eabi/13.2.1/../../../../arm-none-eabi/lib/thumb/v8-m.main/nofp/libcr_semihost_nf.a(_cr__main.o)
                              ./startup/startup_mcxa153.o (__main)
/Applications/MCUXpressoIDE_24.12.148/ide/plugins/com.nxp.mcuxpresso.tools.macosx_24.12.0.202407110909/tools/bin/../lib/gcc/arm-none-eabi/13.2.1/../../../../arm-none-eabi/lib/thumb/v8-m.main/nofp/libcr_c.a(cos.o)
                              ./source/utils/GPS.o (cos)
/Applications/MCUXpressoIDE_24.12.148/ide/plugins/com.nxp.mcuxpresso.tools.macosx_24.12.0.202407110909/tools/bin/../lib/gcc/arm-none-eabi/13.2.1/../../../../arm-none-eabi/lib/thumb/v8-m.main/nofp/libcr_c.a(fabs.o)
                              ./source/utils/GPS.o (fabs)
/Applications/MCUXpressoIDE_24.12.148/ide/plugins/com.nxp.mcuxpresso.tools.macosx_24.12.0.202407110909/tools/bin/../lib/gcc/arm-none-eabi/13.2.1/../../../../arm-none-eabi/lib/thumb/v8-m.main/nofp/libcr_c.a(fpprintf.o)
                              ./source/games/game_control.o (printf)
/Applications/MCUXpressoIDE_24.12.148/ide/plugins/com.nxp.mcuxpresso.tools.macosx_24.12.0.202407110909/tools/bin/../lib/gcc/arm-none-eabi/13.2.1/../../../../arm-none-eabi/lib/thumb/v8-m.main/nofp/libcr_c.a(initio.o)
                              /Applications/MCUXpressoIDE_24.12.148/ide/plugins/com.nxp.mcuxpresso.tools.macosx_24.12.0.202407110909/tools/bin/../lib/gcc/arm-none-eabi/13.2.1/../../../../arm-none-eabi/lib/thumb/v8-m.main/nofp/libcr_semihost_nf.a(_cr__main.o) (_initio)
/Applications/MCUXpressoIDE_24.12.148/ide/plugins/com.nxp.mcuxpresso.tools.macosx_24.12.0.202407110909/tools/bin/../lib/gcc/arm-none-eabi/13.2.1/../../../../arm-none-eabi/lib/thumb/v8-m.main/nofp/libcr_c.a(pow.o)
                              ./source/games/gps_location.game.o (pow)
/Applications/MCUXpressoIDE_24.12.148/ide/plugins/com.nxp.mcuxpresso.tools.macosx_24.12.0.202407110909/tools/bin/../lib/gcc/arm-none-eabi/13.2.1/../../../../arm-none-eabi/lib/thumb/v8-m.main/nofp/libcr_c.a(printf.o)
                              /Applications/MCUXpressoIDE_24.12.148/ide/plugins/com.nxp.mcuxpresso.tools.macosx_24.12.0.202407110909/tools/bin/../lib/gcc/arm-none-eabi/13.2.1/../../../../arm-none-eabi/lib/thumb/v8-m.main/nofp/libcr_c.a(fpprintf.o) (__vfprintf)
/Applications/MCUXpressoIDE_24.12.148/ide/plugins/com.nxp.mcuxpresso.tools.macosx_24.12.0.202407110909/tools/bin/../lib/gcc/arm-none-eabi/13.2.1/../../../../arm-none-eabi/lib/thumb/v8-m.main/nofp/libcr_c.a(scanf.o)
                              ./source/utils/GPS.o (atof)
/Applications/MCUXpressoIDE_24.12.148/ide/plugins/com.nxp.mcuxpresso.tools.macosx_24.12.0.202407110909/tools/bin/../lib/gcc/arm-none-eabi/13.2.1/../../../../arm-none-eabi/lib/thumb/v8-m.main/nofp/libcr_c.a(setvbuf.o)
                              /Applications/MCUXpressoIDE_24.12.148/ide/plugins/com.nxp.mcuxpresso.tools.macosx_24.12.0.202407110909/tools/bin/../lib/gcc/arm-none-eabi/13.2.1/../../../../arm-none-eabi/lib/thumb/v8-m.main/nofp/libcr_c.a(initio.o) (setvbuf)
/Applications/MCUXpressoIDE_24.12.148/ide/plugins/com.nxp.mcuxpresso.tools.macosx_24.12.0.202407110909/tools/bin/../lib/gcc/arm-none-eabi/13.2.1/../../../../arm-none-eabi/lib/thumb/v8-m.main/nofp/libcr_c.a(sqrt.o)
                              ./source/games/gps_location.game.o (sqrt)
/Applications/MCUXpressoIDE_24.12.148/ide/plugins/com.nxp.mcuxpresso.tools.macosx_24.12.0.202407110909/tools/bin/../lib/gcc/arm-none-eabi/13.2.1/../../../../arm-none-eabi/lib/thumb/v8-m.main/nofp/libcr_c.a(strcspn.o)
                              ./source/utils/GPS.o (strcspn)
/Applications/MCUXpressoIDE_24.12.148/ide/plugins/com.nxp.mcuxpresso.tools.macosx_24.12.0.202407110909/tools/bin/../lib/gcc/arm-none-eabi/13.2.1/../../../../arm-none-eabi/lib/thumb/v8-m.main/nofp/libcr_c.a(strlen.o)
                              /Applications/MCUXpressoIDE_24.12.148/ide/plugins/com.nxp.mcuxpresso.tools.macosx_24.12.0.202407110909/tools/bin/../lib/gcc/arm-none-eabi/13.2.1/../../../../arm-none-eabi/lib/thumb/v8-m.main/nofp/libcr_c.a(printf.o) (strlen)
/Applications/MCUXpressoIDE_24.12.148/ide/plugins/com.nxp.mcuxpresso.tools.macosx_24.12.0.202407110909/tools/bin/../lib/gcc/arm-none-eabi/13.2.1/../../../../arm-none-eabi/lib/thumb/v8-m.main/nofp/libcr_c.a(strncat.o)
                              ./source/utils/GPS.o (strncat)
/Applications/MCUXpressoIDE_24.12.148/ide/plugins/com.nxp.mcuxpresso.tools.macosx_24.12.0.202407110909/tools/bin/../lib/gcc/arm-none-eabi/13.2.1/../../../../arm-none-eabi/lib/thumb/v8-m.main/nofp/libcr_c.a(strncmp.o)
                              ./source/utils/GPS.o (strncmp)
/Applications/MCUXpressoIDE_24.12.148/ide/plugins/com.nxp.mcuxpresso.tools.macosx_24.12.0.202407110909/tools/bin/../lib/gcc/arm-none-eabi/13.2.1/../../../../arm-none-eabi/lib/thumb/v8-m.main/nofp/libcr_c.a(ungetc.o)
[...]
Memory Configuration

Name             Origin             Length             Attributes
PROGRAM_FLASH    0x00000000         0x00020000         xr
SRAM             0x20000000         0x00006000         xrw
SRAMX0           0x04000000         0x00002000         xrw
SRAMX1           0x04002000         0x00001000         xrw
*default*        0x00000000         0xffffffff

Linker script and memory map

LOAD ./startup/startup_mcxa153.o
LOAD ./source/utils/GPS.o
LOAD ./source/games/game_control.o
LOAD ./source/games/gps_location.game.o
LOAD ./source/games/gps_proximity.game.o
LOAD ./source/fifo.o
LOAD ./source/lpuart0_interrupt.o
LOAD ./source/lpuart2_interrupt.o
LOAD ./source/main.o
LOAD ./source/retarget.o
LOAD ./source/semihost_hardfault.o
LOAD ./device/system_MCXA153.o
START GROUP
LOAD /Applications/MCUXpressoIDE_24.12.148/ide/plugins/com.nxp.mcuxpresso.tools.macosx_24.12.0.202407110909/tools/bin/../lib/gcc/arm-none-eabi/13.2.1/../../../../arm-none-eabi/lib/thumb/v8-m.main/nofp/libcr_semihost_nf.a
LOAD /Applications/MCUXpressoIDE_24.12.148/ide/plugins/com.nxp.mcuxpresso.tools.macosx_24.12.0.202407110909/tools/bin/../lib/gcc/arm-none-eabi/13.2.1/../../../../arm-none-eabi/lib/thumb/v8-m.main/nofp/libcr_c.a
LOAD /Applications/MCUXpressoIDE_24.12.148/ide/plugins/com.nxp.mcuxpresso.tools.macosx_24.12.0.202407110909/tools/bin/../lib/gcc/arm-none-eabi/13.2.1/thumb/v8-m.main/nofp/libcr_eabihelpers.a
LOAD /Applications/MCUXpressoIDE_24.12.148/ide/plugins/com.nxp.mcuxpresso.tools.macosx_24.12.0.202407110909/tools/bin/../lib/gcc/arm-none-eabi/13.2.1/thumb/v8-m.main/nofp/libgcc.a
END GROUP
                0x00000000                        __base_PROGRAM_FLASH = 0x0
                0x00000000                        __base_Flash = 0x0
                0x00020000                        __top_PROGRAM_FLASH = 0x20000
                0x00020000                        __top_Flash = 0x20000
                0x20000000                        __base_SRAM = 0x20000000
                0x20000000                        __base_RAM = 0x20000000
                0x20006000                        __top_SRAM = 0x20006000
                0x20006000                        __top_RAM = 0x20006000
                0x04000000                        __base_SRAMX0 = 0x4000000
                0x04000000                        __base_RAM2 = 0x4000000
                0x04002000                        __top_SRAMX0 = 0x4002000
                0x04002000                        __top_RAM2 = 0x4002000
                0x04002000                        __base_SRAMX1 = 0x4002000
                0x04002000                        __base_RAM3 = 0x4002000
                0x04003000                        __top_SRAMX1 = 0x4003000
                0x04003000                        __top_RAM3 = 0x4003000

.text           0x00000000     0x5898
 FILL mask 0xff
                0x00000000                        __vectors_start__ = ABSOLUTE (.)
 *(SORT_BY_ALIGNMENT(.isr_vector))
 .isr_vector    0x00000000      0x16c ./startup/startup_mcxa153.o
                0x00000000                __Vectors
                0x00000000                g_pfnVectors
                0x0000016c                        . = ALIGN (0x4)
                0x0000016c                        __section_table_start = .
                0x0000016c                        __data_section_table = .
                0x0000016c        0x4 LONG 0x5898 LOADADDR (.data)
                0x00000170        0x4 LONG 0x20000000 ADDR (.data)
                0x00000174        0x4 LONG 0xc SIZEOF (.data)
                0x00000178        0x4 LONG 0x5898 LOADADDR (.data_RAM2)
                0x0000017c        0x4 LONG 0x4000000 ADDR (.data_RAM2)
                0x00000180        0x4 LONG 0x0 SIZEOF (.data_RAM2)
                0x00000184        0x4 LONG 0x5898 LOADADDR (.data_RAM3)
                0x00000188        0x4 LONG 0x4002000 ADDR (.data_RAM3)
                0x0000018c        0x4 LONG 0x0 SIZEOF (.data_RAM3)
                0x00000190                        __data_section_table_end = .
                0x00000190                        __bss_section_table = .
                0x00000190        0x4 LONG 0x20000010 ADDR (.bss)
                0x00000194        0x4 LONG 0x428 SIZEOF (.bss)
                0x00000198        0x4 LONG 0x4000000 ADDR (.bss_RAM2)
                0x0000019c        0x4 LONG 0x0 SIZEOF (.bss_RAM2)
                0x000001a0        0x4 LONG 0x4002000 ADDR (.bss_RAM3)
                0x000001a4        0x4 LONG 0x0 SIZEOF (.bss_RAM3)
                0x000001a8                        __bss_section_table_end = .
                0x000001a8                        __section_table_end = .
 *(SORT_BY_ALIGNMENT(.after_vectors*))
 .after_vectors.reset
                0x000001a8       0x68 ./startup/startup_mcxa153.o
                0x000001a8                ResetISR
 .after_vectors.init_data
                0x00000210       0x1c ./startup/startup_mcxa153.o
                0x00000210                data_init
 .after_vectors.init_bss
                0x0000022c       0x12 ./startup/startup_mcxa153.o
                0x0000022c                bss_init
 .after_vectors
                0x0000023e       0x16 ./startup/startup_mcxa153.o
                0x0000023e                NMI_Handler
                0x00000242                MemManage_Handler
                0x00000244                BusFault_Handler
                0x00000246                UsageFault_Handler
                0x00000248                SecureFault_Handler
                0x0000024a                SVC_Handler
                0x0000024c                DebugMon_Handler
                0x0000024e                PendSV_Handler
                0x00000250                SysTick_Handler
                0x00000252                FLEXPWM0_SUBMODULE1_DriverIRQHandler
                0x00000252                LPI2C0_DriverIRQHandler
                0x00000252                FLEXPWM0_RELOAD_ERROR_DriverIRQHandler
                0x00000252                QDC0_HOME_DriverIRQHandler
                0x00000252                Reserved82_DriverIRQHandler
                0x00000252                QDC0_WATCHDOG_DriverIRQHandler
                0x00000252                ERM0_MULTI_BIT_DriverIRQHandler
                0x00000252                Reserved36_DriverIRQHandler
                0x00000252                CTIMER2_DriverIRQHandler
                0x00000252                CMP1_DriverIRQHandler
                0x00000252                IntDefaultHandler
                0x00000252                USB0_DriverIRQHandler
                0x00000252                QDC0_INDEX_DriverIRQHandler
                0x00000252                UTICK0_DriverIRQHandler
                0x00000252                Reserved41_DriverIRQHandler
                0x00000252                FLEXPWM0_SUBMODULE2_DriverIRQHandler
                0x00000252                LPUART2_DriverIRQHandler
                0x00000252                WWDT0_DriverIRQHandler
                0x00000252                Reserved84_DriverIRQHandler
                0x00000252                FLEXPWM0_FAULT_DriverIRQHandler
                0x00000252                GPIO0_DriverIRQHandler
                0x00000252                Reserved38_DriverIRQHandler
                0x00000252                FREQME0_DriverIRQHandler
                0x00000252                Reserved22_DriverIRQHandler
                0x00000252                Reserved53_DriverIRQHandler
                0x00000252                Reserved35_DriverIRQHandler
                0x00000252                CTIMER0_DriverIRQHandler
                0x00000252                Reserved79_DriverIRQHandler
                0x00000252                Reserved24_DriverIRQHandler
                0x00000252                CTIMER1_DriverIRQHandler
                0x00000252                QDC0_COMPARE_DriverIRQHandler
                0x00000252                LPUART1_DriverIRQHandler
                0x00000252                LPSPI0_DriverIRQHandler
                0x00000252                DMA_CH3_DriverIRQHandler
                0x00000252                Reserved83_DriverIRQHandler
                0x00000252                Reserved72_DriverIRQHandler
                0x00000252                Reserved23_DriverIRQHandler
                0x00000252                Reserved65_DriverIRQHandler
                0x00000252                ERM0_SINGLE_BIT_DriverIRQHandler
                0x00000252                DMA_CH2_DriverIRQHandler
                0x00000252                Reserved51_DriverIRQHandler
                0x00000252                Reserved25_DriverIRQHandler
                0x00000252                FMU0_DriverIRQHandler
                0x00000252                LPSPI1_DriverIRQHandler
                0x00000252                Reserved77_DriverIRQHandler
                0x00000252                Reserved16_DriverIRQHandler
                0x00000252                LPUART0_DriverIRQHandler
                0x00000252                GPIO2_DriverIRQHandler
                0x00000252                Reserved85_DriverIRQHandler
                0x00000252                ADC0_DriverIRQHandler
                0x00000252                CMP0_DriverIRQHandler
                0x00000252                CDOG0_DriverIRQHandler
                0x00000252                Reserved59_DriverIRQHandler
                0x00000252                DMA_CH0_DriverIRQHandler
                0x00000252                Reserved58_DriverIRQHandler
                0x00000252                DMA_CH1_DriverIRQHandler
                0x00000252                SPC0_DriverIRQHandler
                0x00000252                Reserved43_DriverIRQHandler
                0x00000252                Reserved46_DriverIRQHandler
                0x00000252                Reserved37_DriverIRQHandler
                0x00000252                Reserved86_DriverIRQHandler
                0x00000252                GPIO1_DriverIRQHandler
                0x00000252                FLEXPWM0_SUBMODULE0_DriverIRQHandler
                0x00000252                Reserved50_DriverIRQHandler
                0x00000252                OS_EVENT_DriverIRQHandler
                0x00000252                SCG0_DriverIRQHandler
                0x00000252                GLIKEY0_DriverIRQHandler
                0x00000252                GPIO3_DriverIRQHandler
                0x00000252                CMC_DriverIRQHandler
                0x00000252                WUU0_DriverIRQHandler
                0x00000252                Reserved33_DriverIRQHandler
                0x00000252                I3C0_DriverIRQHandler
                0x00000252                Reserved39_DriverIRQHandler
                0x00000252                WAKETIMER0_DriverIRQHandler
                0x00000252                MBC0_DriverIRQHandler
                0x00000252                LPTMR0_DriverIRQHandler
 *(SORT_BY_ALIGNMENT(.text*))
 *fill*         0x00000254        0x4 ff
 .text.calculateLongitudeDistance
                0x00000258       0xcc ./source/utils/GPS.o
                0x00000258                calculateLongitudeDistance
 *fill*         0x00000324        0x4 ff
 .text.calculateLatitudeDistance
                0x00000328       0x8c ./source/utils/GPS.o
                0x00000328                calculateLatitudeDistance
 *fill*         0x000003b4        0x4 ff
 .text.initGPSLocationGame
                0x000003b8       0x44 ./source/games/gps_location.game.o
                0x000003b8                initGPSLocationGame
 *fill*         0x000003fc        0x4 ff
 .text.initGPSProximityGame
                0x00000400       0x44 ./source/games/gps_proximity.game.o
                0x00000400                initGPSProximityGame
 *fill*         0x00000444        0x4 ff
 .text.cos      0x00000448       0x60 /Applications/MCUXpressoIDE_24.12.148/ide/plugins/com.nxp.mcuxpresso.tools.macosx_24.12.0.202407110909/tools/bin/../lib/gcc/arm-none-eabi/13.2.1/../../../../arm-none-eabi/lib/thumb/v8-m.main/nofp/libcr_c.a(cos.o)
                0x00000448                cos
 .text.fp_display
                0x000004a8      0x9ac /Applications/MCUXpressoIDE_24.12.148/ide/plugins/com.nxp.mcuxpresso.tools.macosx_24.12.0.202407110909/tools/bin/../lib/gcc/arm-none-eabi/13.2.1/../../../../arm-none-eabi/lib/thumb/v8-m.main/nofp/libcr_c.a(fpprintf.o)
 *fill*         0x00000e54        0x4 ff
 .text.pow      0x00000e58      0x54c /Applications/MCUXpressoIDE_24.12.148/ide/plugins/com.nxp.mcuxpresso.tools.macosx_24.12.0.202407110909/tools/bin/../lib/gcc/arm-none-eabi/13.2.1/../../../../arm-none-eabi/lib/thumb/v8-m.main/nofp/libcr_c.a(pow.o)
                0x00000e58                pow
 *fill*         0x000013a4        0x4 ff
 .text.vfscanf  0x000013a8      0x900 /Applications/MCUXpressoIDE_24.12.148/ide/plugins/com.nxp.mcuxpresso.tools.macosx_24.12.0.202407110909/tools/bin/../lib/gcc/arm-none-eabi/13.2.1/../../../../arm-none-eabi/lib/thumb/v8-m.main/nofp/libcr_c.a(scanf.o)
                0x000013a8                vfscanf
 .text.sqrt     0x00001ca8      0x10c /Applications/MCUXpressoIDE_24.12.148/ide/plugins/com.nxp.mcuxpresso.tools.macosx_24.12.0.202407110909/tools/bin/../lib/gcc/arm-none-eabi/13.2.1/../../../../arm-none-eabi/lib/thumb/v8-m.main/nofp/libcr_c.a(sqrt.o)
                0x00001ca8                sqrt
 *fill*         0x00001db4        0x4 ff
 .text._sincos  0x00001db8      0x1fc /Applications/MCUXpressoIDE_24.12.148/ide/plugins/com.nxp.mcuxpresso.tools.macosx_24.12.0.202407110909/tools/bin/../lib/gcc/arm-none-eabi/13.2.1/../../../../arm-none-eabi/lib/thumb/v8-m.main/nofp/libcr_c.a(_sincos.o)
                0x00001db8                _sincos
 .text.initGPS  0x00001fb4       0x50 ./source/utils/GPS.o
                0x00001fb4                initGPS
 .text.getGPS   0x00002004       0x14 ./source/utils/GPS.o
                0x00002004                getGPS
 .text.updateData
                0x00002018       0x84 ./source/utils/GPS.o
                0x00002018                updateData
 .text.setDestination
                0x0000209c       0x50 ./source/utils/GPS.o
                0x0000209c                setDestination
 .text.getCurrentLocation
                0x000020ec       0x14 ./source/utils/GPS.o
                0x000020ec                getCurrentLocation
 .text.getCurrentDirections
                0x00002100       0x14 ./source/utils/GPS.o
                0x00002100                getCurrentDirections
 .text.getConnectionQuality
                0x00002114       0x14 ./source/utils/GPS.o
                0x00002114                getConnectionQuality
 .text.isLocationRelevant
                0x00002128       0x20 ./source/utils/GPS.o
                0x00002128                isLocationRelevant
 .text.parseGNGGA
                0x00002148      0x210 ./source/utils/GPS.o
                0x00002148                parseGNGGA
 .text.initGameControl
                0x00002358       0x24 ./source/games/game_control.o
                0x00002358                initGameControl
 .text.getGameControl
                0x0000237c       0x14 ./source/games/game_control.o
                0x0000237c                getGameControl
 .text.checkGameStatus
                0x00002390       0x54 ./source/games/game_control.o
                0x00002390                checkGameStatus
 .text.gpsLocationGame
                0x000023e4       0xdc ./source/games/gps_location.game.o
                0x000023e4                gpsLocationGame
 .text.gpsProximityGame
                0x000024c0      0x138 ./source/games/gps_proximity.game.o
                0x000024c0                gpsProximityGame
 .text.__NVIC_EnableIRQ
                0x000025f8       0x38 ./source/lpuart0_interrupt.o
 .text.__NVIC_ClearPendingIRQ
                0x00002630       0x3c ./source/lpuart0_interrupt.o
 .text.__NVIC_SetPriority
                0x0000266c       0x54 ./source/lpuart0_interrupt.o
 .text.lpuart0_init
                0x000026c0       0xc4 ./source/lpuart0_interrupt.o
                0x000026c0                lpuart0_init
 .text.lpuart0_putchar
                0x00002784       0x40 ./source/lpuart0_interrupt.o
                0x00002784                lpuart0_putchar
 .text.lpuart0_getchar
                0x000027c4       0x30 ./source/lpuart0_interrupt.o
                0x000027c4                lpuart0_getchar
 .text.LPUART0_IRQHandler
                0x000027f4       0x7c ./source/lpuart0_interrupt.o
                0x000027f4                LPUART0_IRQHandler
 .text.__NVIC_EnableIRQ
                0x00002870       0x38 ./source/lpuart2_interrupt.o
 .text.__NVIC_ClearPendingIRQ
                0x000028a8       0x3c ./source/lpuart2_interrupt.o
 .text.__NVIC_SetPriority
                0x000028e4       0x54 ./source/lpuart2_interrupt.o
 .text.lpuart2_init
                0x00002938       0xc4 ./source/lpuart2_interrupt.o
                0x00002938                lpuart2_init
 .text.lpuart2_getchar
                0x000029fc       0x30 ./source/lpuart2_interrupt.o
                0x000029fc                lpuart2_getchar
 .text.lpuart2_rxcnt
                0x00002a2c       0x14 ./source/lpuart2_interrupt.o
                0x00002a2c                lpuart2_rxcnt
 .text.LPUART2_IRQHandler
                0x00002a40       0x7c ./source/lpuart2_interrupt.o
                0x00002a40                LPUART2_IRQHandler
 .text.main     0x00002abc       0x98 ./source/main.o
                0x00002abc                main
 .text.SystemInit
                0x00002b54      0x120 ./device/system_MCXA153.o
                0x00002b54                SystemInit
 .text.sprintf  0x00002c74       0x6c /Applications/MCUXpressoIDE_24.12.148/ide/plugins/com.nxp.mcuxpresso.tools.macosx_24.12.0.202407110909/tools/bin/../lib/gcc/arm-none-eabi/13.2.1/../../../../arm-none-eabi/lib/thumb/v8-m.main/nofp/libcr_c.a(fpprintf.o)
                0x00002c74                sprintf
 .text.vsnprintf
                0x00002ce0       0x68 /Applications/MCUXpressoIDE_24.12.148/ide/plugins/com.nxp.mcuxpresso.tools.macosx_24.12.0.202407110909/tools/bin/../lib/gcc/arm-none-eabi/13.2.1/../../../../arm-none-eabi/lib/thumb/v8-m.main/nofp/libcr_c.a(fpprintf.o)
                0x00002ce0                vsnprintf
 .text.printf   0x00002d48       0x54 /Applications/MCUXpressoIDE_24.12.148/ide/plugins/com.nxp.mcuxpresso.tools.macosx_24.12.0.202407110909/tools/bin/../lib/gcc/arm-none-eabi/13.2.1/../../../../arm-none-eabi/lib/thumb/v8-m.main/nofp/libcr_c.a(fpprintf.o)
                0x00002d48                printf
 .text._initio  0x00002d9c       0x78 /Applications/MCUXpressoIDE_24.12.148/ide/plugins/com.nxp.mcuxpresso.tools.macosx_24.12.0.202407110909/tools/bin/../lib/gcc/arm-none-eabi/13.2.1/../../../../arm-none-eabi/lib/thumb/v8-m.main/nofp/libcr_c.a(initio.o)
                0x00002d9c                _initio
 .text.__vfprintf
                0x00002e14      0xb70 /Applications/MCUXpressoIDE_24.12.148/ide/plugins/com.nxp.mcuxpresso.tools.macosx_24.12.0.202407110909/tools/bin/../lib/gcc/arm-none-eabi/13.2.1/../../../../arm-none-eabi/lib/thumb/v8-m.main/nofp/libcr_c.a(printf.o)
                0x00002e14                __vfprintf
 .text.ch_val   0x00003984       0x30 /Applications/MCUXpressoIDE_24.12.148/ide/plugins/com.nxp.mcuxpresso.tools.macosx_24.12.0.202407110909/tools/bin/../lib/gcc/arm-none-eabi/13.2.1/../../../../arm-none-eabi/lib/thumb/v8-m.main/nofp/libcr_c.a(scanf.o)
 .text._strtoul
                0x000039b4       0xb4 /Applications/MCUXpressoIDE_24.12.148/ide/plugins/com.nxp.mcuxpresso.tools.macosx_24.12.0.202407110909/tools/bin/../lib/gcc/arm-none-eabi/13.2.1/../../../../arm-none-eabi/lib/thumb/v8-m.main/nofp/libcr_c.a(scanf.o)
 .text.cr_rd_int
                0x00003a68      0x1a0 /Applications/MCUXpressoIDE_24.12.148/ide/plugins/com.nxp.mcuxpresso.tools.macosx_24.12.0.202407110909/tools/bin/../lib/gcc/arm-none-eabi/13.2.1/../../../../arm-none-eabi/lib/thumb/v8-m.main/nofp/libcr_c.a(scanf.o)
 .text.strtod   0x00003c08       0x34 /Applications/MCUXpressoIDE_24.12.148/ide/plugins/com.nxp.mcuxpresso.tools.macosx_24.12.0.202407110909/tools/bin/../lib/gcc/arm-none-eabi/13.2.1/../../../../arm-none-eabi/lib/thumb/v8-m.main/nofp/libcr_c.a(scanf.o)
                0x00003c08                strtod
 .text.strtol   0x00003c3c       0x80 /Applications/MCUXpressoIDE_24.12.148/ide/plugins/com.nxp.mcuxpresso.tools.macosx_24.12.0.202407110909/tools/bin/../lib/gcc/arm-none-eabi/13.2.1/../../../../arm-none-eabi/lib/thumb/v8-m.main/nofp/libcr_c.a(scanf.o)
                0x00003c3c                strtol
 .text.atof     0x00003cbc       0x14 /Applications/MCUXpressoIDE_24.12.148/ide/plugins/com.nxp.mcuxpresso.tools.macosx_24.12.0.202407110909/tools/bin/../lib/gcc/arm-none-eabi/13.2.1/../../../../arm-none-eabi/lib/thumb/v8-m.main/nofp/libcr_c.a(scanf.o)
                0x00003cbc                atof
 .text.atoi     0x00003cd0       0x18 /Applications/MCUXpressoIDE_24.12.148/ide/plugins/com.nxp.mcuxpresso.tools.macosx_24.12.0.202407110909/tools/bin/../lib/gcc/arm-none-eabi/13.2.1/../../../../arm-none-eabi/lib/thumb/v8-m.main/nofp/libcr_c.a(scanf.o)
                0x00003cd0                atoi
 .text.__filbuf
                0x00003ce8      0x178 /Applications/MCUXpressoIDE_24.12.148/ide/plugins/com.nxp.mcuxpresso.tools.macosx_24.12.0.202407110909/tools/bin/../lib/gcc/arm-none-eabi/13.2.1/../../../../arm-none-eabi/lib/thumb/v8-m.main/nofp/libcr_c.a(__fillbuf.o)
                0x00003ce8                __filbuf
 .text._ldexpl  0x00003e60       0x48 /Applications/MCUXpressoIDE_24.12.148/ide/plugins/com.nxp.mcuxpresso.tools.macosx_24.12.0.202407110909/tools/bin/../lib/gcc/arm-none-eabi/13.2.1/../../../../arm-none-eabi/lib/thumb/v8-m.main/nofp/libcr_c.a(_ldexpl.o)
                0x00003e60                _ldexpl
 .text._Cwritebuf
                0x00003ea8       0x6c /Applications/MCUXpressoIDE_24.12.148/ide/plugins/com.nxp.mcuxpresso.tools.macosx_24.12.0.202407110909/tools/bin/../lib/gcc/arm-none-eabi/13.2.1/../../../../arm-none-eabi/lib/thumb/v8-m.main/nofp/libcr_c.a(_writebuf.o)
                0x00003ea8                _Cwritebuf
 .text.malloc   0x00003f14       0xc8 /Applications/MCUXpressoIDE_24.12.148/ide/plugins/com.nxp.mcuxpresso.tools.macosx_24.12.0.202407110909/tools/bin/../lib/gcc/arm-none-eabi/13.2.1/../../../../arm-none-eabi/lib/thumb/v8-m.main/nofp/libcr_c.a(alloc.o)
                0x00003f14                malloc
 .text._Csys_alloc
                0x00003fdc       0x20 /Applications/MCUXpressoIDE_24.12.148/ide/plugins/com.nxp.mcuxpresso.tools.macosx_24.12.0.202407110909/tools/bin/../lib/gcc/arm-none-eabi/13.2.1/../../../../arm-none-eabi/lib/thumb/v8-m.main/nofp/libcr_c.a(alloc.o)
                0x00003fdc                _Csys_alloc
 .text.fflush   0x00003ffc       0x3c /Applications/MCUXpressoIDE_24.12.148/ide/plugins/com.nxp.mcuxpresso.tools.macosx_24.12.0.202407110909/tools/bin/../lib/gcc/arm-none-eabi/13.2.1/../../../../arm-none-eabi/lib/thumb/v8-m.main/nofp/libcr_c.a(fflush.o)
                0x00003ffc                fflush
 .text.fseek    0x00004038       0xf8 /Applications/MCUXpressoIDE_24.12.148/ide/plugins/com.nxp.mcuxpresso.tools.macosx_24.12.0.202407110909/tools/bin/../lib/gcc/arm-none-eabi/13.2.1/../../../../arm-none-eabi/lib/thumb/v8-m.main/nofp/libcr_c.a(fseek.o)
                0x00004038                fseek
 .text.ftell    0x00004130       0x44 /Applications/MCUXpressoIDE_24.12.148/ide/plugins/com.nxp.mcuxpresso.tools.macosx_24.12.0.202407110909/tools/bin/../lib/gcc/arm-none-eabi/13.2.1/../../../../arm-none-eabi/lib/thumb/v8-m.main/nofp/libcr_c.a(ftell.o)
                0x00004130                ftell
 .text.ldexp    0x00004174       0x48 /Applications/MCUXpressoIDE_24.12.148/ide/plugins/com.nxp.mcuxpresso.tools.macosx_24.12.0.202407110909/tools/bin/../lib/gcc/arm-none-eabi/13.2.1/../../../../arm-none-eabi/lib/thumb/v8-m.main/nofp/libcr_c.a(ldexp.o)
                0x00004174                ldexp
 .text._sbrk    0x000041bc       0x3c /Applications/MCUXpressoIDE_24.12.148/ide/plugins/com.nxp.mcuxpresso.tools.macosx_24.12.0.202407110909/tools/bin/../lib/gcc/arm-none-eabi/13.2.1/../../../../arm-none-eabi/lib/thumb/v8-m.main/nofp/libcr_c.a(_cr_sbrk.o)
                0x000041bc                _sbrk
 .text.__check_heap_overflow
                0x000041f8       0x18 /Applications/MCUXpressoIDE_24.12.148/ide/plugins/com.nxp.mcuxpresso.tools.macosx_24.12.0.202407110909/tools/bin/../lib/gcc/arm-none-eabi/13.2.1/../../../../arm-none-eabi/lib/thumb/v8-m.main/nofp/libcr_c.a(_cr_check_heap.o)
                0x000041f8                __check_heap_overflow
 .text.__aeabi_dmul
                0x00004210       0xfc /Applications/MCUXpressoIDE_24.12.148/ide/plugins/com.nxp.mcuxpresso.tools.macosx_24.12.0.202407110909/tools/bin/../lib/gcc/arm-none-eabi/13.2.1/thumb/v8-m.main/nofp/libcr_eabihelpers.a(double.o)
                0x00004210                __aeabi_dmul
 .text.__aeabi_ddiv
                0x0000430c      0x134 /Applications/MCUXpressoIDE_24.12.148/ide/plugins/com.nxp.mcuxpresso.tools.macosx_24.12.0.202407110909/tools/bin/../lib/gcc/arm-none-eabi/13.2.1/thumb/v8-m.main/nofp/libcr_eabihelpers.a(double.o)
                0x0000430c                __aeabi_ddiv
 .text.__aeabi_dsub
                0x00004440      0x1b4 /Applications/MCUXpressoIDE_24.12.148/ide/plugins/com.nxp.mcuxpresso.tools.macosx_24.12.0.202407110909/tools/bin/../lib/gcc/arm-none-eabi/13.2.1/thumb/v8-m.main/nofp/libcr_eabihelpers.a(double.o)
                0x00004440                __aeabi_dsub
 .text.__aeabi_dadd
                0x000045f4      0x118 /Applications/MCUXpressoIDE_24.12.148/ide/plugins/com.nxp.mcuxpresso.tools.macosx_24.12.0.202407110909/tools/bin/../lib/gcc/arm-none-eabi/13.2.1/thumb/v8-m.main/nofp/libcr_eabihelpers.a(double.o)
                0x000045f4                __aeabi_dadd
 .text.__aeabi_d2f
                0x0000470c       0x58 /Applications/MCUXpressoIDE_24.12.148/ide/plugins/com.nxp.mcuxpresso.tools.macosx_24.12.0.202407110909/tools/bin/../lib/gcc/arm-none-eabi/13.2.1/thumb/v8-m.main/nofp/libcr_eabihelpers.a(double.o)
                0x0000470c                __aeabi_d2f
 .text.__sys_appexit
                0x00004764        0xc /Applications/MCUXpressoIDE_24.12.148/ide/plugins/com.nxp.mcuxpresso.tools.macosx_24.12.0.202407110909/tools/bin/../lib/gcc/arm-none-eabi/13.2.1/../../../../arm-none-eabi/lib/thumb/v8-m.main/nofp/libcr_semihost_nf.a(__sys_appexit.o)
                0x00004764                __exit
                0x00004764                __sys_appexit
 .text.Reserved16_IRQHandler
                0x00004770        0x8 ./startup/startup_mcxa153.o
                0x00004770                Reserved16_IRQHandler
 .text.CMC_IRQHandler
                0x00004778        0x8 ./startup/startup_mcxa153.o
                0x00004778                CMC_IRQHandler
 .text.DMA_CH0_IRQHandler
                0x00004780        0x8 ./startup/startup_mcxa153.o
                0x00004780                DMA_CH0_IRQHandler
 .text.DMA_CH1_IRQHandler
                0x00004788        0x8 ./startup/startup_mcxa153.o
                0x00004788                DMA_CH1_IRQHandler
 .text.DMA_CH2_IRQHandler
                0x00004790        0x8 ./startup/startup_mcxa153.o
                0x00004790                DMA_CH2_IRQHandler
 .text.DMA_CH3_IRQHandler
                0x00004798        0x8 ./startup/startup_mcxa153.o
                0x00004798                DMA_CH3_IRQHandler
 .text.Reserved22_IRQHandler
                0x000047a0        0x8 ./startup/startup_mcxa153.o
                0x000047a0                Reserved22_IRQHandler
 .text.Reserved23_IRQHandler
                0x000047a8        0x8 ./startup/startup_mcxa153.o
                0x000047a8                Reserved23_IRQHandler
 .text.Reserved24_IRQHandler
                0x000047b0        0x8 ./startup/startup_mcxa153.o
                0x000047b0                Reserved24_IRQHandler
 .text.Reserved25_IRQHandler
                0x000047b8        0x8 ./startup/startup_mcxa153.o
                0x000047b8                Reserved25_IRQHandler
 .text.ERM0_SINGLE_BIT_IRQHandler
                0x000047c0        0x8 ./startup/startup_mcxa153.o
                0x000047c0                ERM0_SINGLE_BIT_IRQHandler
 .text.ERM0_MULTI_BIT_IRQHandler
                0x000047c8        0x8 ./startup/startup_mcxa153.o
                0x000047c8                ERM0_MULTI_BIT_IRQHandler
 .text.FMU0_IRQHandler
                0x000047d0        0x8 ./startup/startup_mcxa153.o
                0x000047d0                FMU0_IRQHandler
 .text.GLIKEY0_IRQHandler
                0x000047d8        0x8 ./startup/startup_mcxa153.o
                0x000047d8                GLIKEY0_IRQHandler
 .text.MBC0_IRQHandler
                0x000047e0        0x8 ./startup/startup_mcxa153.o
                0x000047e0                MBC0_IRQHandler
 .text.SCG0_IRQHandler
                0x000047e8        0x8 ./startup/startup_mcxa153.o
                0x000047e8                SCG0_IRQHandler
 .text.SPC0_IRQHandler
                0x000047f0        0x8 ./startup/startup_mcxa153.o
                0x000047f0                SPC0_IRQHandler
 .text.Reserved33_IRQHandler
                0x000047f8        0x8 ./startup/startup_mcxa153.o
                0x000047f8                Reserved33_IRQHandler
 .text.WUU0_IRQHandler
                0x00004800        0x8 ./startup/startup_mcxa153.o
                0x00004800                WUU0_IRQHandler
 .text.Reserved35_IRQHandler
                0x00004808        0x8 ./startup/startup_mcxa153.o
                0x00004808                Reserved35_IRQHandler
 .text.Reserved36_IRQHandler
                0x00004810        0x8 ./startup/startup_mcxa153.o
                0x00004810                Reserved36_IRQHandler
 .text.Reserved37_IRQHandler
                0x00004818        0x8 ./startup/startup_mcxa153.o
                0x00004818                Reserved37_IRQHandler
 .text.Reserved38_IRQHandler
                0x00004820        0x8 ./startup/startup_mcxa153.o
                0x00004820                Reserved38_IRQHandler
 .text.Reserved39_IRQHandler
                0x00004828        0x8 ./startup/startup_mcxa153.o
                0x00004828                Reserved39_IRQHandler
 .text.I3C0_IRQHandler
                0x00004830        0x8 ./startup/startup_mcxa153.o
                0x00004830                I3C0_IRQHandler
 .text.Reserved41_IRQHandler
                0x00004838        0x8 ./startup/startup_mcxa153.o
                0x00004838                Reserved41_IRQHandler
 .text.LPI2C0_IRQHandler
                0x00004840        0x8 ./startup/startup_mcxa153.o
                0x00004840                LPI2C0_IRQHandler
 .text.Reserved43_IRQHandler
                0x00004848        0x8 ./startup/startup_mcxa153.o
                0x00004848                Reserved43_IRQHandler
 .text.LPSPI0_IRQHandler
                0x00004850        0x8 ./startup/startup_mcxa153.o
                0x00004850                LPSPI0_IRQHandler
 .text.LPSPI1_IRQHandler
                0x00004858        0x8 ./startup/startup_mcxa153.o
                0x00004858                LPSPI1_IRQHandler
 .text.Reserved46_IRQHandler
                0x00004860        0x8 ./startup/startup_mcxa153.o
                0x00004860                Reserved46_IRQHandler
 .text.LPUART1_IRQHandler
                0x00004868        0x8 ./startup/startup_mcxa153.o
                0x00004868                LPUART1_IRQHandler
 .text.Reserved50_IRQHandler
                0x00004870        0x8 ./startup/startup_mcxa153.o
                0x00004870                Reserved50_IRQHandler
 .text.Reserved51_IRQHandler
                0x00004878        0x8 ./startup/startup_mcxa153.o
                0x00004878                Reserved51_IRQHandler
 .text.USB0_IRQHandler
                0x00004880        0x8 ./startup/startup_mcxa153.o
                0x00004880                USB0_IRQHandler
 .text.Reserved53_IRQHandler
                0x00004888        0x8 ./startup/startup_mcxa153.o
                0x00004888                Reserved53_IRQHandler
 .text.CDOG0_IRQHandler
                0x00004890        0x8 ./startup/startup_mcxa153.o
                0x00004890                CDOG0_IRQHandler
 .text.CTIMER0_IRQHandler
                0x00004898        0x8 ./startup/startup_mcxa153.o
                0x00004898                CTIMER0_IRQHandler
 .text.CTIMER1_IRQHandler
                0x000048a0        0x8 ./startup/startup_mcxa153.o
                0x000048a0                CTIMER1_IRQHandler
 .text.CTIMER2_IRQHandler
                0x000048a8        0x8 ./startup/startup_mcxa153.o
                0x000048a8                CTIMER2_IRQHandler
 .text.Reserved58_IRQHandler
                0x000048b0        0x8 ./startup/startup_mcxa153.o
                0x000048b0                Reserved58_IRQHandler
 .text.Reserved59_IRQHandler
                0x000048b8        0x8 ./startup/startup_mcxa153.o
                0x000048b8                Reserved59_IRQHandler
 .text.FLEXPWM0_RELOAD_ERROR_IRQHandler
                0x000048c0        0x8 ./startup/startup_mcxa153.o
                0x000048c0                FLEXPWM0_RELOAD_ERROR_IRQHandler
 .text.FLEXPWM0_FAULT_IRQHandler
                0x000048c8        0x8 ./startup/startup_mcxa153.o
                0x000048c8                FLEXPWM0_FAULT_IRQHandler
 .text.FLEXPWM0_SUBMODULE0_IRQHandler
                0x000048d0        0x8 ./startup/startup_mcxa153.o
                0x000048d0                FLEXPWM0_SUBMODULE0_IRQHandler
 .text.FLEXPWM0_SUBMODULE1_IRQHandler
                0x000048d8        0x8 ./startup/startup_mcxa153.o
                0x000048d8                FLEXPWM0_SUBMODULE1_IRQHandler
 .text.FLEXPWM0_SUBMODULE2_IRQHandler
                0x000048e0        0x8 ./startup/startup_mcxa153.o
                0x000048e0                FLEXPWM0_SUBMODULE2_IRQHandler
 .text.Reserved65_IRQHandler
                0x000048e8        0x8 ./startup/startup_mcxa153.o
                0x000048e8                Reserved65_IRQHandler
 .text.QDC0_COMPARE_IRQHandler
                0x000048f0        0x8 ./startup/startup_mcxa153.o
                0x000048f0                QDC0_COMPARE_IRQHandler
 .text.QDC0_HOME_IRQHandler
                0x000048f8        0x8 ./startup/startup_mcxa153.o
                0x000048f8                QDC0_HOME_IRQHandler
 .text.QDC0_WATCHDOG_IRQHandler
                0x00004900        0x8 ./startup/startup_mcxa153.o
                0x00004900                QDC0_WATCHDOG_IRQHandler
 .text.QDC0_INDEX_IRQHandler
                0x00004908        0x8 ./startup/startup_mcxa153.o
                0x00004908                QDC0_INDEX_IRQHandler
 .text.FREQME0_IRQHandler
                0x00004910        0x8 ./startup/startup_mcxa153.o
                0x00004910                FREQME0_IRQHandler
 .text.LPTMR0_IRQHandler
                0x00004918        0x8 ./startup/startup_mcxa153.o
                0x00004918                LPTMR0_IRQHandler
 .text.Reserved72_IRQHandler
                0x00004920        0x8 ./startup/startup_mcxa153.o
                0x00004920                Reserved72_IRQHandler
 .text.OS_EVENT_IRQHandler
                0x00004928        0x8 ./startup/startup_mcxa153.o
                0x00004928                OS_EVENT_IRQHandler
 .text.WAKETIMER0_IRQHandler
                0x00004930        0x8 ./startup/startup_mcxa153.o
                0x00004930                WAKETIMER0_IRQHandler
 .text.UTICK0_IRQHandler
                0x00004938        0x8 ./startup/startup_mcxa153.o
                0x00004938                UTICK0_IRQHandler
 .text.WWDT0_IRQHandler
                0x00004940        0x8 ./startup/startup_mcxa153.o
                0x00004940                WWDT0_IRQHandler
 .text.Reserved77_IRQHandler
                0x00004948        0x8 ./startup/startup_mcxa153.o
                0x00004948                Reserved77_IRQHandler
 .text.ADC0_IRQHandler
                0x00004950        0x8 ./startup/startup_mcxa153.o
                0x00004950                ADC0_IRQHandler
 .text.Reserved79_IRQHandler
                0x00004958        0x8 ./startup/startup_mcxa153.o
                0x00004958                Reserved79_IRQHandler
 .text.CMP0_IRQHandler
                0x00004960        0x8 ./startup/startup_mcxa153.o
                0x00004960                CMP0_IRQHandler
 .text.CMP1_IRQHandler
                0x00004968        0x8 ./startup/startup_mcxa153.o
                0x00004968                CMP1_IRQHandler
 .text.Reserved82_IRQHandler
                0x00004970        0x8 ./startup/startup_mcxa153.o
                0x00004970                Reserved82_IRQHandler
 .text.Reserved83_IRQHandler
                0x00004978        0x8 ./startup/startup_mcxa153.o
                0x00004978                Reserved83_IRQHandler
 .text.Reserved84_IRQHandler
                0x00004980        0x8 ./startup/startup_mcxa153.o
                0x00004980                Reserved84_IRQHandler
 .text.Reserved85_IRQHandler
                0x00004988        0x8 ./startup/startup_mcxa153.o
                0x00004988                Reserved85_IRQHandler
 .text.Reserved86_IRQHandler
                0x00004990        0x8 ./startup/startup_mcxa153.o
                0x00004990                Reserved86_IRQHandler
 .text.GPIO0_IRQHandler
                0x00004998        0x8 ./startup/startup_mcxa153.o
                0x00004998                GPIO0_IRQHandler
 .text.GPIO1_IRQHandler
                0x000049a0        0x8 ./startup/startup_mcxa153.o
                0x000049a0                GPIO1_IRQHandler
 .text.GPIO2_IRQHandler
                0x000049a8        0x8 ./startup/startup_mcxa153.o
                0x000049a8                GPIO2_IRQHandler
 .text.GPIO3_IRQHandler
                0x000049b0        0x8 ./startup/startup_mcxa153.o
                0x000049b0                GPIO3_IRQHandler
 .text.strsep   0x000049b8       0x50 ./source/utils/GPS.o
                0x000049b8                strsep
 .text.GPSCalculateDirections
                0x00004a08       0x86 ./source/utils/GPS.o
                0x00004a08                GPSCalculateDirections
 .text.determineLongitudeDirection
                0x00004a8e       0x2e ./source/utils/GPS.o
                0x00004a8e                determineLongitudeDirection
 .text.determineLatitudeDirection
                0x00004abc       0x2e ./source/utils/GPS.o
                0x00004abc                determineLatitudeDirection
 .text.f_init   0x00004aea       0x4a ./source/fifo.o
                0x00004aea                f_init
 .text.f_push   0x00004b34       0x6a ./source/fifo.o
                0x00004b34                f_push
 .text.f_pop    0x00004b9e       0x66 ./source/fifo.o
                0x00004b9e                f_pop
 .text.f_cnt    0x00004c04       0x16 ./source/fifo.o
                0x00004c04                f_cnt
 .text.__sys_write
                0x00004c1a       0x56 ./source/retarget.o
                0x00004c1a                __sys_write
 .text.__sys_readc
                0x00004c70        0xe ./source/retarget.o
                0x00004c70                __sys_readc
 .text.HardFault_Handler
                0x00004c7e       0x36 ./source/semihost_hardfault.o
                0x00004c7e                HardFault_Handler
 .text.SystemInitHook
                0x00004cb4        0xc ./device/system_MCXA153.o
                0x00004cb4                SystemInitHook
 .text.__main   0x00004cc0        0xe /Applications/MCUXpressoIDE_24.12.148/ide/plugins/com.nxp.mcuxpresso.tools.macosx_24.12.0.202407110909/tools/bin/../lib/gcc/arm-none-eabi/13.2.1/../../../../arm-none-eabi/lib/thumb/v8-m.main/nofp/libcr_semihost_nf.a(_cr__main.o)
                0x00004cc0                __main
                0x00004cc0                __CR_SEMIHOST
 .text.fabs     0x00004cce       0x1c /Applications/MCUXpressoIDE_24.12.148/ide/plugins/com.nxp.mcuxpresso.tools.macosx_24.12.0.202407110909/tools/bin/../lib/gcc/arm-none-eabi/13.2.1/../../../../arm-none-eabi/lib/thumb/v8-m.main/nofp/libcr_c.a(fabs.o)
                0x00004cce                fabs
 .text.fp_round
                0x00004cea       0x4c /Applications/MCUXpressoIDE_24.12.148/ide/plugins/com.nxp.mcuxpresso.tools.macosx_24.12.0.202407110909/tools/bin/../lib/gcc/arm-none-eabi/13.2.1/../../../../arm-none-eabi/lib/thumb/v8-m.main/nofp/libcr_c.a(fpprintf.o)
 .text.pr_dec.constprop.0
                0x00004d36       0x24 /Applications/MCUXpressoIDE_24.12.148/ide/plugins/com.nxp.mcuxpresso.tools.macosx_24.12.0.202407110909/tools/bin/../lib/gcc/arm-none-eabi/13.2.1/../../../../arm-none-eabi/lib/thumb/v8-m.main/nofp/libcr_c.a(fpprintf.o)
 .text.sscanf   0x00004d5a       0x3e /Applications/MCUXpressoIDE_24.12.148/ide/plugins/com.nxp.mcuxpresso.tools.macosx_24.12.0.202407110909/tools/bin/../lib/gcc/arm-none-eabi/13.2.1/../../../../arm-none-eabi/lib/thumb/v8-m.main/nofp/libcr_c.a(scanf.o)
                0x00004d5a                sscanf
 .text.setvbuf  0x00004d98       0x3e /Applications/MCUXpressoIDE_24.12.148/ide/plugins/com.nxp.mcuxpresso.tools.macosx_24.12.0.202407110909/tools/bin/../lib/gcc/arm-none-eabi/13.2.1/../../../../arm-none-eabi/lib/thumb/v8-m.main/nofp/libcr_c.a(setvbuf.o)
                0x00004d98                setvbuf
 .text.strcspn  0x00004dd6       0x1e /Applications/MCUXpressoIDE_24.12.148/ide/plugins/com.nxp.mcuxpresso.tools.macosx_24.12.0.202407110909/tools/bin/../lib/gcc/arm-none-eabi/13.2.1/../../../../arm-none-eabi/lib/thumb/v8-m.main/nofp/libcr_c.a(strcspn.o)
                0x00004dd6                strcspn
 .text.strlen   0x00004df4       0x4e /Applications/MCUXpressoIDE_24.12.148/ide/plugins/com.nxp.mcuxpresso.tools.macosx_24.12.0.202407110909/tools/bin/../lib/gcc/arm-none-eabi/13.2.1/../../../../arm-none-eabi/lib/thumb/v8-m.main/nofp/libcr_c.a(strlen.o)
                0x00004df4                strlen
 .text.strncat  0x00004e42       0x28 /Applications/MCUXpressoIDE_24.12.148/ide/plugins/com.nxp.mcuxpresso.tools.macosx_24.12.0.202407110909/tools/bin/../lib/gcc/arm-none-eabi/13.2.1/../../../../arm-none-eabi/lib/thumb/v8-m.main/nofp/libcr_c.a(strncat.o)
                0x00004e42                strncat
 .text.strncmp  0x00004e6a       0x54 /Applications/MCUXpressoIDE_24.12.148/ide/plugins/com.nxp.mcuxpresso.tools.macosx_24.12.0.202407110909/tools/bin/../lib/gcc/arm-none-eabi/13.2.1/../../../../arm-none-eabi/lib/thumb/v8-m.main/nofp/libcr_c.a(strncmp.o)
                0x00004e6a                strncmp
 .text.ungetc   0x00004ebe       0x32 /Applications/MCUXpressoIDE_24.12.148/ide/plugins/com.nxp.mcuxpresso.tools.macosx_24.12.0.202407110909/tools/bin/../lib/gcc/arm-none-eabi/13.2.1/../../../../arm-none-eabi/lib/thumb/v8-m.main/nofp/libcr_c.a(ungetc.o)
                0x00004ebe                ungetc
 .text.memset   0x00004ef0        0x4 /Applications/MCUXpressoIDE_24.12.148/ide/plugins/com.nxp.mcuxpresso.tools.macosx_24.12.0.202407110909/tools/bin/../lib/gcc/arm-none-eabi/13.2.1/../../../../arm-none-eabi/lib/thumb/v8-m.main/nofp/libcr_c.a(memset.o)
                0x00004ef0                memset
 .text._Csys_read_
                0x00004ef4       0x22 /Applications/MCUXpressoIDE_24.12.148/ide/plugins/com.nxp.mcuxpresso.tools.macosx_24.12.0.202407110909/tools/bin/../lib/gcc/arm-none-eabi/13.2.1/../../../../arm-none-eabi/lib/thumb/v8-m.main/nofp/libcr_c.a(__fillbuf.o)
                0x00004ef4                _Csys_read_
 .text._deferredlazyseek
                0x00004f16       0x40 /Applications/MCUXpressoIDE_24.12.148/ide/plugins/com.nxp.mcuxpresso.tools.macosx_24.12.0.202407110909/tools/bin/../lib/gcc/arm-none-eabi/13.2.1/../../../../arm-none-eabi/lib/thumb/v8-m.main/nofp/libcr_c.a(_deferredlazyseek.o)
                0x00004f16                _deferredlazyseek
 .text.__flsbuf
                0x00004f56      0x126 /Applications/MCUXpressoIDE_24.12.148/ide/plugins/com.nxp.mcuxpresso.tools.macosx_24.12.0.202407110909/tools/bin/../lib/gcc/arm-none-eabi/13.2.1/../../../../arm-none-eabi/lib/thumb/v8-m.main/nofp/libcr_c.a(_deferredlazyseek.o)
                0x00004f56                __flsbuf
 .text._fdopen  0x0000507c       0x68 /Applications/MCUXpressoIDE_24.12.148/ide/plugins/com.nxp.mcuxpresso.tools.macosx_24.12.0.202407110909/tools/bin/../lib/gcc/arm-none-eabi/13.2.1/../../../../arm-none-eabi/lib/thumb/v8-m.main/nofp/libcr_c.a(_fdopen.o)
                0x0000507c                _fdopen
 .text._fflush  0x000050e4       0x52 /Applications/MCUXpressoIDE_24.12.148/ide/plugins/com.nxp.mcuxpresso.tools.macosx_24.12.0.202407110909/tools/bin/../lib/gcc/arm-none-eabi/13.2.1/../../../../arm-none-eabi/lib/thumb/v8-m.main/nofp/libcr_c.a(_fflush.o)
                0x000050e4                _fflush
 .text._frexpl  0x00005136       0x5a /Applications/MCUXpressoIDE_24.12.148/ide/plugins/com.nxp.mcuxpresso.tools.macosx_24.12.0.202407110909/tools/bin/../lib/gcc/arm-none-eabi/13.2.1/../../../../arm-none-eabi/lib/thumb/v8-m.main/nofp/libcr_c.a(_frexpl.o)
                0x00005136                _frexpl
 .text.free     0x00005190       0x30 /Applications/MCUXpressoIDE_24.12.148/ide/plugins/com.nxp.mcuxpresso.tools.macosx_24.12.0.202407110909/tools/bin/../lib/gcc/arm-none-eabi/13.2.1/../../../../arm-none-eabi/lib/thumb/v8-m.main/nofp/libcr_c.a(alloc.o)
                0x00005190                free
 .text.fclose   0x000051c0       0x58 /Applications/MCUXpressoIDE_24.12.148/ide/plugins/com.nxp.mcuxpresso.tools.macosx_24.12.0.202407110909/tools/bin/../lib/gcc/arm-none-eabi/13.2.1/../../../../arm-none-eabi/lib/thumb/v8-m.main/nofp/libcr_c.a(fclose.o)
                0x000051c0                fclose
 .text.frexp    0x00005218       0x5a /Applications/MCUXpressoIDE_24.12.148/ide/plugins/com.nxp.mcuxpresso.tools.macosx_24.12.0.202407110909/tools/bin/../lib/gcc/arm-none-eabi/13.2.1/../../../../arm-none-eabi/lib/thumb/v8-m.main/nofp/libcr_c.a(frexp.o)
                0x00005218                frexp
 .text.remove   0x00005272       0x14 /Applications/MCUXpressoIDE_24.12.148/ide/plugins/com.nxp.mcuxpresso.tools.macosx_24.12.0.202407110909/tools/bin/../lib/gcc/arm-none-eabi/13.2.1/../../../../arm-none-eabi/lib/thumb/v8-m.main/nofp/libcr_c.a(remove.o)
                0x00005272                remove
 .text._do_fflush
                0x00005286       0x40 /Applications/MCUXpressoIDE_24.12.148/ide/plugins/com.nxp.mcuxpresso.tools.macosx_24.12.0.202407110909/tools/bin/../lib/gcc/arm-none-eabi/13.2.1/../../../../arm-none-eabi/lib/thumb/v8-m.main/nofp/libcr_c.a(_do_fflush.o)
                0x00005286                _do_fflush
 .text.__aeabi_d2iz
                0x000052c6       0x42 /Applications/MCUXpressoIDE_24.12.148/ide/plugins/com.nxp.mcuxpresso.tools.macosx_24.12.0.202407110909/tools/bin/../lib/gcc/arm-none-eabi/13.2.1/thumb/v8-m.main/nofp/libcr_eabihelpers.a(double.o)
                0x000052c6                __aeabi_d2iz
 .text.__bhs_ui2d
                0x00005308       0x46 /Applications/MCUXpressoIDE_24.12.148/ide/plugins/com.nxp.mcuxpresso.tools.macosx_24.12.0.202407110909/tools/bin/../lib/gcc/arm-none-eabi/13.2.1/thumb/v8-m.main/nofp/libcr_eabihelpers.a(double.o)
                0x00005308                __bhs_ui2d
 .text.__aeabi_i2d
                0x0000534e       0x10 /Applications/MCUXpressoIDE_24.12.148/ide/plugins/com.nxp.mcuxpresso.tools.macosx_24.12.0.202407110909/tools/bin/../lib/gcc/arm-none-eabi/13.2.1/thumb/v8-m.main/nofp/libcr_eabihelpers.a(double.o)
                0x0000534e                __aeabi_i2d
 .text.__aeabi_dcmpeq
                0x0000535e       0x30 /Applications/MCUXpressoIDE_24.12.148/ide/plugins/com.nxp.mcuxpresso.tools.macosx_24.12.0.202407110909/tools/bin/../lib/gcc/arm-none-eabi/13.2.1/thumb/v8-m.main/nofp/libcr_eabihelpers.a(double.o)
                0x0000535e                __aeabi_dcmpeq
 .text.__aeabi_dcmplt
                0x0000538e       0x56 /Applications/MCUXpressoIDE_24.12.148/ide/plugins/com.nxp.mcuxpresso.tools.macosx_24.12.0.202407110909/tools/bin/../lib/gcc/arm-none-eabi/13.2.1/thumb/v8-m.main/nofp/libcr_eabihelpers.a(double.o)
                0x0000538e                __aeabi_dcmplt
 .text.__aeabi_dcmpgt
                0x000053e4       0x56 /Applications/MCUXpressoIDE_24.12.148/ide/plugins/com.nxp.mcuxpresso.tools.macosx_24.12.0.202407110909/tools/bin/../lib/gcc/arm-none-eabi/13.2.1/thumb/v8-m.main/nofp/libcr_eabihelpers.a(double.o)
                0x000053e4                __aeabi_dcmpgt
 .text.__aeabi_dcmple
                0x0000543a       0x54 /Applications/MCUXpressoIDE_24.12.148/ide/plugins/com.nxp.mcuxpresso.tools.macosx_24.12.0.202407110909/tools/bin/../lib/gcc/arm-none-eabi/13.2.1/thumb/v8-m.main/nofp/libcr_eabihelpers.a(double.o)
                0x0000543a                __aeabi_dcmple
 .text.__aeabi_dcmpge
                0x0000548e       0x5a /Applications/MCUXpressoIDE_24.12.148/ide/plugins/com.nxp.mcuxpresso.tools.macosx_24.12.0.202407110909/tools/bin/../lib/gcc/arm-none-eabi/13.2.1/thumb/v8-m.main/nofp/libcr_eabihelpers.a(double.o)
                0x0000548e                __aeabi_dcmpge
 .text.__aeabi_memset_lowlevel
                0x000054e8       0x32 /Applications/MCUXpressoIDE_24.12.148/ide/plugins/com.nxp.mcuxpresso.tools.macosx_24.12.0.202407110909/tools/bin/../lib/gcc/arm-none-eabi/13.2.1/thumb/v8-m.main/nofp/libcr_eabihelpers.a(memcpy.o)
                0x000054e8                __aeabi_lowlevel_memset
 .text.__sys_close
                0x0000551a        0xc /Applications/MCUXpressoIDE_24.12.148/ide/plugins/com.nxp.mcuxpresso.tools.macosx_24.12.0.202407110909/tools/bin/../lib/gcc/arm-none-eabi/13.2.1/../../../../arm-none-eabi/lib/thumb/v8-m.main/nofp/libcr_semihost_nf.a(__sys_close.o)
                0x0000551a                __sys_close
 .text.__sys_flen
                0x00005526        0xc /Applications/MCUXpressoIDE_24.12.148/ide/plugins/com.nxp.mcuxpresso.tools.macosx_24.12.0.202407110909/tools/bin/../lib/gcc/arm-none-eabi/13.2.1/../../../../arm-none-eabi/lib/thumb/v8-m.main/nofp/libcr_semihost_nf.a(__sys_flen.o)
                0x00005526                __sys_flen
 .text.__sys_istty
                0x00005532        0xc /Applications/MCUXpressoIDE_24.12.148/ide/plugins/com.nxp.mcuxpresso.tools.macosx_24.12.0.202407110909/tools/bin/../lib/gcc/arm-none-eabi/13.2.1/../../../../arm-none-eabi/lib/thumb/v8-m.main/nofp/libcr_semihost_nf.a(__sys_istty.o)
                0x00005532                __sys_istty
 .text.__sys_read
                0x0000553e        0xc /Applications/MCUXpressoIDE_24.12.148/ide/plugins/com.nxp.mcuxpresso.tools.macosx_24.12.0.202407110909/tools/bin/../lib/gcc/arm-none-eabi/13.2.1/../../../../arm-none-eabi/lib/thumb/v8-m.main/nofp/libcr_semihost_nf.a(__sys_read.o)
                0x0000553e                __sys_read
 .text.__sys_remove
                0x0000554a        0xc /Applications/MCUXpressoIDE_24.12.148/ide/plugins/com.nxp.mcuxpresso.tools.macosx_24.12.0.202407110909/tools/bin/../lib/gcc/arm-none-eabi/13.2.1/../../../../arm-none-eabi/lib/thumb/v8-m.main/nofp/libcr_semihost_nf.a(__sys_remove.o)
                0x0000554a                __sys_remove
 .text.__sys_seek
                0x00005556        0xc /Applications/MCUXpressoIDE_24.12.148/ide/plugins/com.nxp.mcuxpresso.tools.macosx_24.12.0.202407110909/tools/bin/../lib/gcc/arm-none-eabi/13.2.1/../../../../arm-none-eabi/lib/thumb/v8-m.main/nofp/libcr_semihost_nf.a(__sys_seek.o)
                0x00005556                __sys_seek
 .text.__sys_tmpnam
                0x00005562        0xc /Applications/MCUXpressoIDE_24.12.148/ide/plugins/com.nxp.mcuxpresso.tools.macosx_24.12.0.202407110909/tools/bin/../lib/gcc/arm-none-eabi/13.2.1/../../../../arm-none-eabi/lib/thumb/v8-m.main/nofp/libcr_semihost_nf.a(__sys_tmpnam.o)
                0x00005562                __sys_tmpnam
 *(SORT_BY_ALIGNMENT(.rodata) SORT_BY_ALIGNMENT(.rodata.*) SORT_BY_ALIGNMENT(.constdata) SORT_BY_ALIGNMENT(.constdata.*))
 *fill*         0x0000556e        0x2 ff
 .rodata.a2.0   0x00005570       0x40 /Applications/MCUXpressoIDE_24.12.148/ide/plugins/com.nxp.mcuxpresso.tools.macosx_24.12.0.202407110909/tools/bin/../lib/gcc/arm-none-eabi/13.2.1/../../../../arm-none-eabi/lib/thumb/v8-m.main/nofp/libcr_c.a(pow.o)
 .rodata.a1.1   0x000055b0       0x88 /Applications/MCUXpressoIDE_24.12.148/ide/plugins/com.nxp.mcuxpresso.tools.macosx_24.12.0.202407110909/tools/bin/../lib/gcc/arm-none-eabi/13.2.1/../../../../arm-none-eabi/lib/thumb/v8-m.main/nofp/libcr_c.a(pow.o)
 .rodata.updateData.str1.4
                0x00005638       0x51 ./source/utils/GPS.o
                                  0x7 (size before relaxing)
 .rodata.parseGNGGA.str1.4
                0x00005689        0x2 ./source/utils/GPS.o
 .rodata.checkGameStatus.str1.4
                0x00005689        0xa ./source/games/game_control.o
 .rodata.gpsLocationGame.str1.4
                0x00005689       0x28 ./source/games/gps_location.game.o
 .rodata.gpsProximityGame.str1.4
                0x00005689       0x3c ./source/games/gps_proximity.game.o
 *fill*         0x00005689        0x3 ff
 .rodata.__num_Ciob_streams
                0x0000568c        0x4 /Applications/MCUXpressoIDE_24.12.148/ide/plugins/com.nxp.mcuxpresso.tools.macosx_24.12.0.202407110909/tools/bin/../lib/gcc/arm-none-eabi/13.2.1/../../../../arm-none-eabi/lib/thumb/v8-m.main/nofp/libcr_semihost_nf.a(__ciob.o)
                0x0000568c                __num_Ciob_streams
 .rodata.fp_display.str1.1
                0x00005690       0x87 /Applications/MCUXpressoIDE_24.12.148/ide/plugins/com.nxp.mcuxpresso.tools.macosx_24.12.0.202407110909/tools/bin/../lib/gcc/arm-none-eabi/13.2.1/../../../../arm-none-eabi/lib/thumb/v8-m.main/nofp/libcr_c.a(fpprintf.o)
                                 0x35 (size before relaxing)
 .rodata._initio.str1.1
                0x00005717        0x4 /Applications/MCUXpressoIDE_24.12.148/ide/plugins/com.nxp.mcuxpresso.tools.macosx_24.12.0.202407110909/tools/bin/../lib/gcc/arm-none-eabi/13.2.1/../../../../arm-none-eabi/lib/thumb/v8-m.main/nofp/libcr_c.a(initio.o)
 .rodata.__vfprintf.str1.1
                0x00005717       0x38 /Applications/MCUXpressoIDE_24.12.148/ide/plugins/com.nxp.mcuxpresso.tools.macosx_24.12.0.202407110909/tools/bin/../lib/gcc/arm-none-eabi/13.2.1/../../../../arm-none-eabi/lib/thumb/v8-m.main/nofp/libcr_c.a(printf.o)
 .rodata.strtod.str1.1
                0x00005717        0x6 /Applications/MCUXpressoIDE_24.12.148/ide/plugins/com.nxp.mcuxpresso.tools.macosx_24.12.0.202407110909/tools/bin/../lib/gcc/arm-none-eabi/13.2.1/../../../../arm-none-eabi/lib/thumb/v8-m.main/nofp/libcr_c.a(scanf.o)
 .rodata._Csys_alloc.str1.1
                0x00005717       0x18 /Applications/MCUXpressoIDE_24.12.148/ide/plugins/com.nxp.mcuxpresso.tools.macosx_24.12.0.202407110909/tools/bin/../lib/gcc/arm-none-eabi/13.2.1/../../../../arm-none-eabi/lib/thumb/v8-m.main/nofp/libcr_c.a(alloc.o)
 .rodata.__ctype
                0x00005717      0x180 /Applications/MCUXpressoIDE_24.12.148/ide/plugins/com.nxp.mcuxpresso.tools.macosx_24.12.0.202407110909/tools/bin/../lib/gcc/arm-none-eabi/13.2.1/../../../../arm-none-eabi/lib/thumb/v8-m.main/nofp/libcr_c.a(ctype.o)
                0x00005717                __ctype
                0x00005898                        . = ALIGN (0x4)
 *fill*         0x00005897        0x1 ff

.glue_7         0x00005898        0x0
 .glue_7        0x00005898        0x0 linker stubs

.glue_7t        0x00005898        0x0
 .glue_7t       0x00005898        0x0 linker stubs

.vfp11_veneer   0x00005898        0x0
 .vfp11_veneer  0x00005898        0x0 linker stubs

.v4_bx          0x00005898        0x0
 .v4_bx         0x00005898        0x0 linker stubs

.iplt           0x00005898        0x0
 .iplt          0x00005898        0x0 ./startup/startup_mcxa153.o

.rel.dyn        0x00005898        0x0
 .rel.iplt      0x00005898        0x0 ./startup/startup_mcxa153.o

.ARM.extab
 *(SORT_BY_ALIGNMENT(.ARM.extab*) SORT_BY_ALIGNMENT(.gnu.linkonce.armextab.*))

.ARM.exidx      0x00005898        0x0
                0x00005898                        __exidx_start = .
 *(SORT_BY_ALIGNMENT(.ARM.exidx*) SORT_BY_ALIGNMENT(.gnu.linkonce.armexidx.*))
                0x00005898                        __exidx_end = .
                0x00005898                        _etext = .

.data_RAM2      0x04000000        0x0 load address 0x00005898
 FILL mask 0xff
                [!provide]                        PROVIDE (__start_data_RAM2 = .)
                [!provide]                        PROVIDE (__start_data_SRAMX0 = .)
 *(SORT_BY_ALIGNMENT(.ramfunc.$RAM2))
 *(SORT_BY_ALIGNMENT(.ramfunc.$SRAMX0))
 *(SORT_BY_ALIGNMENT(.data.$RAM2))
 *(SORT_BY_ALIGNMENT(.data.$SRAMX0))
 *(SORT_BY_ALIGNMENT(.data.$RAM2.*))
 *(SORT_BY_ALIGNMENT(.data.$SRAMX0.*))
                0x04000000                        . = ALIGN (0x4)
                [!provide]                        PROVIDE (__end_data_RAM2 = .)
                [!provide]                        PROVIDE (__end_data_SRAMX0 = .)

.data_RAM3      0x04002000        0x0 load address 0x00005898
 FILL mask 0xff
                [!provide]                        PROVIDE (__start_data_RAM3 = .)
                [!provide]                        PROVIDE (__start_data_SRAMX1 = .)
 *(SORT_BY_ALIGNMENT(.ramfunc.$RAM3))
 *(SORT_BY_ALIGNMENT(.ramfunc.$SRAMX1))
 *(SORT_BY_ALIGNMENT(.data.$RAM3))
 *(SORT_BY_ALIGNMENT(.data.$SRAMX1))
 *(SORT_BY_ALIGNMENT(.data.$RAM3.*))
 *(SORT_BY_ALIGNMENT(.data.$SRAMX1.*))
                0x04002000                        . = ALIGN (0x4)
                [!provide]                        PROVIDE (__end_data_RAM3 = .)
                [!provide]                        PROVIDE (__end_data_SRAMX1 = .)

.uninit_RESERVED
                0x20000000        0x0
                0x20000000                        _start_uninit_RESERVED = .
 *(SORT_BY_ALIGNMENT(.bss.$RESERVED*))
                0x20000000                        . = ALIGN (0x4)
                0x20000000                        _end_uninit_RESERVED = .

.data           0x20000000        0xc load address 0x00005898
 FILL mask 0xff
                0x20000000                        _data = .
                [!provide]                        PROVIDE (__start_data_RAM = .)
                [!provide]                        PROVIDE (__start_data_SRAM = .)
 *(SORT_BY_ALIGNMENT(vtable))
 *(SORT_BY_ALIGNMENT(.ramfunc*))
 *(SORT_BY_ALIGNMENT(CodeQuickAccess))
 *(SORT_BY_ALIGNMENT(DataQuickAccess))
 *(SORT_BY_ALIGNMENT(RamFunction))
 *(SORT_BY_ALIGNMENT(.data*))
 .data.noFixLoops
                0x20000000        0x4 ./source/utils/GPS.o
                0x20000000                noFixLoops
 .data.neginf.0
                0x20000004        0x4 /Applications/MCUXpressoIDE_24.12.148/ide/plugins/com.nxp.mcuxpresso.tools.macosx_24.12.0.202407110909/tools/bin/../lib/gcc/arm-none-eabi/13.2.1/../../../../arm-none-eabi/lib/thumb/v8-m.main/nofp/libcr_c.a(scanf.o)
 .data.posinf.1
                0x20000008        0x4 /Applications/MCUXpressoIDE_24.12.148/ide/plugins/com.nxp.mcuxpresso.tools.macosx_24.12.0.202407110909/tools/bin/../lib/gcc/arm-none-eabi/13.2.1/../../../../arm-none-eabi/lib/thumb/v8-m.main/nofp/libcr_c.a(scanf.o)
                0x2000000c                        . = ALIGN (0x4)
                0x2000000c                        _edata = .
                [!provide]                        PROVIDE (__end_data_RAM = .)
                [!provide]                        PROVIDE (__end_data_SRAM = .)

.igot.plt       0x2000000c        0x0 load address 0x000058a4
 .igot.plt      0x2000000c        0x0 ./startup/startup_mcxa153.o

.bss_RAM2       0x04000000        0x0
                [!provide]                        PROVIDE (__start_bss_RAM2 = .)
                [!provide]                        PROVIDE (__start_bss_SRAMX0 = .)
 *(SORT_BY_ALIGNMENT(.bss.$RAM2))
 *(SORT_BY_ALIGNMENT(.bss.$SRAMX0))
 *(SORT_BY_ALIGNMENT(.bss.$RAM2.*))
 *(SORT_BY_ALIGNMENT(.bss.$SRAMX0.*))
                0x04000000                        . = ALIGN ((. != 0x0)?0x4:0x1)
                [!provide]                        PROVIDE (__end_bss_RAM2 = .)
                [!provide]                        PROVIDE (__end_bss_SRAMX0 = .)

.bss_RAM3       0x04002000        0x0
                [!provide]                        PROVIDE (__start_bss_RAM3 = .)
                [!provide]                        PROVIDE (__start_bss_SRAMX1 = .)
 *(SORT_BY_ALIGNMENT(.bss.$RAM3))
 *(SORT_BY_ALIGNMENT(.bss.$SRAMX1))
 *(SORT_BY_ALIGNMENT(.bss.$RAM3.*))
 *(SORT_BY_ALIGNMENT(.bss.$SRAMX1.*))
                0x04002000                        . = ALIGN ((. != 0x0)?0x4:0x1)
                [!provide]                        PROVIDE (__end_bss_RAM3 = .)
                [!provide]                        PROVIDE (__end_bss_SRAMX1 = .)

.bss            0x20000010      0x428
                0x20000010                        _bss = .
                [!provide]                        PROVIDE (__start_bss_RAM = .)
                [!provide]                        PROVIDE (__start_bss_SRAM = .)
 *(SORT_BY_ALIGNMENT(.bss*))
 .bss.currentLocation
                0x20000010       0x18 ./source/utils/GPS.o
                0x20000010                currentLocation
 .bss.targetLocation
                0x20000028       0x18 ./source/utils/GPS.o
                0x20000028                targetLocation
 .bss.directions
                0x20000040       0x18 ./source/utils/GPS.o
                0x20000040                directions
 .bss.connectionQuality
                0x20000058       0x10 ./source/utils/GPS.o
                0x20000058                connectionQuality
 .bss.locationGameProps
                0x20000068       0x18 ./source/games/gps_location.game.o
                0x20000068                locationGameProps
 .bss.proximityGameProps
                0x20000080       0x18 ./source/games/gps_proximity.game.o
                0x20000080                proximityGameProps
 .bss.GPS       0x20000098       0x18 ./source/utils/GPS.o
                0x20000098                GPS
 .bss.buffer    0x200000b0       0x64 ./source/utils/GPS.o
                0x200000b0                buffer
 .bss.gameControl
                0x20000114        0x3 ./source/games/game_control.o
                0x20000114                gameControl
 *fill*         0x20000117        0x1 
 .bss.tx        0x20000118       0x18 ./source/lpuart0_interrupt.o
 .bss.rx        0x20000130       0x18 ./source/lpuart0_interrupt.o
 .bss.tx_buffer
                0x20000148       0x80 ./source/lpuart0_interrupt.o
 .bss.rx_buffer
                0x200001c8       0x80 ./source/lpuart0_interrupt.o
 .bss.tx        0x20000248       0x18 ./source/lpuart2_interrupt.o
 .bss.rx        0x20000260       0x18 ./source/lpuart2_interrupt.o
 .bss.tx_buffer
                0x20000278       0x80 ./source/lpuart2_interrupt.o
 .bss.rx_buffer
                0x200002f8       0x80 ./source/lpuart2_interrupt.o
 .bss.errno     0x20000378        0x4 /Applications/MCUXpressoIDE_24.12.148/ide/plugins/com.nxp.mcuxpresso.tools.macosx_24.12.0.202407110909/tools/bin/../lib/gcc/arm-none-eabi/13.2.1/../../../../arm-none-eabi/lib/thumb/v8-m.main/nofp/libcr_c.a(errno.o)
                0x20000378                errno
 .bss.__end_of_heap
                0x2000037c        0x4 /Applications/MCUXpressoIDE_24.12.148/ide/plugins/com.nxp.mcuxpresso.tools.macosx_24.12.0.202407110909/tools/bin/../lib/gcc/arm-none-eabi/13.2.1/../../../../arm-none-eabi/lib/thumb/v8-m.main/nofp/libcr_c.a(__init_alloc.o)
                0x2000037c                __end_of_heap
 .bss.__heaps   0x20000380        0x4 /Applications/MCUXpressoIDE_24.12.148/ide/plugins/com.nxp.mcuxpresso.tools.macosx_24.12.0.202407110909/tools/bin/../lib/gcc/arm-none-eabi/13.2.1/../../../../arm-none-eabi/lib/thumb/v8-m.main/nofp/libcr_c.a(__init_alloc.o)
                0x20000380                __heaps
 .bss.__Ciob    0x20000384       0xb4 /Applications/MCUXpressoIDE_24.12.148/ide/plugins/com.nxp.mcuxpresso.tools.macosx_24.12.0.202407110909/tools/bin/../lib/gcc/arm-none-eabi/13.2.1/../../../../arm-none-eabi/lib/thumb/v8-m.main/nofp/libcr_semihost_nf.a(__ciob.o)
                0x20000384                __Ciob
 *(SORT_BY_ALIGNMENT(COMMON))
                0x20000438                        . = ALIGN (0x4)
                0x20000438                        _ebss = .
                [!provide]                        PROVIDE (__end_bss_RAM = .)
                [!provide]                        PROVIDE (__end_bss_SRAM = .)
                [!provide]                        PROVIDE (end = .)

.noinit_RAM2    0x04000000        0x0
                [!provide]                        PROVIDE (__start_noinit_RAM2 = .)
                [!provide]                        PROVIDE (__start_noinit_SRAMX0 = .)
 *(SORT_BY_ALIGNMENT(.noinit.$RAM2))
 *(SORT_BY_ALIGNMENT(.noinit.$SRAMX0))
 *(SORT_BY_ALIGNMENT(.noinit.$RAM2.*))
 *(SORT_BY_ALIGNMENT(.noinit.$SRAMX0.*))
                0x04000000                        . = ALIGN (0x4)
                [!provide]                        PROVIDE (__end_noinit_RAM2 = .)
                [!provide]                        PROVIDE (__end_noinit_SRAMX0 = .)

.noinit_RAM3    0x04002000        0x0
                [!provide]                        PROVIDE (__start_noinit_RAM3 = .)
                [!provide]                        PROVIDE (__start_noinit_SRAMX1 = .)
 *(SORT_BY_ALIGNMENT(.noinit.$RAM3))
 *(SORT_BY_ALIGNMENT(.noinit.$SRAMX1))
 *(SORT_BY_ALIGNMENT(.noinit.$RAM3.*))
 *(SORT_BY_ALIGNMENT(.noinit.$SRAMX1.*))
                0x04002000                        . = ALIGN (0x4)
                [!provide]                        PROVIDE (__end_noinit_RAM3 = .)
                [!provide]                        PROVIDE (__end_noinit_SRAMX1 = .)

.noinit         0x20000438        0x0
                0x20000438                        _noinit = .
                [!provide]                        PROVIDE (__start_noinit_RAM = .)
                [!provide]                        PROVIDE (__start_noinit_SRAM = .)
 *(SORT_BY_ALIGNMENT(.noinit*))
                0x20000438                        . = ALIGN (0x4)
                0x20000438                        _end_noinit = .
                [!provide]                        PROVIDE (__end_noinit_RAM = .)
                [!provide]                        PROVIDE (__end_noinit_SRAM = .)
                0x00000600                        _HeapSize = 0x600

.heap           0x20000438      0x600
                0x20000438                        _pvHeapStart = .
                0x20000a38                        . = (. + _HeapSize)
 *fill*         0x20000438      0x600 
                0x20000a38                        . = ALIGN (0x4)
                0x20000a38                        _pvHeapLimit = .
                0x00000600                        _StackSize = 0x600

.heap2stackfill
                0x20000a38      0x600
                0x20001038                        . = (. + _StackSize)
 *fill*         0x20000a38      0x600 

.stack          0x20005a00        0x0
                0x20005a00                        _vStackBase = .
                0x20005a00                        . = ALIGN (0x4)
                0x20006000                        _vStackTop = (. + _StackSize)
                0x00000000                        _image_start = LOADADDR (.text)
                0x000058a4                        _image_end = (LOADADDR (.data) + SIZEOF (.data))
                0x000058a4                        _image_size = (_image_end - _image_start)
OUTPUT(project.axf elf32-littlearm)
LOAD linker stubs

.debug_info     0x00000000     0xf80b
 .debug_info    0x00000000      0xb86 ./startup/startup_mcxa153.o
 .debug_info    0x00000b86      0x768 ./source/utils/GPS.o
 .debug_info    0x000012ee      0x187 ./source/games/game_control.o
 .debug_info    0x00001475      0x3fb ./source/games/gps_location.game.o
 .debug_info    0x00001870      0x40a ./source/games/gps_proximity.game.o
 .debug_info    0x00001c7a      0x2dc ./source/fifo.o
 .debug_info    0x00001f56      0xf5b ./source/lpuart0_interrupt.o
 .debug_info    0x00002eb1      0xf5b ./source/lpuart2_interrupt.o
 .debug_info    0x00003e0c      0x3eb ./source/main.o
 .debug_info    0x000041f7      0x128 ./source/retarget.o
 .debug_info    0x0000431f       0x3c ./source/semihost_hardfault.o
 .debug_info    0x0000435b      0xc6a ./device/system_MCXA153.o
 .debug_info    0x00004fc5       0x85 /Applications/MCUXpressoIDE_24.12.148/ide/plugins/com.nxp.mcuxpresso.tools.macosx_24.12.0.202407110909/tools/bin/../lib/gcc/arm-none-eabi/13.2.1/../../../../arm-none-eabi/lib/thumb/v8-m.main/nofp/libcr_semihost_nf.a(_cr__main.o)
 .debug_info    0x0000504a       0xe2 /Applications/MCUXpressoIDE_24.12.148/ide/plugins/com.nxp.mcuxpresso.tools.macosx_24.12.0.202407110909/tools/bin/../lib/gcc/arm-none-eabi/13.2.1/../../../../arm-none-eabi/lib/thumb/v8-m.main/nofp/libcr_c.a(cos.o)
 .debug_info    0x0000512c       0x8f /Applications/MCUXpressoIDE_24.12.148/ide/plugins/com.nxp.mcuxpresso.tools.macosx_24.12.0.202407110909/tools/bin/../lib/gcc/arm-none-eabi/13.2.1/../../../../arm-none-eabi/lib/thumb/v8-m.main/nofp/libcr_c.a(fabs.o)
 .debug_info    0x000051bb     0x1569 /Applications/MCUXpressoIDE_24.12.148/ide/plugins/com.nxp.mcuxpresso.tools.macosx_24.12.0.202407110909/tools/bin/../lib/gcc/arm-none-eabi/13.2.1/../../../../arm-none-eabi/lib/thumb/v8-m.main/nofp/libcr_c.a(fpprintf.o)
 .debug_info    0x00006724      0x339 /Applications/MCUXpressoIDE_24.12.148/ide/plugins/com.nxp.mcuxpresso.tools.macosx_24.12.0.202407110909/tools/bin/../lib/gcc/arm-none-eabi/13.2.1/../../../../arm-none-eabi/lib/thumb/v8-m.main/nofp/libcr_c.a(initio.o)
 .debug_info    0x00006a5d      0x617 /Applications/MCUXpressoIDE_24.12.148/ide/plugins/com.nxp.mcuxpresso.tools.macosx_24.12.0.202407110909/tools/bin/../lib/gcc/arm-none-eabi/13.2.1/../../../../arm-none-eabi/lib/thumb/v8-m.main/nofp/libcr_c.a(pow.o)
 .debug_info    0x00007074     0x1280 /Applications/MCUXpressoIDE_24.12.148/ide/plugins/com.nxp.mcuxpresso.tools.macosx_24.12.0.202407110909/tools/bin/../lib/gcc/arm-none-eabi/13.2.1/../../../../arm-none-eabi/lib/thumb/v8-m.main/nofp/libcr_c.a(printf.o)
 .debug_info    0x000082f4     0x19dd /Applications/MCUXpressoIDE_24.12.148/ide/plugins/com.nxp.mcuxpresso.tools.macosx_24.12.0.202407110909/tools/bin/../lib/gcc/arm-none-eabi/13.2.1/../../../../arm-none-eabi/lib/thumb/v8-m.main/nofp/libcr_c.a(scanf.o)
 .debug_info    0x00009cd1      0x1fd /Applications/MCUXpressoIDE_24.12.148/ide/plugins/com.nxp.mcuxpresso.tools.macosx_24.12.0.202407110909/tools/bin/../lib/gcc/arm-none-eabi/13.2.1/../../../../arm-none-eabi/lib/thumb/v8-m.main/nofp/libcr_c.a(setvbuf.o)
 .debug_info    0x00009ece      0x203 /Applications/MCUXpressoIDE_24.12.148/ide/plugins/com.nxp.mcuxpresso.tools.macosx_24.12.0.202407110909/tools/bin/../lib/gcc/arm-none-eabi/13.2.1/../../../../arm-none-eabi/lib/thumb/v8-m.main/nofp/libcr_c.a(sqrt.o)
 .debug_info    0x0000a0d1       0xe0 /Applications/MCUXpressoIDE_24.12.148/ide/plugins/com.nxp.mcuxpresso.tools.macosx_24.12.0.202407110909/tools/bin/../lib/gcc/arm-none-eabi/13.2.1/../../../../arm-none-eabi/lib/thumb/v8-m.main/nofp/libcr_c.a(strcspn.o)
 .debug_info    0x0000a1b1       0xe1 /Applications/MCUXpressoIDE_24.12.148/ide/plugins/com.nxp.mcuxpresso.tools.macosx_24.12.0.202407110909/tools/bin/../lib/gcc/arm-none-eabi/13.2.1/../../../../arm-none-eabi/lib/thumb/v8-m.main/nofp/libcr_c.a(strlen.o)
 .debug_info    0x0000a292       0xca /Applications/MCUXpressoIDE_24.12.148/ide/plugins/com.nxp.mcuxpresso.tools.macosx_24.12.0.202407110909/tools/bin/../lib/gcc/arm-none-eabi/13.2.1/../../../../arm-none-eabi/lib/thumb/v8-m.main/nofp/libcr_c.a(strncat.o)
 .debug_info    0x0000a35c      0x11c /Applications/MCUXpressoIDE_24.12.148/ide/plugins/com.nxp.mcuxpresso.tools.macosx_24.12.0.202407110909/tools/bin/../lib/gcc/arm-none-eabi/13.2.1/../../../../arm-none-eabi/lib/thumb/v8-m.main/nofp/libcr_c.a(strncmp.o)
 .debug_info    0x0000a478      0x192 /Applications/MCUXpressoIDE_24.12.148/ide/plugins/com.nxp.mcuxpresso.tools.macosx_24.12.0.202407110909/tools/bin/../lib/gcc/arm-none-eabi/13.2.1/../../../../arm-none-eabi/lib/thumb/v8-m.main/nofp/libcr_c.a(ungetc.o)
 .debug_info    0x0000a60a       0xfc /Applications/MCUXpressoIDE_24.12.148/ide/plugins/com.nxp.mcuxpresso.tools.macosx_24.12.0.202407110909/tools/bin/../lib/gcc/arm-none-eabi/13.2.1/../../../../arm-none-eabi/lib/thumb/v8-m.main/nofp/libcr_c.a(memset.o)
 .debug_info    0x0000a706      0x46d /Applications/MCUXpressoIDE_24.12.148/ide/plugins/com.nxp.mcuxpresso.tools.macosx_24.12.0.202407110909/tools/bin/../lib/gcc/arm-none-eabi/13.2.1/../../../../arm-none-eabi/lib/thumb/v8-m.main/nofp/libcr_c.a(__fillbuf.o)
 .debug_info    0x0000ab73      0x369 /Applications/MCUXpressoIDE_24.12.148/ide/plugins/com.nxp.mcuxpresso.tools.macosx_24.12.0.202407110909/tools/bin/../lib/gcc/arm-none-eabi/13.2.1/../../../../arm-none-eabi/lib/thumb/v8-m.main/nofp/libcr_c.a(_deferredlazyseek.o)
 .debug_info    0x0000aedc      0x24b /Applications/MCUXpressoIDE_24.12.148/ide/plugins/com.nxp.mcuxpresso.tools.macosx_24.12.0.202407110909/tools/bin/../lib/gcc/arm-none-eabi/13.2.1/../../../../arm-none-eabi/lib/thumb/v8-m.main/nofp/libcr_c.a(_fdopen.o)
 .debug_info    0x0000b127      0x1e3 /Applications/MCUXpressoIDE_24.12.148/ide/plugins/com.nxp.mcuxpresso.tools.macosx_24.12.0.202407110909/tools/bin/../lib/gcc/arm-none-eabi/13.2.1/../../../../arm-none-eabi/lib/thumb/v8-m.main/nofp/libcr_c.a(_fflush.o)
 .debug_info    0x0000b30a      0x15e /Applications/MCUXpressoIDE_24.12.148/ide/plugins/com.nxp.mcuxpresso.tools.macosx_24.12.0.202407110909/tools/bin/../lib/gcc/arm-none-eabi/13.2.1/../../../../arm-none-eabi/lib/thumb/v8-m.main/nofp/libcr_c.a(_frexpl.o)
 .debug_info    0x0000b468      0x146 /Applications/MCUXpressoIDE_24.12.148/ide/plugins/com.nxp.mcuxpresso.tools.macosx_24.12.0.202407110909/tools/bin/../lib/gcc/arm-none-eabi/13.2.1/../../../../arm-none-eabi/lib/thumb/v8-m.main/nofp/libcr_c.a(_ldexpl.o)
 .debug_info    0x0000b5ae      0x286 /Applications/MCUXpressoIDE_24.12.148/ide/plugins/com.nxp.mcuxpresso.tools.macosx_24.12.0.202407110909/tools/bin/../lib/gcc/arm-none-eabi/13.2.1/../../../../arm-none-eabi/lib/thumb/v8-m.main/nofp/libcr_c.a(_sincos.o)
 .debug_info    0x0000b834      0x289 /Applications/MCUXpressoIDE_24.12.148/ide/plugins/com.nxp.mcuxpresso.tools.macosx_24.12.0.202407110909/tools/bin/../lib/gcc/arm-none-eabi/13.2.1/../../../../arm-none-eabi/lib/thumb/v8-m.main/nofp/libcr_c.a(_writebuf.o)
 .debug_info    0x0000babd      0x520 /Applications/MCUXpressoIDE_24.12.148/ide/plugins/com.nxp.mcuxpresso.tools.macosx_24.12.0.202407110909/tools/bin/../lib/gcc/arm-none-eabi/13.2.1/../../../../arm-none-eabi/lib/thumb/v8-m.main/nofp/libcr_c.a(alloc.o)
 .debug_info    0x0000bfdd      0x2f8 /Applications/MCUXpressoIDE_24.12.148/ide/plugins/com.nxp.mcuxpresso.tools.macosx_24.12.0.202407110909/tools/bin/../lib/gcc/arm-none-eabi/13.2.1/../../../../arm-none-eabi/lib/thumb/v8-m.main/nofp/libcr_c.a(ctype.o)
 .debug_info    0x0000c2d5       0x44 /Applications/MCUXpressoIDE_24.12.148/ide/plugins/com.nxp.mcuxpresso.tools.macosx_24.12.0.202407110909/tools/bin/../lib/gcc/arm-none-eabi/13.2.1/../../../../arm-none-eabi/lib/thumb/v8-m.main/nofp/libcr_c.a(errno.o)
 .debug_info    0x0000c319      0x318 /Applications/MCUXpressoIDE_24.12.148/ide/plugins/com.nxp.mcuxpresso.tools.macosx_24.12.0.202407110909/tools/bin/../lib/gcc/arm-none-eabi/13.2.1/../../../../arm-none-eabi/lib/thumb/v8-m.main/nofp/libcr_c.a(fclose.o)
 .debug_info    0x0000c631      0x209 /Applications/MCUXpressoIDE_24.12.148/ide/plugins/com.nxp.mcuxpresso.tools.macosx_24.12.0.202407110909/tools/bin/../lib/gcc/arm-none-eabi/13.2.1/../../../../arm-none-eabi/lib/thumb/v8-m.main/nofp/libcr_c.a(fflush.o)
 .debug_info    0x0000c83a      0x15e /Applications/MCUXpressoIDE_24.12.148/ide/plugins/com.nxp.mcuxpresso.tools.macosx_24.12.0.202407110909/tools/bin/../lib/gcc/arm-none-eabi/13.2.1/../../../../arm-none-eabi/lib/thumb/v8-m.main/nofp/libcr_c.a(frexp.o)
 .debug_info    0x0000c998      0x276 /Applications/MCUXpressoIDE_24.12.148/ide/plugins/com.nxp.mcuxpresso.tools.macosx_24.12.0.202407110909/tools/bin/../lib/gcc/arm-none-eabi/13.2.1/../../../../arm-none-eabi/lib/thumb/v8-m.main/nofp/libcr_c.a(fseek.o)
 .debug_info    0x0000cc0e      0x197 /Applications/MCUXpressoIDE_24.12.148/ide/plugins/com.nxp.mcuxpresso.tools.macosx_24.12.0.202407110909/tools/bin/../lib/gcc/arm-none-eabi/13.2.1/../../../../arm-none-eabi/lib/thumb/v8-m.main/nofp/libcr_c.a(ftell.o)
 .debug_info    0x0000cda5      0x146 /Applications/MCUXpressoIDE_24.12.148/ide/plugins/com.nxp.mcuxpresso.tools.macosx_24.12.0.202407110909/tools/bin/../lib/gcc/arm-none-eabi/13.2.1/../../../../arm-none-eabi/lib/thumb/v8-m.main/nofp/libcr_c.a(ldexp.o)
 .debug_info    0x0000ceeb      0x1d7 /Applications/MCUXpressoIDE_24.12.148/ide/plugins/com.nxp.mcuxpresso.tools.macosx_24.12.0.202407110909/tools/bin/../lib/gcc/arm-none-eabi/13.2.1/../../../../arm-none-eabi/lib/thumb/v8-m.main/nofp/libcr_c.a(remove.o)
 .debug_info    0x0000d0c2       0xd4 /Applications/MCUXpressoIDE_24.12.148/ide/plugins/com.nxp.mcuxpresso.tools.macosx_24.12.0.202407110909/tools/bin/../lib/gcc/arm-none-eabi/13.2.1/../../../../arm-none-eabi/lib/thumb/v8-m.main/nofp/libcr_c.a(__init_alloc.o)
 .debug_info    0x0000d196      0x107 /Applications/MCUXpressoIDE_24.12.148/ide/plugins/com.nxp.mcuxpresso.tools.macosx_24.12.0.202407110909/tools/bin/../lib/gcc/arm-none-eabi/13.2.1/../../../../arm-none-eabi/lib/thumb/v8-m.main/nofp/libcr_c.a(_cr_sbrk.o)
 .debug_info    0x0000d29d      0x23a /Applications/MCUXpressoIDE_24.12.148/ide/plugins/com.nxp.mcuxpresso.tools.macosx_24.12.0.202407110909/tools/bin/../lib/gcc/arm-none-eabi/13.2.1/../../../../arm-none-eabi/lib/thumb/v8-m.main/nofp/libcr_c.a(_do_fflush.o)
 .debug_info    0x0000d4d7       0x78 /Applications/MCUXpressoIDE_24.12.148/ide/plugins/com.nxp.mcuxpresso.tools.macosx_24.12.0.202407110909/tools/bin/../lib/gcc/arm-none-eabi/13.2.1/../../../../arm-none-eabi/lib/thumb/v8-m.main/nofp/libcr_c.a(_cr_check_heap.o)
 .debug_info    0x0000d54f     0x2131 /Applications/MCUXpressoIDE_24.12.148/ide/plugins/com.nxp.mcuxpresso.tools.macosx_24.12.0.202407110909/tools/bin/../lib/gcc/arm-none-eabi/13.2.1/thumb/v8-m.main/nofp/libcr_eabihelpers.a(double.o)
 .debug_info    0x0000f680      0x18b /Applications/MCUXpressoIDE_24.12.148/ide/plugins/com.nxp.mcuxpresso.tools.macosx_24.12.0.202407110909/tools/bin/../lib/gcc/arm-none-eabi/13.2.1/../../../../arm-none-eabi/lib/thumb/v8-m.main/nofp/libcr_semihost_nf.a(__ciob.o)

.debug_abbrev   0x00000000     0x439a
 .debug_abbrev  0x00000000      0x134 ./startup/startup_mcxa153.o
 .debug_abbrev  0x00000134      0x1d0 ./source/utils/GPS.o
 .debug_abbrev  0x00000304      0x104 ./source/games/game_control.o
 .debug_abbrev  0x00000408      0x18b ./source/games/gps_location.game.o
 .debug_abbrev  0x00000593      0x18b ./source/games/gps_proximity.game.o
 .debug_abbrev  0x0000071e      0x191 ./source/fifo.o
 .debug_abbrev  0x000008af      0x251 ./source/lpuart0_interrupt.o
 .debug_abbrev  0x00000b00      0x251 ./source/lpuart2_interrupt.o
 .debug_abbrev  0x00000d51      0x146 ./source/main.o
 .debug_abbrev  0x00000e97       0xe2 ./source/retarget.o
 .debug_abbrev  0x00000f79       0x31 ./source/semihost_hardfault.o
 .debug_abbrev  0x00000faa      0x17f ./device/system_MCXA153.o
 .debug_abbrev  0x00001129       0x70 /Applications/MCUXpressoIDE_24.12.148/ide/plugins/com.nxp.mcuxpresso.tools.macosx_24.12.0.202407110909/tools/bin/../lib/gcc/arm-none-eabi/13.2.1/../../../../arm-none-eabi/lib/thumb/v8-m.main/nofp/libcr_semihost_nf.a(_cr__main.o)
 .debug_abbrev  0x00001199       0x92 /Applications/MCUXpressoIDE_24.12.148/ide/plugins/com.nxp.mcuxpresso.tools.macosx_24.12.0.202407110909/tools/bin/../lib/gcc/arm-none-eabi/13.2.1/../../../../arm-none-eabi/lib/thumb/v8-m.main/nofp/libcr_c.a(cos.o)
 .debug_abbrev  0x0000122b       0x74 /Applications/MCUXpressoIDE_24.12.148/ide/plugins/com.nxp.mcuxpresso.tools.macosx_24.12.0.202407110909/tools/bin/../lib/gcc/arm-none-eabi/13.2.1/../../../../arm-none-eabi/lib/thumb/v8-m.main/nofp/libcr_c.a(fabs.o)
 .debug_abbrev  0x0000129f      0x46c /Applications/MCUXpressoIDE_24.12.148/ide/plugins/com.nxp.mcuxpresso.tools.macosx_24.12.0.202407110909/tools/bin/../lib/gcc/arm-none-eabi/13.2.1/../../../../arm-none-eabi/lib/thumb/v8-m.main/nofp/libcr_c.a(fpprintf.o)
 .debug_abbrev  0x0000170b      0x169 /Applications/MCUXpressoIDE_24.12.148/ide/plugins/com.nxp.mcuxpresso.tools.macosx_24.12.0.202407110909/tools/bin/../lib/gcc/arm-none-eabi/13.2.1/../../../../arm-none-eabi/lib/thumb/v8-m.main/nofp/libcr_c.a(initio.o)
 .debug_abbrev  0x00001874      0x129 /Applications/MCUXpressoIDE_24.12.148/ide/plugins/com.nxp.mcuxpresso.tools.macosx_24.12.0.202407110909/tools/bin/../lib/gcc/arm-none-eabi/13.2.1/../../../../arm-none-eabi/lib/thumb/v8-m.main/nofp/libcr_c.a(pow.o)
 .debug_abbrev  0x0000199d      0x3ba /Applications/MCUXpressoIDE_24.12.148/ide/plugins/com.nxp.mcuxpresso.tools.macosx_24.12.0.202407110909/tools/bin/../lib/gcc/arm-none-eabi/13.2.1/../../../../arm-none-eabi/lib/thumb/v8-m.main/nofp/libcr_c.a(printf.o)
 .debug_abbrev  0x00001d57      0x453 /Applications/MCUXpressoIDE_24.12.148/ide/plugins/com.nxp.mcuxpresso.tools.macosx_24.12.0.202407110909/tools/bin/../lib/gcc/arm-none-eabi/13.2.1/../../../../arm-none-eabi/lib/thumb/v8-m.main/nofp/libcr_c.a(scanf.o)
 .debug_abbrev  0x000021aa       0xe1 /Applications/MCUXpressoIDE_24.12.148/ide/plugins/com.nxp.mcuxpresso.tools.macosx_24.12.0.202407110909/tools/bin/../lib/gcc/arm-none-eabi/13.2.1/../../../../arm-none-eabi/lib/thumb/v8-m.main/nofp/libcr_c.a(setvbuf.o)
 .debug_abbrev  0x0000228b      0x10f /Applications/MCUXpressoIDE_24.12.148/ide/plugins/com.nxp.mcuxpresso.tools.macosx_24.12.0.202407110909/tools/bin/../lib/gcc/arm-none-eabi/13.2.1/../../../../arm-none-eabi/lib/thumb/v8-m.main/nofp/libcr_c.a(sqrt.o)
 .debug_abbrev  0x0000239a       0xa0 /Applications/MCUXpressoIDE_24.12.148/ide/plugins/com.nxp.mcuxpresso.tools.macosx_24.12.0.202407110909/tools/bin/../lib/gcc/arm-none-eabi/13.2.1/../../../../arm-none-eabi/lib/thumb/v8-m.main/nofp/libcr_c.a(strcspn.o)
 .debug_abbrev  0x0000243a       0xa7 /Applications/MCUXpressoIDE_24.12.148/ide/plugins/com.nxp.mcuxpresso.tools.macosx_24.12.0.202407110909/tools/bin/../lib/gcc/arm-none-eabi/13.2.1/../../../../arm-none-eabi/lib/thumb/v8-m.main/nofp/libcr_c.a(strlen.o)
 .debug_abbrev  0x000024e1       0xa0 /Applications/MCUXpressoIDE_24.12.148/ide/plugins/com.nxp.mcuxpresso.tools.macosx_24.12.0.202407110909/tools/bin/../lib/gcc/arm-none-eabi/13.2.1/../../../../arm-none-eabi/lib/thumb/v8-m.main/nofp/libcr_c.a(strncat.o)
 .debug_abbrev  0x00002581       0xb0 /Applications/MCUXpressoIDE_24.12.148/ide/plugins/com.nxp.mcuxpresso.tools.macosx_24.12.0.202407110909/tools/bin/../lib/gcc/arm-none-eabi/13.2.1/../../../../arm-none-eabi/lib/thumb/v8-m.main/nofp/libcr_c.a(strncmp.o)
 .debug_abbrev  0x00002631       0xb9 /Applications/MCUXpressoIDE_24.12.148/ide/plugins/com.nxp.mcuxpresso.tools.macosx_24.12.0.202407110909/tools/bin/../lib/gcc/arm-none-eabi/13.2.1/../../../../arm-none-eabi/lib/thumb/v8-m.main/nofp/libcr_c.a(ungetc.o)
 .debug_abbrev  0x000026ea       0xa8 /Applications/MCUXpressoIDE_24.12.148/ide/plugins/com.nxp.mcuxpresso.tools.macosx_24.12.0.202407110909/tools/bin/../lib/gcc/arm-none-eabi/13.2.1/../../../../arm-none-eabi/lib/thumb/v8-m.main/nofp/libcr_c.a(memset.o)
 .debug_abbrev  0x00002792      0x228 /Applications/MCUXpressoIDE_24.12.148/ide/plugins/com.nxp.mcuxpresso.tools.macosx_24.12.0.202407110909/tools/bin/../lib/gcc/arm-none-eabi/13.2.1/../../../../arm-none-eabi/lib/thumb/v8-m.main/nofp/libcr_c.a(__fillbuf.o)
 .debug_abbrev  0x000029ba      0x152 /Applications/MCUXpressoIDE_24.12.148/ide/plugins/com.nxp.mcuxpresso.tools.macosx_24.12.0.202407110909/tools/bin/../lib/gcc/arm-none-eabi/13.2.1/../../../../arm-none-eabi/lib/thumb/v8-m.main/nofp/libcr_c.a(_deferredlazyseek.o)
 .debug_abbrev  0x00002b0c      0x119 /Applications/MCUXpressoIDE_24.12.148/ide/plugins/com.nxp.mcuxpresso.tools.macosx_24.12.0.202407110909/tools/bin/../lib/gcc/arm-none-eabi/13.2.1/../../../../arm-none-eabi/lib/thumb/v8-m.main/nofp/libcr_c.a(_fdopen.o)
 .debug_abbrev  0x00002c25       0xf1 /Applications/MCUXpressoIDE_24.12.148/ide/plugins/com.nxp.mcuxpresso.tools.macosx_24.12.0.202407110909/tools/bin/../lib/gcc/arm-none-eabi/13.2.1/../../../../arm-none-eabi/lib/thumb/v8-m.main/nofp/libcr_c.a(_fflush.o)
 .debug_abbrev  0x00002d16      0x123 /Applications/MCUXpressoIDE_24.12.148/ide/plugins/com.nxp.mcuxpresso.tools.macosx_24.12.0.202407110909/tools/bin/../lib/gcc/arm-none-eabi/13.2.1/../../../../arm-none-eabi/lib/thumb/v8-m.main/nofp/libcr_c.a(_frexpl.o)
 .debug_abbrev  0x00002e39      0x115 /Applications/MCUXpressoIDE_24.12.148/ide/plugins/com.nxp.mcuxpresso.tools.macosx_24.12.0.202407110909/tools/bin/../lib/gcc/arm-none-eabi/13.2.1/../../../../arm-none-eabi/lib/thumb/v8-m.main/nofp/libcr_c.a(_ldexpl.o)
 .debug_abbrev  0x00002f4e       0xd4 /Applications/MCUXpressoIDE_24.12.148/ide/plugins/com.nxp.mcuxpresso.tools.macosx_24.12.0.202407110909/tools/bin/../lib/gcc/arm-none-eabi/13.2.1/../../../../arm-none-eabi/lib/thumb/v8-m.main/nofp/libcr_c.a(_sincos.o)
 .debug_abbrev  0x00003022      0x126 /Applications/MCUXpressoIDE_24.12.148/ide/plugins/com.nxp.mcuxpresso.tools.macosx_24.12.0.202407110909/tools/bin/../lib/gcc/arm-none-eabi/13.2.1/../../../../arm-none-eabi/lib/thumb/v8-m.main/nofp/libcr_c.a(_writebuf.o)
 .debug_abbrev  0x00003148      0x284 /Applications/MCUXpressoIDE_24.12.148/ide/plugins/com.nxp.mcuxpresso.tools.macosx_24.12.0.202407110909/tools/bin/../lib/gcc/arm-none-eabi/13.2.1/../../../../arm-none-eabi/lib/thumb/v8-m.main/nofp/libcr_c.a(alloc.o)
 .debug_abbrev  0x000033cc       0xba /Applications/MCUXpressoIDE_24.12.148/ide/plugins/com.nxp.mcuxpresso.tools.macosx_24.12.0.202407110909/tools/bin/../lib/gcc/arm-none-eabi/13.2.1/../../../../arm-none-eabi/lib/thumb/v8-m.main/nofp/libcr_c.a(ctype.o)
 .debug_abbrev  0x00003486       0x44 /Applications/MCUXpressoIDE_24.12.148/ide/plugins/com.nxp.mcuxpresso.tools.macosx_24.12.0.202407110909/tools/bin/../lib/gcc/arm-none-eabi/13.2.1/../../../../arm-none-eabi/lib/thumb/v8-m.main/nofp/libcr_c.a(errno.o)
 .debug_abbrev  0x000034ca      0x155 /Applications/MCUXpressoIDE_24.12.148/ide/plugins/com.nxp.mcuxpresso.tools.macosx_24.12.0.202407110909/tools/bin/../lib/gcc/arm-none-eabi/13.2.1/../../../../arm-none-eabi/lib/thumb/v8-m.main/nofp/libcr_c.a(fclose.o)
 .debug_abbrev  0x0000361f      0x125 /Applications/MCUXpressoIDE_24.12.148/ide/plugins/com.nxp.mcuxpresso.tools.macosx_24.12.0.202407110909/tools/bin/../lib/gcc/arm-none-eabi/13.2.1/../../../../arm-none-eabi/lib/thumb/v8-m.main/nofp/libcr_c.a(fflush.o)
 .debug_abbrev  0x00003744      0x123 /Applications/MCUXpressoIDE_24.12.148/ide/plugins/com.nxp.mcuxpresso.tools.macosx_24.12.0.202407110909/tools/bin/../lib/gcc/arm-none-eabi/13.2.1/../../../../arm-none-eabi/lib/thumb/v8-m.main/nofp/libcr_c.a(frexp.o)
 .debug_abbrev  0x00003867      0x11b /Applications/MCUXpressoIDE_24.12.148/ide/plugins/com.nxp.mcuxpresso.tools.macosx_24.12.0.202407110909/tools/bin/../lib/gcc/arm-none-eabi/13.2.1/../../../../arm-none-eabi/lib/thumb/v8-m.main/nofp/libcr_c.a(fseek.o)
 .debug_abbrev  0x00003982       0xc2 /Applications/MCUXpressoIDE_24.12.148/ide/plugins/com.nxp.mcuxpresso.tools.macosx_24.12.0.202407110909/tools/bin/../lib/gcc/arm-none-eabi/13.2.1/../../../../arm-none-eabi/lib/thumb/v8-m.main/nofp/libcr_c.a(ftell.o)
 .debug_abbrev  0x00003a44      0x115 /Applications/MCUXpressoIDE_24.12.148/ide/plugins/com.nxp.mcuxpresso.tools.macosx_24.12.0.202407110909/tools/bin/../lib/gcc/arm-none-eabi/13.2.1/../../../../arm-none-eabi/lib/thumb/v8-m.main/nofp/libcr_c.a(ldexp.o)
 .debug_abbrev  0x00003b59       0xfb /Applications/MCUXpressoIDE_24.12.148/ide/plugins/com.nxp.mcuxpresso.tools.macosx_24.12.0.202407110909/tools/bin/../lib/gcc/arm-none-eabi/13.2.1/../../../../arm-none-eabi/lib/thumb/v8-m.main/nofp/libcr_c.a(remove.o)
 .debug_abbrev  0x00003c54       0xaf /Applications/MCUXpressoIDE_24.12.148/ide/plugins/com.nxp.mcuxpresso.tools.macosx_24.12.0.202407110909/tools/bin/../lib/gcc/arm-none-eabi/13.2.1/../../../../arm-none-eabi/lib/thumb/v8-m.main/nofp/libcr_c.a(__init_alloc.o)
 .debug_abbrev  0x00003d03       0xd3 /Applications/MCUXpressoIDE_24.12.148/ide/plugins/com.nxp.mcuxpresso.tools.macosx_24.12.0.202407110909/tools/bin/../lib/gcc/arm-none-eabi/13.2.1/../../../../arm-none-eabi/lib/thumb/v8-m.main/nofp/libcr_c.a(_cr_sbrk.o)
 .debug_abbrev  0x00003dd6      0x12c /Applications/MCUXpressoIDE_24.12.148/ide/plugins/com.nxp.mcuxpresso.tools.macosx_24.12.0.202407110909/tools/bin/../lib/gcc/arm-none-eabi/13.2.1/../../../../arm-none-eabi/lib/thumb/v8-m.main/nofp/libcr_c.a(_do_fflush.o)
 .debug_abbrev  0x00003f02       0x6b /Applications/MCUXpressoIDE_24.12.148/ide/plugins/com.nxp.mcuxpresso.tools.macosx_24.12.0.202407110909/tools/bin/../lib/gcc/arm-none-eabi/13.2.1/../../../../arm-none-eabi/lib/thumb/v8-m.main/nofp/libcr_c.a(_cr_check_heap.o)
 .debug_abbrev  0x00003f6d      0x378 /Applications/MCUXpressoIDE_24.12.148/ide/plugins/com.nxp.mcuxpresso.tools.macosx_24.12.0.202407110909/tools/bin/../lib/gcc/arm-none-eabi/13.2.1/thumb/v8-m.main/nofp/libcr_eabihelpers.a(double.o)
 .debug_abbrev  0x000042e5       0xb5 /Applications/MCUXpressoIDE_24.12.148/ide/plugins/com.nxp.mcuxpresso.tools.macosx_24.12.0.202407110909/tools/bin/../lib/gcc/arm-none-eabi/13.2.1/../../../../arm-none-eabi/lib/thumb/v8-m.main/nofp/libcr_semihost_nf.a(__ciob.o)

.debug_loc      0x00000000     0xaa53
 .debug_loc     0x00000000      0x1f9 ./startup/startup_mcxa153.o
 .debug_loc     0x000001f9       0x2c /Applications/MCUXpressoIDE_24.12.148/ide/plugins/com.nxp.mcuxpresso.tools.macosx_24.12.0.202407110909/tools/bin/../lib/gcc/arm-none-eabi/13.2.1/../../../../arm-none-eabi/lib/thumb/v8-m.main/nofp/libcr_c.a(cos.o)
 .debug_loc     0x00000225       0x2c /Applications/MCUXpressoIDE_24.12.148/ide/plugins/com.nxp.mcuxpresso.tools.macosx_24.12.0.202407110909/tools/bin/../lib/gcc/arm-none-eabi/13.2.1/../../../../arm-none-eabi/lib/thumb/v8-m.main/nofp/libcr_c.a(fabs.o)
 .debug_loc     0x00000251     0x1359 /Applications/MCUXpressoIDE_24.12.148/ide/plugins/com.nxp.mcuxpresso.tools.macosx_24.12.0.202407110909/tools/bin/../lib/gcc/arm-none-eabi/13.2.1/../../../../arm-none-eabi/lib/thumb/v8-m.main/nofp/libcr_c.a(fpprintf.o)
 .debug_loc     0x000015aa       0x68 /Applications/MCUXpressoIDE_24.12.148/ide/plugins/com.nxp.mcuxpresso.tools.macosx_24.12.0.202407110909/tools/bin/../lib/gcc/arm-none-eabi/13.2.1/../../../../arm-none-eabi/lib/thumb/v8-m.main/nofp/libcr_c.a(initio.o)
 .debug_loc     0x00001612      0x57f /Applications/MCUXpressoIDE_24.12.148/ide/plugins/com.nxp.mcuxpresso.tools.macosx_24.12.0.202407110909/tools/bin/../lib/gcc/arm-none-eabi/13.2.1/../../../../arm-none-eabi/lib/thumb/v8-m.main/nofp/libcr_c.a(pow.o)
 .debug_loc     0x00001b91     0x1b0d /Applications/MCUXpressoIDE_24.12.148/ide/plugins/com.nxp.mcuxpresso.tools.macosx_24.12.0.202407110909/tools/bin/../lib/gcc/arm-none-eabi/13.2.1/../../../../arm-none-eabi/lib/thumb/v8-m.main/nofp/libcr_c.a(printf.o)
 .debug_loc     0x0000369e     0x25d9 /Applications/MCUXpressoIDE_24.12.148/ide/plugins/com.nxp.mcuxpresso.tools.macosx_24.12.0.202407110909/tools/bin/../lib/gcc/arm-none-eabi/13.2.1/../../../../arm-none-eabi/lib/thumb/v8-m.main/nofp/libcr_c.a(scanf.o)
 .debug_loc     0x00005c77      0x11e /Applications/MCUXpressoIDE_24.12.148/ide/plugins/com.nxp.mcuxpresso.tools.macosx_24.12.0.202407110909/tools/bin/../lib/gcc/arm-none-eabi/13.2.1/../../../../arm-none-eabi/lib/thumb/v8-m.main/nofp/libcr_c.a(setvbuf.o)
 .debug_loc     0x00005d95       0xd6 /Applications/MCUXpressoIDE_24.12.148/ide/plugins/com.nxp.mcuxpresso.tools.macosx_24.12.0.202407110909/tools/bin/../lib/gcc/arm-none-eabi/13.2.1/../../../../arm-none-eabi/lib/thumb/v8-m.main/nofp/libcr_c.a(sqrt.o)
 .debug_loc     0x00005e6b       0x93 /Applications/MCUXpressoIDE_24.12.148/ide/plugins/com.nxp.mcuxpresso.tools.macosx_24.12.0.202407110909/tools/bin/../lib/gcc/arm-none-eabi/13.2.1/../../../../arm-none-eabi/lib/thumb/v8-m.main/nofp/libcr_c.a(strcspn.o)
 .debug_loc     0x00005efe       0xe1 /Applications/MCUXpressoIDE_24.12.148/ide/plugins/com.nxp.mcuxpresso.tools.macosx_24.12.0.202407110909/tools/bin/../lib/gcc/arm-none-eabi/13.2.1/../../../../arm-none-eabi/lib/thumb/v8-m.main/nofp/libcr_c.a(strlen.o)
 .debug_loc     0x00005fdf       0x91 /Applications/MCUXpressoIDE_24.12.148/ide/plugins/com.nxp.mcuxpresso.tools.macosx_24.12.0.202407110909/tools/bin/../lib/gcc/arm-none-eabi/13.2.1/../../../../arm-none-eabi/lib/thumb/v8-m.main/nofp/libcr_c.a(strncat.o)
 .debug_loc     0x00006070      0x1ac /Applications/MCUXpressoIDE_24.12.148/ide/plugins/com.nxp.mcuxpresso.tools.macosx_24.12.0.202407110909/tools/bin/../lib/gcc/arm-none-eabi/13.2.1/../../../../arm-none-eabi/lib/thumb/v8-m.main/nofp/libcr_c.a(strncmp.o)
 .debug_loc     0x0000621c       0x2b /Applications/MCUXpressoIDE_24.12.148/ide/plugins/com.nxp.mcuxpresso.tools.macosx_24.12.0.202407110909/tools/bin/../lib/gcc/arm-none-eabi/13.2.1/../../../../arm-none-eabi/lib/thumb/v8-m.main/nofp/libcr_c.a(ungetc.o)
 .debug_loc     0x00006247       0x81 /Applications/MCUXpressoIDE_24.12.148/ide/plugins/com.nxp.mcuxpresso.tools.macosx_24.12.0.202407110909/tools/bin/../lib/gcc/arm-none-eabi/13.2.1/../../../../arm-none-eabi/lib/thumb/v8-m.main/nofp/libcr_c.a(memset.o)
 .debug_loc     0x000062c8      0x2ce /Applications/MCUXpressoIDE_24.12.148/ide/plugins/com.nxp.mcuxpresso.tools.macosx_24.12.0.202407110909/tools/bin/../lib/gcc/arm-none-eabi/13.2.1/../../../../arm-none-eabi/lib/thumb/v8-m.main/nofp/libcr_c.a(__fillbuf.o)
 .debug_loc     0x00006596      0x18f /Applications/MCUXpressoIDE_24.12.148/ide/plugins/com.nxp.mcuxpresso.tools.macosx_24.12.0.202407110909/tools/bin/../lib/gcc/arm-none-eabi/13.2.1/../../../../arm-none-eabi/lib/thumb/v8-m.main/nofp/libcr_c.a(_deferredlazyseek.o)
 .debug_loc     0x00006725      0x12d /Applications/MCUXpressoIDE_24.12.148/ide/plugins/com.nxp.mcuxpresso.tools.macosx_24.12.0.202407110909/tools/bin/../lib/gcc/arm-none-eabi/13.2.1/../../../../arm-none-eabi/lib/thumb/v8-m.main/nofp/libcr_c.a(_fdopen.o)
 .debug_loc     0x00006852       0xfa /Applications/MCUXpressoIDE_24.12.148/ide/plugins/com.nxp.mcuxpresso.tools.macosx_24.12.0.202407110909/tools/bin/../lib/gcc/arm-none-eabi/13.2.1/../../../../arm-none-eabi/lib/thumb/v8-m.main/nofp/libcr_c.a(_fflush.o)
 .debug_loc     0x0000694c       0xa1 /Applications/MCUXpressoIDE_24.12.148/ide/plugins/com.nxp.mcuxpresso.tools.macosx_24.12.0.202407110909/tools/bin/../lib/gcc/arm-none-eabi/13.2.1/../../../../arm-none-eabi/lib/thumb/v8-m.main/nofp/libcr_c.a(_frexpl.o)