Archive member included to satisfy reference by file (symbol)

C:/nxp/MCUXpressoIDE_24.12.148/ide/plugins/com.nxp.mcuxpresso.tools.win32_24.12.0.202407110909/tools/bin/../lib/gcc/arm-none-eabi/13.2.1/../../../../arm-none-eabi/lib/thumb/v8-m.main/nofp\libcr_semihost_nf.a(_cr__main.o)
                              ./startup/startup_mcxa153.o (__main)
C:/nxp/MCUXpressoIDE_24.12.148/ide/plugins/com.nxp.mcuxpresso.tools.win32_24.12.0.202407110909/tools/bin/../lib/gcc/arm-none-eabi/13.2.1/../../../../arm-none-eabi/lib/thumb/v8-m.main/nofp\libcr_semihost_nf.a(_cr_assert.o)
                              ./source/Keypad/fsl_common_arm.o (__assertion_failed)
C:/nxp/MCUXpressoIDE_24.12.148/ide/plugins/com.nxp.mcuxpresso.tools.win32_24.12.0.202407110909/tools/bin/../lib/gcc/arm-none-eabi/13.2.1/../../../../arm-none-eabi/lib/thumb/v8-m.main/nofp\libcr_semihost_nf.a(__ciob.o)
                              C:/nxp/MCUXpressoIDE_24.12.148/ide/plugins/com.nxp.mcuxpresso.tools.win32_24.12.0.202407110909/tools/bin/../lib/gcc/arm-none-eabi/13.2.1/../../../../arm-none-eabi/lib/thumb/v8-m.main/nofp\libcr_semihost_nf.a(_cr_assert.o) (__Ciob)
C:/nxp/MCUXpressoIDE_24.12.148/ide/plugins/com.nxp.mcuxpresso.tools.win32_24.12.0.202407110909/tools/bin/../lib/gcc/arm-none-eabi/13.2.1/../../../../arm-none-eabi/lib/thumb/v8-m.main/nofp\libcr_semihost_nf.a(__sys_appexit.o)
                              C:/nxp/MCUXpressoIDE_24.12.148/ide/plugins/com.nxp.mcuxpresso.tools.win32_24.12.0.202407110909/tools/bin/../lib/gcc/arm-none-eabi/13.2.1/../../../../arm-none-eabi/lib/thumb/v8-m.main/nofp\libcr_semihost_nf.a(_cr_assert.o) (__sys_appexit)
C:/nxp/MCUXpressoIDE_24.12.148/ide/plugins/com.nxp.mcuxpresso.tools.win32_24.12.0.202407110909/tools/bin/../lib/gcc/arm-none-eabi/13.2.1/../../../../arm-none-eabi/lib/thumb/v8-m.main/nofp\libcr_c.a(memcpy.o)
                              ./source/fatFs/ff.o (memcpy)
C:/nxp/MCUXpressoIDE_24.12.148/ide/plugins/com.nxp.mcuxpresso.tools.win32_24.12.0.202407110909/tools/bin/../lib/gcc/arm-none-eabi/13.2.1/../../../../arm-none-eabi/lib/thumb/v8-m.main/nofp\libcr_c.a(memset.o)
                              ./source/games/pin_game.o (memset)
C:/nxp/MCUXpressoIDE_24.12.148/ide/plugins/com.nxp.mcuxpresso.tools.win32_24.12.0.202407110909/tools/bin/../lib/gcc/arm-none-eabi/13.2.1/../../../../arm-none-eabi/lib/thumb/v8-m.main/nofp\libcr_c.a(_deferredlazyseek.o)
                              C:/nxp/MCUXpressoIDE_24.12.148/ide/plugins/com.nxp.mcuxpresso.tools.win32_24.12.0.202407110909/tools/bin/../lib/gcc/arm-none-eabi/13.2.1/../../../../arm-none-eabi/lib/thumb/v8-m.main/nofp\libcr_semihost_nf.a(_cr_assert.o) (__flsbuf)
C:/nxp/MCUXpressoIDE_24.12.148/ide/plugins/com.nxp.mcuxpresso.tools.win32_24.12.0.202407110909/tools/bin/../lib/gcc/arm-none-eabi/13.2.1/../../../../arm-none-eabi/lib/thumb/v8-m.main/nofp\libcr_c.a(_fflush.o)
                              C:/nxp/MCUXpressoIDE_24.12.148/ide/plugins/com.nxp.mcuxpresso.tools.win32_24.12.0.202407110909/tools/bin/../lib/gcc/arm-none-eabi/13.2.1/../../../../arm-none-eabi/lib/thumb/v8-m.main/nofp\libcr_c.a(_deferredlazyseek.o) (_fflush)
C:/nxp/MCUXpressoIDE_24.12.148/ide/plugins/com.nxp.mcuxpresso.tools.win32_24.12.0.202407110909/tools/bin/../lib/gcc/arm-none-eabi/13.2.1/../../../../arm-none-eabi/lib/thumb/v8-m.main/nofp\libcr_c.a(_writebuf.o)
                              C:/nxp/MCUXpressoIDE_24.12.148/ide/plugins/com.nxp.mcuxpresso.tools.win32_24.12.0.202407110909/tools/bin/../lib/gcc/arm-none-eabi/13.2.1/../../../../arm-none-eabi/lib/thumb/v8-m.main/nofp\libcr_c.a(_deferredlazyseek.o) (_Cwritebuf)
C:/nxp/MCUXpressoIDE_24.12.148/ide/plugins/com.nxp.mcuxpresso.tools.win32_24.12.0.202407110909/tools/bin/../lib/gcc/arm-none-eabi/13.2.1/../../../../arm-none-eabi/lib/thumb/v8-m.main/nofp\libcr_c.a(alloc.o)
                              ./source/Keypad/fsl_common.o (malloc)
C:/nxp/MCUXpressoIDE_24.12.148/ide/plugins/com.nxp.mcuxpresso.tools.win32_24.12.0.202407110909/tools/bin/../lib/gcc/arm-none-eabi/13.2.1/../../../../arm-none-eabi/lib/thumb/v8-m.main/nofp\libcr_c.a(cos.o)
                              ./source/utils/GPS.o (cos)
C:/nxp/MCUXpressoIDE_24.12.148/ide/plugins/com.nxp.mcuxpresso.tools.win32_24.12.0.202407110909/tools/bin/../lib/gcc/arm-none-eabi/13.2.1/../../../../arm-none-eabi/lib/thumb/v8-m.main/nofp\libcr_c.a(fabs.o)
                              ./source/utils/GPS.o (fabs)
C:/nxp/MCUXpressoIDE_24.12.148/ide/plugins/com.nxp.mcuxpresso.tools.win32_24.12.0.202407110909/tools/bin/../lib/gcc/arm-none-eabi/13.2.1/../../../../arm-none-eabi/lib/thumb/v8-m.main/nofp\libcr_c.a(fpprintf.o)
                              ./source/utils/Logger.o (sprintf)
C:/nxp/MCUXpressoIDE_24.12.148/ide/plugins/com.nxp.mcuxpresso.tools.win32_24.12.0.202407110909/tools/bin/../lib/gcc/arm-none-eabi/13.2.1/../../../../arm-none-eabi/lib/thumb/v8-m.main/nofp\libcr_c.a(fputs.o)
[...]
Memory Configuration

Name             Origin             Length             Attributes
PROGRAM_FLASH    0x00000000         0x00020000         xr
SRAM             0x20000000         0x00006000         xrw
SRAMX0           0x04000000         0x00002000         xrw
SRAMX1           0x04002000         0x00001000         xrw
*default*        0x00000000         0xffffffff

Linker script and memory map

LOAD ./startup/startup_mcxa153.o
LOAD ./source/utils/GPS.o
LOAD ./source/utils/Logger.o
LOAD ./source/utils/SD.o
LOAD ./source/utils/delay.o
LOAD ./source/lcdDriver/lcd.o
LOAD ./source/lcdDriver/lpi2c0_controller_interrupt.o
LOAD ./source/games/code_game.o
LOAD ./source/games/game_control.o
LOAD ./source/games/gps_location.game.o
LOAD ./source/games/gps_proximity.game.o
LOAD ./source/games/pin_game.o
LOAD ./source/games/trivia_game.o
LOAD ./source/fatFs/ff.o
LOAD ./source/fatFs/sdmm.o
LOAD ./source/Keypad/board.o
LOAD ./source/Keypad/clock_config.o
LOAD ./source/Keypad/fsl_clock.o
LOAD ./source/Keypad/fsl_common.o
LOAD ./source/Keypad/fsl_common_arm.o
LOAD ./source/Keypad/fsl_component_serial_manager.o
LOAD ./source/Keypad/fsl_debug_console.o
LOAD ./source/Keypad/fsl_gpio.o
LOAD ./source/Keypad/fsl_lpi2c.o
LOAD ./source/Keypad/fsl_reset.o
LOAD ./source/Keypad/keypad.o
LOAD ./source/Keypad/peripherals.o
LOAD ./source/Keypad/pin_mux.o
LOAD ./source/fifo.o
LOAD ./source/gpio_output.o
LOAD ./source/lpuart0_interrupt.o
LOAD ./source/lpuart2_interrupt.o
LOAD ./source/main.o
LOAD ./source/retarget.o
LOAD ./source/semihost_hardfault.o
LOAD ./device/system_MCXA153.o
START GROUP
LOAD C:/nxp/MCUXpressoIDE_24.12.148/ide/plugins/com.nxp.mcuxpresso.tools.win32_24.12.0.202407110909/tools/bin/../lib/gcc/arm-none-eabi/13.2.1/../../../../arm-none-eabi/lib/thumb/v8-m.main/nofp\libcr_semihost_nf.a
LOAD C:/nxp/MCUXpressoIDE_24.12.148/ide/plugins/com.nxp.mcuxpresso.tools.win32_24.12.0.202407110909/tools/bin/../lib/gcc/arm-none-eabi/13.2.1/../../../../arm-none-eabi/lib/thumb/v8-m.main/nofp\libcr_c.a
LOAD C:/nxp/MCUXpressoIDE_24.12.148/ide/plugins/com.nxp.mcuxpresso.tools.win32_24.12.0.202407110909/tools/bin/../lib/gcc/arm-none-eabi/13.2.1/thumb/v8-m.main/nofp\libcr_eabihelpers.a
LOAD C:/nxp/MCUXpressoIDE_24.12.148/ide/plugins/com.nxp.mcuxpresso.tools.win32_24.12.0.202407110909/tools/bin/../lib/gcc/arm-none-eabi/13.2.1/thumb/v8-m.main/nofp\libgcc.a
END GROUP
                0x00000000                        __base_PROGRAM_FLASH = 0x0
                0x00000000                        __base_Flash = 0x0
                0x00020000                        __top_PROGRAM_FLASH = 0x20000
                0x00020000                        __top_Flash = 0x20000
                0x20000000                        __base_SRAM = 0x20000000
                0x20000000                        __base_RAM = 0x20000000
                0x20006000                        __top_SRAM = 0x20006000
                0x20006000                        __top_RAM = 0x20006000
                0x04000000                        __base_SRAMX0 = 0x4000000
                0x04000000                        __base_RAM2 = 0x4000000
                0x04002000                        __top_SRAMX0 = 0x4002000
                0x04002000                        __top_RAM2 = 0x4002000
                0x04002000                        __base_SRAMX1 = 0x4002000
                0x04002000                        __base_RAM3 = 0x4002000
                0x04003000                        __top_SRAMX1 = 0x4003000
                0x04003000                        __top_RAM3 = 0x4003000

.text           0x00000000     0xaa98
 FILL mask 0xff
                0x00000000                        __vectors_start__ = ABSOLUTE (.)
 *(SORT_BY_ALIGNMENT(.isr_vector))
 .isr_vector    0x00000000      0x16c ./startup/startup_mcxa153.o
                0x00000000                g_pfnVectors
                0x00000000                __Vectors
                0x0000016c                        . = ALIGN (0x4)
                0x0000016c                        __section_table_start = .
                0x0000016c                        __data_section_table = .
                0x0000016c        0x4 LONG 0xaa98 LOADADDR (.data)
                0x00000170        0x4 LONG 0x20000000 ADDR (.data)
                0x00000174        0x4 LONG 0x174 SIZEOF (.data)
                0x00000178        0x4 LONG 0xaa98 LOADADDR (.data_RAM2)
                0x0000017c        0x4 LONG 0x4000000 ADDR (.data_RAM2)
                0x00000180        0x4 LONG 0x0 SIZEOF (.data_RAM2)
                0x00000184        0x4 LONG 0xaa98 LOADADDR (.data_RAM3)
                0x00000188        0x4 LONG 0x4002000 ADDR (.data_RAM3)
                0x0000018c        0x4 LONG 0x0 SIZEOF (.data_RAM3)
                0x00000190                        __data_section_table_end = .
                0x00000190                        __bss_section_table = .
                0x00000190        0x4 LONG 0x20000178 ADDR (.bss)
                0x00000194        0x4 LONG 0xc24 SIZEOF (.bss)
                0x00000198        0x4 LONG 0x4000000 ADDR (.bss_RAM2)
                0x0000019c        0x4 LONG 0x0 SIZEOF (.bss_RAM2)
                0x000001a0        0x4 LONG 0x4002000 ADDR (.bss_RAM3)
                0x000001a4        0x4 LONG 0x0 SIZEOF (.bss_RAM3)
                0x000001a8                        __bss_section_table_end = .
                0x000001a8                        __section_table_end = .
 *(SORT_BY_ALIGNMENT(.after_vectors*))
 .after_vectors.reset
                0x000001a8       0x68 ./startup/startup_mcxa153.o
                0x000001a8                ResetISR
 .after_vectors.init_data
                0x00000210       0x1c ./startup/startup_mcxa153.o
                0x00000210                data_init
 .after_vectors.init_bss
                0x0000022c       0x12 ./startup/startup_mcxa153.o
                0x0000022c                bss_init
 .after_vectors
                0x0000023e       0x16 ./startup/startup_mcxa153.o
                0x0000023e                NMI_Handler
                0x00000242                MemManage_Handler
                0x00000244                BusFault_Handler
                0x00000246                UsageFault_Handler
                0x00000248                SecureFault_Handler
                0x0000024a                SVC_Handler
                0x0000024c                DebugMon_Handler
                0x0000024e                PendSV_Handler
                0x00000252                LPTMR0_DriverIRQHandler
                0x00000252                FLEXPWM0_SUBMODULE1_DriverIRQHandler
                0x00000252                MBC0_DriverIRQHandler
                0x00000252                WAKETIMER0_DriverIRQHandler
                0x00000252                I3C0_DriverIRQHandler
                0x00000252                LPI2C0_DriverIRQHandler
                0x00000252                FLEXPWM0_RELOAD_ERROR_DriverIRQHandler
                0x00000252                QDC0_HOME_DriverIRQHandler
                0x00000252                Reserved82_DriverIRQHandler
                0x00000252                QDC0_WATCHDOG_DriverIRQHandler
                0x00000252                ERM0_MULTI_BIT_DriverIRQHandler
                0x00000252                Reserved36_DriverIRQHandler
                0x00000252                CTIMER2_DriverIRQHandler
                0x00000252                Reserved33_DriverIRQHandler
                0x00000252                CMP1_DriverIRQHandler
                0x00000252                IntDefaultHandler
                0x00000252                USB0_DriverIRQHandler
                0x00000252                QDC0_INDEX_DriverIRQHandler
                0x00000252                UTICK0_DriverIRQHandler
                0x00000252                Reserved41_DriverIRQHandler
                0x00000252                FLEXPWM0_SUBMODULE2_DriverIRQHandler
                0x00000252                Reserved39_DriverIRQHandler
                0x00000252                WWDT0_DriverIRQHandler
                0x00000252                Reserved84_DriverIRQHandler
                0x00000252                FLEXPWM0_FAULT_DriverIRQHandler
                0x00000252                GPIO0_DriverIRQHandler
                0x00000252                Reserved38_DriverIRQHandler
                0x00000252                FREQME0_DriverIRQHandler
                0x00000252                Reserved22_DriverIRQHandler
                0x00000252                Reserved53_DriverIRQHandler
                0x00000252                Reserved35_DriverIRQHandler
                0x00000252                CTIMER0_DriverIRQHandler
                0x00000252                Reserved79_DriverIRQHandler
                0x00000252                Reserved24_DriverIRQHandler
                0x00000252                CTIMER1_DriverIRQHandler
                0x00000252                QDC0_COMPARE_DriverIRQHandler
                0x00000252                LPUART1_DriverIRQHandler
                0x00000252                WUU0_DriverIRQHandler
                0x00000252                LPSPI0_DriverIRQHandler
                0x00000252                DMA_CH3_DriverIRQHandler
                0x00000252                Reserved83_DriverIRQHandler
                0x00000252                Reserved72_DriverIRQHandler
                0x00000252                Reserved23_DriverIRQHandler
                0x00000252                Reserved65_DriverIRQHandler
                0x00000252                ERM0_SINGLE_BIT_DriverIRQHandler
                0x00000252                DMA_CH2_DriverIRQHandler
                0x00000252                CMC_DriverIRQHandler
                0x00000252                Reserved51_DriverIRQHandler
                0x00000252                Reserved25_DriverIRQHandler
                0x00000252                LPUART2_DriverIRQHandler
                0x00000252                FMU0_DriverIRQHandler
                0x00000252                LPSPI1_DriverIRQHandler
                0x00000252                Reserved77_DriverIRQHandler
                0x00000252                Reserved16_DriverIRQHandler
                0x00000252                LPUART0_DriverIRQHandler
                0x00000252                GPIO2_DriverIRQHandler
                0x00000252                Reserved85_DriverIRQHandler
                0x00000252                ADC0_DriverIRQHandler
                0x00000252                CMP0_DriverIRQHandler
                0x00000252                CDOG0_DriverIRQHandler
                0x00000252                Reserved59_DriverIRQHandler
                0x00000252                DMA_CH0_DriverIRQHandler
                0x00000252                Reserved58_DriverIRQHandler
                0x00000252                DMA_CH1_DriverIRQHandler
                0x00000252                SPC0_DriverIRQHandler
                0x00000252                GLIKEY0_DriverIRQHandler
                0x00000252                Reserved43_DriverIRQHandler
                0x00000252                Reserved46_DriverIRQHandler
                0x00000252                Reserved37_DriverIRQHandler
                0x00000252                Reserved86_DriverIRQHandler
                0x00000252                GPIO1_DriverIRQHandler
                0x00000252                FLEXPWM0_SUBMODULE0_DriverIRQHandler
                0x00000252                Reserved50_DriverIRQHandler
                0x00000252                OS_EVENT_DriverIRQHandler
                0x00000252                SCG0_DriverIRQHandler
                0x00000252                GPIO3_DriverIRQHandler
 *(SORT_BY_ALIGNMENT(.text*))
 *fill*         0x00000254        0x4 ff
 .text.calculateLongitudeDistance
                0x00000258       0xcc ./source/utils/GPS.o
                0x00000258                calculateLongitudeDistance
 *fill*         0x00000324        0x4 ff
 .text.calculateLatitudeDistance
                0x00000328       0x8c ./source/utils/GPS.o
                0x00000328                calculateLatitudeDistance
 *fill*         0x000003b4        0x4 ff
 .text.ilog10   0x000003b8       0xf8 ./source/fatFs/ff.o
 .text.i10x     0x000004b0       0xc8 ./source/fatFs/ff.o
 .text.cos      0x00000578       0x60 C:/nxp/MCUXpressoIDE_24.12.148/ide/plugins/com.nxp.mcuxpresso.tools.win32_24.12.0.202407110909/tools/bin/../lib/gcc/arm-none-eabi/13.2.1/../../../../arm-none-eabi/lib/thumb/v8-m.main/nofp\libcr_c.a(cos.o)
                0x00000578                cos
 .text.fp_display
                0x000005d8      0x9ac C:/nxp/MCUXpressoIDE_24.12.148/ide/plugins/com.nxp.mcuxpresso.tools.win32_24.12.0.202407110909/tools/bin/../lib/gcc/arm-none-eabi/13.2.1/../../../../arm-none-eabi/lib/thumb/v8-m.main/nofp\libcr_c.a(fpprintf.o)
 *fill*         0x00000f84        0x4 ff
 .text.pow      0x00000f88      0x54c C:/nxp/MCUXpressoIDE_24.12.148/ide/plugins/com.nxp.mcuxpresso.tools.win32_24.12.0.202407110909/tools/bin/../lib/gcc/arm-none-eabi/13.2.1/../../../../arm-none-eabi/lib/thumb/v8-m.main/nofp\libcr_c.a(pow.o)
                0x00000f88                pow
 *fill*         0x000014d4        0x4 ff
 .text.vfscanf  0x000014d8      0x900 C:/nxp/MCUXpressoIDE_24.12.148/ide/plugins/com.nxp.mcuxpresso.tools.win32_24.12.0.202407110909/tools/bin/../lib/gcc/arm-none-eabi/13.2.1/../../../../arm-none-eabi/lib/thumb/v8-m.main/nofp\libcr_c.a(scanf.o)
                0x000014d8                vfscanf
 .text.sqrt     0x00001dd8      0x10c C:/nxp/MCUXpressoIDE_24.12.148/ide/plugins/com.nxp.mcuxpresso.tools.win32_24.12.0.202407110909/tools/bin/../lib/gcc/arm-none-eabi/13.2.1/../../../../arm-none-eabi/lib/thumb/v8-m.main/nofp\libcr_c.a(sqrt.o)
                0x00001dd8                sqrt
 *fill*         0x00001ee4        0x4 ff
 .text._sincos  0x00001ee8      0x1fc C:/nxp/MCUXpressoIDE_24.12.148/ide/plugins/com.nxp.mcuxpresso.tools.win32_24.12.0.202407110909/tools/bin/../lib/gcc/arm-none-eabi/13.2.1/../../../../arm-none-eabi/lib/thumb/v8-m.main/nofp\libcr_c.a(_sincos.o)
                0x00001ee8                _sincos
 .text.GPS_updateData
                0x000020e4       0x84 ./source/utils/GPS.o
                0x000020e4                GPS_updateData
 .text.GPS_setDestination
                0x00002168       0x50 ./source/utils/GPS.o
                0x00002168                GPS_setDestination
 .text.GPS_getCurrentLocation
                0x000021b8       0x14 ./source/utils/GPS.o
                0x000021b8                GPS_getCurrentLocation
 .text.GPS_getCurrentDirections
                0x000021cc       0x14 ./source/utils/GPS.o
                0x000021cc                GPS_getCurrentDirections
 .text.GPS_getConnectionQuality
                0x000021e0       0x14 ./source/utils/GPS.o
                0x000021e0                GPS_getConnectionQuality
 .text.parseGNGGA
                0x000021f4      0x224 ./source/utils/GPS.o
                0x000021f4                parseGNGGA
 .text.Logger_updateData
                0x00002418       0x7c ./source/utils/Logger.o
                0x00002418                Logger_updateData
 .text.SD_Writeln
                0x00002494       0x54 ./source/utils/SD.o
                0x00002494                SD_Writeln
 .text.SD_Overwrite
                0x000024e8       0x54 ./source/utils/SD.o
                0x000024e8                SD_Overwrite
 .text.SD_Read  0x0000253c       0x6c ./source/utils/SD.o
                0x0000253c                SD_Read
 .text.Delay_ms
                0x000025a8       0x34 ./source/utils/delay.o
                0x000025a8                Delay_ms
 .text.i2c_send
                0x000025dc       0x3c ./source/lcdDriver/lcd.o
 .text.__NVIC_EnableIRQ
                0x00002618       0x38 ./source/lcdDriver/lpi2c0_controller_interrupt.o
 .text.__NVIC_ClearPendingIRQ
                0x00002650       0x3c ./source/lcdDriver/lpi2c0_controller_interrupt.o
 .text.__NVIC_SetPriority
                0x0000268c       0x54 ./source/lcdDriver/lpi2c0_controller_interrupt.o
 .text.lpi2c0_controller_init
                0x000026e0       0xe4 ./source/lcdDriver/lpi2c0_controller_interrupt.o
                0x000026e0                lpi2c0_controller_init
 .text.lpi2c0_wait_busy
                0x000027c4       0x20 ./source/lcdDriver/lpi2c0_controller_interrupt.o
                0x000027c4                lpi2c0_wait_busy
 .text.lpi2c0_txfifo_full
                0x000027e4       0x2c ./source/lcdDriver/lpi2c0_controller_interrupt.o
                0x000027e4                lpi2c0_txfifo_full
 .text.LPI2C0_IRQHandler
                0x00002810       0xa0 ./source/lcdDriver/lpi2c0_controller_interrupt.o
                0x00002810                LPI2C0_IRQHandler
 .text.Game_Memory
                0x000028b0       0xcc ./source/games/code_game.o
                0x000028b0                Game_Memory
 .text.initGameControl
                0x0000297c       0x9c ./source/games/game_control.o
                0x0000297c                initGameControl
 .text.getGameControl
                0x00002a18       0x14 ./source/games/game_control.o
                0x00002a18                getGameControl
 .text.checkGameStatus
                0x00002a2c       0xf4 ./source/games/game_control.o
                0x00002a2c                checkGameStatus
 .text.initGPSLocationGame
                0x00002b20      0x148 ./source/games/gps_location.game.o
                0x00002b20                initGPSLocationGame
 .text.gpsLocationGame
                0x00002c68       0xd0 ./source/games/gps_location.game.o
                0x00002c68                gpsLocationGame
 .text.initGPSProximityGame
                0x00002d38      0x148 ./source/games/gps_proximity.game.o
                0x00002d38                initGPSProximityGame
 .text.gpsProximityGame
                0x00002e80      0x12c ./source/games/gps_proximity.game.o
                0x00002e80                gpsProximityGame
 .text.Game_Unlock
                0x00002fac      0x1a0 ./source/games/pin_game.o
                0x00002fac                Game_Unlock
 .text.shuffle_questions
                0x0000314c       0x90 ./source/games/trivia_game.o
 .text.Game_Trivia
                0x000031dc      0x19c ./source/games/trivia_game.o
                0x000031dc                Game_Trivia
 .text.sync_fs  0x00003378       0xe0 ./source/fatFs/ff.o
 .text.create_name
                0x00003458      0x20c ./source/fatFs/ff.o
 .text.get_ldnumber
                0x00003664       0x88 ./source/fatFs/ff.o
 .text.check_fs
                0x000036ec      0x148 ./source/fatFs/ff.o
 .text.mount_volume
                0x00003834      0x3fc ./source/fatFs/ff.o
 .text.f_open   0x00003c30      0x2e0 ./source/fatFs/ff.o
                0x00003c30                f_open
 .text.f_sync   0x00003f10       0xc8 ./source/fatFs/ff.o
                0x00003f10                f_sync
 .text.ftoa     0x00003fd8      0x310 ./source/fatFs/ff.o
 .text.f_printf
                0x000042e8      0x704 ./source/fatFs/ff.o
                0x000042e8                f_printf
 .text.xmit_mmc
                0x000049ec      0x210 ./source/fatFs/sdmm.o
 .text.rcvr_mmc
                0x00004bfc      0x1bc ./source/fatFs/sdmm.o
 .text.deselect
                0x00004db8       0x28 ./source/fatFs/sdmm.o
 .text.select   0x00004de0       0x3c ./source/fatFs/sdmm.o
 .text.disk_status
                0x00004e1c       0x28 ./source/fatFs/sdmm.o
                0x00004e1c                disk_status
 .text.disk_initialize
                0x00004e44      0x224 ./source/fatFs/sdmm.o
                0x00004e44                disk_initialize
 .text.disk_read
                0x00005068       0xac ./source/fatFs/sdmm.o
                0x00005068                disk_read
 .text.disk_write
                0x00005114       0xdc ./source/fatFs/sdmm.o
                0x00005114                disk_write
 .text.CLOCK_EnableClock
                0x000051f0       0x88 ./source/Keypad/keypad.o
 .text.Keypad_Init
                0x00005278      0x100 ./source/Keypad/keypad.o
                0x00005278                Keypad_Init
 .text.Keypad_Scan
                0x00005378       0xcc ./source/Keypad/keypad.o
                0x00005378                Keypad_Scan
 .text.gpio_output_init
                0x00005444       0x70 ./source/gpio_output.o
                0x00005444                gpio_output_init
 .text.__NVIC_EnableIRQ
                0x000054b4       0x38 ./source/lpuart0_interrupt.o
 .text.__NVIC_ClearPendingIRQ
                0x000054ec       0x3c ./source/lpuart0_interrupt.o
 .text.__NVIC_SetPriority
                0x00005528       0x54 ./source/lpuart0_interrupt.o
 .text.lpuart0_init
                0x0000557c       0xc4 ./source/lpuart0_interrupt.o
                0x0000557c                lpuart0_init
 .text.lpuart0_putchar
                0x00005640       0x40 ./source/lpuart0_interrupt.o
                0x00005640                lpuart0_putchar
 .text.lpuart0_getchar
                0x00005680       0x30 ./source/lpuart0_interrupt.o
                0x00005680                lpuart0_getchar
 .text.LPUART0_IRQHandler
                0x000056b0       0x7c ./source/lpuart0_interrupt.o
                0x000056b0                LPUART0_IRQHandler
 .text.__NVIC_EnableIRQ
                0x0000572c       0x38 ./source/lpuart2_interrupt.o
 .text.__NVIC_ClearPendingIRQ
                0x00005764       0x3c ./source/lpuart2_interrupt.o
 .text.__NVIC_SetPriority
                0x000057a0       0x54 ./source/lpuart2_interrupt.o
 .text.lpuart2_init
                0x000057f4       0xc8 ./source/lpuart2_interrupt.o
                0x000057f4                lpuart2_init
 .text.lpuart2_getchar
                0x000058bc       0x30 ./source/lpuart2_interrupt.o
                0x000058bc                lpuart2_getchar
 .text.lpuart2_rxcnt
                0x000058ec       0x14 ./source/lpuart2_interrupt.o
                0x000058ec                lpuart2_rxcnt
 .text.LPUART2_IRQHandler
                0x00005900       0x7c ./source/lpuart2_interrupt.o
                0x00005900                LPUART2_IRQHandler
 .text.__NVIC_SetPriority
                0x0000597c       0x54 ./source/main.o
 .text.SysTick_Config
                0x000059d0       0x44 ./source/main.o
 .text.main     0x00005a14       0x84 ./source/main.o
                0x00005a14                main
 .text.update_system
                0x00005a98       0xdc ./source/main.o
                0x00005a98                update_system
 .text.SysTick_Handler
                0x00005b74       0x1c ./source/main.o
                0x00005b74                SysTick_Handler
 .text.SystemInit
                0x00005b90      0x120 ./device/system_MCXA153.o
                0x00005b90                SystemInit
 .text.__sys_appexit
                0x00005cb0        0xc C:/nxp/MCUXpressoIDE_24.12.148/ide/plugins/com.nxp.mcuxpresso.tools.win32_24.12.0.202407110909/tools/bin/../lib/gcc/arm-none-eabi/13.2.1/../../../../arm-none-eabi/lib/thumb/v8-m.main/nofp\libcr_semihost_nf.a(__sys_appexit.o)
                0x00005cb0                __sys_appexit
                0x00005cb0                __exit
 .text._Cwritebuf
                0x00005cbc       0x6c C:/nxp/MCUXpressoIDE_24.12.148/ide/plugins/com.nxp.mcuxpresso.tools.win32_24.12.0.202407110909/tools/bin/../lib/gcc/arm-none-eabi/13.2.1/../../../../arm-none-eabi/lib/thumb/v8-m.main/nofp\libcr_c.a(_writebuf.o)
                0x00005cbc                _Cwritebuf
 .text.malloc   0x00005d28       0xc8 C:/nxp/MCUXpressoIDE_24.12.148/ide/plugins/com.nxp.mcuxpresso.tools.win32_24.12.0.202407110909/tools/bin/../lib/gcc/arm-none-eabi/13.2.1/../../../../arm-none-eabi/lib/thumb/v8-m.main/nofp\libcr_c.a(alloc.o)
                0x00005d28                malloc
 .text._Csys_alloc
                0x00005df0       0x20 C:/nxp/MCUXpressoIDE_24.12.148/ide/plugins/com.nxp.mcuxpresso.tools.win32_24.12.0.202407110909/tools/bin/../lib/gcc/arm-none-eabi/13.2.1/../../../../arm-none-eabi/lib/thumb/v8-m.main/nofp\libcr_c.a(alloc.o)
                0x00005df0                _Csys_alloc
 .text.sprintf  0x00005e10       0x6c C:/nxp/MCUXpressoIDE_24.12.148/ide/plugins/com.nxp.mcuxpresso.tools.win32_24.12.0.202407110909/tools/bin/../lib/gcc/arm-none-eabi/13.2.1/../../../../arm-none-eabi/lib/thumb/v8-m.main/nofp\libcr_c.a(fpprintf.o)
                0x00005e10                sprintf
 .text.snprintf
                0x00005e7c       0x78 C:/nxp/MCUXpressoIDE_24.12.148/ide/plugins/com.nxp.mcuxpresso.tools.win32_24.12.0.202407110909/tools/bin/../lib/gcc/arm-none-eabi/13.2.1/../../../../arm-none-eabi/lib/thumb/v8-m.main/nofp\libcr_c.a(fpprintf.o)
                0x00005e7c                snprintf
 .text.vsnprintf
                0x00005ef4       0x68 C:/nxp/MCUXpressoIDE_24.12.148/ide/plugins/com.nxp.mcuxpresso.tools.win32_24.12.0.202407110909/tools/bin/../lib/gcc/arm-none-eabi/13.2.1/../../../../arm-none-eabi/lib/thumb/v8-m.main/nofp\libcr_c.a(fpprintf.o)
                0x00005ef4                vsnprintf
 .text.printf   0x00005f5c       0x54 C:/nxp/MCUXpressoIDE_24.12.148/ide/plugins/com.nxp.mcuxpresso.tools.win32_24.12.0.202407110909/tools/bin/../lib/gcc/arm-none-eabi/13.2.1/../../../../arm-none-eabi/lib/thumb/v8-m.main/nofp\libcr_c.a(fpprintf.o)
                0x00005f5c                printf
 .text.fseek    0x00005fb0       0xf8 C:/nxp/MCUXpressoIDE_24.12.148/ide/plugins/com.nxp.mcuxpresso.tools.win32_24.12.0.202407110909/tools/bin/../lib/gcc/arm-none-eabi/13.2.1/../../../../arm-none-eabi/lib/thumb/v8-m.main/nofp\libcr_c.a(fseek.o)
                0x00005fb0                fseek
 .text.ftell    0x000060a8       0x44 C:/nxp/MCUXpressoIDE_24.12.148/ide/plugins/com.nxp.mcuxpresso.tools.win32_24.12.0.202407110909/tools/bin/../lib/gcc/arm-none-eabi/13.2.1/../../../../arm-none-eabi/lib/thumb/v8-m.main/nofp\libcr_c.a(ftell.o)
                0x000060a8                ftell
 .text._initio  0x000060ec       0x78 C:/nxp/MCUXpressoIDE_24.12.148/ide/plugins/com.nxp.mcuxpresso.tools.win32_24.12.0.202407110909/tools/bin/../lib/gcc/arm-none-eabi/13.2.1/../../../../arm-none-eabi/lib/thumb/v8-m.main/nofp\libcr_c.a(initio.o)
                0x000060ec                _initio
 .text.__vfprintf
                0x00006164      0xb70 C:/nxp/MCUXpressoIDE_24.12.148/ide/plugins/com.nxp.mcuxpresso.tools.win32_24.12.0.202407110909/tools/bin/../lib/gcc/arm-none-eabi/13.2.1/../../../../arm-none-eabi/lib/thumb/v8-m.main/nofp\libcr_c.a(printf.o)
                0x00006164                __vfprintf
 .text.ch_val   0x00006cd4       0x30 C:/nxp/MCUXpressoIDE_24.12.148/ide/plugins/com.nxp.mcuxpresso.tools.win32_24.12.0.202407110909/tools/bin/../lib/gcc/arm-none-eabi/13.2.1/../../../../arm-none-eabi/lib/thumb/v8-m.main/nofp\libcr_c.a(scanf.o)
 .text._strtoul
                0x00006d04       0xb4 C:/nxp/MCUXpressoIDE_24.12.148/ide/plugins/com.nxp.mcuxpresso.tools.win32_24.12.0.202407110909/tools/bin/../lib/gcc/arm-none-eabi/13.2.1/../../../../arm-none-eabi/lib/thumb/v8-m.main/nofp\libcr_c.a(scanf.o)
 .text.cr_rd_int
                0x00006db8      0x1a0 C:/nxp/MCUXpressoIDE_24.12.148/ide/plugins/com.nxp.mcuxpresso.tools.win32_24.12.0.202407110909/tools/bin/../lib/gcc/arm-none-eabi/13.2.1/../../../../arm-none-eabi/lib/thumb/v8-m.main/nofp\libcr_c.a(scanf.o)
 .text.strtod   0x00006f58       0x34 C:/nxp/MCUXpressoIDE_24.12.148/ide/plugins/com.nxp.mcuxpresso.tools.win32_24.12.0.202407110909/tools/bin/../lib/gcc/arm-none-eabi/13.2.1/../../../../arm-none-eabi/lib/thumb/v8-m.main/nofp\libcr_c.a(scanf.o)
                0x00006f58                strtod
 .text.strtol   0x00006f8c       0x80 C:/nxp/MCUXpressoIDE_24.12.148/ide/plugins/com.nxp.mcuxpresso.tools.win32_24.12.0.202407110909/tools/bin/../lib/gcc/arm-none-eabi/13.2.1/../../../../arm-none-eabi/lib/thumb/v8-m.main/nofp\libcr_c.a(scanf.o)
                0x00006f8c                strtol
 .text.atof     0x0000700c       0x14 C:/nxp/MCUXpressoIDE_24.12.148/ide/plugins/com.nxp.mcuxpresso.tools.win32_24.12.0.202407110909/tools/bin/../lib/gcc/arm-none-eabi/13.2.1/../../../../arm-none-eabi/lib/thumb/v8-m.main/nofp\libcr_c.a(scanf.o)
                0x0000700c                atof
 .text.atoi     0x00007020       0x18 C:/nxp/MCUXpressoIDE_24.12.148/ide/plugins/com.nxp.mcuxpresso.tools.win32_24.12.0.202407110909/tools/bin/../lib/gcc/arm-none-eabi/13.2.1/../../../../arm-none-eabi/lib/thumb/v8-m.main/nofp\libcr_c.a(scanf.o)
                0x00007020                atoi
 .text.rand     0x00007038       0x48 C:/nxp/MCUXpressoIDE_24.12.148/ide/plugins/com.nxp.mcuxpresso.tools.win32_24.12.0.202407110909/tools/bin/../lib/gcc/arm-none-eabi/13.2.1/../../../../arm-none-eabi/lib/thumb/v8-m.main/nofp\libcr_c.a(stdlib.o)
                0x00007038                rand
 .text.srand    0x00007080       0x40 C:/nxp/MCUXpressoIDE_24.12.148/ide/plugins/com.nxp.mcuxpresso.tools.win32_24.12.0.202407110909/tools/bin/../lib/gcc/arm-none-eabi/13.2.1/../../../../arm-none-eabi/lib/thumb/v8-m.main/nofp\libcr_c.a(stdlib.o)
                0x00007080                srand
 .text.__filbuf
                0x000070c0      0x178 C:/nxp/MCUXpressoIDE_24.12.148/ide/plugins/com.nxp.mcuxpresso.tools.win32_24.12.0.202407110909/tools/bin/../lib/gcc/arm-none-eabi/13.2.1/../../../../arm-none-eabi/lib/thumb/v8-m.main/nofp\libcr_c.a(__fillbuf.o)
                0x000070c0                __filbuf
 .text._sbrk    0x00007238       0x3c C:/nxp/MCUXpressoIDE_24.12.148/ide/plugins/com.nxp.mcuxpresso.tools.win32_24.12.0.202407110909/tools/bin/../lib/gcc/arm-none-eabi/13.2.1/../../../../arm-none-eabi/lib/thumb/v8-m.main/nofp\libcr_c.a(_cr_sbrk.o)
                0x00007238                _sbrk
 .text._ldexpl  0x00007274       0x48 C:/nxp/MCUXpressoIDE_24.12.148/ide/plugins/com.nxp.mcuxpresso.tools.win32_24.12.0.202407110909/tools/bin/../lib/gcc/arm-none-eabi/13.2.1/../../../../arm-none-eabi/lib/thumb/v8-m.main/nofp\libcr_c.a(_ldexpl.o)
                0x00007274                _ldexpl
 .text.fflush   0x000072bc       0x3c C:/nxp/MCUXpressoIDE_24.12.148/ide/plugins/com.nxp.mcuxpresso.tools.win32_24.12.0.202407110909/tools/bin/../lib/gcc/arm-none-eabi/13.2.1/../../../../arm-none-eabi/lib/thumb/v8-m.main/nofp\libcr_c.a(fflush.o)
                0x000072bc                fflush
 .text.ldexp    0x000072f8       0x48 C:/nxp/MCUXpressoIDE_24.12.148/ide/plugins/com.nxp.mcuxpresso.tools.win32_24.12.0.202407110909/tools/bin/../lib/gcc/arm-none-eabi/13.2.1/../../../../arm-none-eabi/lib/thumb/v8-m.main/nofp\libcr_c.a(ldexp.o)
                0x000072f8                ldexp
 .text.__check_heap_overflow
                0x00007340       0x18 C:/nxp/MCUXpressoIDE_24.12.148/ide/plugins/com.nxp.mcuxpresso.tools.win32_24.12.0.202407110909/tools/bin/../lib/gcc/arm-none-eabi/13.2.1/../../../../arm-none-eabi/lib/thumb/v8-m.main/nofp\libcr_c.a(_cr_check_heap.o)
                0x00007340                __check_heap_overflow
 .text.__aeabi_dmul
                0x00007358       0xfc C:/nxp/MCUXpressoIDE_24.12.148/ide/plugins/com.nxp.mcuxpresso.tools.win32_24.12.0.202407110909/tools/bin/../lib/gcc/arm-none-eabi/13.2.1/thumb/v8-m.main/nofp\libcr_eabihelpers.a(double.o)
                0x00007358                __aeabi_dmul
 .text.__aeabi_ddiv
                0x00007454      0x134 C:/nxp/MCUXpressoIDE_24.12.148/ide/plugins/com.nxp.mcuxpresso.tools.win32_24.12.0.202407110909/tools/bin/../lib/gcc/arm-none-eabi/13.2.1/thumb/v8-m.main/nofp\libcr_eabihelpers.a(double.o)
                0x00007454                __aeabi_ddiv
 .text.__aeabi_dsub
                0x00007588      0x1b4 C:/nxp/MCUXpressoIDE_24.12.148/ide/plugins/com.nxp.mcuxpresso.tools.win32_24.12.0.202407110909/tools/bin/../lib/gcc/arm-none-eabi/13.2.1/thumb/v8-m.main/nofp\libcr_eabihelpers.a(double.o)
                0x00007588                __aeabi_dsub
 .text.__aeabi_dadd
                0x0000773c      0x118 C:/nxp/MCUXpressoIDE_24.12.148/ide/plugins/com.nxp.mcuxpresso.tools.win32_24.12.0.202407110909/tools/bin/../lib/gcc/arm-none-eabi/13.2.1/thumb/v8-m.main/nofp\libcr_eabihelpers.a(double.o)
                0x0000773c                __aeabi_dadd
 .text.__aeabi_d2f
                0x00007854       0x58 C:/nxp/MCUXpressoIDE_24.12.148/ide/plugins/com.nxp.mcuxpresso.tools.win32_24.12.0.202407110909/tools/bin/../lib/gcc/arm-none-eabi/13.2.1/thumb/v8-m.main/nofp\libcr_eabihelpers.a(double.o)
                0x00007854                __aeabi_d2f
 .text.Reserved16_IRQHandler
                0x000078ac        0x8 ./startup/startup_mcxa153.o
                0x000078ac                Reserved16_IRQHandler
 .text.CMC_IRQHandler
                0x000078b4        0x8 ./startup/startup_mcxa153.o
                0x000078b4                CMC_IRQHandler
 .text.DMA_CH0_IRQHandler
                0x000078bc        0x8 ./startup/startup_mcxa153.o
                0x000078bc                DMA_CH0_IRQHandler
 .text.DMA_CH1_IRQHandler
                0x000078c4        0x8 ./startup/startup_mcxa153.o
                0x000078c4                DMA_CH1_IRQHandler
 .text.DMA_CH2_IRQHandler
                0x000078cc        0x8 ./startup/startup_mcxa153.o
                0x000078cc                DMA_CH2_IRQHandler
 .text.DMA_CH3_IRQHandler
                0x000078d4        0x8 ./startup/startup_mcxa153.o
                0x000078d4                DMA_CH3_IRQHandler
 .text.Reserved22_IRQHandler
                0x000078dc        0x8 ./startup/startup_mcxa153.o
                0x000078dc                Reserved22_IRQHandler
 .text.Reserved23_IRQHandler
                0x000078e4        0x8 ./startup/startup_mcxa153.o
                0x000078e4                Reserved23_IRQHandler
 .text.Reserved24_IRQHandler
                0x000078ec        0x8 ./startup/startup_mcxa153.o
                0x000078ec                Reserved24_IRQHandler
 .text.Reserved25_IRQHandler
                0x000078f4        0x8 ./startup/startup_mcxa153.o
                0x000078f4                Reserved25_IRQHandler
 .text.ERM0_SINGLE_BIT_IRQHandler
                0x000078fc        0x8 ./startup/startup_mcxa153.o
                0x000078fc                ERM0_SINGLE_BIT_IRQHandler
 .text.ERM0_MULTI_BIT_IRQHandler
                0x00007904        0x8 ./startup/startup_mcxa153.o
                0x00007904                ERM0_MULTI_BIT_IRQHandler
 .text.FMU0_IRQHandler
                0x0000790c        0x8 ./startup/startup_mcxa153.o
                0x0000790c                FMU0_IRQHandler
 .text.GLIKEY0_IRQHandler
                0x00007914        0x8 ./startup/startup_mcxa153.o
                0x00007914                GLIKEY0_IRQHandler
 .text.MBC0_IRQHandler
                0x0000791c        0x8 ./startup/startup_mcxa153.o
                0x0000791c                MBC0_IRQHandler
 .text.SCG0_IRQHandler
                0x00007924        0x8 ./startup/startup_mcxa153.o
                0x00007924                SCG0_IRQHandler
 .text.SPC0_IRQHandler
                0x0000792c        0x8 ./startup/startup_mcxa153.o
                0x0000792c                SPC0_IRQHandler
 .text.Reserved33_IRQHandler
                0x00007934        0x8 ./startup/startup_mcxa153.o
                0x00007934                Reserved33_IRQHandler
 .text.WUU0_IRQHandler
                0x0000793c        0x8 ./startup/startup_mcxa153.o
                0x0000793c                WUU0_IRQHandler
 .text.Reserved35_IRQHandler
                0x00007944        0x8 ./startup/startup_mcxa153.o
                0x00007944                Reserved35_IRQHandler
 .text.Reserved36_IRQHandler
                0x0000794c        0x8 ./startup/startup_mcxa153.o
                0x0000794c                Reserved36_IRQHandler
 .text.Reserved37_IRQHandler
                0x00007954        0x8 ./startup/startup_mcxa153.o
                0x00007954                Reserved37_IRQHandler
 .text.Reserved38_IRQHandler
                0x0000795c        0x8 ./startup/startup_mcxa153.o
                0x0000795c                Reserved38_IRQHandler
 .text.Reserved39_IRQHandler
                0x00007964        0x8 ./startup/startup_mcxa153.o
                0x00007964                Reserved39_IRQHandler
 .text.I3C0_IRQHandler
                0x0000796c        0x8 ./startup/startup_mcxa153.o
                0x0000796c                I3C0_IRQHandler
 .text.Reserved41_IRQHandler
                0x00007974        0x8 ./startup/startup_mcxa153.o
                0x00007974                Reserved41_IRQHandler
 .text.Reserved43_IRQHandler
                0x0000797c        0x8 ./startup/startup_mcxa153.o
                0x0000797c                Reserved43_IRQHandler
 .text.LPSPI0_IRQHandler
                0x00007984        0x8 ./startup/startup_mcxa153.o
                0x00007984                LPSPI0_IRQHandler
 .text.LPSPI1_IRQHandler
                0x0000798c        0x8 ./startup/startup_mcxa153.o
                0x0000798c                LPSPI1_IRQHandler
 .text.Reserved46_IRQHandler
                0x00007994        0x8 ./startup/startup_mcxa153.o
                0x00007994                Reserved46_IRQHandler
 .text.LPUART1_IRQHandler
                0x0000799c        0x8 ./startup/startup_mcxa153.o
                0x0000799c                LPUART1_IRQHandler
 .text.Reserved50_IRQHandler
                0x000079a4        0x8 ./startup/startup_mcxa153.o
                0x000079a4                Reserved50_IRQHandler
 .text.Reserved51_IRQHandler
                0x000079ac        0x8 ./startup/startup_mcxa153.o
                0x000079ac                Reserved51_IRQHandler
 .text.USB0_IRQHandler
                0x000079b4        0x8 ./startup/startup_mcxa153.o
                0x000079b4                USB0_IRQHandler
 .text.Reserved53_IRQHandler
                0x000079bc        0x8 ./startup/startup_mcxa153.o
                0x000079bc                Reserved53_IRQHandler
 .text.CDOG0_IRQHandler
                0x000079c4        0x8 ./startup/startup_mcxa153.o
                0x000079c4                CDOG0_IRQHandler
 .text.CTIMER0_IRQHandler
                0x000079cc        0x8 ./startup/startup_mcxa153.o
                0x000079cc                CTIMER0_IRQHandler
 .text.CTIMER1_IRQHandler
                0x000079d4        0x8 ./startup/startup_mcxa153.o
                0x000079d4                CTIMER1_IRQHandler
 .text.CTIMER2_IRQHandler
                0x000079dc        0x8 ./startup/startup_mcxa153.o
                0x000079dc                CTIMER2_IRQHandler
 .text.Reserved58_IRQHandler
                0x000079e4        0x8 ./startup/startup_mcxa153.o
                0x000079e4                Reserved58_IRQHandler
 .text.Reserved59_IRQHandler
                0x000079ec        0x8 ./startup/startup_mcxa153.o
                0x000079ec                Reserved59_IRQHandler
 .text.FLEXPWM0_RELOAD_ERROR_IRQHandler
                0x000079f4        0x8 ./startup/startup_mcxa153.o
                0x000079f4                FLEXPWM0_RELOAD_ERROR_IRQHandler
 .text.FLEXPWM0_FAULT_IRQHandler
                0x000079fc        0x8 ./startup/startup_mcxa153.o
                0x000079fc                FLEXPWM0_FAULT_IRQHandler
 .text.FLEXPWM0_SUBMODULE0_IRQHandler
                0x00007a04        0x8 ./startup/startup_mcxa153.o
                0x00007a04                FLEXPWM0_SUBMODULE0_IRQHandler
 .text.FLEXPWM0_SUBMODULE1_IRQHandler
                0x00007a0c        0x8 ./startup/startup_mcxa153.o
                0x00007a0c                FLEXPWM0_SUBMODULE1_IRQHandler
 .text.FLEXPWM0_SUBMODULE2_IRQHandler
                0x00007a14        0x8 ./startup/startup_mcxa153.o
                0x00007a14                FLEXPWM0_SUBMODULE2_IRQHandler
 .text.Reserved65_IRQHandler
                0x00007a1c        0x8 ./startup/startup_mcxa153.o
                0x00007a1c                Reserved65_IRQHandler
 .text.QDC0_COMPARE_IRQHandler
                0x00007a24        0x8 ./startup/startup_mcxa153.o
                0x00007a24                QDC0_COMPARE_IRQHandler
 .text.QDC0_HOME_IRQHandler
                0x00007a2c        0x8 ./startup/startup_mcxa153.o
                0x00007a2c                QDC0_HOME_IRQHandler
 .text.QDC0_WATCHDOG_IRQHandler
                0x00007a34        0x8 ./startup/startup_mcxa153.o
                0x00007a34                QDC0_WATCHDOG_IRQHandler
 .text.QDC0_INDEX_IRQHandler
                0x00007a3c        0x8 ./startup/startup_mcxa153.o
                0x00007a3c                QDC0_INDEX_IRQHandler
 .text.FREQME0_IRQHandler
                0x00007a44        0x8 ./startup/startup_mcxa153.o
                0x00007a44                FREQME0_IRQHandler
 .text.LPTMR0_IRQHandler
                0x00007a4c        0x8 ./startup/startup_mcxa153.o
                0x00007a4c                LPTMR0_IRQHandler
 .text.Reserved72_IRQHandler
                0x00007a54        0x8 ./startup/startup_mcxa153.o
                0x00007a54                Reserved72_IRQHandler
 .text.OS_EVENT_IRQHandler
                0x00007a5c        0x8 ./startup/startup_mcxa153.o
                0x00007a5c                OS_EVENT_IRQHandler
 .text.WAKETIMER0_IRQHandler
                0x00007a64        0x8 ./startup/startup_mcxa153.o
                0x00007a64                WAKETIMER0_IRQHandler
 .text.UTICK0_IRQHandler
                0x00007a6c        0x8 ./startup/startup_mcxa153.o
                0x00007a6c                UTICK0_IRQHandler
 .text.WWDT0_IRQHandler
                0x00007a74        0x8 ./startup/startup_mcxa153.o
                0x00007a74                WWDT0_IRQHandler
 .text.Reserved77_IRQHandler
                0x00007a7c        0x8 ./startup/startup_mcxa153.o
                0x00007a7c                Reserved77_IRQHandler
 .text.ADC0_IRQHandler
                0x00007a84        0x8 ./startup/startup_mcxa153.o
                0x00007a84                ADC0_IRQHandler
 .text.Reserved79_IRQHandler
                0x00007a8c        0x8 ./startup/startup_mcxa153.o
                0x00007a8c                Reserved79_IRQHandler
 .text.CMP0_IRQHandler
                0x00007a94        0x8 ./startup/startup_mcxa153.o
                0x00007a94                CMP0_IRQHandler
 .text.CMP1_IRQHandler
                0x00007a9c        0x8 ./startup/startup_mcxa153.o
                0x00007a9c                CMP1_IRQHandler
 .text.Reserved82_IRQHandler
                0x00007aa4        0x8 ./startup/startup_mcxa153.o
                0x00007aa4                Reserved82_IRQHandler
 .text.Reserved83_IRQHandler
                0x00007aac        0x8 ./startup/startup_mcxa153.o
                0x00007aac                Reserved83_IRQHandler
 .text.Reserved84_IRQHandler
                0x00007ab4        0x8 ./startup/startup_mcxa153.o
                0x00007ab4                Reserved84_IRQHandler
 .text.Reserved85_IRQHandler
                0x00007abc        0x8 ./startup/startup_mcxa153.o
                0x00007abc                Reserved85_IRQHandler
 .text.Reserved86_IRQHandler
                0x00007ac4        0x8 ./startup/startup_mcxa153.o
                0x00007ac4                Reserved86_IRQHandler
 .text.GPIO0_IRQHandler
                0x00007acc        0x8 ./startup/startup_mcxa153.o
                0x00007acc                GPIO0_IRQHandler
 .text.GPIO1_IRQHandler
                0x00007ad4        0x8 ./startup/startup_mcxa153.o
                0x00007ad4                GPIO1_IRQHandler
 .text.GPIO2_IRQHandler
                0x00007adc        0x8 ./startup/startup_mcxa153.o
                0x00007adc                GPIO2_IRQHandler
 .text.GPIO3_IRQHandler
                0x00007ae4        0x8 ./startup/startup_mcxa153.o
                0x00007ae4                GPIO3_IRQHandler
 .text.strsep   0x00007aec       0x50 ./source/utils/GPS.o
                0x00007aec                strsep
 .text.GPSCalculateDirections
                0x00007b3c       0x86 ./source/utils/GPS.o
                0x00007b3c                GPSCalculateDirections
 .text.determineLongitudeDirection
                0x00007bc2       0x2e ./source/utils/GPS.o
                0x00007bc2                determineLongitudeDirection
 .text.determineLatitudeDirection
                0x00007bf0       0x2e ./source/utils/GPS.o
                0x00007bf0                determineLatitudeDirection
 .text.delay_us
                0x00007c1e       0x32 ./source/lcdDriver/lcd.o
                0x00007c1e                delay_us
 .text.lcd_print
                0x00007c50       0x16 ./source/lcdDriver/lcd.o
                0x00007c50                lcd_print
 .text.lcd_pulse_enable
                0x00007c66       0x44 ./source/lcdDriver/lcd.o
 .text.lcd_write4bits
                0x00007caa       0x28 ./source/lcdDriver/lcd.o
 .text.lcd_send
                0x00007cd2       0x42 ./source/lcdDriver/lcd.o
 .text.lcd_send_cmd
                0x00007d14       0x1c ./source/lcdDriver/lcd.o
                0x00007d14                lcd_send_cmd
 .text.lcd_send_data
                0x00007d30       0x1c ./source/lcdDriver/lcd.o
                0x00007d30                lcd_send_data
 .text.lcd_init
                0x00007d4c       0x62 ./source/lcdDriver/lcd.o
                0x00007d4c                lcd_init
 .text.lcd_send_string
                0x00007dae       0x2a ./source/lcdDriver/lcd.o
                0x00007dae                lcd_send_string
 .text.lcd_clear
                0x00007dd8       0x16 ./source/lcdDriver/lcd.o
                0x00007dd8                lcd_clear
 .text.lcd_set_cursor
                0x00007dee       0x52 ./source/lcdDriver/lcd.o
                0x00007dee                lcd_set_cursor
 .text.show     0x00007e40       0x42 ./source/games/trivia_game.o
 .text.ld_word  0x00007e82       0x30 ./source/fatFs/ff.o
 .text.ld_dword
                0x00007eb2       0x44 ./source/fatFs/ff.o
 .text.st_word  0x00007ef6       0x34 ./source/fatFs/ff.o
 .text.st_dword
                0x00007f2a       0x56 ./source/fatFs/ff.o
 .text.dbc_1st  0x00007f80       0x3e ./source/fatFs/ff.o
 .text.dbc_2nd  0x00007fbe       0x52 ./source/fatFs/ff.o
 .text.sync_window
                0x00008010       0x78 ./source/fatFs/ff.o
 .text.move_window
                0x00008088       0x5a ./source/fatFs/ff.o
 .text.clst2sect
                0x000080e2       0x3c ./source/fatFs/ff.o
 .text.get_fat  0x0000811e      0x14e ./source/fatFs/ff.o
 .text.put_fat  0x0000826c      0x1d4 ./source/fatFs/ff.o
 .text.remove_chain
                0x00008440       0xca ./source/fatFs/ff.o
 .text.create_chain
                0x0000850a      0x1aa ./source/fatFs/ff.o
 .text.dir_clear
                0x000086b4       0x90 ./source/fatFs/ff.o
 .text.dir_sdi  0x00008744       0xf6 ./source/fatFs/ff.o
 .text.dir_next
                0x0000883a      0x12c ./source/fatFs/ff.o
 .text.dir_alloc
                0x00008966       0x8e ./source/fatFs/ff.o
 .text.ld_clust
                0x000089f4       0x3e ./source/fatFs/ff.o
 .text.st_clust
                0x00008a32       0x40 ./source/fatFs/ff.o
 .text.dir_find
                0x00008a72       0xaa ./source/fatFs/ff.o
 .text.dir_register
                0x00008b1c       0x64 ./source/fatFs/ff.o
 .text.follow_path
                0x00008b80      0x11c ./source/fatFs/ff.o
 .text.find_volume
                0x00008c9c       0xbe ./source/fatFs/ff.o
 .text.validate
                0x00008d5a       0x6a ./source/fatFs/ff.o
 .text.f_read   0x00008dc4      0x21a ./source/fatFs/ff.o
                0x00008dc4                f_read
 .text.f_write  0x00008fde      0x2ba ./source/fatFs/ff.o
                0x00008fde                f_write
 .text.f_close  0x00009298       0x40 ./source/fatFs/ff.o
                0x00009298                f_close
 .text.putc_bfd
                0x000092d8       0x70 ./source/fatFs/ff.o
 .text.putc_flush
                0x00009348       0x4a ./source/fatFs/ff.o
 .text.putc_init
                0x00009392       0x22 ./source/fatFs/ff.o
 .text.dly_us   0x000093b4       0x32 ./source/fatFs/sdmm.o
                0x000093b4                dly_us
 .text.wait_ready
                0x000093e6       0x48 ./source/fatFs/sdmm.o
 .text.rcvr_datablock
                0x0000942e       0x62 ./source/fatFs/sdmm.o
 .text.xmit_datablock
                0x00009490       0x6a ./source/fatFs/sdmm.o
 .text.send_cmd
                0x000094fa       0xda ./source/fatFs/sdmm.o
 .text.disk_ioctl
                0x000095d4      0x116 ./source/fatFs/sdmm.o
                0x000095d4                disk_ioctl
 .text.GPIO_PinInit
                0x000096ea       0x16 ./source/Keypad/fsl_gpio.o
                0x000096ea                GPIO_PinInit
 .text.RESET_SetPeripheralReset
                0x00009700       0x14 ./source/Keypad/fsl_reset.o
                0x00009700                RESET_SetPeripheralReset
 .text.RESET_ReleasePeripheralReset
                0x00009714       0x1a ./source/Keypad/keypad.o
 .text.GPIO_PinWrite
                0x0000972e       0x34 ./source/Keypad/keypad.o
 .text.GPIO_PinRead
                0x00009762       0x22 ./source/Keypad/keypad.o
 .text.f_init   0x00009784       0x4a ./source/fifo.o
                0x00009784                f_init
 .text.f_push   0x000097ce       0x6a ./source/fifo.o
                0x000097ce                f_push
 .text.f_pop    0x00009838       0x66 ./source/fifo.o
                0x00009838                f_pop
 .text.f_cnt    0x0000989e       0x16 ./source/fifo.o
                0x0000989e                f_cnt
 .text.__sys_write
                0x000098b4       0x56 ./source/retarget.o
                0x000098b4                __sys_write
 .text.__sys_readc
                0x0000990a        0xe ./source/retarget.o
                0x0000990a                __sys_readc
 .text.HardFault_Handler
                0x00009918       0x36 ./source/semihost_hardfault.o
                0x00009918                HardFault_Handler
 .text.SystemInitHook
                0x0000994e        0xc ./device/system_MCXA153.o
                0x0000994e                SystemInitHook
 .text.__main   0x0000995a        0xe C:/nxp/MCUXpressoIDE_24.12.148/ide/plugins/com.nxp.mcuxpresso.tools.win32_24.12.0.202407110909/tools/bin/../lib/gcc/arm-none-eabi/13.2.1/../../../../arm-none-eabi/lib/thumb/v8-m.main/nofp\libcr_semihost_nf.a(_cr__main.o)
                0x0000995a                __CR_SEMIHOST
                0x0000995a                __main
 .text.memcpy   0x00009968        0x4 C:/nxp/MCUXpressoIDE_24.12.148/ide/plugins/com.nxp.mcuxpresso.tools.win32_24.12.0.202407110909/tools/bin/../lib/gcc/arm-none-eabi/13.2.1/../../../../arm-none-eabi/lib/thumb/v8-m.main/nofp\libcr_c.a(memcpy.o)
                0x00009968                memcpy
 .text.memset   0x0000996c        0x4 C:/nxp/MCUXpressoIDE_24.12.148/ide/plugins/com.nxp.mcuxpresso.tools.win32_24.12.0.202407110909/tools/bin/../lib/gcc/arm-none-eabi/13.2.1/../../../../arm-none-eabi/lib/thumb/v8-m.main/nofp\libcr_c.a(memset.o)
                0x0000996c                memset
 .text._deferredlazyseek
                0x00009970       0x40 C:/nxp/MCUXpressoIDE_24.12.148/ide/plugins/com.nxp.mcuxpresso.tools.win32_24.12.0.202407110909/tools/bin/../lib/gcc/arm-none-eabi/13.2.1/../../../../arm-none-eabi/lib/thumb/v8-m.main/nofp\libcr_c.a(_deferredlazyseek.o)
                0x00009970                _deferredlazyseek
 .text.__flsbuf
                0x000099b0      0x126 C:/nxp/MCUXpressoIDE_24.12.148/ide/plugins/com.nxp.mcuxpresso.tools.win32_24.12.0.202407110909/tools/bin/../lib/gcc/arm-none-eabi/13.2.1/../../../../arm-none-eabi/lib/thumb/v8-m.main/nofp\libcr_c.a(_deferredlazyseek.o)
                0x000099b0                __flsbuf
 .text._fflush  0x00009ad6       0x52 C:/nxp/MCUXpressoIDE_24.12.148/ide/plugins/com.nxp.mcuxpresso.tools.win32_24.12.0.202407110909/tools/bin/../lib/gcc/arm-none-eabi/13.2.1/../../../../arm-none-eabi/lib/thumb/v8-m.main/nofp\libcr_c.a(_fflush.o)
                0x00009ad6                _fflush
 .text.free     0x00009b28       0x30 C:/nxp/MCUXpressoIDE_24.12.148/ide/plugins/com.nxp.mcuxpresso.tools.win32_24.12.0.202407110909/tools/bin/../lib/gcc/arm-none-eabi/13.2.1/../../../../arm-none-eabi/lib/thumb/v8-m.main/nofp\libcr_c.a(alloc.o)
                0x00009b28                free
 .text.fabs     0x00009b58       0x1c C:/nxp/MCUXpressoIDE_24.12.148/ide/plugins/com.nxp.mcuxpresso.tools.win32_24.12.0.202407110909/tools/bin/../lib/gcc/arm-none-eabi/13.2.1/../../../../arm-none-eabi/lib/thumb/v8-m.main/nofp\libcr_c.a(fabs.o)
                0x00009b58                fabs
 .text.fp_round
                0x00009b74       0x4c C:/nxp/MCUXpressoIDE_24.12.148/ide/plugins/com.nxp.mcuxpresso.tools.win32_24.12.0.202407110909/tools/bin/../lib/gcc/arm-none-eabi/13.2.1/../../../../arm-none-eabi/lib/thumb/v8-m.main/nofp\libcr_c.a(fpprintf.o)
 .text.pr_dec.constprop.0
                0x00009bc0       0x24 C:/nxp/MCUXpressoIDE_24.12.148/ide/plugins/com.nxp.mcuxpresso.tools.win32_24.12.0.202407110909/tools/bin/../lib/gcc/arm-none-eabi/13.2.1/../../../../arm-none-eabi/lib/thumb/v8-m.main/nofp\libcr_c.a(fpprintf.o)
 .text.memcmp   0x00009be4       0x42 C:/nxp/MCUXpressoIDE_24.12.148/ide/plugins/com.nxp.mcuxpresso.tools.win32_24.12.0.202407110909/tools/bin/../lib/gcc/arm-none-eabi/13.2.1/../../../../arm-none-eabi/lib/thumb/v8-m.main/nofp\libcr_c.a(memcmp.o)
                0x00009be4                memcmp
 .text.sscanf   0x00009c26       0x3e C:/nxp/MCUXpressoIDE_24.12.148/ide/plugins/com.nxp.mcuxpresso.tools.win32_24.12.0.202407110909/tools/bin/../lib/gcc/arm-none-eabi/13.2.1/../../../../arm-none-eabi/lib/thumb/v8-m.main/nofp\libcr_c.a(scanf.o)
                0x00009c26                sscanf
 .text.setvbuf  0x00009c64       0x3e C:/nxp/MCUXpressoIDE_24.12.148/ide/plugins/com.nxp.mcuxpresso.tools.win32_24.12.0.202407110909/tools/bin/../lib/gcc/arm-none-eabi/13.2.1/../../../../arm-none-eabi/lib/thumb/v8-m.main/nofp\libcr_c.a(setvbuf.o)
                0x00009c64                setvbuf
 .text.strchr   0x00009ca2       0x18 C:/nxp/MCUXpressoIDE_24.12.148/ide/plugins/com.nxp.mcuxpresso.tools.win32_24.12.0.202407110909/tools/bin/../lib/gcc/arm-none-eabi/13.2.1/../../../../arm-none-eabi/lib/thumb/v8-m.main/nofp\libcr_c.a(strchr.o)
                0x00009ca2                strchr
 .text.strcmp   0x00009cba       0x44 C:/nxp/MCUXpressoIDE_24.12.148/ide/plugins/com.nxp.mcuxpresso.tools.win32_24.12.0.202407110909/tools/bin/../lib/gcc/arm-none-eabi/13.2.1/../../../../arm-none-eabi/lib/thumb/v8-m.main/nofp\libcr_c.a(strcmp.o)
                0x00009cba                strcmp
 .text.strcspn  0x00009cfe       0x1e C:/nxp/MCUXpressoIDE_24.12.148/ide/plugins/com.nxp.mcuxpresso.tools.win32_24.12.0.202407110909/tools/bin/../lib/gcc/arm-none-eabi/13.2.1/../../../../arm-none-eabi/lib/thumb/v8-m.main/nofp\libcr_c.a(strcspn.o)
                0x00009cfe                strcspn
 .text.strlen   0x00009d1c       0x4e C:/nxp/MCUXpressoIDE_24.12.148/ide/plugins/com.nxp.mcuxpresso.tools.win32_24.12.0.202407110909/tools/bin/../lib/gcc/arm-none-eabi/13.2.1/../../../../arm-none-eabi/lib/thumb/v8-m.main/nofp\libcr_c.a(strlen.o)
                0x00009d1c                strlen
 .text.strncat  0x00009d6a       0x28 C:/nxp/MCUXpressoIDE_24.12.148/ide/plugins/com.nxp.mcuxpresso.tools.win32_24.12.0.202407110909/tools/bin/../lib/gcc/arm-none-eabi/13.2.1/../../../../arm-none-eabi/lib/thumb/v8-m.main/nofp\libcr_c.a(strncat.o)
                0x00009d6a                strncat
 .text.strncmp  0x00009d92       0x54 C:/nxp/MCUXpressoIDE_24.12.148/ide/plugins/com.nxp.mcuxpresso.tools.win32_24.12.0.202407110909/tools/bin/../lib/gcc/arm-none-eabi/13.2.1/../../../../arm-none-eabi/lib/thumb/v8-m.main/nofp\libcr_c.a(strncmp.o)
                0x00009d92                strncmp
 .text.ungetc   0x00009de6       0x32 C:/nxp/MCUXpressoIDE_24.12.148/ide/plugins/com.nxp.mcuxpresso.tools.win32_24.12.0.202407110909/tools/bin/../lib/gcc/arm-none-eabi/13.2.1/../../../../arm-none-eabi/lib/thumb/v8-m.main/nofp\libcr_c.a(ungetc.o)
                0x00009de6                ungetc
 .text._Csys_read_
                0x00009e18       0x22 C:/nxp/MCUXpressoIDE_24.12.148/ide/plugins/com.nxp.mcuxpresso.tools.win32_24.12.0.202407110909/tools/bin/../lib/gcc/arm-none-eabi/13.2.1/../../../../arm-none-eabi/lib/thumb/v8-m.main/nofp\libcr_c.a(__fillbuf.o)
                0x00009e18                _Csys_read_
 .text._fdopen  0x00009e3a       0x68 C:/nxp/MCUXpressoIDE_24.12.148/ide/plugins/com.nxp.mcuxpresso.tools.win32_24.12.0.202407110909/tools/bin/../lib/gcc/arm-none-eabi/13.2.1/../../../../arm-none-eabi/lib/thumb/v8-m.main/nofp\libcr_c.a(_fdopen.o)
                0x00009e3a                _fdopen
 .text._frexpl  0x00009ea2       0x5a C:/nxp/MCUXpressoIDE_24.12.148/ide/plugins/com.nxp.mcuxpresso.tools.win32_24.12.0.202407110909/tools/bin/../lib/gcc/arm-none-eabi/13.2.1/../../../../arm-none-eabi/lib/thumb/v8-m.main/nofp\libcr_c.a(_frexpl.o)
                0x00009ea2                _frexpl
 .text.fclose   0x00009efc       0x58 C:/nxp/MCUXpressoIDE_24.12.148/ide/plugins/com.nxp.mcuxpresso.tools.win32_24.12.0.202407110909/tools/bin/../lib/gcc/arm-none-eabi/13.2.1/../../../../arm-none-eabi/lib/thumb/v8-m.main/nofp\libcr_c.a(fclose.o)
                0x00009efc                fclose
 .text.frexp    0x00009f54       0x5a C:/nxp/MCUXpressoIDE_24.12.148/ide/plugins/com.nxp.mcuxpresso.tools.win32_24.12.0.202407110909/tools/bin/../lib/gcc/arm-none-eabi/13.2.1/../../../../arm-none-eabi/lib/thumb/v8-m.main/nofp\libcr_c.a(frexp.o)
                0x00009f54                frexp
 .text.remove   0x00009fae       0x14 C:/nxp/MCUXpressoIDE_24.12.148/ide/plugins/com.nxp.mcuxpresso.tools.win32_24.12.0.202407110909/tools/bin/../lib/gcc/arm-none-eabi/13.2.1/../../../../arm-none-eabi/lib/thumb/v8-m.main/nofp\libcr_c.a(remove.o)
                0x00009fae                remove
 .text._do_fflush
                0x00009fc2       0x40 C:/nxp/MCUXpressoIDE_24.12.148/ide/plugins/com.nxp.mcuxpresso.tools.win32_24.12.0.202407110909/tools/bin/../lib/gcc/arm-none-eabi/13.2.1/../../../../arm-none-eabi/lib/thumb/v8-m.main/nofp\libcr_c.a(_do_fflush.o)
                0x00009fc2                _do_fflush
 .text.__aeabi_division_uldivmod
                0x0000a002      0x174 C:/nxp/MCUXpressoIDE_24.12.148/ide/plugins/com.nxp.mcuxpresso.tools.win32_24.12.0.202407110909/tools/bin/../lib/gcc/arm-none-eabi/13.2.1/thumb/v8-m.main/nofp\libcr_eabihelpers.a(division_64.o)
                0x0000a002                __aeabi_uldivmod
                0x0000a006                __bhs_ldivmod1
 .text.__aeabi_division_idiv0
                0x0000a176        0x2 C:/nxp/MCUXpressoIDE_24.12.148/ide/plugins/com.nxp.mcuxpresso.tools.win32_24.12.0.202407110909/tools/bin/../lib/gcc/arm-none-eabi/13.2.1/thumb/v8-m.main/nofp\libcr_eabihelpers.a(division_idiv0.o)
                0x0000a176                __aeabi_idiv0
 .text.__aeabi_d2iz
                0x0000a178       0x42 C:/nxp/MCUXpressoIDE_24.12.148/ide/plugins/com.nxp.mcuxpresso.tools.win32_24.12.0.202407110909/tools/bin/../lib/gcc/arm-none-eabi/13.2.1/thumb/v8-m.main/nofp\libcr_eabihelpers.a(double.o)
                0x0000a178                __aeabi_d2iz
 .text.__bhs_ui2d
                0x0000a1ba       0x46 C:/nxp/MCUXpressoIDE_24.12.148/ide/plugins/com.nxp.mcuxpresso.tools.win32_24.12.0.202407110909/tools/bin/../lib/gcc/arm-none-eabi/13.2.1/thumb/v8-m.main/nofp\libcr_eabihelpers.a(double.o)
                0x0000a1ba                __bhs_ui2d
 .text.__aeabi_i2d
                0x0000a200       0x10 C:/nxp/MCUXpressoIDE_24.12.148/ide/plugins/com.nxp.mcuxpresso.tools.win32_24.12.0.202407110909/tools/bin/../lib/gcc/arm-none-eabi/13.2.1/thumb/v8-m.main/nofp\libcr_eabihelpers.a(double.o)
                0x0000a200                __aeabi_i2d
 .text.__aeabi_dcmpeq
                0x0000a210       0x30 C:/nxp/MCUXpressoIDE_24.12.148/ide/plugins/com.nxp.mcuxpresso.tools.win32_24.12.0.202407110909/tools/bin/../lib/gcc/arm-none-eabi/13.2.1/thumb/v8-m.main/nofp\libcr_eabihelpers.a(double.o)
                0x0000a210                __aeabi_dcmpeq
 .text.__aeabi_dcmplt
                0x0000a240       0x56 C:/nxp/MCUXpressoIDE_24.12.148/ide/plugins/com.nxp.mcuxpresso.tools.win32_24.12.0.202407110909/tools/bin/../lib/gcc/arm-none-eabi/13.2.1/thumb/v8-m.main/nofp\libcr_eabihelpers.a(double.o)
                0x0000a240                __aeabi_dcmplt
 .text.__aeabi_dcmpgt
                0x0000a296       0x56 C:/nxp/MCUXpressoIDE_24.12.148/ide/plugins/com.nxp.mcuxpresso.tools.win32_24.12.0.202407110909/tools/bin/../lib/gcc/arm-none-eabi/13.2.1/thumb/v8-m.main/nofp\libcr_eabihelpers.a(double.o)
                0x0000a296                __aeabi_dcmpgt
 .text.__aeabi_dcmple
                0x0000a2ec       0x54 C:/nxp/MCUXpressoIDE_24.12.148/ide/plugins/com.nxp.mcuxpresso.tools.win32_24.12.0.202407110909/tools/bin/../lib/gcc/arm-none-eabi/13.2.1/thumb/v8-m.main/nofp\libcr_eabihelpers.a(double.o)
                0x0000a2ec                __aeabi_dcmple
 .text.__aeabi_dcmpge
                0x0000a340       0x5a C:/nxp/MCUXpressoIDE_24.12.148/ide/plugins/com.nxp.mcuxpresso.tools.win32_24.12.0.202407110909/tools/bin/../lib/gcc/arm-none-eabi/13.2.1/thumb/v8-m.main/nofp\libcr_eabihelpers.a(double.o)
                0x0000a340                __aeabi_dcmpge
 .text.__aeabi_memcpy
                0x0000a39a       0x34 C:/nxp/MCUXpressoIDE_24.12.148/ide/plugins/com.nxp.mcuxpresso.tools.win32_24.12.0.202407110909/tools/bin/../lib/gcc/arm-none-eabi/13.2.1/thumb/v8-m.main/nofp\libcr_eabihelpers.a(memcpy.o)
                0x0000a39a                __aeabi_memcpy
                0x0000a3a4                __aeabi_memcpy8
                0x0000a3a4                __aeabi_memcpy4
 .text.__aeabi_memset_lowlevel
                0x0000a3ce       0x32 C:/nxp/MCUXpressoIDE_24.12.148/ide/plugins/com.nxp.mcuxpresso.tools.win32_24.12.0.202407110909/tools/bin/../lib/gcc/arm-none-eabi/13.2.1/thumb/v8-m.main/nofp\libcr_eabihelpers.a(memcpy.o)
                0x0000a3ce                __aeabi_lowlevel_memset
 .text.__sys_close
                0x0000a400        0xc C:/nxp/MCUXpressoIDE_24.12.148/ide/plugins/com.nxp.mcuxpresso.tools.win32_24.12.0.202407110909/tools/bin/../lib/gcc/arm-none-eabi/13.2.1/../../../../arm-none-eabi/lib/thumb/v8-m.main/nofp\libcr_semihost_nf.a(__sys_close.o)
                0x0000a400                __sys_close
 .text.__sys_flen
                0x0000a40c        0xc C:/nxp/MCUXpressoIDE_24.12.148/ide/plugins/com.nxp.mcuxpresso.tools.win32_24.12.0.202407110909/tools/bin/../lib/gcc/arm-none-eabi/13.2.1/../../../../arm-none-eabi/lib/thumb/v8-m.main/nofp\libcr_semihost_nf.a(__sys_flen.o)
                0x0000a40c                __sys_flen
 .text.__sys_istty
                0x0000a418        0xc C:/nxp/MCUXpressoIDE_24.12.148/ide/plugins/com.nxp.mcuxpresso.tools.win32_24.12.0.202407110909/tools/bin/../lib/gcc/arm-none-eabi/13.2.1/../../../../arm-none-eabi/lib/thumb/v8-m.main/nofp\libcr_semihost_nf.a(__sys_istty.o)
                0x0000a418                __sys_istty
 .text.__sys_read
                0x0000a424        0xc C:/nxp/MCUXpressoIDE_24.12.148/ide/plugins/com.nxp.mcuxpresso.tools.win32_24.12.0.202407110909/tools/bin/../lib/gcc/arm-none-eabi/13.2.1/../../../../arm-none-eabi/lib/thumb/v8-m.main/nofp\libcr_semihost_nf.a(__sys_read.o)
                0x0000a424                __sys_read
 .text.__sys_remove
                0x0000a430        0xc C:/nxp/MCUXpressoIDE_24.12.148/ide/plugins/com.nxp.mcuxpresso.tools.win32_24.12.0.202407110909/tools/bin/../lib/gcc/arm-none-eabi/13.2.1/../../../../arm-none-eabi/lib/thumb/v8-m.main/nofp\libcr_semihost_nf.a(__sys_remove.o)
                0x0000a430                __sys_remove
 .text.__sys_seek
                0x0000a43c        0xc C:/nxp/MCUXpressoIDE_24.12.148/ide/plugins/com.nxp.mcuxpresso.tools.win32_24.12.0.202407110909/tools/bin/../lib/gcc/arm-none-eabi/13.2.1/../../../../arm-none-eabi/lib/thumb/v8-m.main/nofp\libcr_semihost_nf.a(__sys_seek.o)
                0x0000a43c                __sys_seek
 .text.__sys_tmpnam
                0x0000a448        0xc C:/nxp/MCUXpressoIDE_24.12.148/ide/plugins/com.nxp.mcuxpresso.tools.win32_24.12.0.202407110909/tools/bin/../lib/gcc/arm-none-eabi/13.2.1/../../../../arm-none-eabi/lib/thumb/v8-m.main/nofp\libcr_semihost_nf.a(__sys_tmpnam.o)
                0x0000a448                __sys_tmpnam
 *(SORT_BY_ALIGNMENT(.rodata) SORT_BY_ALIGNMENT(.rodata.*) SORT_BY_ALIGNMENT(.constdata) SORT_BY_ALIGNMENT(.constdata.*))
 *fill*         0x0000a454        0x4 ff
 .rodata.a2.0   0x0000a458       0x40 C:/nxp/MCUXpressoIDE_24.12.148/ide/plugins/com.nxp.mcuxpresso.tools.win32_24.12.0.202407110909/tools/bin/../lib/gcc/arm-none-eabi/13.2.1/../../../../arm-none-eabi/lib/thumb/v8-m.main/nofp\libcr_c.a(pow.o)
 .rodata.a1.1   0x0000a498       0x88 C:/nxp/MCUXpressoIDE_24.12.148/ide/plugins/com.nxp.mcuxpresso.tools.win32_24.12.0.202407110909/tools/bin/../lib/gcc/arm-none-eabi/13.2.1/../../../../arm-none-eabi/lib/thumb/v8-m.main/nofp\libcr_c.a(pow.o)
 .rodata.GPS_updateData.str1.4
                0x0000a520      0x34e ./source/utils/GPS.o
                                  0x7 (size before relaxing)
 .rodata.parseGNGGA.str1.4
                0x0000a86e        0x2 ./source/utils/GPS.o
 .rodata.Logger_updateData.str1.4
                0x0000a86e       0x28 ./source/utils/Logger.o
 .rodata.SD_Writeln.str1.4
                0x0000a86e        0x5 ./source/utils/SD.o
 .rodata.Game_Memory.str1.4
                0x0000a86e       0x1b ./source/games/code_game.o
 .rodata.initGameControl.str1.4
                0x0000a86e        0xa ./source/games/game_control.o
 .rodata.checkGameStatus.str1.4
                0x0000a86e       0x1a ./source/games/game_control.o
 .rodata.initGPSLocationGame.str1.4
                0x0000a86e       0x4f ./source/games/gps_location.game.o
 .rodata.gpsLocationGame.str1.4
                0x0000a86e       0x28 ./source/games/gps_location.game.o
 .rodata.initGPSProximityGame.str1.4
                0x0000a86e       0x4f ./source/games/gps_proximity.game.o
 .rodata.gpsProximityGame.str1.4
                0x0000a86e       0x3c ./source/games/gps_proximity.game.o
 .rodata.Game_Unlock.str1.4
                0x0000a86e       0x2c ./source/games/pin_game.o
 .rodata.str1.4
                0x0000a86e      0x153 ./source/games/trivia_game.o
 .rodata.Game_Trivia.str1.4
                0x0000a86e       0x4f ./source/games/trivia_game.o
 .rodata.create_name.str1.4
                0x0000a86e        0xf ./source/fatFs/ff.o
 .rodata.check_fs.str1.4
                0x0000a86e        0x9 ./source/fatFs/ff.o
 .rodata.ftoa.str1.4
                0x0000a86e        0xb ./source/fatFs/ff.o
 *fill*         0x0000a86e        0x2 ff
 .rodata.row_pins
                0x0000a870        0x4 ./source/Keypad/keypad.o
                0x0000a870                row_pins
 .rodata.col_pins
                0x0000a874        0x4 ./source/Keypad/keypad.o
                0x0000a874                col_pins
 .rodata.keymap
                0x0000a878       0x10 ./source/Keypad/keypad.o
 .rodata        0x0000a888        0x2 ./source/Keypad/keypad.o
 .rodata.main.str1.4
                0x0000a88a       0x1c ./source/main.o
 .rodata.update_system.str1.4
                0x0000a88a       0x3a ./source/main.o
 *fill*         0x0000a88a        0x2 ff
 .rodata.__num_Ciob_streams
                0x0000a88c        0x4 C:/nxp/MCUXpressoIDE_24.12.148/ide/plugins/com.nxp.mcuxpresso.tools.win32_24.12.0.202407110909/tools/bin/../lib/gcc/arm-none-eabi/13.2.1/../../../../arm-none-eabi/lib/thumb/v8-m.main/nofp\libcr_semihost_nf.a(__ciob.o)
                0x0000a88c                __num_Ciob_streams
 .rodata._Csys_alloc.str1.1
                0x0000a890       0x87 C:/nxp/MCUXpressoIDE_24.12.148/ide/plugins/com.nxp.mcuxpresso.tools.win32_24.12.0.202407110909/tools/bin/../lib/gcc/arm-none-eabi/13.2.1/../../../../arm-none-eabi/lib/thumb/v8-m.main/nofp\libcr_c.a(alloc.o)
                                 0x18 (size before relaxing)
 .rodata.fp_display.str1.1
                0x0000a917       0x35 C:/nxp/MCUXpressoIDE_24.12.148/ide/plugins/com.nxp.mcuxpresso.tools.win32_24.12.0.202407110909/tools/bin/../lib/gcc/arm-none-eabi/13.2.1/../../../../arm-none-eabi/lib/thumb/v8-m.main/nofp\libcr_c.a(fpprintf.o)
 .rodata._initio.str1.1
                0x0000a917        0x4 C:/nxp/MCUXpressoIDE_24.12.148/ide/plugins/com.nxp.mcuxpresso.tools.win32_24.12.0.202407110909/tools/bin/../lib/gcc/arm-none-eabi/13.2.1/../../../../arm-none-eabi/lib/thumb/v8-m.main/nofp\libcr_c.a(initio.o)
 .rodata.__vfprintf.str1.1
                0x0000a917       0x38 C:/nxp/MCUXpressoIDE_24.12.148/ide/plugins/com.nxp.mcuxpresso.tools.win32_24.12.0.202407110909/tools/bin/../lib/gcc/arm-none-eabi/13.2.1/../../../../arm-none-eabi/lib/thumb/v8-m.main/nofp\libcr_c.a(printf.o)
 .rodata.strtod.str1.1
                0x0000a917        0x6 C:/nxp/MCUXpressoIDE_24.12.148/ide/plugins/com.nxp.mcuxpresso.tools.win32_24.12.0.202407110909/tools/bin/../lib/gcc/arm-none-eabi/13.2.1/../../../../arm-none-eabi/lib/thumb/v8-m.main/nofp\libcr_c.a(scanf.o)
 .rodata.__ctype
                0x0000a917      0x180 C:/nxp/MCUXpressoIDE_24.12.148/ide/plugins/com.nxp.mcuxpresso.tools.win32_24.12.0.202407110909/tools/bin/../lib/gcc/arm-none-eabi/13.2.1/../../../../arm-none-eabi/lib/thumb/v8-m.main/nofp\libcr_c.a(ctype.o)
                0x0000a917                __ctype
                0x0000aa98                        . = ALIGN (0x4)
 *fill*         0x0000aa97        0x1 ff

.glue_7         0x0000aa98        0x0
 .glue_7        0x0000aa98        0x0 linker stubs

.glue_7t        0x0000aa98        0x0
 .glue_7t       0x0000aa98        0x0 linker stubs

.vfp11_veneer   0x0000aa98        0x0
 .vfp11_veneer  0x0000aa98        0x0 linker stubs

.v4_bx          0x0000aa98        0x0
 .v4_bx         0x0000aa98        0x0 linker stubs

.iplt           0x0000aa98        0x0
 .iplt          0x0000aa98        0x0 ./startup/startup_mcxa153.o

.rel.dyn        0x0000aa98        0x0
 .rel.iplt      0x0000aa98        0x0 ./startup/startup_mcxa153.o

.ARM.extab
 *(SORT_BY_ALIGNMENT(.ARM.extab*) SORT_BY_ALIGNMENT(.gnu.linkonce.armextab.*))

.ARM.exidx      0x0000aa98        0x0
                0x0000aa98                        __exidx_start = .
 *(SORT_BY_ALIGNMENT(.ARM.exidx*) SORT_BY_ALIGNMENT(.gnu.linkonce.armexidx.*))
                0x0000aa98                        __exidx_end = .
                0x0000aa98                        _etext = .

.data_RAM2      0x04000000        0x0 load address 0x0000aa98
 FILL mask 0xff
                [!provide]                        PROVIDE (__start_data_RAM2 = .)
                [!provide]                        PROVIDE (__start_data_SRAMX0 = .)
 *(SORT_BY_ALIGNMENT(.ramfunc.$RAM2))
 *(SORT_BY_ALIGNMENT(.ramfunc.$SRAMX0))
 *(SORT_BY_ALIGNMENT(.data.$RAM2))
 *(SORT_BY_ALIGNMENT(.data.$SRAMX0))
 *(SORT_BY_ALIGNMENT(.data.$RAM2.*))
 *(SORT_BY_ALIGNMENT(.data.$SRAMX0.*))
                0x04000000                        . = ALIGN (0x4)
                [!provide]                        PROVIDE (__end_data_RAM2 = .)
                [!provide]                        PROVIDE (__end_data_SRAMX0 = .)

.data_RAM3      0x04002000        0x0 load address 0x0000aa98
 FILL mask 0xff
                [!provide]                        PROVIDE (__start_data_RAM3 = .)
                [!provide]                        PROVIDE (__start_data_SRAMX1 = .)
 *(SORT_BY_ALIGNMENT(.ramfunc.$RAM3))
 *(SORT_BY_ALIGNMENT(.ramfunc.$SRAMX1))
 *(SORT_BY_ALIGNMENT(.data.$RAM3))
 *(SORT_BY_ALIGNMENT(.data.$SRAMX1))
 *(SORT_BY_ALIGNMENT(.data.$RAM3.*))
 *(SORT_BY_ALIGNMENT(.data.$SRAMX1.*))
                0x04002000                        . = ALIGN (0x4)
                [!provide]                        PROVIDE (__end_data_RAM3 = .)
                [!provide]                        PROVIDE (__end_data_SRAMX1 = .)

.uninit_RESERVED
                0x20000000        0x0
                0x20000000                        _start_uninit_RESERVED = .
 *(SORT_BY_ALIGNMENT(.bss.$RESERVED*))
                0x20000000                        . = ALIGN (0x4)
                0x20000000                        _end_uninit_RESERVED = .

.data           0x20000000      0x174 load address 0x0000aa98
 FILL mask 0xff
                0x20000000                        _data = .
                [!provide]                        PROVIDE (__start_data_RAM = .)
                [!provide]                        PROVIDE (__start_data_SRAM = .)
 *(SORT_BY_ALIGNMENT(vtable))
 *(SORT_BY_ALIGNMENT(.ramfunc*))
 *(SORT_BY_ALIGNMENT(CodeQuickAccess))
 *(SORT_BY_ALIGNMENT(DataQuickAccess))
 *(SORT_BY_ALIGNMENT(RamFunction))
 *(SORT_BY_ALIGNMENT(.data*))
 .data.noFixLoops
                0x20000000        0x4 ./source/utils/GPS.o
                0x20000000                noFixLoops
 .data.question_pool
                0x20000004       0x78 ./source/games/trivia_game.o
 .data.qIndex.4
                0x2000007c        0x4 ./source/games/trivia_game.o
 .data.lives.3  0x20000080        0x4 ./source/games/trivia_game.o
 .data.neginf.0
                0x20000084        0x4 C:/nxp/MCUXpressoIDE_24.12.148/ide/plugins/com.nxp.mcuxpresso.tools.win32_24.12.0.202407110909/tools/bin/../lib/gcc/arm-none-eabi/13.2.1/../../../../arm-none-eabi/lib/thumb/v8-m.main/nofp\libcr_c.a(scanf.o)
 .data.posinf.1
                0x20000088        0x4 C:/nxp/MCUXpressoIDE_24.12.148/ide/plugins/com.nxp.mcuxpresso.tools.win32_24.12.0.202407110909/tools/bin/../lib/gcc/arm-none-eabi/13.2.1/../../../../arm-none-eabi/lib/thumb/v8-m.main/nofp\libcr_c.a(scanf.o)
 .data._random_k
                0x2000008c        0x4 C:/nxp/MCUXpressoIDE_24.12.148/ide/plugins/com.nxp.mcuxpresso.tools.win32_24.12.0.202407110909/tools/bin/../lib/gcc/arm-none-eabi/13.2.1/../../../../arm-none-eabi/lib/thumb/v8-m.main/nofp\libcr_c.a(stdlib.o)
 .data._random_j
                0x20000090        0x4 C:/nxp/MCUXpressoIDE_24.12.148/ide/plugins/com.nxp.mcuxpresso.tools.win32_24.12.0.202407110909/tools/bin/../lib/gcc/arm-none-eabi/13.2.1/../../../../arm-none-eabi/lib/thumb/v8-m.main/nofp\libcr_c.a(stdlib.o)
 .data._random_number_seed
                0x20000094       0xdc C:/nxp/MCUXpressoIDE_24.12.148/ide/plugins/com.nxp.mcuxpresso.tools.win32_24.12.0.202407110909/tools/bin/../lib/gcc/arm-none-eabi/13.2.1/../../../../arm-none-eabi/lib/thumb/v8-m.main/nofp\libcr_c.a(stdlib.o)
 .data.init.3   0x20000170        0x1 ./source/games/pin_game.o
 .data.Stat     0x20000171        0x1 ./source/fatFs/sdmm.o
                0x20000174                        . = ALIGN (0x4)
 *fill*         0x20000172        0x2 ff
                0x20000174                        _edata = .
                [!provide]                        PROVIDE (__end_data_RAM = .)
                [!provide]                        PROVIDE (__end_data_SRAM = .)

.igot.plt       0x20000174        0x0 load address 0x0000ac0c
 .igot.plt      0x20000174        0x0 ./startup/startup_mcxa153.o

.bss_RAM2       0x04000000        0x0
                [!provide]                        PROVIDE (__start_bss_RAM2 = .)
                [!provide]                        PROVIDE (__start_bss_SRAMX0 = .)
 *(SORT_BY_ALIGNMENT(.bss.$RAM2))
 *(SORT_BY_ALIGNMENT(.bss.$SRAMX0))
 *(SORT_BY_ALIGNMENT(.bss.$RAM2.*))
 *(SORT_BY_ALIGNMENT(.bss.$SRAMX0.*))
                0x04000000                        . = ALIGN ((. != 0x0)?0x4:0x1)
                [!provide]                        PROVIDE (__end_bss_RAM2 = .)
                [!provide]                        PROVIDE (__end_bss_SRAMX0 = .)

.bss_RAM3       0x04002000        0x0
                [!provide]                        PROVIDE (__start_bss_RAM3 = .)
                [!provide]                        PROVIDE (__start_bss_SRAMX1 = .)
 *(SORT_BY_ALIGNMENT(.bss.$RAM3))
 *(SORT_BY_ALIGNMENT(.bss.$SRAMX1))
 *(SORT_BY_ALIGNMENT(.bss.$RAM3.*))
 *(SORT_BY_ALIGNMENT(.bss.$SRAMX1.*))
                0x04002000                        . = ALIGN ((. != 0x0)?0x4:0x1)
                [!provide]                        PROVIDE (__end_bss_RAM3 = .)
                [!provide]                        PROVIDE (__end_bss_SRAMX1 = .)

.bss            0x20000178      0xc24
                0x20000178                        _bss = .
                [!provide]                        PROVIDE (__start_bss_RAM = .)
                [!provide]                        PROVIDE (__start_bss_SRAM = .)
 *(SORT_BY_ALIGNMENT(.bss*))
 .bss.currentLocation
                0x20000178       0x18 ./source/utils/GPS.o
                0x20000178                currentLocation
 .bss.targetLocation
                0x20000190       0x18 ./source/utils/GPS.o
                0x20000190                targetLocation
 .bss.directions
                0x200001a8       0x18 ./source/utils/GPS.o
                0x200001a8                directions
 .bss.connectionQuality
                0x200001c0       0x18 ./source/utils/GPS.o
                0x200001c0                connectionQuality
 .bss.locationGameProps
                0x200001d8       0x18 ./source/games/gps_location.game.o
                0x200001d8                locationGameProps
 .bss.proximityGameProps
                0x200001f0       0x18 ./source/games/gps_proximity.game.o
                0x200001f0                proximityGameProps
 .bss.buffer    0x20000208       0x64 ./source/utils/GPS.o
                0x20000208                buffer
 .bss.file      0x2000026c       0x28 ./source/utils/SD.o
                0x2000026c                file
 .bss.bw        0x20000294        0x4 ./source/utils/SD.o
                0x20000294                bw
 .bss.br        0x20000298        0x4 ./source/utils/SD.o
                0x20000298                br
 .bss.tx        0x2000029c       0x18 ./source/lcdDriver/lpi2c0_controller_interrupt.o
 .bss.rx        0x200002b4       0x18 ./source/lcdDriver/lpi2c0_controller_interrupt.o
 .bss.tx_buffer
                0x200002cc       0x40 ./source/lcdDriver/lpi2c0_controller_interrupt.o
 .bss.rx_buffer
                0x2000030c       0x40 ./source/lcdDriver/lpi2c0_controller_interrupt.o
 .bss.gameControl
                0x2000034c        0x3 ./source/games/game_control.o
                0x2000034c                gameControl
 *fill*         0x2000034f        0x1 
 .bss.pin.2     0x20000350        0x5 ./source/games/pin_game.o
 *fill*         0x20000355        0x3 
 .bss.stars.1   0x20000358        0x5 ./source/games/pin_game.o
 *fill*         0x2000035d        0x3 
 .bss.index.0   0x20000360        0x4 ./source/games/pin_game.o
 .bss.correct.2
                0x20000364        0x4 ./source/games/trivia_game.o
 .bss.FatFs     0x20000368        0x4 ./source/fatFs/ff.o
 .bss.tx        0x2000036c       0x18 ./source/lpuart0_interrupt.o
 .bss.rx        0x20000384       0x18 ./source/lpuart0_interrupt.o
 .bss.tx_buffer
                0x2000039c       0x80 ./source/lpuart0_interrupt.o
 .bss.rx_buffer
                0x2000041c       0x80 ./source/lpuart0_interrupt.o
 .bss.tx        0x2000049c       0x18 ./source/lpuart2_interrupt.o
 .bss.rx        0x200004b4       0x18 ./source/lpuart2_interrupt.o
 .bss.tx_buffer
                0x200004cc      0x400 ./source/lpuart2_interrupt.o
 .bss.rx_buffer
                0x200008cc      0x400 ./source/lpuart2_interrupt.o
 .bss.ms        0x20000ccc        0x4 ./source/main.o
                0x20000ccc                ms
 .bss.__Ciob    0x20000cd0       0xb4 C:/nxp/MCUXpressoIDE_24.12.148/ide/plugins/com.nxp.mcuxpresso.tools.win32_24.12.0.202407110909/tools/bin/../lib/gcc/arm-none-eabi/13.2.1/../../../../arm-none-eabi/lib/thumb/v8-m.main/nofp\libcr_semihost_nf.a(__ciob.o)
                0x20000cd0                __Ciob
 .bss.__end_of_heap
                0x20000d84        0x4 C:/nxp/MCUXpressoIDE_24.12.148/ide/plugins/com.nxp.mcuxpresso.tools.win32_24.12.0.202407110909/tools/bin/../lib/gcc/arm-none-eabi/13.2.1/../../../../arm-none-eabi/lib/thumb/v8-m.main/nofp\libcr_c.a(__init_alloc.o)
                0x20000d84                __end_of_heap
 .bss.__heaps   0x20000d88        0x4 C:/nxp/MCUXpressoIDE_24.12.148/ide/plugins/com.nxp.mcuxpresso.tools.win32_24.12.0.202407110909/tools/bin/../lib/gcc/arm-none-eabi/13.2.1/../../../../arm-none-eabi/lib/thumb/v8-m.main/nofp\libcr_c.a(__init_alloc.o)
                0x20000d88                __heaps
 .bss.errno     0x20000d8c        0x4 C:/nxp/MCUXpressoIDE_24.12.148/ide/plugins/com.nxp.mcuxpresso.tools.win32_24.12.0.202407110909/tools/bin/../lib/gcc/arm-none-eabi/13.2.1/../../../../arm-none-eabi/lib/thumb/v8-m.main/nofp\libcr_c.a(errno.o)
                0x20000d8c                errno
 .bss.secret_code
                0x20000d90        0x2 ./source/games/code_game.o
 .bss.Fsid      0x20000d92        0x2 ./source/fatFs/ff.o
 .bss.secret_code
                0x20000d94        0x2 ./source/main.o
                0x20000d94                secret_code
 .bss.fr        0x20000d96        0x1 ./source/utils/SD.o
                0x20000d96                fr
 .bss.code_shown
                0x20000d97        0x1 ./source/games/code_game.o
 .bss.showingFeedback.1
                0x20000d98        0x1 ./source/games/trivia_game.o
 .bss.lastAnswer.0
                0x20000d99        0x1 ./source/games/trivia_game.o
 .bss.CurrVol   0x20000d9a        0x1 ./source/fatFs/ff.o
 .bss.CardType  0x20000d9b        0x1 ./source/fatFs/sdmm.o
 *(SORT_BY_ALIGNMENT(COMMON))
                0x20000d9c                        . = ALIGN (0x4)
                0x20000d9c                        _ebss = .
                [!provide]                        PROVIDE (__end_bss_RAM = .)
                [!provide]                        PROVIDE (__end_bss_SRAM = .)
                [!provide]                        PROVIDE (end = .)

.noinit_RAM2    0x04000000        0x0
                [!provide]                        PROVIDE (__start_noinit_RAM2 = .)
                [!provide]                        PROVIDE (__start_noinit_SRAMX0 = .)
 *(SORT_BY_ALIGNMENT(.noinit.$RAM2))
 *(SORT_BY_ALIGNMENT(.noinit.$SRAMX0))
 *(SORT_BY_ALIGNMENT(.noinit.$RAM2.*))
 *(SORT_BY_ALIGNMENT(.noinit.$SRAMX0.*))
                0x04000000                        . = ALIGN (0x4)
                [!provide]                        PROVIDE (__end_noinit_RAM2 = .)
                [!provide]                        PROVIDE (__end_noinit_SRAMX0 = .)

.noinit_RAM3    0x04002000        0x0
                [!provide]                        PROVIDE (__start_noinit_RAM3 = .)
                [!provide]                        PROVIDE (__start_noinit_SRAMX1 = .)
 *(SORT_BY_ALIGNMENT(.noinit.$RAM3))
 *(SORT_BY_ALIGNMENT(.noinit.$SRAMX1))
 *(SORT_BY_ALIGNMENT(.noinit.$RAM3.*))
 *(SORT_BY_ALIGNMENT(.noinit.$SRAMX1.*))
                0x04002000                        . = ALIGN (0x4)
                [!provide]                        PROVIDE (__end_noinit_RAM3 = .)
                [!provide]                        PROVIDE (__end_noinit_SRAMX1 = .)

.noinit         0x20000d9c        0x0
                0x20000d9c                        _noinit = .
                [!provide]                        PROVIDE (__start_noinit_RAM = .)
                [!provide]                        PROVIDE (__start_noinit_SRAM = .)
 *(SORT_BY_ALIGNMENT(.noinit*))
                0x20000d9c                        . = ALIGN (0x4)
                0x20000d9c                        _end_noinit = .
                [!provide]                        PROVIDE (__end_noinit_RAM = .)
                [!provide]                        PROVIDE (__end_noinit_SRAM = .)
                0x00000600                        _HeapSize = 0x600

.heap           0x20000d9c      0x600
                0x20000d9c                        _pvHeapStart = .
                0x2000139c                        . = (. + _HeapSize)
 *fill*         0x20000d9c      0x600 
                0x2000139c                        . = ALIGN (0x4)
                0x2000139c                        _pvHeapLimit = .
                0x00000600                        _StackSize = 0x600

.heap2stackfill
                0x2000139c      0x600
                0x2000199c                        . = (. + _StackSize)
 *fill*         0x2000139c      0x600 

.stack          0x20005a00        0x0
                0x20005a00                        _vStackBase = .
                0x20005a00                        . = ALIGN (0x4)
                0x20006000                        _vStackTop = (. + _StackSize)
                0x00000000                        _image_start = LOADADDR (.text)
                0x0000ac0c                        _image_end = (LOADADDR (.data) + SIZEOF (.data))
                0x0000ac0c                        _image_size = (_image_end - _image_start)
OUTPUT(project.axf elf32-littlearm)
LOAD linker stubs

.debug_info     0x00000000    0x1855c
 .debug_info    0x00000000      0xb86 ./startup/startup_mcxa153.o
 .debug_info    0x00000b86      0x654 ./source/utils/GPS.o
 .debug_info    0x000011da      0x1f5 ./source/utils/Logger.o
 .debug_info    0x000013cf      0x617 ./source/utils/SD.o
 .debug_info    0x000019e6       0xbd ./source/utils/delay.o
 .debug_info    0x00001aa3      0x6df ./source/lcdDriver/lcd.o
 .debug_info    0x00002182     0x11a6 ./source/lcdDriver/lpi2c0_controller_interrupt.o
 .debug_info    0x00003328      0x2a4 ./source/games/code_game.o
 .debug_info    0x000035cc      0x1f2 ./source/games/game_control.o
 .debug_info    0x000037be      0x429 ./source/games/gps_location.game.o
 .debug_info    0x00003be7      0x438 ./source/games/gps_proximity.game.o
 .debug_info    0x0000401f      0x2fb ./source/games/pin_game.o
 .debug_info    0x0000431a      0x745 ./source/games/trivia_game.o
 .debug_info    0x00004a5f     0x21d6 ./source/fatFs/ff.o
 .debug_info    0x00006c35      0xbdc ./source/fatFs/sdmm.o
 .debug_info    0x00007811      0x2b2 ./source/Keypad/fsl_gpio.o
 .debug_info    0x00007ac3      0x1dc ./source/Keypad/fsl_reset.o
 .debug_info    0x00007c9f     0x1344 ./source/Keypad/keypad.o
 .debug_info    0x00008fe3      0x2dc ./source/fifo.o
 .debug_info    0x000092bf      0x670 ./source/gpio_output.o
 .debug_info    0x0000992f      0xf5b ./source/lpuart0_interrupt.o
 .debug_info    0x0000a88a      0xf5c ./source/lpuart2_interrupt.o
 .debug_info    0x0000b7e6      0xec1 ./source/main.o
 .debug_info    0x0000c6a7      0x128 ./source/retarget.o
 .debug_info    0x0000c7cf       0x3c ./source/semihost_hardfault.o
 .debug_info    0x0000c80b      0xc6a ./device/system_MCXA153.o
 .debug_info    0x0000d475       0x85 C:/nxp/MCUXpressoIDE_24.12.148/ide/plugins/com.nxp.mcuxpresso.tools.win32_24.12.0.202407110909/tools/bin/../lib/gcc/arm-none-eabi/13.2.1/../../../../arm-none-eabi/lib/thumb/v8-m.main/nofp\libcr_semihost_nf.a(_cr__main.o)
 .debug_info    0x0000d4fa      0x18b C:/nxp/MCUXpressoIDE_24.12.148/ide/plugins/com.nxp.mcuxpresso.tools.win32_24.12.0.202407110909/tools/bin/../lib/gcc/arm-none-eabi/13.2.1/../../../../arm-none-eabi/lib/thumb/v8-m.main/nofp\libcr_semihost_nf.a(__ciob.o)
 .debug_info    0x0000d685      0x12b C:/nxp/MCUXpressoIDE_24.12.148/ide/plugins/com.nxp.mcuxpresso.tools.win32_24.12.0.202407110909/tools/bin/../lib/gcc/arm-none-eabi/13.2.1/../../../../arm-none-eabi/lib/thumb/v8-m.main/nofp\libcr_c.a(memcpy.o)
 .debug_info    0x0000d7b0       0xfc C:/nxp/MCUXpressoIDE_24.12.148/ide/plugins/com.nxp.mcuxpresso.tools.win32_24.12.0.202407110909/tools/bin/../lib/gcc/arm-none-eabi/13.2.1/../../../../arm-none-eabi/lib/thumb/v8-m.main/nofp\libcr_c.a(memset.o)
 .debug_info    0x0000d8ac      0x369 C:/nxp/MCUXpressoIDE_24.12.148/ide/plugins/com.nxp.mcuxpresso.tools.win32_24.12.0.202407110909/tools/bin/../lib/gcc/arm-none-eabi/13.2.1/../../../../arm-none-eabi/lib/thumb/v8-m.main/nofp\libcr_c.a(_deferredlazyseek.o)
 .debug_info    0x0000dc15      0x1e3 C:/nxp/MCUXpressoIDE_24.12.148/ide/plugins/com.nxp.mcuxpresso.tools.win32_24.12.0.202407110909/tools/bin/../lib/gcc/arm-none-eabi/13.2.1/../../../../arm-none-eabi/lib/thumb/v8-m.main/nofp\libcr_c.a(_fflush.o)
 .debug_info    0x0000ddf8      0x289 C:/nxp/MCUXpressoIDE_24.12.148/ide/plugins/com.nxp.mcuxpresso.tools.win32_24.12.0.202407110909/tools/bin/../lib/gcc/arm-none-eabi/13.2.1/../../../../arm-none-eabi/lib/thumb/v8-m.main/nofp\libcr_c.a(_writebuf.o)
 .debug_info    0x0000e081      0x520 C:/nxp/MCUXpressoIDE_24.12.148/ide/plugins/com.nxp.mcuxpresso.tools.win32_24.12.0.202407110909/tools/bin/../lib/gcc/arm-none-eabi/13.2.1/../../../../arm-none-eabi/lib/thumb/v8-m.main/nofp\libcr_c.a(alloc.o)
 .debug_info    0x0000e5a1       0xe2 C:/nxp/MCUXpressoIDE_24.12.148/ide/plugins/com.nxp.mcuxpresso.tools.win32_24.12.0.202407110909/tools/bin/../lib/gcc/arm-none-eabi/13.2.1/../../../../arm-none-eabi/lib/thumb/v8-m.main/nofp\libcr_c.a(cos.o)
 .debug_info    0x0000e683       0x8f C:/nxp/MCUXpressoIDE_24.12.148/ide/plugins/com.nxp.mcuxpresso.tools.win32_24.12.0.202407110909/tools/bin/../lib/gcc/arm-none-eabi/13.2.1/../../../../arm-none-eabi/lib/thumb/v8-m.main/nofp\libcr_c.a(fabs.o)
 .debug_info    0x0000e712     0x1569 C:/nxp/MCUXpressoIDE_24.12.148/ide/plugins/com.nxp.mcuxpresso.tools.win32_24.12.0.202407110909/tools/bin/../lib/gcc/arm-none-eabi/13.2.1/../../../../arm-none-eabi/lib/thumb/v8-m.main/nofp\libcr_c.a(fpprintf.o)
 .debug_info    0x0000fc7b      0x276 C:/nxp/MCUXpressoIDE_24.12.148/ide/plugins/com.nxp.mcuxpresso.tools.win32_24.12.0.202407110909/tools/bin/../lib/gcc/arm-none-eabi/13.2.1/../../../../arm-none-eabi/lib/thumb/v8-m.main/nofp\libcr_c.a(fseek.o)
 .debug_info    0x0000fef1      0x197 C:/nxp/MCUXpressoIDE_24.12.148/ide/plugins/com.nxp.mcuxpresso.tools.win32_24.12.0.202407110909/tools/bin/../lib/gcc/arm-none-eabi/13.2.1/../../../../arm-none-eabi/lib/thumb/v8-m.main/nofp\libcr_c.a(ftell.o)
 .debug_info    0x00010088      0x339 C:/nxp/MCUXpressoIDE_24.12.148/ide/plugins/com.nxp.mcuxpresso.tools.win32_24.12.0.202407110909/tools/bin/../lib/gcc/arm-none-eabi/13.2.1/../../../../arm-none-eabi/lib/thumb/v8-m.main/nofp\libcr_c.a(initio.o)
 .debug_info    0x000103c1      0x115 C:/nxp/MCUXpressoIDE_24.12.148/ide/plugins/com.nxp.mcuxpresso.tools.win32_24.12.0.202407110909/tools/bin/../lib/gcc/arm-none-eabi/13.2.1/../../../../arm-none-eabi/lib/thumb/v8-m.main/nofp\libcr_c.a(memcmp.o)
 .debug_info    0x000104d6      0x617 C:/nxp/MCUXpressoIDE_24.12.148/ide/plugins/com.nxp.mcuxpresso.tools.win32_24.12.0.202407110909/tools/bin/../lib/gcc/arm-none-eabi/13.2.1/../../../../arm-none-eabi/lib/thumb/v8-m.main/nofp\libcr_c.a(pow.o)
 .debug_info    0x00010aed     0x1280 C:/nxp/MCUXpressoIDE_24.12.148/ide/plugins/com.nxp.mcuxpresso.tools.win32_24.12.0.202407110909/tools/bin/../lib/gcc/arm-none-eabi/13.2.1/../../../../arm-none-eabi/lib/thumb/v8-m.main/nofp\libcr_c.a(printf.o)
 .debug_info    0x00011d6d     0x19dd C:/nxp/MCUXpressoIDE_24.12.148/ide/plugins/com.nxp.mcuxpresso.tools.win32_24.12.0.202407110909/tools/bin/../lib/gcc/arm-none-eabi/13.2.1/../../../../arm-none-eabi/lib/thumb/v8-m.main/nofp\libcr_c.a(scanf.o)
 .debug_info    0x0001374a      0x1fd C:/nxp/MCUXpressoIDE_24.12.148/ide/plugins/com.nxp.mcuxpresso.tools.win32_24.12.0.202407110909/tools/bin/../lib/gcc/arm-none-eabi/13.2.1/../../../../arm-none-eabi/lib/thumb/v8-m.main/nofp\libcr_c.a(setvbuf.o)
 .debug_info    0x00013947      0x203 C:/nxp/MCUXpressoIDE_24.12.148/ide/plugins/com.nxp.mcuxpresso.tools.win32_24.12.0.202407110909/tools/bin/../lib/gcc/arm-none-eabi/13.2.1/../../../../arm-none-eabi/lib/thumb/v8-m.main/nofp\libcr_c.a(sqrt.o)
 .debug_info    0x00013b4a      0x4bb C:/nxp/MCUXpressoIDE_24.12.148/ide/plugins/com.nxp.mcuxpresso.tools.win32_24.12.0.202407110909/tools/bin/../lib/gcc/arm-none-eabi/13.2.1/../../../../arm-none-eabi/lib/thumb/v8-m.main/nofp\libcr_c.a(stdlib.o)
 .debug_info    0x00014005       0xa8 C:/nxp/MCUXpressoIDE_24.12.148/ide/plugins/com.nxp.mcuxpresso.tools.win32_24.12.0.202407110909/tools/bin/../lib/gcc/arm-none-eabi/13.2.1/../../../../arm-none-eabi/lib/thumb/v8-m.main/nofp\libcr_c.a(strchr.o)
 .debug_info    0x000140ad       0xfe C:/nxp/MCUXpressoIDE_24.12.148/ide/plugins/com.nxp.mcuxpresso.tools.win32_24.12.0.202407110909/tools/bin/../lib/gcc/arm-none-eabi/13.2.1/../../../../arm-none-eabi/lib/thumb/v8-m.main/nofp\libcr_c.a(strcmp.o)
 .debug_info    0x000141ab       0xe0 C:/nxp/MCUXpressoIDE_24.12.148/ide/plugins/com.nxp.mcuxpresso.tools.win32_24.12.0.202407110909/tools/bin/../lib/gcc/arm-none-eabi/13.2.1/../../../../arm-none-eabi/lib/thumb/v8-m.main/nofp\libcr_c.a(strcspn.o)
 .debug_info    0x0001428b       0xe1 C:/nxp/MCUXpressoIDE_24.12.148/ide/plugins/com.nxp.mcuxpresso.tools.win32_24.12.0.202407110909/tools/bin/../lib/gcc/arm-none-eabi/13.2.1/../../../../arm-none-eabi/lib/thumb/v8-m.main/nofp\libcr_c.a(strlen.o)
 .debug_info    0x0001436c       0xca C:/nxp/MCUXpressoIDE_24.12.148/ide/plugins/com.nxp.mcuxpresso.tools.win32_24.12.0.202407110909/tools/bin/../lib/gcc/arm-none-eabi/13.2.1/../../../../arm-none-eabi/lib/thumb/v8-m.main/nofp\libcr_c.a(strncat.o)
 .debug_info    0x00014436      0x11c C:/nxp/MCUXpressoIDE_24.12.148/ide/plugins/com.nxp.mcuxpresso.tools.win32_24.12.0.202407110909/tools/bin/../lib/gcc/arm-none-eabi/13.2.1/../../../../arm-none-eabi/lib/thumb/v8-m.main/nofp\libcr_c.a(strncmp.o)
 .debug_info    0x00014552      0x192 C:/nxp/MCUXpressoIDE_24.12.148/ide/plugins/com.nxp.mcuxpresso.tools.win32_24.12.0.202407110909/tools/bin/../lib/gcc/arm-none-eabi/13.2.1/../../../../arm-none-eabi/lib/thumb/v8-m.main/nofp\libcr_c.a(ungetc.o)
 .debug_info    0x000146e4      0x46d C:/nxp/MCUXpressoIDE_24.12.148/ide/plugins/com.nxp.mcuxpresso.tools.win32_24.12.0.202407110909/tools/bin/../lib/gcc/arm-none-eabi/13.2.1/../../../../arm-none-eabi/lib/thumb/v8-m.main/nofp\libcr_c.a(__fillbuf.o)
 .debug_info    0x00014b51       0xd4 C:/nxp/MCUXpressoIDE_24.12.148/ide/plugins/com.nxp.mcuxpresso.tools.win32_24.12.0.202407110909/tools/bin/../lib/gcc/arm-none-eabi/13.2.1/../../../../arm-none-eabi/lib/thumb/v8-m.main/nofp\libcr_c.a(__init_alloc.o)
 .debug_info    0x00014c25      0x107 C:/nxp/MCUXpressoIDE_24.12.148/ide/plugins/com.nxp.mcuxpresso.tools.win32_24.12.0.202407110909/tools/bin/../lib/gcc/arm-none-eabi/13.2.1/../../../../arm-none-eabi/lib/thumb/v8-m.main/nofp\libcr_c.a(_cr_sbrk.o)
 .debug_info    0x00014d2c      0x24b C:/nxp/MCUXpressoIDE_24.12.148/ide/plugins/com.nxp.mcuxpresso.tools.win32_24.12.0.202407110909/tools/bin/../lib/gcc/arm-none-eabi/13.2.1/../../../../arm-none-eabi/lib/thumb/v8-m.main/nofp\libcr_c.a(_fdopen.o)
 .debug_info    0x00014f77      0x15e C:/nxp/MCUXpressoIDE_24.12.148/ide/plugins/com.nxp.mcuxpresso.tools.win32_24.12.0.202407110909/tools/bin/../lib/gcc/arm-none-eabi/13.2.1/../../../../arm-none-eabi/lib/thumb/v8-m.main/nofp\libcr_c.a(_frexpl.o)
 .debug_info    0x000150d5      0x146 C:/nxp/MCUXpressoIDE_24.12.148/ide/plugins/com.nxp.mcuxpresso.tools.win32_24.12.0.202407110909/tools/bin/../lib/gcc/arm-none-eabi/13.2.1/../../../../arm-none-eabi/lib/thumb/v8-m.main/nofp\libcr_c.a(_ldexpl.o)