Archive member included to satisfy reference by file (symbol)

C:/nxp/MCUXpressoIDE_24.12.148/ide/plugins/com.nxp.mcuxpresso.tools.win32_24.12.0.202407110909/tools/bin/../lib/gcc/arm-none-eabi/13.2.1/../../../../arm-none-eabi/lib/thumb/v8-m.main/nofp\libcr_semihost_nf.a(_cr__main.o)
                              ./startup/startup_mcxa153.o (__main)
C:/nxp/MCUXpressoIDE_24.12.148/ide/plugins/com.nxp.mcuxpresso.tools.win32_24.12.0.202407110909/tools/bin/../lib/gcc/arm-none-eabi/13.2.1/../../../../arm-none-eabi/lib/thumb/v8-m.main/nofp\libcr_semihost_nf.a(_cr_assert.o)
                              ./source/Keypad/fsl_common_arm.o (__assertion_failed)
C:/nxp/MCUXpressoIDE_24.12.148/ide/plugins/com.nxp.mcuxpresso.tools.win32_24.12.0.202407110909/tools/bin/../lib/gcc/arm-none-eabi/13.2.1/../../../../arm-none-eabi/lib/thumb/v8-m.main/nofp\libcr_semihost_nf.a(__ciob.o)
                              C:/nxp/MCUXpressoIDE_24.12.148/ide/plugins/com.nxp.mcuxpresso.tools.win32_24.12.0.202407110909/tools/bin/../lib/gcc/arm-none-eabi/13.2.1/../../../../arm-none-eabi/lib/thumb/v8-m.main/nofp\libcr_semihost_nf.a(_cr_assert.o) (__Ciob)
C:/nxp/MCUXpressoIDE_24.12.148/ide/plugins/com.nxp.mcuxpresso.tools.win32_24.12.0.202407110909/tools/bin/../lib/gcc/arm-none-eabi/13.2.1/../../../../arm-none-eabi/lib/thumb/v8-m.main/nofp\libcr_semihost_nf.a(__sys_appexit.o)
                              C:/nxp/MCUXpressoIDE_24.12.148/ide/plugins/com.nxp.mcuxpresso.tools.win32_24.12.0.202407110909/tools/bin/../lib/gcc/arm-none-eabi/13.2.1/../../../../arm-none-eabi/lib/thumb/v8-m.main/nofp\libcr_semihost_nf.a(_cr_assert.o) (__sys_appexit)
C:/nxp/MCUXpressoIDE_24.12.148/ide/plugins/com.nxp.mcuxpresso.tools.win32_24.12.0.202407110909/tools/bin/../lib/gcc/arm-none-eabi/13.2.1/../../../../arm-none-eabi/lib/thumb/v8-m.main/nofp\libcr_c.a(memcpy.o)
                              ./source/fatFs/ff.o (memcpy)
C:/nxp/MCUXpressoIDE_24.12.148/ide/plugins/com.nxp.mcuxpresso.tools.win32_24.12.0.202407110909/tools/bin/../lib/gcc/arm-none-eabi/13.2.1/../../../../arm-none-eabi/lib/thumb/v8-m.main/nofp\libcr_c.a(memset.o)
                              ./source/games/pin_game.o (memset)
C:/nxp/MCUXpressoIDE_24.12.148/ide/plugins/com.nxp.mcuxpresso.tools.win32_24.12.0.202407110909/tools/bin/../lib/gcc/arm-none-eabi/13.2.1/../../../../arm-none-eabi/lib/thumb/v8-m.main/nofp\libcr_c.a(_deferredlazyseek.o)
                              C:/nxp/MCUXpressoIDE_24.12.148/ide/plugins/com.nxp.mcuxpresso.tools.win32_24.12.0.202407110909/tools/bin/../lib/gcc/arm-none-eabi/13.2.1/../../../../arm-none-eabi/lib/thumb/v8-m.main/nofp\libcr_semihost_nf.a(_cr_assert.o) (__flsbuf)
C:/nxp/MCUXpressoIDE_24.12.148/ide/plugins/com.nxp.mcuxpresso.tools.win32_24.12.0.202407110909/tools/bin/../lib/gcc/arm-none-eabi/13.2.1/../../../../arm-none-eabi/lib/thumb/v8-m.main/nofp\libcr_c.a(_fflush.o)
                              C:/nxp/MCUXpressoIDE_24.12.148/ide/plugins/com.nxp.mcuxpresso.tools.win32_24.12.0.202407110909/tools/bin/../lib/gcc/arm-none-eabi/13.2.1/../../../../arm-none-eabi/lib/thumb/v8-m.main/nofp\libcr_c.a(_deferredlazyseek.o) (_fflush)
C:/nxp/MCUXpressoIDE_24.12.148/ide/plugins/com.nxp.mcuxpresso.tools.win32_24.12.0.202407110909/tools/bin/../lib/gcc/arm-none-eabi/13.2.1/../../../../arm-none-eabi/lib/thumb/v8-m.main/nofp\libcr_c.a(_writebuf.o)
                              C:/nxp/MCUXpressoIDE_24.12.148/ide/plugins/com.nxp.mcuxpresso.tools.win32_24.12.0.202407110909/tools/bin/../lib/gcc/arm-none-eabi/13.2.1/../../../../arm-none-eabi/lib/thumb/v8-m.main/nofp\libcr_c.a(_deferredlazyseek.o) (_Cwritebuf)
C:/nxp/MCUXpressoIDE_24.12.148/ide/plugins/com.nxp.mcuxpresso.tools.win32_24.12.0.202407110909/tools/bin/../lib/gcc/arm-none-eabi/13.2.1/../../../../arm-none-eabi/lib/thumb/v8-m.main/nofp\libcr_c.a(alloc.o)
                              ./source/Keypad/fsl_common.o (malloc)
C:/nxp/MCUXpressoIDE_24.12.148/ide/plugins/com.nxp.mcuxpresso.tools.win32_24.12.0.202407110909/tools/bin/../lib/gcc/arm-none-eabi/13.2.1/../../../../arm-none-eabi/lib/thumb/v8-m.main/nofp\libcr_c.a(cos.o)
                              ./source/utils/GPS.o (cos)
C:/nxp/MCUXpressoIDE_24.12.148/ide/plugins/com.nxp.mcuxpresso.tools.win32_24.12.0.202407110909/tools/bin/../lib/gcc/arm-none-eabi/13.2.1/../../../../arm-none-eabi/lib/thumb/v8-m.main/nofp\libcr_c.a(fabs.o)
                              ./source/utils/GPS.o (fabs)
C:/nxp/MCUXpressoIDE_24.12.148/ide/plugins/com.nxp.mcuxpresso.tools.win32_24.12.0.202407110909/tools/bin/../lib/gcc/arm-none-eabi/13.2.1/../../../../arm-none-eabi/lib/thumb/v8-m.main/nofp\libcr_c.a(fpprintf.o)
                              ./source/utils/Logger.o (sprintf)
C:/nxp/MCUXpressoIDE_24.12.148/ide/plugins/com.nxp.mcuxpresso.tools.win32_24.12.0.202407110909/tools/bin/../lib/gcc/arm-none-eabi/13.2.1/../../../../arm-none-eabi/lib/thumb/v8-m.main/nofp\libcr_c.a(fputs.o)
[...]
Memory Configuration

Name             Origin             Length             Attributes
PROGRAM_FLASH    0x00000000         0x00020000         xr
SRAM             0x20000000         0x00006000         xrw
SRAMX0           0x04000000         0x00002000         xrw
SRAMX1           0x04002000         0x00001000         xrw
*default*        0x00000000         0xffffffff

Linker script and memory map

LOAD ./startup/startup_mcxa153.o
LOAD ./source/utils/GPS.o
LOAD ./source/utils/Logger.o
LOAD ./source/utils/SD.o
LOAD ./source/utils/delay.o
LOAD ./source/lcdDriver/lcd.o
LOAD ./source/lcdDriver/lpi2c0_controller_interrupt.o
LOAD ./source/games/code_game.o
LOAD ./source/games/game_control.o
LOAD ./source/games/gps_location.game.o
LOAD ./source/games/gps_proximity.game.o
LOAD ./source/games/pin_game.o
LOAD ./source/games/trivia.o
LOAD ./source/games/trivia_game.o
LOAD ./source/fatFs/ff.o
LOAD ./source/fatFs/sdmm.o
LOAD ./source/Keypad/board.o
LOAD ./source/Keypad/clock_config.o
LOAD ./source/Keypad/fsl_clock.o
LOAD ./source/Keypad/fsl_common.o
LOAD ./source/Keypad/fsl_common_arm.o
LOAD ./source/Keypad/fsl_component_serial_manager.o
LOAD ./source/Keypad/fsl_debug_console.o
LOAD ./source/Keypad/fsl_gpio.o
LOAD ./source/Keypad/fsl_lpi2c.o
LOAD ./source/Keypad/fsl_reset.o
LOAD ./source/Keypad/keypad.o
LOAD ./source/Keypad/peripherals.o
LOAD ./source/Keypad/pin_mux.o
LOAD ./source/fifo.o
LOAD ./source/gpio_output.o
LOAD ./source/lpuart0_interrupt.o
LOAD ./source/lpuart2_interrupt.o
LOAD ./source/main.o
LOAD ./source/retarget.o
LOAD ./source/semihost_hardfault.o
LOAD ./device/system_MCXA153.o
START GROUP
LOAD C:/nxp/MCUXpressoIDE_24.12.148/ide/plugins/com.nxp.mcuxpresso.tools.win32_24.12.0.202407110909/tools/bin/../lib/gcc/arm-none-eabi/13.2.1/../../../../arm-none-eabi/lib/thumb/v8-m.main/nofp\libcr_semihost_nf.a
LOAD C:/nxp/MCUXpressoIDE_24.12.148/ide/plugins/com.nxp.mcuxpresso.tools.win32_24.12.0.202407110909/tools/bin/../lib/gcc/arm-none-eabi/13.2.1/../../../../arm-none-eabi/lib/thumb/v8-m.main/nofp\libcr_c.a
LOAD C:/nxp/MCUXpressoIDE_24.12.148/ide/plugins/com.nxp.mcuxpresso.tools.win32_24.12.0.202407110909/tools/bin/../lib/gcc/arm-none-eabi/13.2.1/thumb/v8-m.main/nofp\libcr_eabihelpers.a
LOAD C:/nxp/MCUXpressoIDE_24.12.148/ide/plugins/com.nxp.mcuxpresso.tools.win32_24.12.0.202407110909/tools/bin/../lib/gcc/arm-none-eabi/13.2.1/thumb/v8-m.main/nofp\libgcc.a
END GROUP
                0x00000000                        __base_PROGRAM_FLASH = 0x0
                0x00000000                        __base_Flash = 0x0
                0x00020000                        __top_PROGRAM_FLASH = 0x20000
                0x00020000                        __top_Flash = 0x20000
                0x20000000                        __base_SRAM = 0x20000000
                0x20000000                        __base_RAM = 0x20000000
                0x20006000                        __top_SRAM = 0x20006000
                0x20006000                        __top_RAM = 0x20006000
                0x04000000                        __base_SRAMX0 = 0x4000000
                0x04000000                        __base_RAM2 = 0x4000000
                0x04002000                        __top_SRAMX0 = 0x4002000
                0x04002000                        __top_RAM2 = 0x4002000
                0x04002000                        __base_SRAMX1 = 0x4002000
                0x04002000                        __base_RAM3 = 0x4002000
                0x04003000                        __top_SRAMX1 = 0x4003000
                0x04003000                        __top_RAM3 = 0x4003000

.text           0x00000000     0xa998
 FILL mask 0xff
                0x00000000                        __vectors_start__ = ABSOLUTE (.)
 *(SORT_BY_ALIGNMENT(.isr_vector))
 .isr_vector    0x00000000      0x16c ./startup/startup_mcxa153.o
                0x00000000                g_pfnVectors
                0x00000000                __Vectors
                0x0000016c                        . = ALIGN (0x4)
                0x0000016c                        __section_table_start = .
                0x0000016c                        __data_section_table = .
                0x0000016c        0x4 LONG 0xa998 LOADADDR (.data)
                0x00000170        0x4 LONG 0x20000000 ADDR (.data)
                0x00000174        0x4 LONG 0x16c SIZEOF (.data)
                0x00000178        0x4 LONG 0xa998 LOADADDR (.data_RAM2)
                0x0000017c        0x4 LONG 0x4000000 ADDR (.data_RAM2)
                0x00000180        0x4 LONG 0x0 SIZEOF (.data_RAM2)
                0x00000184        0x4 LONG 0xa998 LOADADDR (.data_RAM3)
                0x00000188        0x4 LONG 0x4002000 ADDR (.data_RAM3)
                0x0000018c        0x4 LONG 0x0 SIZEOF (.data_RAM3)
                0x00000190                        __data_section_table_end = .
                0x00000190                        __bss_section_table = .
                0x00000190        0x4 LONG 0x20000170 ADDR (.bss)
                0x00000194        0x4 LONG 0xc0c SIZEOF (.bss)
                0x00000198        0x4 LONG 0x4000000 ADDR (.bss_RAM2)
                0x0000019c        0x4 LONG 0x0 SIZEOF (.bss_RAM2)
                0x000001a0        0x4 LONG 0x4002000 ADDR (.bss_RAM3)
                0x000001a4        0x4 LONG 0x0 SIZEOF (.bss_RAM3)
                0x000001a8                        __bss_section_table_end = .
                0x000001a8                        __section_table_end = .
 *(SORT_BY_ALIGNMENT(.after_vectors*))
 .after_vectors.reset
                0x000001a8       0x68 ./startup/startup_mcxa153.o
                0x000001a8                ResetISR
 .after_vectors.init_data
                0x00000210       0x1c ./startup/startup_mcxa153.o
                0x00000210                data_init
 .after_vectors.init_bss
                0x0000022c       0x12 ./startup/startup_mcxa153.o
                0x0000022c                bss_init
 .after_vectors
                0x0000023e       0x16 ./startup/startup_mcxa153.o
                0x0000023e                NMI_Handler
                0x00000242                MemManage_Handler
                0x00000244                BusFault_Handler
                0x00000246                UsageFault_Handler
                0x00000248                SecureFault_Handler
                0x0000024a                SVC_Handler
                0x0000024c                DebugMon_Handler
                0x0000024e                PendSV_Handler
                0x00000252                LPTMR0_DriverIRQHandler
                0x00000252                FLEXPWM0_SUBMODULE1_DriverIRQHandler
                0x00000252                MBC0_DriverIRQHandler
                0x00000252                WAKETIMER0_DriverIRQHandler
                0x00000252                I3C0_DriverIRQHandler
                0x00000252                LPI2C0_DriverIRQHandler
                0x00000252                FLEXPWM0_RELOAD_ERROR_DriverIRQHandler
                0x00000252                QDC0_HOME_DriverIRQHandler
                0x00000252                Reserved82_DriverIRQHandler
                0x00000252                QDC0_WATCHDOG_DriverIRQHandler
                0x00000252                ERM0_MULTI_BIT_DriverIRQHandler
                0x00000252                Reserved36_DriverIRQHandler
                0x00000252                CTIMER2_DriverIRQHandler
                0x00000252                Reserved33_DriverIRQHandler
                0x00000252                CMP1_DriverIRQHandler
                0x00000252                IntDefaultHandler
                0x00000252                USB0_DriverIRQHandler
                0x00000252                QDC0_INDEX_DriverIRQHandler
                0x00000252                UTICK0_DriverIRQHandler
                0x00000252                Reserved41_DriverIRQHandler
                0x00000252                FLEXPWM0_SUBMODULE2_DriverIRQHandler
                0x00000252                Reserved39_DriverIRQHandler
                0x00000252                WWDT0_DriverIRQHandler
                0x00000252                Reserved84_DriverIRQHandler
                0x00000252                FLEXPWM0_FAULT_DriverIRQHandler
                0x00000252                GPIO0_DriverIRQHandler
                0x00000252                Reserved38_DriverIRQHandler
                0x00000252                FREQME0_DriverIRQHandler
                0x00000252                Reserved22_DriverIRQHandler
                0x00000252                Reserved53_DriverIRQHandler
                0x00000252                Reserved35_DriverIRQHandler
                0x00000252                CTIMER0_DriverIRQHandler
                0x00000252                Reserved79_DriverIRQHandler
                0x00000252                Reserved24_DriverIRQHandler
                0x00000252                CTIMER1_DriverIRQHandler
                0x00000252                QDC0_COMPARE_DriverIRQHandler
                0x00000252                LPUART1_DriverIRQHandler
                0x00000252                WUU0_DriverIRQHandler
                0x00000252                LPSPI0_DriverIRQHandler
                0x00000252                DMA_CH3_DriverIRQHandler
                0x00000252                Reserved83_DriverIRQHandler
                0x00000252                Reserved72_DriverIRQHandler
                0x00000252                Reserved23_DriverIRQHandler
                0x00000252                Reserved65_DriverIRQHandler
                0x00000252                ERM0_SINGLE_BIT_DriverIRQHandler
                0x00000252                DMA_CH2_DriverIRQHandler
                0x00000252                CMC_DriverIRQHandler
                0x00000252                Reserved51_DriverIRQHandler
                0x00000252                Reserved25_DriverIRQHandler
                0x00000252                LPUART2_DriverIRQHandler
                0x00000252                FMU0_DriverIRQHandler
                0x00000252                LPSPI1_DriverIRQHandler
                0x00000252                Reserved77_DriverIRQHandler
                0x00000252                Reserved16_DriverIRQHandler
                0x00000252                LPUART0_DriverIRQHandler
                0x00000252                GPIO2_DriverIRQHandler
                0x00000252                Reserved85_DriverIRQHandler
                0x00000252                ADC0_DriverIRQHandler
                0x00000252                CMP0_DriverIRQHandler
                0x00000252                CDOG0_DriverIRQHandler
                0x00000252                Reserved59_DriverIRQHandler
                0x00000252                DMA_CH0_DriverIRQHandler
                0x00000252                Reserved58_DriverIRQHandler
                0x00000252                DMA_CH1_DriverIRQHandler
                0x00000252                SPC0_DriverIRQHandler
                0x00000252                GLIKEY0_DriverIRQHandler
                0x00000252                Reserved43_DriverIRQHandler
                0x00000252                Reserved46_DriverIRQHandler
                0x00000252                Reserved37_DriverIRQHandler
                0x00000252                Reserved86_DriverIRQHandler
                0x00000252                GPIO1_DriverIRQHandler
                0x00000252                FLEXPWM0_SUBMODULE0_DriverIRQHandler
                0x00000252                Reserved50_DriverIRQHandler
                0x00000252                OS_EVENT_DriverIRQHandler
                0x00000252                SCG0_DriverIRQHandler
                0x00000252                GPIO3_DriverIRQHandler
 *(SORT_BY_ALIGNMENT(.text*))
 *fill*         0x00000254        0x4 ff
 .text.calculateLongitudeDistance
                0x00000258       0xcc ./source/utils/GPS.o
                0x00000258                calculateLongitudeDistance
 *fill*         0x00000324        0x4 ff
 .text.calculateLatitudeDistance
                0x00000328       0x8c ./source/utils/GPS.o
                0x00000328                calculateLatitudeDistance
 *fill*         0x000003b4        0x4 ff
 .text.ilog10   0x000003b8       0xf8 ./source/fatFs/ff.o
 .text.i10x     0x000004b0       0xc8 ./source/fatFs/ff.o
 .text.cos      0x00000578       0x60 C:/nxp/MCUXpressoIDE_24.12.148/ide/plugins/com.nxp.mcuxpresso.tools.win32_24.12.0.202407110909/tools/bin/../lib/gcc/arm-none-eabi/13.2.1/../../../../arm-none-eabi/lib/thumb/v8-m.main/nofp\libcr_c.a(cos.o)
                0x00000578                cos
 .text.fp_display
                0x000005d8      0x9ac C:/nxp/MCUXpressoIDE_24.12.148/ide/plugins/com.nxp.mcuxpresso.tools.win32_24.12.0.202407110909/tools/bin/../lib/gcc/arm-none-eabi/13.2.1/../../../../arm-none-eabi/lib/thumb/v8-m.main/nofp\libcr_c.a(fpprintf.o)
 *fill*         0x00000f84        0x4 ff
 .text.pow      0x00000f88      0x54c C:/nxp/MCUXpressoIDE_24.12.148/ide/plugins/com.nxp.mcuxpresso.tools.win32_24.12.0.202407110909/tools/bin/../lib/gcc/arm-none-eabi/13.2.1/../../../../arm-none-eabi/lib/thumb/v8-m.main/nofp\libcr_c.a(pow.o)
                0x00000f88                pow
 *fill*         0x000014d4        0x4 ff
 .text.vfscanf  0x000014d8      0x900 C:/nxp/MCUXpressoIDE_24.12.148/ide/plugins/com.nxp.mcuxpresso.tools.win32_24.12.0.202407110909/tools/bin/../lib/gcc/arm-none-eabi/13.2.1/../../../../arm-none-eabi/lib/thumb/v8-m.main/nofp\libcr_c.a(scanf.o)
                0x000014d8                vfscanf
 .text.sqrt     0x00001dd8      0x10c C:/nxp/MCUXpressoIDE_24.12.148/ide/plugins/com.nxp.mcuxpresso.tools.win32_24.12.0.202407110909/tools/bin/../lib/gcc/arm-none-eabi/13.2.1/../../../../arm-none-eabi/lib/thumb/v8-m.main/nofp\libcr_c.a(sqrt.o)
                0x00001dd8                sqrt
 *fill*         0x00001ee4        0x4 ff
 .text._sincos  0x00001ee8      0x1fc C:/nxp/MCUXpressoIDE_24.12.148/ide/plugins/com.nxp.mcuxpresso.tools.win32_24.12.0.202407110909/tools/bin/../lib/gcc/arm-none-eabi/13.2.1/../../../../arm-none-eabi/lib/thumb/v8-m.main/nofp\libcr_c.a(_sincos.o)
                0x00001ee8                _sincos
 .text.GPS_updateData
                0x000020e4       0x84 ./source/utils/GPS.o
                0x000020e4                GPS_updateData
 .text.GPS_setDestination
                0x00002168       0x50 ./source/utils/GPS.o
                0x00002168                GPS_setDestination
 .text.GPS_getCurrentLocation
                0x000021b8       0x14 ./source/utils/GPS.o
                0x000021b8                GPS_getCurrentLocation
 .text.GPS_getCurrentDirections
                0x000021cc       0x14 ./source/utils/GPS.o
                0x000021cc                GPS_getCurrentDirections
 .text.GPS_getConnectionQuality
                0x000021e0       0x14 ./source/utils/GPS.o
                0x000021e0                GPS_getConnectionQuality
 .text.parseGNGGA
                0x000021f4      0x224 ./source/utils/GPS.o
                0x000021f4                parseGNGGA
 .text.Logger_updateData
                0x00002418       0x7c ./source/utils/Logger.o
                0x00002418                Logger_updateData
 .text.SD_Writeln
                0x00002494       0x54 ./source/utils/SD.o
                0x00002494                SD_Writeln
 .text.SD_Overwrite
                0x000024e8       0x54 ./source/utils/SD.o
                0x000024e8                SD_Overwrite
 .text.SD_Read  0x0000253c       0x6c ./source/utils/SD.o
                0x0000253c                SD_Read
 .text.Delay_ms
                0x000025a8       0x34 ./source/utils/delay.o
                0x000025a8                Delay_ms
 .text.i2c_send
                0x000025dc       0x3c ./source/lcdDriver/lcd.o
 .text.__NVIC_EnableIRQ
                0x00002618       0x38 ./source/lcdDriver/lpi2c0_controller_interrupt.o
 .text.__NVIC_ClearPendingIRQ
                0x00002650       0x3c ./source/lcdDriver/lpi2c0_controller_interrupt.o
 .text.__NVIC_SetPriority
                0x0000268c       0x54 ./source/lcdDriver/lpi2c0_controller_interrupt.o
 .text.lpi2c0_controller_init
                0x000026e0       0xe4 ./source/lcdDriver/lpi2c0_controller_interrupt.o
                0x000026e0                lpi2c0_controller_init
 .text.lpi2c0_wait_busy
                0x000027c4       0x20 ./source/lcdDriver/lpi2c0_controller_interrupt.o
                0x000027c4                lpi2c0_wait_busy
 .text.lpi2c0_txfifo_full
                0x000027e4       0x2c ./source/lcdDriver/lpi2c0_controller_interrupt.o
                0x000027e4                lpi2c0_txfifo_full
 .text.LPI2C0_IRQHandler
                0x00002810       0xa0 ./source/lcdDriver/lpi2c0_controller_interrupt.o
                0x00002810                LPI2C0_IRQHandler
 .text.Game_Memory
                0x000028b0       0xcc ./source/games/code_game.o
                0x000028b0                Game_Memory
 .text.initGameControl
                0x0000297c       0x9c ./source/games/game_control.o
                0x0000297c                initGameControl
 .text.getGameControl
                0x00002a18       0x14 ./source/games/game_control.o
                0x00002a18                getGameControl
 .text.checkGameStatus
                0x00002a2c       0xf4 ./source/games/game_control.o
                0x00002a2c                checkGameStatus
 .text.initGPSLocationGame
                0x00002b20      0x148 ./source/games/gps_location.game.o
                0x00002b20                initGPSLocationGame
 .text.gpsLocationGame
                0x00002c68       0xd0 ./source/games/gps_location.game.o
                0x00002c68                gpsLocationGame
 .text.initGPSProximityGame
                0x00002d38      0x148 ./source/games/gps_proximity.game.o
                0x00002d38                initGPSProximityGame
 .text.gpsProximityGame
                0x00002e80      0x12c ./source/games/gps_proximity.game.o
                0x00002e80                gpsProximityGame
 .text.Game_Unlock
                0x00002fac      0x194 ./source/games/pin_game.o
                0x00002fac                Game_Unlock
 .text.shuffle  0x00003140       0x90 ./source/games/trivia.o
 .text.Trivia_RunGame
                0x000031d0       0xf4 ./source/games/trivia.o
                0x000031d0                Trivia_RunGame
 .text.sync_fs  0x000032c4       0xe0 ./source/fatFs/ff.o
 .text.create_name
                0x000033a4      0x20c ./source/fatFs/ff.o
 .text.get_ldnumber
                0x000035b0       0x88 ./source/fatFs/ff.o
 .text.check_fs
                0x00003638      0x148 ./source/fatFs/ff.o
 .text.mount_volume
                0x00003780      0x3fc ./source/fatFs/ff.o
 .text.f_open   0x00003b7c      0x2e0 ./source/fatFs/ff.o
                0x00003b7c                f_open
 .text.f_sync   0x00003e5c       0xc8 ./source/fatFs/ff.o
                0x00003e5c                f_sync
 .text.ftoa     0x00003f24      0x310 ./source/fatFs/ff.o
 .text.f_printf
                0x00004234      0x704 ./source/fatFs/ff.o
                0x00004234                f_printf
 .text.xmit_mmc
                0x00004938      0x210 ./source/fatFs/sdmm.o
 .text.rcvr_mmc
                0x00004b48      0x1bc ./source/fatFs/sdmm.o
 .text.deselect
                0x00004d04       0x28 ./source/fatFs/sdmm.o
 .text.select   0x00004d2c       0x3c ./source/fatFs/sdmm.o
 .text.disk_status
                0x00004d68       0x28 ./source/fatFs/sdmm.o
                0x00004d68                disk_status
 .text.disk_initialize
                0x00004d90      0x224 ./source/fatFs/sdmm.o
                0x00004d90                disk_initialize
 .text.disk_read
                0x00004fb4       0xac ./source/fatFs/sdmm.o
                0x00004fb4                disk_read
 .text.disk_write
                0x00005060       0xdc ./source/fatFs/sdmm.o
                0x00005060                disk_write
 .text.Keypad_Init
                0x0000513c      0x114 ./source/Keypad/keypad.o
                0x0000513c                Keypad_Init
 .text.Keypad_GetKey
                0x00005250       0xb8 ./source/Keypad/keypad.o
                0x00005250                Keypad_GetKey
 .text.gpio_output_init
                0x00005308       0x70 ./source/gpio_output.o
                0x00005308                gpio_output_init
 .text.__NVIC_EnableIRQ
                0x00005378       0x38 ./source/lpuart0_interrupt.o
 .text.__NVIC_ClearPendingIRQ
                0x000053b0       0x3c ./source/lpuart0_interrupt.o
 .text.__NVIC_SetPriority
                0x000053ec       0x54 ./source/lpuart0_interrupt.o
 .text.lpuart0_init
                0x00005440       0xc4 ./source/lpuart0_interrupt.o
                0x00005440                lpuart0_init
 .text.lpuart0_putchar
                0x00005504       0x40 ./source/lpuart0_interrupt.o
                0x00005504                lpuart0_putchar
 .text.lpuart0_getchar
                0x00005544       0x30 ./source/lpuart0_interrupt.o
                0x00005544                lpuart0_getchar
 .text.LPUART0_IRQHandler
                0x00005574       0x7c ./source/lpuart0_interrupt.o
                0x00005574                LPUART0_IRQHandler
 .text.__NVIC_EnableIRQ
                0x000055f0       0x38 ./source/lpuart2_interrupt.o
 .text.__NVIC_ClearPendingIRQ
                0x00005628       0x3c ./source/lpuart2_interrupt.o
 .text.__NVIC_SetPriority
                0x00005664       0x54 ./source/lpuart2_interrupt.o
 .text.lpuart2_init
                0x000056b8       0xc8 ./source/lpuart2_interrupt.o
                0x000056b8                lpuart2_init
 .text.lpuart2_getchar
                0x00005780       0x30 ./source/lpuart2_interrupt.o
                0x00005780                lpuart2_getchar
 .text.lpuart2_rxcnt
                0x000057b0       0x14 ./source/lpuart2_interrupt.o
                0x000057b0                lpuart2_rxcnt
 .text.LPUART2_IRQHandler
                0x000057c4       0x7c ./source/lpuart2_interrupt.o
                0x000057c4                LPUART2_IRQHandler
 .text.__NVIC_SetPriority
                0x00005840       0x54 ./source/main.o
 .text.SysTick_Config
                0x00005894       0x44 ./source/main.o
 .text.main     0x000058d8       0x84 ./source/main.o
                0x000058d8                main
 .text.update_system
                0x0000595c       0xdc ./source/main.o
                0x0000595c                update_system
 .text.SysTick_Handler
                0x00005a38       0x1c ./source/main.o
                0x00005a38                SysTick_Handler
 .text.SystemInit
                0x00005a54      0x120 ./device/system_MCXA153.o
                0x00005a54                SystemInit
 .text.__sys_appexit
                0x00005b74        0xc C:/nxp/MCUXpressoIDE_24.12.148/ide/plugins/com.nxp.mcuxpresso.tools.win32_24.12.0.202407110909/tools/bin/../lib/gcc/arm-none-eabi/13.2.1/../../../../arm-none-eabi/lib/thumb/v8-m.main/nofp\libcr_semihost_nf.a(__sys_appexit.o)
                0x00005b74                __sys_appexit
                0x00005b74                __exit
 .text._Cwritebuf
                0x00005b80       0x6c C:/nxp/MCUXpressoIDE_24.12.148/ide/plugins/com.nxp.mcuxpresso.tools.win32_24.12.0.202407110909/tools/bin/../lib/gcc/arm-none-eabi/13.2.1/../../../../arm-none-eabi/lib/thumb/v8-m.main/nofp\libcr_c.a(_writebuf.o)
                0x00005b80                _Cwritebuf
 .text.malloc   0x00005bec       0xc8 C:/nxp/MCUXpressoIDE_24.12.148/ide/plugins/com.nxp.mcuxpresso.tools.win32_24.12.0.202407110909/tools/bin/../lib/gcc/arm-none-eabi/13.2.1/../../../../arm-none-eabi/lib/thumb/v8-m.main/nofp\libcr_c.a(alloc.o)
                0x00005bec                malloc
 .text._Csys_alloc
                0x00005cb4       0x20 C:/nxp/MCUXpressoIDE_24.12.148/ide/plugins/com.nxp.mcuxpresso.tools.win32_24.12.0.202407110909/tools/bin/../lib/gcc/arm-none-eabi/13.2.1/../../../../arm-none-eabi/lib/thumb/v8-m.main/nofp\libcr_c.a(alloc.o)
                0x00005cb4                _Csys_alloc
 .text.sprintf  0x00005cd4       0x6c C:/nxp/MCUXpressoIDE_24.12.148/ide/plugins/com.nxp.mcuxpresso.tools.win32_24.12.0.202407110909/tools/bin/../lib/gcc/arm-none-eabi/13.2.1/../../../../arm-none-eabi/lib/thumb/v8-m.main/nofp\libcr_c.a(fpprintf.o)
                0x00005cd4                sprintf
 .text.snprintf
                0x00005d40       0x78 C:/nxp/MCUXpressoIDE_24.12.148/ide/plugins/com.nxp.mcuxpresso.tools.win32_24.12.0.202407110909/tools/bin/../lib/gcc/arm-none-eabi/13.2.1/../../../../arm-none-eabi/lib/thumb/v8-m.main/nofp\libcr_c.a(fpprintf.o)
                0x00005d40                snprintf
 .text.vsnprintf
                0x00005db8       0x68 C:/nxp/MCUXpressoIDE_24.12.148/ide/plugins/com.nxp.mcuxpresso.tools.win32_24.12.0.202407110909/tools/bin/../lib/gcc/arm-none-eabi/13.2.1/../../../../arm-none-eabi/lib/thumb/v8-m.main/nofp\libcr_c.a(fpprintf.o)
                0x00005db8                vsnprintf
 .text.printf   0x00005e20       0x54 C:/nxp/MCUXpressoIDE_24.12.148/ide/plugins/com.nxp.mcuxpresso.tools.win32_24.12.0.202407110909/tools/bin/../lib/gcc/arm-none-eabi/13.2.1/../../../../arm-none-eabi/lib/thumb/v8-m.main/nofp\libcr_c.a(fpprintf.o)
                0x00005e20                printf
 .text.fseek    0x00005e74       0xf8 C:/nxp/MCUXpressoIDE_24.12.148/ide/plugins/com.nxp.mcuxpresso.tools.win32_24.12.0.202407110909/tools/bin/../lib/gcc/arm-none-eabi/13.2.1/../../../../arm-none-eabi/lib/thumb/v8-m.main/nofp\libcr_c.a(fseek.o)
                0x00005e74                fseek
 .text.ftell    0x00005f6c       0x44 C:/nxp/MCUXpressoIDE_24.12.148/ide/plugins/com.nxp.mcuxpresso.tools.win32_24.12.0.202407110909/tools/bin/../lib/gcc/arm-none-eabi/13.2.1/../../../../arm-none-eabi/lib/thumb/v8-m.main/nofp\libcr_c.a(ftell.o)
                0x00005f6c                ftell
 .text._initio  0x00005fb0       0x78 C:/nxp/MCUXpressoIDE_24.12.148/ide/plugins/com.nxp.mcuxpresso.tools.win32_24.12.0.202407110909/tools/bin/../lib/gcc/arm-none-eabi/13.2.1/../../../../arm-none-eabi/lib/thumb/v8-m.main/nofp\libcr_c.a(initio.o)
                0x00005fb0                _initio
 .text.__vfprintf
                0x00006028      0xb70 C:/nxp/MCUXpressoIDE_24.12.148/ide/plugins/com.nxp.mcuxpresso.tools.win32_24.12.0.202407110909/tools/bin/../lib/gcc/arm-none-eabi/13.2.1/../../../../arm-none-eabi/lib/thumb/v8-m.main/nofp\libcr_c.a(printf.o)
                0x00006028                __vfprintf
 .text.ch_val   0x00006b98       0x30 C:/nxp/MCUXpressoIDE_24.12.148/ide/plugins/com.nxp.mcuxpresso.tools.win32_24.12.0.202407110909/tools/bin/../lib/gcc/arm-none-eabi/13.2.1/../../../../arm-none-eabi/lib/thumb/v8-m.main/nofp\libcr_c.a(scanf.o)
 .text._strtoul
                0x00006bc8       0xb4 C:/nxp/MCUXpressoIDE_24.12.148/ide/plugins/com.nxp.mcuxpresso.tools.win32_24.12.0.202407110909/tools/bin/../lib/gcc/arm-none-eabi/13.2.1/../../../../arm-none-eabi/lib/thumb/v8-m.main/nofp\libcr_c.a(scanf.o)
 .text.cr_rd_int
                0x00006c7c      0x1a0 C:/nxp/MCUXpressoIDE_24.12.148/ide/plugins/com.nxp.mcuxpresso.tools.win32_24.12.0.202407110909/tools/bin/../lib/gcc/arm-none-eabi/13.2.1/../../../../arm-none-eabi/lib/thumb/v8-m.main/nofp\libcr_c.a(scanf.o)
 .text.strtod   0x00006e1c       0x34 C:/nxp/MCUXpressoIDE_24.12.148/ide/plugins/com.nxp.mcuxpresso.tools.win32_24.12.0.202407110909/tools/bin/../lib/gcc/arm-none-eabi/13.2.1/../../../../arm-none-eabi/lib/thumb/v8-m.main/nofp\libcr_c.a(scanf.o)
                0x00006e1c                strtod
 .text.strtol   0x00006e50       0x80 C:/nxp/MCUXpressoIDE_24.12.148/ide/plugins/com.nxp.mcuxpresso.tools.win32_24.12.0.202407110909/tools/bin/../lib/gcc/arm-none-eabi/13.2.1/../../../../arm-none-eabi/lib/thumb/v8-m.main/nofp\libcr_c.a(scanf.o)
                0x00006e50                strtol
 .text.atof     0x00006ed0       0x14 C:/nxp/MCUXpressoIDE_24.12.148/ide/plugins/com.nxp.mcuxpresso.tools.win32_24.12.0.202407110909/tools/bin/../lib/gcc/arm-none-eabi/13.2.1/../../../../arm-none-eabi/lib/thumb/v8-m.main/nofp\libcr_c.a(scanf.o)
                0x00006ed0                atof
 .text.atoi     0x00006ee4       0x18 C:/nxp/MCUXpressoIDE_24.12.148/ide/plugins/com.nxp.mcuxpresso.tools.win32_24.12.0.202407110909/tools/bin/../lib/gcc/arm-none-eabi/13.2.1/../../../../arm-none-eabi/lib/thumb/v8-m.main/nofp\libcr_c.a(scanf.o)
                0x00006ee4                atoi
 .text.rand     0x00006efc       0x48 C:/nxp/MCUXpressoIDE_24.12.148/ide/plugins/com.nxp.mcuxpresso.tools.win32_24.12.0.202407110909/tools/bin/../lib/gcc/arm-none-eabi/13.2.1/../../../../arm-none-eabi/lib/thumb/v8-m.main/nofp\libcr_c.a(stdlib.o)
                0x00006efc                rand
 .text.srand    0x00006f44       0x40 C:/nxp/MCUXpressoIDE_24.12.148/ide/plugins/com.nxp.mcuxpresso.tools.win32_24.12.0.202407110909/tools/bin/../lib/gcc/arm-none-eabi/13.2.1/../../../../arm-none-eabi/lib/thumb/v8-m.main/nofp\libcr_c.a(stdlib.o)
                0x00006f44                srand
 .text.__filbuf
                0x00006f84      0x178 C:/nxp/MCUXpressoIDE_24.12.148/ide/plugins/com.nxp.mcuxpresso.tools.win32_24.12.0.202407110909/tools/bin/../lib/gcc/arm-none-eabi/13.2.1/../../../../arm-none-eabi/lib/thumb/v8-m.main/nofp\libcr_c.a(__fillbuf.o)
                0x00006f84                __filbuf
 .text._sbrk    0x000070fc       0x3c C:/nxp/MCUXpressoIDE_24.12.148/ide/plugins/com.nxp.mcuxpresso.tools.win32_24.12.0.202407110909/tools/bin/../lib/gcc/arm-none-eabi/13.2.1/../../../../arm-none-eabi/lib/thumb/v8-m.main/nofp\libcr_c.a(_cr_sbrk.o)
                0x000070fc                _sbrk
 .text._ldexpl  0x00007138       0x48 C:/nxp/MCUXpressoIDE_24.12.148/ide/plugins/com.nxp.mcuxpresso.tools.win32_24.12.0.202407110909/tools/bin/../lib/gcc/arm-none-eabi/13.2.1/../../../../arm-none-eabi/lib/thumb/v8-m.main/nofp\libcr_c.a(_ldexpl.o)
                0x00007138                _ldexpl
 .text.fflush   0x00007180       0x3c C:/nxp/MCUXpressoIDE_24.12.148/ide/plugins/com.nxp.mcuxpresso.tools.win32_24.12.0.202407110909/tools/bin/../lib/gcc/arm-none-eabi/13.2.1/../../../../arm-none-eabi/lib/thumb/v8-m.main/nofp\libcr_c.a(fflush.o)
                0x00007180                fflush
 .text.ldexp    0x000071bc       0x48 C:/nxp/MCUXpressoIDE_24.12.148/ide/plugins/com.nxp.mcuxpresso.tools.win32_24.12.0.202407110909/tools/bin/../lib/gcc/arm-none-eabi/13.2.1/../../../../arm-none-eabi/lib/thumb/v8-m.main/nofp\libcr_c.a(ldexp.o)
                0x000071bc                ldexp
 .text.__check_heap_overflow
                0x00007204       0x18 C:/nxp/MCUXpressoIDE_24.12.148/ide/plugins/com.nxp.mcuxpresso.tools.win32_24.12.0.202407110909/tools/bin/../lib/gcc/arm-none-eabi/13.2.1/../../../../arm-none-eabi/lib/thumb/v8-m.main/nofp\libcr_c.a(_cr_check_heap.o)
                0x00007204                __check_heap_overflow
 .text.__aeabi_dmul
                0x0000721c       0xfc C:/nxp/MCUXpressoIDE_24.12.148/ide/plugins/com.nxp.mcuxpresso.tools.win32_24.12.0.202407110909/tools/bin/../lib/gcc/arm-none-eabi/13.2.1/thumb/v8-m.main/nofp\libcr_eabihelpers.a(double.o)
                0x0000721c                __aeabi_dmul
 .text.__aeabi_ddiv
                0x00007318      0x134 C:/nxp/MCUXpressoIDE_24.12.148/ide/plugins/com.nxp.mcuxpresso.tools.win32_24.12.0.202407110909/tools/bin/../lib/gcc/arm-none-eabi/13.2.1/thumb/v8-m.main/nofp\libcr_eabihelpers.a(double.o)
                0x00007318                __aeabi_ddiv
 .text.__aeabi_dsub
                0x0000744c      0x1b4 C:/nxp/MCUXpressoIDE_24.12.148/ide/plugins/com.nxp.mcuxpresso.tools.win32_24.12.0.202407110909/tools/bin/../lib/gcc/arm-none-eabi/13.2.1/thumb/v8-m.main/nofp\libcr_eabihelpers.a(double.o)
                0x0000744c                __aeabi_dsub
 .text.__aeabi_dadd
                0x00007600      0x118 C:/nxp/MCUXpressoIDE_24.12.148/ide/plugins/com.nxp.mcuxpresso.tools.win32_24.12.0.202407110909/tools/bin/../lib/gcc/arm-none-eabi/13.2.1/thumb/v8-m.main/nofp\libcr_eabihelpers.a(double.o)
                0x00007600                __aeabi_dadd
 .text.__aeabi_d2f
                0x00007718       0x58 C:/nxp/MCUXpressoIDE_24.12.148/ide/plugins/com.nxp.mcuxpresso.tools.win32_24.12.0.202407110909/tools/bin/../lib/gcc/arm-none-eabi/13.2.1/thumb/v8-m.main/nofp\libcr_eabihelpers.a(double.o)
                0x00007718                __aeabi_d2f
 .text.Reserved16_IRQHandler
                0x00007770        0x8 ./startup/startup_mcxa153.o
                0x00007770                Reserved16_IRQHandler
 .text.CMC_IRQHandler
                0x00007778        0x8 ./startup/startup_mcxa153.o
                0x00007778                CMC_IRQHandler
 .text.DMA_CH0_IRQHandler
                0x00007780        0x8 ./startup/startup_mcxa153.o
                0x00007780                DMA_CH0_IRQHandler
 .text.DMA_CH1_IRQHandler
                0x00007788        0x8 ./startup/startup_mcxa153.o
                0x00007788                DMA_CH1_IRQHandler
 .text.DMA_CH2_IRQHandler
                0x00007790        0x8 ./startup/startup_mcxa153.o
                0x00007790                DMA_CH2_IRQHandler
 .text.DMA_CH3_IRQHandler
                0x00007798        0x8 ./startup/startup_mcxa153.o
                0x00007798                DMA_CH3_IRQHandler
 .text.Reserved22_IRQHandler
                0x000077a0        0x8 ./startup/startup_mcxa153.o
                0x000077a0                Reserved22_IRQHandler
 .text.Reserved23_IRQHandler
                0x000077a8        0x8 ./startup/startup_mcxa153.o
                0x000077a8                Reserved23_IRQHandler
 .text.Reserved24_IRQHandler
                0x000077b0        0x8 ./startup/startup_mcxa153.o
                0x000077b0                Reserved24_IRQHandler
 .text.Reserved25_IRQHandler
                0x000077b8        0x8 ./startup/startup_mcxa153.o
                0x000077b8                Reserved25_IRQHandler
 .text.ERM0_SINGLE_BIT_IRQHandler
                0x000077c0        0x8 ./startup/startup_mcxa153.o
                0x000077c0                ERM0_SINGLE_BIT_IRQHandler
 .text.ERM0_MULTI_BIT_IRQHandler
                0x000077c8        0x8 ./startup/startup_mcxa153.o
                0x000077c8                ERM0_MULTI_BIT_IRQHandler
 .text.FMU0_IRQHandler
                0x000077d0        0x8 ./startup/startup_mcxa153.o
                0x000077d0                FMU0_IRQHandler
 .text.GLIKEY0_IRQHandler
                0x000077d8        0x8 ./startup/startup_mcxa153.o
                0x000077d8                GLIKEY0_IRQHandler
 .text.MBC0_IRQHandler
                0x000077e0        0x8 ./startup/startup_mcxa153.o
                0x000077e0                MBC0_IRQHandler
 .text.SCG0_IRQHandler
                0x000077e8        0x8 ./startup/startup_mcxa153.o
                0x000077e8                SCG0_IRQHandler
 .text.SPC0_IRQHandler
                0x000077f0        0x8 ./startup/startup_mcxa153.o
                0x000077f0                SPC0_IRQHandler
 .text.Reserved33_IRQHandler
                0x000077f8        0x8 ./startup/startup_mcxa153.o
                0x000077f8                Reserved33_IRQHandler
 .text.WUU0_IRQHandler
                0x00007800        0x8 ./startup/startup_mcxa153.o
                0x00007800                WUU0_IRQHandler
 .text.Reserved35_IRQHandler
                0x00007808        0x8 ./startup/startup_mcxa153.o
                0x00007808                Reserved35_IRQHandler
 .text.Reserved36_IRQHandler
                0x00007810        0x8 ./startup/startup_mcxa153.o
                0x00007810                Reserved36_IRQHandler
 .text.Reserved37_IRQHandler
                0x00007818        0x8 ./startup/startup_mcxa153.o
                0x00007818                Reserved37_IRQHandler
 .text.Reserved38_IRQHandler
                0x00007820        0x8 ./startup/startup_mcxa153.o
                0x00007820                Reserved38_IRQHandler
 .text.Reserved39_IRQHandler
                0x00007828        0x8 ./startup/startup_mcxa153.o
                0x00007828                Reserved39_IRQHandler
 .text.I3C0_IRQHandler
                0x00007830        0x8 ./startup/startup_mcxa153.o
                0x00007830                I3C0_IRQHandler
 .text.Reserved41_IRQHandler
                0x00007838        0x8 ./startup/startup_mcxa153.o
                0x00007838                Reserved41_IRQHandler
 .text.Reserved43_IRQHandler
                0x00007840        0x8 ./startup/startup_mcxa153.o
                0x00007840                Reserved43_IRQHandler
 .text.LPSPI0_IRQHandler
                0x00007848        0x8 ./startup/startup_mcxa153.o
                0x00007848                LPSPI0_IRQHandler
 .text.LPSPI1_IRQHandler
                0x00007850        0x8 ./startup/startup_mcxa153.o
                0x00007850                LPSPI1_IRQHandler
 .text.Reserved46_IRQHandler
                0x00007858        0x8 ./startup/startup_mcxa153.o
                0x00007858                Reserved46_IRQHandler
 .text.LPUART1_IRQHandler
                0x00007860        0x8 ./startup/startup_mcxa153.o
                0x00007860                LPUART1_IRQHandler
 .text.Reserved50_IRQHandler
                0x00007868        0x8 ./startup/startup_mcxa153.o
                0x00007868                Reserved50_IRQHandler
 .text.Reserved51_IRQHandler
                0x00007870        0x8 ./startup/startup_mcxa153.o
                0x00007870                Reserved51_IRQHandler
 .text.USB0_IRQHandler
                0x00007878        0x8 ./startup/startup_mcxa153.o
                0x00007878                USB0_IRQHandler
 .text.Reserved53_IRQHandler
                0x00007880        0x8 ./startup/startup_mcxa153.o
                0x00007880                Reserved53_IRQHandler
 .text.CDOG0_IRQHandler
                0x00007888        0x8 ./startup/startup_mcxa153.o
                0x00007888                CDOG0_IRQHandler
 .text.CTIMER0_IRQHandler
                0x00007890        0x8 ./startup/startup_mcxa153.o
                0x00007890                CTIMER0_IRQHandler
 .text.CTIMER1_IRQHandler
                0x00007898        0x8 ./startup/startup_mcxa153.o
                0x00007898                CTIMER1_IRQHandler
 .text.CTIMER2_IRQHandler
                0x000078a0        0x8 ./startup/startup_mcxa153.o
                0x000078a0                CTIMER2_IRQHandler
 .text.Reserved58_IRQHandler
                0x000078a8        0x8 ./startup/startup_mcxa153.o
                0x000078a8                Reserved58_IRQHandler
 .text.Reserved59_IRQHandler
                0x000078b0        0x8 ./startup/startup_mcxa153.o
                0x000078b0                Reserved59_IRQHandler
 .text.FLEXPWM0_RELOAD_ERROR_IRQHandler
                0x000078b8        0x8 ./startup/startup_mcxa153.o
                0x000078b8                FLEXPWM0_RELOAD_ERROR_IRQHandler
 .text.FLEXPWM0_FAULT_IRQHandler
                0x000078c0        0x8 ./startup/startup_mcxa153.o
                0x000078c0                FLEXPWM0_FAULT_IRQHandler
 .text.FLEXPWM0_SUBMODULE0_IRQHandler
                0x000078c8        0x8 ./startup/startup_mcxa153.o
                0x000078c8                FLEXPWM0_SUBMODULE0_IRQHandler
 .text.FLEXPWM0_SUBMODULE1_IRQHandler
                0x000078d0        0x8 ./startup/startup_mcxa153.o
                0x000078d0                FLEXPWM0_SUBMODULE1_IRQHandler
 .text.FLEXPWM0_SUBMODULE2_IRQHandler
                0x000078d8        0x8 ./startup/startup_mcxa153.o
                0x000078d8                FLEXPWM0_SUBMODULE2_IRQHandler
 .text.Reserved65_IRQHandler
                0x000078e0        0x8 ./startup/startup_mcxa153.o
                0x000078e0                Reserved65_IRQHandler
 .text.QDC0_COMPARE_IRQHandler
                0x000078e8        0x8 ./startup/startup_mcxa153.o
                0x000078e8                QDC0_COMPARE_IRQHandler
 .text.QDC0_HOME_IRQHandler
                0x000078f0        0x8 ./startup/startup_mcxa153.o
                0x000078f0                QDC0_HOME_IRQHandler
 .text.QDC0_WATCHDOG_IRQHandler
                0x000078f8        0x8 ./startup/startup_mcxa153.o
                0x000078f8                QDC0_WATCHDOG_IRQHandler
 .text.QDC0_INDEX_IRQHandler
                0x00007900        0x8 ./startup/startup_mcxa153.o
                0x00007900                QDC0_INDEX_IRQHandler
 .text.FREQME0_IRQHandler
                0x00007908        0x8 ./startup/startup_mcxa153.o
                0x00007908                FREQME0_IRQHandler
 .text.LPTMR0_IRQHandler
                0x00007910        0x8 ./startup/startup_mcxa153.o
                0x00007910                LPTMR0_IRQHandler
 .text.Reserved72_IRQHandler
                0x00007918        0x8 ./startup/startup_mcxa153.o
                0x00007918                Reserved72_IRQHandler
 .text.OS_EVENT_IRQHandler
                0x00007920        0x8 ./startup/startup_mcxa153.o
                0x00007920                OS_EVENT_IRQHandler
 .text.WAKETIMER0_IRQHandler
                0x00007928        0x8 ./startup/startup_mcxa153.o
                0x00007928                WAKETIMER0_IRQHandler
 .text.UTICK0_IRQHandler
                0x00007930        0x8 ./startup/startup_mcxa153.o
                0x00007930                UTICK0_IRQHandler
 .text.WWDT0_IRQHandler
                0x00007938        0x8 ./startup/startup_mcxa153.o
                0x00007938                WWDT0_IRQHandler
 .text.Reserved77_IRQHandler
                0x00007940        0x8 ./startup/startup_mcxa153.o
                0x00007940                Reserved77_IRQHandler
 .text.ADC0_IRQHandler
                0x00007948        0x8 ./startup/startup_mcxa153.o
                0x00007948                ADC0_IRQHandler
 .text.Reserved79_IRQHandler
                0x00007950        0x8 ./startup/startup_mcxa153.o
                0x00007950                Reserved79_IRQHandler
 .text.CMP0_IRQHandler
                0x00007958        0x8 ./startup/startup_mcxa153.o
                0x00007958                CMP0_IRQHandler
 .text.CMP1_IRQHandler
                0x00007960        0x8 ./startup/startup_mcxa153.o
                0x00007960                CMP1_IRQHandler
 .text.Reserved82_IRQHandler
                0x00007968        0x8 ./startup/startup_mcxa153.o
                0x00007968                Reserved82_IRQHandler
 .text.Reserved83_IRQHandler
                0x00007970        0x8 ./startup/startup_mcxa153.o
                0x00007970                Reserved83_IRQHandler
 .text.Reserved84_IRQHandler
                0x00007978        0x8 ./startup/startup_mcxa153.o
                0x00007978                Reserved84_IRQHandler
 .text.Reserved85_IRQHandler
                0x00007980        0x8 ./startup/startup_mcxa153.o
                0x00007980                Reserved85_IRQHandler
 .text.Reserved86_IRQHandler
                0x00007988        0x8 ./startup/startup_mcxa153.o
                0x00007988                Reserved86_IRQHandler
 .text.GPIO0_IRQHandler
                0x00007990        0x8 ./startup/startup_mcxa153.o
                0x00007990                GPIO0_IRQHandler
 .text.GPIO1_IRQHandler
                0x00007998        0x8 ./startup/startup_mcxa153.o
                0x00007998                GPIO1_IRQHandler
 .text.GPIO2_IRQHandler
                0x000079a0        0x8 ./startup/startup_mcxa153.o
                0x000079a0                GPIO2_IRQHandler
 .text.GPIO3_IRQHandler
                0x000079a8        0x8 ./startup/startup_mcxa153.o
                0x000079a8                GPIO3_IRQHandler
 .text.strsep   0x000079b0       0x50 ./source/utils/GPS.o
                0x000079b0                strsep
 .text.GPSCalculateDirections
                0x00007a00       0x86 ./source/utils/GPS.o
                0x00007a00                GPSCalculateDirections
 .text.determineLongitudeDirection
                0x00007a86       0x2e ./source/utils/GPS.o
                0x00007a86                determineLongitudeDirection
 .text.determineLatitudeDirection
                0x00007ab4       0x2e ./source/utils/GPS.o
                0x00007ab4                determineLatitudeDirection
 .text.delay_us
                0x00007ae2       0x32 ./source/lcdDriver/lcd.o
                0x00007ae2                delay_us
 .text.lcd_print
                0x00007b14       0x16 ./source/lcdDriver/lcd.o
                0x00007b14                lcd_print
 .text.lcd_pulse_enable
                0x00007b2a       0x44 ./source/lcdDriver/lcd.o
 .text.lcd_write4bits
                0x00007b6e       0x28 ./source/lcdDriver/lcd.o
 .text.lcd_send
                0x00007b96       0x42 ./source/lcdDriver/lcd.o
 .text.lcd_send_cmd
                0x00007bd8       0x1c ./source/lcdDriver/lcd.o
                0x00007bd8                lcd_send_cmd
 .text.lcd_send_data
                0x00007bf4       0x1c ./source/lcdDriver/lcd.o
                0x00007bf4                lcd_send_data
 .text.lcd_init
                0x00007c10       0x62 ./source/lcdDriver/lcd.o
                0x00007c10                lcd_init
 .text.lcd_send_string
                0x00007c72       0x2a ./source/lcdDriver/lcd.o
                0x00007c72                lcd_send_string
 .text.lcd_clear
                0x00007c9c       0x16 ./source/lcdDriver/lcd.o
                0x00007c9c                lcd_clear
 .text.lcd_set_cursor
                0x00007cb2       0x52 ./source/lcdDriver/lcd.o
                0x00007cb2                lcd_set_cursor
 .text.show     0x00007d04       0x42 ./source/games/trivia.o
 .text.Game_Trivia
                0x00007d46       0x48 ./source/games/trivia_game.o
                0x00007d46                Game_Trivia
 .text.ld_word  0x00007d8e       0x30 ./source/fatFs/ff.o
 .text.ld_dword
                0x00007dbe       0x44 ./source/fatFs/ff.o
 .text.st_word  0x00007e02       0x34 ./source/fatFs/ff.o
 .text.st_dword
                0x00007e36       0x56 ./source/fatFs/ff.o
 .text.dbc_1st  0x00007e8c       0x3e ./source/fatFs/ff.o
 .text.dbc_2nd  0x00007eca       0x52 ./source/fatFs/ff.o
 .text.sync_window
                0x00007f1c       0x78 ./source/fatFs/ff.o
 .text.move_window
                0x00007f94       0x5a ./source/fatFs/ff.o
 .text.clst2sect
                0x00007fee       0x3c ./source/fatFs/ff.o
 .text.get_fat  0x0000802a      0x14e ./source/fatFs/ff.o
 .text.put_fat  0x00008178      0x1d4 ./source/fatFs/ff.o
 .text.remove_chain
                0x0000834c       0xca ./source/fatFs/ff.o
 .text.create_chain
                0x00008416      0x1aa ./source/fatFs/ff.o
 .text.dir_clear
                0x000085c0       0x90 ./source/fatFs/ff.o
 .text.dir_sdi  0x00008650       0xf6 ./source/fatFs/ff.o
 .text.dir_next
                0x00008746      0x12c ./source/fatFs/ff.o
 .text.dir_alloc
                0x00008872       0x8e ./source/fatFs/ff.o
 .text.ld_clust
                0x00008900       0x3e ./source/fatFs/ff.o
 .text.st_clust
                0x0000893e       0x40 ./source/fatFs/ff.o
 .text.dir_find
                0x0000897e       0xaa ./source/fatFs/ff.o
 .text.dir_register
                0x00008a28       0x64 ./source/fatFs/ff.o
 .text.follow_path
                0x00008a8c      0x11c ./source/fatFs/ff.o
 .text.find_volume
                0x00008ba8       0xbe ./source/fatFs/ff.o
 .text.validate
                0x00008c66       0x6a ./source/fatFs/ff.o
 .text.f_read   0x00008cd0      0x21a ./source/fatFs/ff.o
                0x00008cd0                f_read
 .text.f_write  0x00008eea      0x2ba ./source/fatFs/ff.o
                0x00008eea                f_write
 .text.f_close  0x000091a4       0x40 ./source/fatFs/ff.o
                0x000091a4                f_close
 .text.putc_bfd
                0x000091e4       0x70 ./source/fatFs/ff.o
 .text.putc_flush
                0x00009254       0x4a ./source/fatFs/ff.o
 .text.putc_init
                0x0000929e       0x22 ./source/fatFs/ff.o
 .text.dly_us   0x000092c0       0x32 ./source/fatFs/sdmm.o
                0x000092c0                dly_us
 .text.wait_ready
                0x000092f2       0x48 ./source/fatFs/sdmm.o
 .text.rcvr_datablock
                0x0000933a       0x62 ./source/fatFs/sdmm.o
 .text.xmit_datablock
                0x0000939c       0x6a ./source/fatFs/sdmm.o
 .text.send_cmd
                0x00009406       0xda ./source/fatFs/sdmm.o
 .text.disk_ioctl
                0x000094e0      0x116 ./source/fatFs/sdmm.o
                0x000094e0                disk_ioctl
 .text.GPIO_PinInit
                0x000095f6       0x16 ./source/Keypad/fsl_gpio.o
                0x000095f6                GPIO_PinInit
 .text.GPIO_PinWrite
                0x0000960c       0x34 ./source/Keypad/keypad.o
 .text.GPIO_PinRead
                0x00009640       0x22 ./source/Keypad/keypad.o
 .text.Keypad_Scan
                0x00009662        0xe ./source/Keypad/keypad.o
                0x00009662                Keypad_Scan
 .text.f_init   0x00009670       0x4a ./source/fifo.o
                0x00009670                f_init
 .text.f_push   0x000096ba       0x6a ./source/fifo.o
                0x000096ba                f_push
 .text.f_pop    0x00009724       0x66 ./source/fifo.o
                0x00009724                f_pop
 .text.f_cnt    0x0000978a       0x16 ./source/fifo.o
                0x0000978a                f_cnt
 .text.__sys_write
                0x000097a0       0x56 ./source/retarget.o
                0x000097a0                __sys_write
 .text.__sys_readc
                0x000097f6        0xe ./source/retarget.o
                0x000097f6                __sys_readc
 .text.HardFault_Handler
                0x00009804       0x36 ./source/semihost_hardfault.o
                0x00009804                HardFault_Handler
 .text.SystemInitHook
                0x0000983a        0xc ./device/system_MCXA153.o
                0x0000983a                SystemInitHook
 .text.__main   0x00009846        0xe C:/nxp/MCUXpressoIDE_24.12.148/ide/plugins/com.nxp.mcuxpresso.tools.win32_24.12.0.202407110909/tools/bin/../lib/gcc/arm-none-eabi/13.2.1/../../../../arm-none-eabi/lib/thumb/v8-m.main/nofp\libcr_semihost_nf.a(_cr__main.o)
                0x00009846                __CR_SEMIHOST
                0x00009846                __main
 .text.memcpy   0x00009854        0x4 C:/nxp/MCUXpressoIDE_24.12.148/ide/plugins/com.nxp.mcuxpresso.tools.win32_24.12.0.202407110909/tools/bin/../lib/gcc/arm-none-eabi/13.2.1/../../../../arm-none-eabi/lib/thumb/v8-m.main/nofp\libcr_c.a(memcpy.o)
                0x00009854                memcpy
 .text.memset   0x00009858        0x4 C:/nxp/MCUXpressoIDE_24.12.148/ide/plugins/com.nxp.mcuxpresso.tools.win32_24.12.0.202407110909/tools/bin/../lib/gcc/arm-none-eabi/13.2.1/../../../../arm-none-eabi/lib/thumb/v8-m.main/nofp\libcr_c.a(memset.o)
                0x00009858                memset
 .text._deferredlazyseek
                0x0000985c       0x40 C:/nxp/MCUXpressoIDE_24.12.148/ide/plugins/com.nxp.mcuxpresso.tools.win32_24.12.0.202407110909/tools/bin/../lib/gcc/arm-none-eabi/13.2.1/../../../../arm-none-eabi/lib/thumb/v8-m.main/nofp\libcr_c.a(_deferredlazyseek.o)
                0x0000985c                _deferredlazyseek
 .text.__flsbuf
                0x0000989c      0x126 C:/nxp/MCUXpressoIDE_24.12.148/ide/plugins/com.nxp.mcuxpresso.tools.win32_24.12.0.202407110909/tools/bin/../lib/gcc/arm-none-eabi/13.2.1/../../../../arm-none-eabi/lib/thumb/v8-m.main/nofp\libcr_c.a(_deferredlazyseek.o)
                0x0000989c                __flsbuf
 .text._fflush  0x000099c2       0x52 C:/nxp/MCUXpressoIDE_24.12.148/ide/plugins/com.nxp.mcuxpresso.tools.win32_24.12.0.202407110909/tools/bin/../lib/gcc/arm-none-eabi/13.2.1/../../../../arm-none-eabi/lib/thumb/v8-m.main/nofp\libcr_c.a(_fflush.o)
                0x000099c2                _fflush
 .text.free     0x00009a14       0x30 C:/nxp/MCUXpressoIDE_24.12.148/ide/plugins/com.nxp.mcuxpresso.tools.win32_24.12.0.202407110909/tools/bin/../lib/gcc/arm-none-eabi/13.2.1/../../../../arm-none-eabi/lib/thumb/v8-m.main/nofp\libcr_c.a(alloc.o)
                0x00009a14                free
 .text.fabs     0x00009a44       0x1c C:/nxp/MCUXpressoIDE_24.12.148/ide/plugins/com.nxp.mcuxpresso.tools.win32_24.12.0.202407110909/tools/bin/../lib/gcc/arm-none-eabi/13.2.1/../../../../arm-none-eabi/lib/thumb/v8-m.main/nofp\libcr_c.a(fabs.o)
                0x00009a44                fabs
 .text.fp_round
                0x00009a60       0x4c C:/nxp/MCUXpressoIDE_24.12.148/ide/plugins/com.nxp.mcuxpresso.tools.win32_24.12.0.202407110909/tools/bin/../lib/gcc/arm-none-eabi/13.2.1/../../../../arm-none-eabi/lib/thumb/v8-m.main/nofp\libcr_c.a(fpprintf.o)
 .text.pr_dec.constprop.0
                0x00009aac       0x24 C:/nxp/MCUXpressoIDE_24.12.148/ide/plugins/com.nxp.mcuxpresso.tools.win32_24.12.0.202407110909/tools/bin/../lib/gcc/arm-none-eabi/13.2.1/../../../../arm-none-eabi/lib/thumb/v8-m.main/nofp\libcr_c.a(fpprintf.o)
 .text.memcmp   0x00009ad0       0x42 C:/nxp/MCUXpressoIDE_24.12.148/ide/plugins/com.nxp.mcuxpresso.tools.win32_24.12.0.202407110909/tools/bin/../lib/gcc/arm-none-eabi/13.2.1/../../../../arm-none-eabi/lib/thumb/v8-m.main/nofp\libcr_c.a(memcmp.o)
                0x00009ad0                memcmp
 .text.sscanf   0x00009b12       0x3e C:/nxp/MCUXpressoIDE_24.12.148/ide/plugins/com.nxp.mcuxpresso.tools.win32_24.12.0.202407110909/tools/bin/../lib/gcc/arm-none-eabi/13.2.1/../../../../arm-none-eabi/lib/thumb/v8-m.main/nofp\libcr_c.a(scanf.o)
                0x00009b12                sscanf
 .text.setvbuf  0x00009b50       0x3e C:/nxp/MCUXpressoIDE_24.12.148/ide/plugins/com.nxp.mcuxpresso.tools.win32_24.12.0.202407110909/tools/bin/../lib/gcc/arm-none-eabi/13.2.1/../../../../arm-none-eabi/lib/thumb/v8-m.main/nofp\libcr_c.a(setvbuf.o)
                0x00009b50                setvbuf
 .text.strchr   0x00009b8e       0x18 C:/nxp/MCUXpressoIDE_24.12.148/ide/plugins/com.nxp.mcuxpresso.tools.win32_24.12.0.202407110909/tools/bin/../lib/gcc/arm-none-eabi/13.2.1/../../../../arm-none-eabi/lib/thumb/v8-m.main/nofp\libcr_c.a(strchr.o)
                0x00009b8e                strchr
 .text.strcmp   0x00009ba6       0x44 C:/nxp/MCUXpressoIDE_24.12.148/ide/plugins/com.nxp.mcuxpresso.tools.win32_24.12.0.202407110909/tools/bin/../lib/gcc/arm-none-eabi/13.2.1/../../../../arm-none-eabi/lib/thumb/v8-m.main/nofp\libcr_c.a(strcmp.o)
                0x00009ba6                strcmp
 .text.strcspn  0x00009bea       0x1e C:/nxp/MCUXpressoIDE_24.12.148/ide/plugins/com.nxp.mcuxpresso.tools.win32_24.12.0.202407110909/tools/bin/../lib/gcc/arm-none-eabi/13.2.1/../../../../arm-none-eabi/lib/thumb/v8-m.main/nofp\libcr_c.a(strcspn.o)
                0x00009bea                strcspn
 .text.strlen   0x00009c08       0x4e C:/nxp/MCUXpressoIDE_24.12.148/ide/plugins/com.nxp.mcuxpresso.tools.win32_24.12.0.202407110909/tools/bin/../lib/gcc/arm-none-eabi/13.2.1/../../../../arm-none-eabi/lib/thumb/v8-m.main/nofp\libcr_c.a(strlen.o)
                0x00009c08                strlen
 .text.strncat  0x00009c56       0x28 C:/nxp/MCUXpressoIDE_24.12.148/ide/plugins/com.nxp.mcuxpresso.tools.win32_24.12.0.202407110909/tools/bin/../lib/gcc/arm-none-eabi/13.2.1/../../../../arm-none-eabi/lib/thumb/v8-m.main/nofp\libcr_c.a(strncat.o)
                0x00009c56                strncat
 .text.strncmp  0x00009c7e       0x54 C:/nxp/MCUXpressoIDE_24.12.148/ide/plugins/com.nxp.mcuxpresso.tools.win32_24.12.0.202407110909/tools/bin/../lib/gcc/arm-none-eabi/13.2.1/../../../../arm-none-eabi/lib/thumb/v8-m.main/nofp\libcr_c.a(strncmp.o)
                0x00009c7e                strncmp
 .text.ungetc   0x00009cd2       0x32 C:/nxp/MCUXpressoIDE_24.12.148/ide/plugins/com.nxp.mcuxpresso.tools.win32_24.12.0.202407110909/tools/bin/../lib/gcc/arm-none-eabi/13.2.1/../../../../arm-none-eabi/lib/thumb/v8-m.main/nofp\libcr_c.a(ungetc.o)
                0x00009cd2                ungetc
 .text._Csys_read_
                0x00009d04       0x22 C:/nxp/MCUXpressoIDE_24.12.148/ide/plugins/com.nxp.mcuxpresso.tools.win32_24.12.0.202407110909/tools/bin/../lib/gcc/arm-none-eabi/13.2.1/../../../../arm-none-eabi/lib/thumb/v8-m.main/nofp\libcr_c.a(__fillbuf.o)
                0x00009d04                _Csys_read_
 .text._fdopen  0x00009d26       0x68 C:/nxp/MCUXpressoIDE_24.12.148/ide/plugins/com.nxp.mcuxpresso.tools.win32_24.12.0.202407110909/tools/bin/../lib/gcc/arm-none-eabi/13.2.1/../../../../arm-none-eabi/lib/thumb/v8-m.main/nofp\libcr_c.a(_fdopen.o)
                0x00009d26                _fdopen
 .text._frexpl  0x00009d8e       0x5a C:/nxp/MCUXpressoIDE_24.12.148/ide/plugins/com.nxp.mcuxpresso.tools.win32_24.12.0.202407110909/tools/bin/../lib/gcc/arm-none-eabi/13.2.1/../../../../arm-none-eabi/lib/thumb/v8-m.main/nofp\libcr_c.a(_frexpl.o)
                0x00009d8e                _frexpl
 .text.fclose   0x00009de8       0x58 C:/nxp/MCUXpressoIDE_24.12.148/ide/plugins/com.nxp.mcuxpresso.tools.win32_24.12.0.202407110909/tools/bin/../lib/gcc/arm-none-eabi/13.2.1/../../../../arm-none-eabi/lib/thumb/v8-m.main/nofp\libcr_c.a(fclose.o)
                0x00009de8                fclose
 .text.frexp    0x00009e40       0x5a C:/nxp/MCUXpressoIDE_24.12.148/ide/plugins/com.nxp.mcuxpresso.tools.win32_24.12.0.202407110909/tools/bin/../lib/gcc/arm-none-eabi/13.2.1/../../../../arm-none-eabi/lib/thumb/v8-m.main/nofp\libcr_c.a(frexp.o)
                0x00009e40                frexp
 .text.remove   0x00009e9a       0x14 C:/nxp/MCUXpressoIDE_24.12.148/ide/plugins/com.nxp.mcuxpresso.tools.win32_24.12.0.202407110909/tools/bin/../lib/gcc/arm-none-eabi/13.2.1/../../../../arm-none-eabi/lib/thumb/v8-m.main/nofp\libcr_c.a(remove.o)
                0x00009e9a                remove
 .text._do_fflush
                0x00009eae       0x40 C:/nxp/MCUXpressoIDE_24.12.148/ide/plugins/com.nxp.mcuxpresso.tools.win32_24.12.0.202407110909/tools/bin/../lib/gcc/arm-none-eabi/13.2.1/../../../../arm-none-eabi/lib/thumb/v8-m.main/nofp\libcr_c.a(_do_fflush.o)
                0x00009eae                _do_fflush
 .text.__aeabi_division_uldivmod
                0x00009eee      0x174 C:/nxp/MCUXpressoIDE_24.12.148/ide/plugins/com.nxp.mcuxpresso.tools.win32_24.12.0.202407110909/tools/bin/../lib/gcc/arm-none-eabi/13.2.1/thumb/v8-m.main/nofp\libcr_eabihelpers.a(division_64.o)
                0x00009eee                __aeabi_uldivmod
                0x00009ef2                __bhs_ldivmod1
 .text.__aeabi_division_idiv0
                0x0000a062        0x2 C:/nxp/MCUXpressoIDE_24.12.148/ide/plugins/com.nxp.mcuxpresso.tools.win32_24.12.0.202407110909/tools/bin/../lib/gcc/arm-none-eabi/13.2.1/thumb/v8-m.main/nofp\libcr_eabihelpers.a(division_idiv0.o)
                0x0000a062                __aeabi_idiv0
 .text.__aeabi_d2iz
                0x0000a064       0x42 C:/nxp/MCUXpressoIDE_24.12.148/ide/plugins/com.nxp.mcuxpresso.tools.win32_24.12.0.202407110909/tools/bin/../lib/gcc/arm-none-eabi/13.2.1/thumb/v8-m.main/nofp\libcr_eabihelpers.a(double.o)
                0x0000a064                __aeabi_d2iz
 .text.__bhs_ui2d
                0x0000a0a6       0x46 C:/nxp/MCUXpressoIDE_24.12.148/ide/plugins/com.nxp.mcuxpresso.tools.win32_24.12.0.202407110909/tools/bin/../lib/gcc/arm-none-eabi/13.2.1/thumb/v8-m.main/nofp\libcr_eabihelpers.a(double.o)
                0x0000a0a6                __bhs_ui2d
 .text.__aeabi_i2d
                0x0000a0ec       0x10 C:/nxp/MCUXpressoIDE_24.12.148/ide/plugins/com.nxp.mcuxpresso.tools.win32_24.12.0.202407110909/tools/bin/../lib/gcc/arm-none-eabi/13.2.1/thumb/v8-m.main/nofp\libcr_eabihelpers.a(double.o)
                0x0000a0ec                __aeabi_i2d
 .text.__aeabi_dcmpeq
                0x0000a0fc       0x30 C:/nxp/MCUXpressoIDE_24.12.148/ide/plugins/com.nxp.mcuxpresso.tools.win32_24.12.0.202407110909/tools/bin/../lib/gcc/arm-none-eabi/13.2.1/thumb/v8-m.main/nofp\libcr_eabihelpers.a(double.o)
                0x0000a0fc                __aeabi_dcmpeq
 .text.__aeabi_dcmplt
                0x0000a12c       0x56 C:/nxp/MCUXpressoIDE_24.12.148/ide/plugins/com.nxp.mcuxpresso.tools.win32_24.12.0.202407110909/tools/bin/../lib/gcc/arm-none-eabi/13.2.1/thumb/v8-m.main/nofp\libcr_eabihelpers.a(double.o)
                0x0000a12c                __aeabi_dcmplt
 .text.__aeabi_dcmpgt
                0x0000a182       0x56 C:/nxp/MCUXpressoIDE_24.12.148/ide/plugins/com.nxp.mcuxpresso.tools.win32_24.12.0.202407110909/tools/bin/../lib/gcc/arm-none-eabi/13.2.1/thumb/v8-m.main/nofp\libcr_eabihelpers.a(double.o)
                0x0000a182                __aeabi_dcmpgt
 .text.__aeabi_dcmple
                0x0000a1d8       0x54 C:/nxp/MCUXpressoIDE_24.12.148/ide/plugins/com.nxp.mcuxpresso.tools.win32_24.12.0.202407110909/tools/bin/../lib/gcc/arm-none-eabi/13.2.1/thumb/v8-m.main/nofp\libcr_eabihelpers.a(double.o)
                0x0000a1d8                __aeabi_dcmple
 .text.__aeabi_dcmpge
                0x0000a22c       0x5a C:/nxp/MCUXpressoIDE_24.12.148/ide/plugins/com.nxp.mcuxpresso.tools.win32_24.12.0.202407110909/tools/bin/../lib/gcc/arm-none-eabi/13.2.1/thumb/v8-m.main/nofp\libcr_eabihelpers.a(double.o)
                0x0000a22c                __aeabi_dcmpge
 .text.__aeabi_memcpy
                0x0000a286       0x34 C:/nxp/MCUXpressoIDE_24.12.148/ide/plugins/com.nxp.mcuxpresso.tools.win32_24.12.0.202407110909/tools/bin/../lib/gcc/arm-none-eabi/13.2.1/thumb/v8-m.main/nofp\libcr_eabihelpers.a(memcpy.o)
                0x0000a286                __aeabi_memcpy
                0x0000a290                __aeabi_memcpy8
                0x0000a290                __aeabi_memcpy4
 .text.__aeabi_memset_lowlevel
                0x0000a2ba       0x32 C:/nxp/MCUXpressoIDE_24.12.148/ide/plugins/com.nxp.mcuxpresso.tools.win32_24.12.0.202407110909/tools/bin/../lib/gcc/arm-none-eabi/13.2.1/thumb/v8-m.main/nofp\libcr_eabihelpers.a(memcpy.o)
                0x0000a2ba                __aeabi_lowlevel_memset
 .text.__sys_close
                0x0000a2ec        0xc C:/nxp/MCUXpressoIDE_24.12.148/ide/plugins/com.nxp.mcuxpresso.tools.win32_24.12.0.202407110909/tools/bin/../lib/gcc/arm-none-eabi/13.2.1/../../../../arm-none-eabi/lib/thumb/v8-m.main/nofp\libcr_semihost_nf.a(__sys_close.o)
                0x0000a2ec                __sys_close
 .text.__sys_flen
                0x0000a2f8        0xc C:/nxp/MCUXpressoIDE_24.12.148/ide/plugins/com.nxp.mcuxpresso.tools.win32_24.12.0.202407110909/tools/bin/../lib/gcc/arm-none-eabi/13.2.1/../../../../arm-none-eabi/lib/thumb/v8-m.main/nofp\libcr_semihost_nf.a(__sys_flen.o)
                0x0000a2f8                __sys_flen
 .text.__sys_istty
                0x0000a304        0xc C:/nxp/MCUXpressoIDE_24.12.148/ide/plugins/com.nxp.mcuxpresso.tools.win32_24.12.0.202407110909/tools/bin/../lib/gcc/arm-none-eabi/13.2.1/../../../../arm-none-eabi/lib/thumb/v8-m.main/nofp\libcr_semihost_nf.a(__sys_istty.o)
                0x0000a304                __sys_istty
 .text.__sys_read
                0x0000a310        0xc C:/nxp/MCUXpressoIDE_24.12.148/ide/plugins/com.nxp.mcuxpresso.tools.win32_24.12.0.202407110909/tools/bin/../lib/gcc/arm-none-eabi/13.2.1/../../../../arm-none-eabi/lib/thumb/v8-m.main/nofp\libcr_semihost_nf.a(__sys_read.o)
                0x0000a310                __sys_read
 .text.__sys_remove
                0x0000a31c        0xc C:/nxp/MCUXpressoIDE_24.12.148/ide/plugins/com.nxp.mcuxpresso.tools.win32_24.12.0.202407110909/tools/bin/../lib/gcc/arm-none-eabi/13.2.1/../../../../arm-none-eabi/lib/thumb/v8-m.main/nofp\libcr_semihost_nf.a(__sys_remove.o)
                0x0000a31c                __sys_remove
 .text.__sys_seek
                0x0000a328        0xc C:/nxp/MCUXpressoIDE_24.12.148/ide/plugins/com.nxp.mcuxpresso.tools.win32_24.12.0.202407110909/tools/bin/../lib/gcc/arm-none-eabi/13.2.1/../../../../arm-none-eabi/lib/thumb/v8-m.main/nofp\libcr_semihost_nf.a(__sys_seek.o)
                0x0000a328                __sys_seek
 .text.__sys_tmpnam
                0x0000a334        0xc C:/nxp/MCUXpressoIDE_24.12.148/ide/plugins/com.nxp.mcuxpresso.tools.win32_24.12.0.202407110909/tools/bin/../lib/gcc/arm-none-eabi/13.2.1/../../../../arm-none-eabi/lib/thumb/v8-m.main/nofp\libcr_semihost_nf.a(__sys_tmpnam.o)
                0x0000a334                __sys_tmpnam
 *(SORT_BY_ALIGNMENT(.rodata) SORT_BY_ALIGNMENT(.rodata.*) SORT_BY_ALIGNMENT(.constdata) SORT_BY_ALIGNMENT(.constdata.*))
 .rodata.a2.0   0x0000a340       0x40 C:/nxp/MCUXpressoIDE_24.12.148/ide/plugins/com.nxp.mcuxpresso.tools.win32_24.12.0.202407110909/tools/bin/../lib/gcc/arm-none-eabi/13.2.1/../../../../arm-none-eabi/lib/thumb/v8-m.main/nofp\libcr_c.a(pow.o)
 .rodata.a1.1   0x0000a380       0x88 C:/nxp/MCUXpressoIDE_24.12.148/ide/plugins/com.nxp.mcuxpresso.tools.win32_24.12.0.202407110909/tools/bin/../lib/gcc/arm-none-eabi/13.2.1/../../../../arm-none-eabi/lib/thumb/v8-m.main/nofp\libcr_c.a(pow.o)
 .rodata.GPS_updateData.str1.4
                0x0000a408      0x34e ./source/utils/GPS.o
                                  0x7 (size before relaxing)
 .rodata.parseGNGGA.str1.4
                0x0000a756        0x2 ./source/utils/GPS.o
 .rodata.Logger_updateData.str1.4
                0x0000a756       0x28 ./source/utils/Logger.o
 .rodata.SD_Writeln.str1.4
                0x0000a756        0x5 ./source/utils/SD.o
 .rodata.Game_Memory.str1.4
                0x0000a756       0x17 ./source/games/code_game.o
 .rodata.initGameControl.str1.4
                0x0000a756        0xa ./source/games/game_control.o
 .rodata.checkGameStatus.str1.4
                0x0000a756       0x1a ./source/games/game_control.o
 .rodata.initGPSLocationGame.str1.4
                0x0000a756       0x4f ./source/games/gps_location.game.o
 .rodata.gpsLocationGame.str1.4
                0x0000a756       0x28 ./source/games/gps_location.game.o
 .rodata.initGPSProximityGame.str1.4
                0x0000a756       0x4f ./source/games/gps_proximity.game.o
 .rodata.gpsProximityGame.str1.4
                0x0000a756       0x3c ./source/games/gps_proximity.game.o
 .rodata.Game_Unlock.str1.4
                0x0000a756       0x2c ./source/games/pin_game.o
 .rodata.str1.4
                0x0000a756      0x153 ./source/games/trivia.o
 .rodata.Trivia_RunGame.str1.4
                0x0000a756       0x53 ./source/games/trivia.o
 .rodata.create_name.str1.4
                0x0000a756        0xf ./source/fatFs/ff.o
 .rodata.check_fs.str1.4
                0x0000a756        0x9 ./source/fatFs/ff.o
 .rodata.ftoa.str1.4
                0x0000a756        0xb ./source/fatFs/ff.o
 *fill*         0x0000a756        0x2 ff
 .rodata.keypad_map
                0x0000a758       0x10 ./source/Keypad/keypad.o
 .rodata.row_pins
                0x0000a768       0x10 ./source/Keypad/keypad.o
 .rodata.col_pins
                0x0000a778       0x10 ./source/Keypad/keypad.o
 .rodata        0x0000a788        0x2 ./source/Keypad/keypad.o
 .rodata.main.str1.4
                0x0000a78a       0x1c ./source/main.o
 .rodata.update_system.str1.4
                0x0000a78a       0x3a ./source/main.o
 *fill*         0x0000a78a        0x2 ff
 .rodata.__num_Ciob_streams
                0x0000a78c        0x4 C:/nxp/MCUXpressoIDE_24.12.148/ide/plugins/com.nxp.mcuxpresso.tools.win32_24.12.0.202407110909/tools/bin/../lib/gcc/arm-none-eabi/13.2.1/../../../../arm-none-eabi/lib/thumb/v8-m.main/nofp\libcr_semihost_nf.a(__ciob.o)
                0x0000a78c                __num_Ciob_streams
 .rodata._Csys_alloc.str1.1
                0x0000a790       0x87 C:/nxp/MCUXpressoIDE_24.12.148/ide/plugins/com.nxp.mcuxpresso.tools.win32_24.12.0.202407110909/tools/bin/../lib/gcc/arm-none-eabi/13.2.1/../../../../arm-none-eabi/lib/thumb/v8-m.main/nofp\libcr_c.a(alloc.o)
                                 0x18 (size before relaxing)
 .rodata.fp_display.str1.1
                0x0000a817       0x35 C:/nxp/MCUXpressoIDE_24.12.148/ide/plugins/com.nxp.mcuxpresso.tools.win32_24.12.0.202407110909/tools/bin/../lib/gcc/arm-none-eabi/13.2.1/../../../../arm-none-eabi/lib/thumb/v8-m.main/nofp\libcr_c.a(fpprintf.o)
 .rodata._initio.str1.1
                0x0000a817        0x4 C:/nxp/MCUXpressoIDE_24.12.148/ide/plugins/com.nxp.mcuxpresso.tools.win32_24.12.0.202407110909/tools/bin/../lib/gcc/arm-none-eabi/13.2.1/../../../../arm-none-eabi/lib/thumb/v8-m.main/nofp\libcr_c.a(initio.o)
 .rodata.__vfprintf.str1.1
                0x0000a817       0x38 C:/nxp/MCUXpressoIDE_24.12.148/ide/plugins/com.nxp.mcuxpresso.tools.win32_24.12.0.202407110909/tools/bin/../lib/gcc/arm-none-eabi/13.2.1/../../../../arm-none-eabi/lib/thumb/v8-m.main/nofp\libcr_c.a(printf.o)
 .rodata.strtod.str1.1
                0x0000a817        0x6 C:/nxp/MCUXpressoIDE_24.12.148/ide/plugins/com.nxp.mcuxpresso.tools.win32_24.12.0.202407110909/tools/bin/../lib/gcc/arm-none-eabi/13.2.1/../../../../arm-none-eabi/lib/thumb/v8-m.main/nofp\libcr_c.a(scanf.o)
 .rodata.__ctype
                0x0000a817      0x180 C:/nxp/MCUXpressoIDE_24.12.148/ide/plugins/com.nxp.mcuxpresso.tools.win32_24.12.0.202407110909/tools/bin/../lib/gcc/arm-none-eabi/13.2.1/../../../../arm-none-eabi/lib/thumb/v8-m.main/nofp\libcr_c.a(ctype.o)
                0x0000a817                __ctype
                0x0000a998                        . = ALIGN (0x4)
 *fill*         0x0000a997        0x1 ff

.glue_7         0x0000a998        0x0
 .glue_7        0x0000a998        0x0 linker stubs

.glue_7t        0x0000a998        0x0
 .glue_7t       0x0000a998        0x0 linker stubs

.vfp11_veneer   0x0000a998        0x0
 .vfp11_veneer  0x0000a998        0x0 linker stubs

.v4_bx          0x0000a998        0x0
 .v4_bx         0x0000a998        0x0 linker stubs

.iplt           0x0000a998        0x0
 .iplt          0x0000a998        0x0 ./startup/startup_mcxa153.o

.rel.dyn        0x0000a998        0x0
 .rel.iplt      0x0000a998        0x0 ./startup/startup_mcxa153.o

.ARM.extab
 *(SORT_BY_ALIGNMENT(.ARM.extab*) SORT_BY_ALIGNMENT(.gnu.linkonce.armextab.*))

.ARM.exidx      0x0000a998        0x0
                0x0000a998                        __exidx_start = .
 *(SORT_BY_ALIGNMENT(.ARM.exidx*) SORT_BY_ALIGNMENT(.gnu.linkonce.armexidx.*))
                0x0000a998                        __exidx_end = .
                0x0000a998                        _etext = .

.data_RAM2      0x04000000        0x0 load address 0x0000a998
 FILL mask 0xff
                [!provide]                        PROVIDE (__start_data_RAM2 = .)
                [!provide]                        PROVIDE (__start_data_SRAMX0 = .)
 *(SORT_BY_ALIGNMENT(.ramfunc.$RAM2))
 *(SORT_BY_ALIGNMENT(.ramfunc.$SRAMX0))
 *(SORT_BY_ALIGNMENT(.data.$RAM2))
 *(SORT_BY_ALIGNMENT(.data.$SRAMX0))
 *(SORT_BY_ALIGNMENT(.data.$RAM2.*))
 *(SORT_BY_ALIGNMENT(.data.$SRAMX0.*))
                0x04000000                        . = ALIGN (0x4)
                [!provide]                        PROVIDE (__end_data_RAM2 = .)
                [!provide]                        PROVIDE (__end_data_SRAMX0 = .)

.data_RAM3      0x04002000        0x0 load address 0x0000a998
 FILL mask 0xff
                [!provide]                        PROVIDE (__start_data_RAM3 = .)
                [!provide]                        PROVIDE (__start_data_SRAMX1 = .)
 *(SORT_BY_ALIGNMENT(.ramfunc.$RAM3))
 *(SORT_BY_ALIGNMENT(.ramfunc.$SRAMX1))
 *(SORT_BY_ALIGNMENT(.data.$RAM3))
 *(SORT_BY_ALIGNMENT(.data.$SRAMX1))
 *(SORT_BY_ALIGNMENT(.data.$RAM3.*))
 *(SORT_BY_ALIGNMENT(.data.$SRAMX1.*))
                0x04002000                        . = ALIGN (0x4)
                [!provide]                        PROVIDE (__end_data_RAM3 = .)
                [!provide]                        PROVIDE (__end_data_SRAMX1 = .)

.uninit_RESERVED
                0x20000000        0x0
                0x20000000                        _start_uninit_RESERVED = .
 *(SORT_BY_ALIGNMENT(.bss.$RESERVED*))
                0x20000000                        . = ALIGN (0x4)
                0x20000000                        _end_uninit_RESERVED = .

.data           0x20000000      0x16c load address 0x0000a998
 FILL mask 0xff
                0x20000000                        _data = .
                [!provide]                        PROVIDE (__start_data_RAM = .)
                [!provide]                        PROVIDE (__start_data_SRAM = .)
 *(SORT_BY_ALIGNMENT(vtable))
 *(SORT_BY_ALIGNMENT(.ramfunc*))
 *(SORT_BY_ALIGNMENT(CodeQuickAccess))
 *(SORT_BY_ALIGNMENT(DataQuickAccess))
 *(SORT_BY_ALIGNMENT(RamFunction))
 *(SORT_BY_ALIGNMENT(.data*))
 .data.noFixLoops
                0x20000000        0x4 ./source/utils/GPS.o
                0x20000000                noFixLoops
 .data.question_pool
                0x20000004       0x78 ./source/games/trivia.o
 .data.neginf.0
                0x2000007c        0x4 C:/nxp/MCUXpressoIDE_24.12.148/ide/plugins/com.nxp.mcuxpresso.tools.win32_24.12.0.202407110909/tools/bin/../lib/gcc/arm-none-eabi/13.2.1/../../../../arm-none-eabi/lib/thumb/v8-m.main/nofp\libcr_c.a(scanf.o)
 .data.posinf.1
                0x20000080        0x4 C:/nxp/MCUXpressoIDE_24.12.148/ide/plugins/com.nxp.mcuxpresso.tools.win32_24.12.0.202407110909/tools/bin/../lib/gcc/arm-none-eabi/13.2.1/../../../../arm-none-eabi/lib/thumb/v8-m.main/nofp\libcr_c.a(scanf.o)
 .data._random_k
                0x20000084        0x4 C:/nxp/MCUXpressoIDE_24.12.148/ide/plugins/com.nxp.mcuxpresso.tools.win32_24.12.0.202407110909/tools/bin/../lib/gcc/arm-none-eabi/13.2.1/../../../../arm-none-eabi/lib/thumb/v8-m.main/nofp\libcr_c.a(stdlib.o)
 .data._random_j
                0x20000088        0x4 C:/nxp/MCUXpressoIDE_24.12.148/ide/plugins/com.nxp.mcuxpresso.tools.win32_24.12.0.202407110909/tools/bin/../lib/gcc/arm-none-eabi/13.2.1/../../../../arm-none-eabi/lib/thumb/v8-m.main/nofp\libcr_c.a(stdlib.o)
 .data._random_number_seed
                0x2000008c       0xdc C:/nxp/MCUXpressoIDE_24.12.148/ide/plugins/com.nxp.mcuxpresso.tools.win32_24.12.0.202407110909/tools/bin/../lib/gcc/arm-none-eabi/13.2.1/../../../../arm-none-eabi/lib/thumb/v8-m.main/nofp\libcr_c.a(stdlib.o)
 .data.Stat     0x20000168        0x1 ./source/fatFs/sdmm.o
                0x2000016c                        . = ALIGN (0x4)
 *fill*         0x20000169        0x3 ff
                0x2000016c                        _edata = .
                [!provide]                        PROVIDE (__end_data_RAM = .)
                [!provide]                        PROVIDE (__end_data_SRAM = .)

.igot.plt       0x2000016c        0x0 load address 0x0000ab04
 .igot.plt      0x2000016c        0x0 ./startup/startup_mcxa153.o

.bss_RAM2       0x04000000        0x0
                [!provide]                        PROVIDE (__start_bss_RAM2 = .)
                [!provide]                        PROVIDE (__start_bss_SRAMX0 = .)
 *(SORT_BY_ALIGNMENT(.bss.$RAM2))
 *(SORT_BY_ALIGNMENT(.bss.$SRAMX0))
 *(SORT_BY_ALIGNMENT(.bss.$RAM2.*))
 *(SORT_BY_ALIGNMENT(.bss.$SRAMX0.*))
                0x04000000                        . = ALIGN ((. != 0x0)?0x4:0x1)
                [!provide]                        PROVIDE (__end_bss_RAM2 = .)
                [!provide]                        PROVIDE (__end_bss_SRAMX0 = .)

.bss_RAM3       0x04002000        0x0
                [!provide]                        PROVIDE (__start_bss_RAM3 = .)
                [!provide]                        PROVIDE (__start_bss_SRAMX1 = .)
 *(SORT_BY_ALIGNMENT(.bss.$RAM3))
 *(SORT_BY_ALIGNMENT(.bss.$SRAMX1))
 *(SORT_BY_ALIGNMENT(.bss.$RAM3.*))
 *(SORT_BY_ALIGNMENT(.bss.$SRAMX1.*))
                0x04002000                        . = ALIGN ((. != 0x0)?0x4:0x1)
                [!provide]                        PROVIDE (__end_bss_RAM3 = .)
                [!provide]                        PROVIDE (__end_bss_SRAMX1 = .)

.bss            0x20000170      0xc0c
                0x20000170                        _bss = .
                [!provide]                        PROVIDE (__start_bss_RAM = .)
                [!provide]                        PROVIDE (__start_bss_SRAM = .)
 *(SORT_BY_ALIGNMENT(.bss*))
 .bss.currentLocation
                0x20000170       0x18 ./source/utils/GPS.o
                0x20000170                currentLocation
 .bss.targetLocation
                0x20000188       0x18 ./source/utils/GPS.o
                0x20000188                targetLocation
 .bss.directions
                0x200001a0       0x18 ./source/utils/GPS.o
                0x200001a0                directions
 .bss.connectionQuality
                0x200001b8       0x18 ./source/utils/GPS.o
                0x200001b8                connectionQuality
 .bss.locationGameProps
                0x200001d0       0x18 ./source/games/gps_location.game.o
                0x200001d0                locationGameProps
 .bss.proximityGameProps
                0x200001e8       0x18 ./source/games/gps_proximity.game.o
                0x200001e8                proximityGameProps
 .bss.buffer    0x20000200       0x64 ./source/utils/GPS.o
                0x20000200                buffer
 .bss.file      0x20000264       0x28 ./source/utils/SD.o
                0x20000264                file
 .bss.bw        0x2000028c        0x4 ./source/utils/SD.o
                0x2000028c                bw
 .bss.br        0x20000290        0x4 ./source/utils/SD.o
                0x20000290                br
 .bss.tx        0x20000294       0x18 ./source/lcdDriver/lpi2c0_controller_interrupt.o
 .bss.rx        0x200002ac       0x18 ./source/lcdDriver/lpi2c0_controller_interrupt.o
 .bss.tx_buffer
                0x200002c4       0x40 ./source/lcdDriver/lpi2c0_controller_interrupt.o
 .bss.rx_buffer
                0x20000304       0x40 ./source/lcdDriver/lpi2c0_controller_interrupt.o
 .bss.gameControl
                0x20000344        0x3 ./source/games/game_control.o
                0x20000344                gameControl
 *fill*         0x20000347        0x1 
 .bss.FatFs     0x20000348        0x4 ./source/fatFs/ff.o
 .bss.tx        0x2000034c       0x18 ./source/lpuart0_interrupt.o
 .bss.rx        0x20000364       0x18 ./source/lpuart0_interrupt.o
 .bss.tx_buffer
                0x2000037c       0x80 ./source/lpuart0_interrupt.o
 .bss.rx_buffer
                0x200003fc       0x80 ./source/lpuart0_interrupt.o
 .bss.tx        0x2000047c       0x18 ./source/lpuart2_interrupt.o
 .bss.rx        0x20000494       0x18 ./source/lpuart2_interrupt.o
 .bss.tx_buffer
                0x200004ac      0x400 ./source/lpuart2_interrupt.o
 .bss.rx_buffer
                0x200008ac      0x400 ./source/lpuart2_interrupt.o
 .bss.ms        0x20000cac        0x4 ./source/main.o
                0x20000cac                ms
 .bss.__Ciob    0x20000cb0       0xb4 C:/nxp/MCUXpressoIDE_24.12.148/ide/plugins/com.nxp.mcuxpresso.tools.win32_24.12.0.202407110909/tools/bin/../lib/gcc/arm-none-eabi/13.2.1/../../../../arm-none-eabi/lib/thumb/v8-m.main/nofp\libcr_semihost_nf.a(__ciob.o)
                0x20000cb0                __Ciob
 .bss.__end_of_heap
                0x20000d64        0x4 C:/nxp/MCUXpressoIDE_24.12.148/ide/plugins/com.nxp.mcuxpresso.tools.win32_24.12.0.202407110909/tools/bin/../lib/gcc/arm-none-eabi/13.2.1/../../../../arm-none-eabi/lib/thumb/v8-m.main/nofp\libcr_c.a(__init_alloc.o)
                0x20000d64                __end_of_heap
 .bss.__heaps   0x20000d68        0x4 C:/nxp/MCUXpressoIDE_24.12.148/ide/plugins/com.nxp.mcuxpresso.tools.win32_24.12.0.202407110909/tools/bin/../lib/gcc/arm-none-eabi/13.2.1/../../../../arm-none-eabi/lib/thumb/v8-m.main/nofp\libcr_c.a(__init_alloc.o)
                0x20000d68                __heaps
 .bss.errno     0x20000d6c        0x4 C:/nxp/MCUXpressoIDE_24.12.148/ide/plugins/com.nxp.mcuxpresso.tools.win32_24.12.0.202407110909/tools/bin/../lib/gcc/arm-none-eabi/13.2.1/../../../../arm-none-eabi/lib/thumb/v8-m.main/nofp\libcr_c.a(errno.o)
                0x20000d6c                errno
 .bss.secret_code
                0x20000d70        0x2 ./source/games/code_game.o
 .bss.Fsid      0x20000d72        0x2 ./source/fatFs/ff.o
 .bss.secret_code
                0x20000d74        0x2 ./source/main.o
                0x20000d74                secret_code
 .bss.fr        0x20000d76        0x1 ./source/utils/SD.o
                0x20000d76                fr
 .bss.code_shown
                0x20000d77        0x1 ./source/games/code_game.o
 .bss.CurrVol   0x20000d78        0x1 ./source/fatFs/ff.o
 .bss.CardType  0x20000d79        0x1 ./source/fatFs/sdmm.o
 *(SORT_BY_ALIGNMENT(COMMON))
                0x20000d7c                        . = ALIGN (0x4)
 *fill*         0x20000d7a        0x2 
                0x20000d7c                        _ebss = .
                [!provide]                        PROVIDE (__end_bss_RAM = .)
                [!provide]                        PROVIDE (__end_bss_SRAM = .)
                [!provide]                        PROVIDE (end = .)

.noinit_RAM2    0x04000000        0x0
                [!provide]                        PROVIDE (__start_noinit_RAM2 = .)
                [!provide]                        PROVIDE (__start_noinit_SRAMX0 = .)
 *(SORT_BY_ALIGNMENT(.noinit.$RAM2))
 *(SORT_BY_ALIGNMENT(.noinit.$SRAMX0))
 *(SORT_BY_ALIGNMENT(.noinit.$RAM2.*))
 *(SORT_BY_ALIGNMENT(.noinit.$SRAMX0.*))
                0x04000000                        . = ALIGN (0x4)
                [!provide]                        PROVIDE (__end_noinit_RAM2 = .)
                [!provide]                        PROVIDE (__end_noinit_SRAMX0 = .)

.noinit_RAM3    0x04002000        0x0
                [!provide]                        PROVIDE (__start_noinit_RAM3 = .)
                [!provide]                        PROVIDE (__start_noinit_SRAMX1 = .)
 *(SORT_BY_ALIGNMENT(.noinit.$RAM3))
 *(SORT_BY_ALIGNMENT(.noinit.$SRAMX1))
 *(SORT_BY_ALIGNMENT(.noinit.$RAM3.*))
 *(SORT_BY_ALIGNMENT(.noinit.$SRAMX1.*))
                0x04002000                        . = ALIGN (0x4)
                [!provide]                        PROVIDE (__end_noinit_RAM3 = .)
                [!provide]                        PROVIDE (__end_noinit_SRAMX1 = .)

.noinit         0x20000d7c        0x0
                0x20000d7c                        _noinit = .
                [!provide]                        PROVIDE (__start_noinit_RAM = .)
                [!provide]                        PROVIDE (__start_noinit_SRAM = .)
 *(SORT_BY_ALIGNMENT(.noinit*))
                0x20000d7c                        . = ALIGN (0x4)
                0x20000d7c                        _end_noinit = .
                [!provide]                        PROVIDE (__end_noinit_RAM = .)
                [!provide]                        PROVIDE (__end_noinit_SRAM = .)
                0x00000600                        _HeapSize = 0x600

.heap           0x20000d7c      0x600
                0x20000d7c                        _pvHeapStart = .
                0x2000137c                        . = (. + _HeapSize)
 *fill*         0x20000d7c      0x600 
                0x2000137c                        . = ALIGN (0x4)
                0x2000137c                        _pvHeapLimit = .
                0x00000600                        _StackSize = 0x600

.heap2stackfill
                0x2000137c      0x600
                0x2000197c                        . = (. + _StackSize)
 *fill*         0x2000137c      0x600 

.stack          0x20005a00        0x0
                0x20005a00                        _vStackBase = .
                0x20005a00                        . = ALIGN (0x4)
                0x20006000                        _vStackTop = (. + _StackSize)
                0x00000000                        _image_start = LOADADDR (.text)
                0x0000ab04                        _image_end = (LOADADDR (.data) + SIZEOF (.data))
                0x0000ab04                        _image_size = (_image_end - _image_start)
OUTPUT(project.axf elf32-littlearm)
LOAD linker stubs

.debug_info     0x00000000    0x17dbd
 .debug_info    0x00000000      0xb86 ./startup/startup_mcxa153.o
 .debug_info    0x00000b86      0x654 ./source/utils/GPS.o
 .debug_info    0x000011da      0x1f5 ./source/utils/Logger.o
 .debug_info    0x000013cf      0x617 ./source/utils/SD.o
 .debug_info    0x000019e6       0xbd ./source/utils/delay.o
 .debug_info    0x00001aa3      0x6df ./source/lcdDriver/lcd.o
 .debug_info    0x00002182     0x11a6 ./source/lcdDriver/lpi2c0_controller_interrupt.o
 .debug_info    0x00003328      0x2a4 ./source/games/code_game.o
 .debug_info    0x000035cc      0x1f2 ./source/games/game_control.o
 .debug_info    0x000037be      0x429 ./source/games/gps_location.game.o
 .debug_info    0x00003be7      0x438 ./source/games/gps_proximity.game.o
 .debug_info    0x0000401f      0x2d7 ./source/games/pin_game.o
 .debug_info    0x000042f6      0x6db ./source/games/trivia.o
 .debug_info    0x000049d1      0x1a5 ./source/games/trivia_game.o
 .debug_info    0x00004b76     0x21d6 ./source/fatFs/ff.o
 .debug_info    0x00006d4c      0xbdc ./source/fatFs/sdmm.o
 .debug_info    0x00007928      0x2b2 ./source/Keypad/fsl_gpio.o
 .debug_info    0x00007bda      0xc6a ./source/Keypad/keypad.o
 .debug_info    0x00008844      0x2dc ./source/fifo.o
 .debug_info    0x00008b20      0x670 ./source/gpio_output.o
 .debug_info    0x00009190      0xf5b ./source/lpuart0_interrupt.o
 .debug_info    0x0000a0eb      0xf5c ./source/lpuart2_interrupt.o
 .debug_info    0x0000b047      0xec1 ./source/main.o
 .debug_info    0x0000bf08      0x128 ./source/retarget.o
 .debug_info    0x0000c030       0x3c ./source/semihost_hardfault.o
 .debug_info    0x0000c06c      0xc6a ./device/system_MCXA153.o
 .debug_info    0x0000ccd6       0x85 C:/nxp/MCUXpressoIDE_24.12.148/ide/plugins/com.nxp.mcuxpresso.tools.win32_24.12.0.202407110909/tools/bin/../lib/gcc/arm-none-eabi/13.2.1/../../../../arm-none-eabi/lib/thumb/v8-m.main/nofp\libcr_semihost_nf.a(_cr__main.o)
 .debug_info    0x0000cd5b      0x18b C:/nxp/MCUXpressoIDE_24.12.148/ide/plugins/com.nxp.mcuxpresso.tools.win32_24.12.0.202407110909/tools/bin/../lib/gcc/arm-none-eabi/13.2.1/../../../../arm-none-eabi/lib/thumb/v8-m.main/nofp\libcr_semihost_nf.a(__ciob.o)
 .debug_info    0x0000cee6      0x12b C:/nxp/MCUXpressoIDE_24.12.148/ide/plugins/com.nxp.mcuxpresso.tools.win32_24.12.0.202407110909/tools/bin/../lib/gcc/arm-none-eabi/13.2.1/../../../../arm-none-eabi/lib/thumb/v8-m.main/nofp\libcr_c.a(memcpy.o)
 .debug_info    0x0000d011       0xfc C:/nxp/MCUXpressoIDE_24.12.148/ide/plugins/com.nxp.mcuxpresso.tools.win32_24.12.0.202407110909/tools/bin/../lib/gcc/arm-none-eabi/13.2.1/../../../../arm-none-eabi/lib/thumb/v8-m.main/nofp\libcr_c.a(memset.o)
 .debug_info    0x0000d10d      0x369 C:/nxp/MCUXpressoIDE_24.12.148/ide/plugins/com.nxp.mcuxpresso.tools.win32_24.12.0.202407110909/tools/bin/../lib/gcc/arm-none-eabi/13.2.1/../../../../arm-none-eabi/lib/thumb/v8-m.main/nofp\libcr_c.a(_deferredlazyseek.o)
 .debug_info    0x0000d476      0x1e3 C:/nxp/MCUXpressoIDE_24.12.148/ide/plugins/com.nxp.mcuxpresso.tools.win32_24.12.0.202407110909/tools/bin/../lib/gcc/arm-none-eabi/13.2.1/../../../../arm-none-eabi/lib/thumb/v8-m.main/nofp\libcr_c.a(_fflush.o)
 .debug_info    0x0000d659      0x289 C:/nxp/MCUXpressoIDE_24.12.148/ide/plugins/com.nxp.mcuxpresso.tools.win32_24.12.0.202407110909/tools/bin/../lib/gcc/arm-none-eabi/13.2.1/../../../../arm-none-eabi/lib/thumb/v8-m.main/nofp\libcr_c.a(_writebuf.o)
 .debug_info    0x0000d8e2      0x520 C:/nxp/MCUXpressoIDE_24.12.148/ide/plugins/com.nxp.mcuxpresso.tools.win32_24.12.0.202407110909/tools/bin/../lib/gcc/arm-none-eabi/13.2.1/../../../../arm-none-eabi/lib/thumb/v8-m.main/nofp\libcr_c.a(alloc.o)
 .debug_info    0x0000de02       0xe2 C:/nxp/MCUXpressoIDE_24.12.148/ide/plugins/com.nxp.mcuxpresso.tools.win32_24.12.0.202407110909/tools/bin/../lib/gcc/arm-none-eabi/13.2.1/../../../../arm-none-eabi/lib/thumb/v8-m.main/nofp\libcr_c.a(cos.o)
 .debug_info    0x0000dee4       0x8f C:/nxp/MCUXpressoIDE_24.12.148/ide/plugins/com.nxp.mcuxpresso.tools.win32_24.12.0.202407110909/tools/bin/../lib/gcc/arm-none-eabi/13.2.1/../../../../arm-none-eabi/lib/thumb/v8-m.main/nofp\libcr_c.a(fabs.o)
 .debug_info    0x0000df73     0x1569 C:/nxp/MCUXpressoIDE_24.12.148/ide/plugins/com.nxp.mcuxpresso.tools.win32_24.12.0.202407110909/tools/bin/../lib/gcc/arm-none-eabi/13.2.1/../../../../arm-none-eabi/lib/thumb/v8-m.main/nofp\libcr_c.a(fpprintf.o)
 .debug_info    0x0000f4dc      0x276 C:/nxp/MCUXpressoIDE_24.12.148/ide/plugins/com.nxp.mcuxpresso.tools.win32_24.12.0.202407110909/tools/bin/../lib/gcc/arm-none-eabi/13.2.1/../../../../arm-none-eabi/lib/thumb/v8-m.main/nofp\libcr_c.a(fseek.o)
 .debug_info    0x0000f752      0x197 C:/nxp/MCUXpressoIDE_24.12.148/ide/plugins/com.nxp.mcuxpresso.tools.win32_24.12.0.202407110909/tools/bin/../lib/gcc/arm-none-eabi/13.2.1/../../../../arm-none-eabi/lib/thumb/v8-m.main/nofp\libcr_c.a(ftell.o)
 .debug_info    0x0000f8e9      0x339 C:/nxp/MCUXpressoIDE_24.12.148/ide/plugins/com.nxp.mcuxpresso.tools.win32_24.12.0.202407110909/tools/bin/../lib/gcc/arm-none-eabi/13.2.1/../../../../arm-none-eabi/lib/thumb/v8-m.main/nofp\libcr_c.a(initio.o)
 .debug_info    0x0000fc22      0x115 C:/nxp/MCUXpressoIDE_24.12.148/ide/plugins/com.nxp.mcuxpresso.tools.win32_24.12.0.202407110909/tools/bin/../lib/gcc/arm-none-eabi/13.2.1/../../../../arm-none-eabi/lib/thumb/v8-m.main/nofp\libcr_c.a(memcmp.o)
 .debug_info    0x0000fd37      0x617 C:/nxp/MCUXpressoIDE_24.12.148/ide/plugins/com.nxp.mcuxpresso.tools.win32_24.12.0.202407110909/tools/bin/../lib/gcc/arm-none-eabi/13.2.1/../../../../arm-none-eabi/lib/thumb/v8-m.main/nofp\libcr_c.a(pow.o)
 .debug_info    0x0001034e     0x1280 C:/nxp/MCUXpressoIDE_24.12.148/ide/plugins/com.nxp.mcuxpresso.tools.win32_24.12.0.202407110909/tools/bin/../lib/gcc/arm-none-eabi/13.2.1/../../../../arm-none-eabi/lib/thumb/v8-m.main/nofp\libcr_c.a(printf.o)
 .debug_info    0x000115ce     0x19dd C:/nxp/MCUXpressoIDE_24.12.148/ide/plugins/com.nxp.mcuxpresso.tools.win32_24.12.0.202407110909/tools/bin/../lib/gcc/arm-none-eabi/13.2.1/../../../../arm-none-eabi/lib/thumb/v8-m.main/nofp\libcr_c.a(scanf.o)
 .debug_info    0x00012fab      0x1fd C:/nxp/MCUXpressoIDE_24.12.148/ide/plugins/com.nxp.mcuxpresso.tools.win32_24.12.0.202407110909/tools/bin/../lib/gcc/arm-none-eabi/13.2.1/../../../../arm-none-eabi/lib/thumb/v8-m.main/nofp\libcr_c.a(setvbuf.o)
 .debug_info    0x000131a8      0x203 C:/nxp/MCUXpressoIDE_24.12.148/ide/plugins/com.nxp.mcuxpresso.tools.win32_24.12.0.202407110909/tools/bin/../lib/gcc/arm-none-eabi/13.2.1/../../../../arm-none-eabi/lib/thumb/v8-m.main/nofp\libcr_c.a(sqrt.o)
 .debug_info    0x000133ab      0x4bb C:/nxp/MCUXpressoIDE_24.12.148/ide/plugins/com.nxp.mcuxpresso.tools.win32_24.12.0.202407110909/tools/bin/../lib/gcc/arm-none-eabi/13.2.1/../../../../arm-none-eabi/lib/thumb/v8-m.main/nofp\libcr_c.a(stdlib.o)
 .debug_info    0x00013866       0xa8 C:/nxp/MCUXpressoIDE_24.12.148/ide/plugins/com.nxp.mcuxpresso.tools.win32_24.12.0.202407110909/tools/bin/../lib/gcc/arm-none-eabi/13.2.1/../../../../arm-none-eabi/lib/thumb/v8-m.main/nofp\libcr_c.a(strchr.o)
 .debug_info    0x0001390e       0xfe C:/nxp/MCUXpressoIDE_24.12.148/ide/plugins/com.nxp.mcuxpresso.tools.win32_24.12.0.202407110909/tools/bin/../lib/gcc/arm-none-eabi/13.2.1/../../../../arm-none-eabi/lib/thumb/v8-m.main/nofp\libcr_c.a(strcmp.o)
 .debug_info    0x00013a0c       0xe0 C:/nxp/MCUXpressoIDE_24.12.148/ide/plugins/com.nxp.mcuxpresso.tools.win32_24.12.0.202407110909/tools/bin/../lib/gcc/arm-none-eabi/13.2.1/../../../../arm-none-eabi/lib/thumb/v8-m.main/nofp\libcr_c.a(strcspn.o)
 .debug_info    0x00013aec       0xe1 C:/nxp/MCUXpressoIDE_24.12.148/ide/plugins/com.nxp.mcuxpresso.tools.win32_24.12.0.202407110909/tools/bin/../lib/gcc/arm-none-eabi/13.2.1/../../../../arm-none-eabi/lib/thumb/v8-m.main/nofp\libcr_c.a(strlen.o)
 .debug_info    0x00013bcd       0xca C:/nxp/MCUXpressoIDE_24.12.148/ide/plugins/com.nxp.mcuxpresso.tools.win32_24.12.0.202407110909/tools/bin/../lib/gcc/arm-none-eabi/13.2.1/../../../../arm-none-eabi/lib/thumb/v8-m.main/nofp\libcr_c.a(strncat.o)
 .debug_info    0x00013c97      0x11c C:/nxp/MCUXpressoIDE_24.12.148/ide/plugins/com.nxp.mcuxpresso.tools.win32_24.12.0.202407110909/tools/bin/../lib/gcc/arm-none-eabi/13.2.1/../../../../arm-none-eabi/lib/thumb/v8-m.main/nofp\libcr_c.a(strncmp.o)
 .debug_info    0x00013db3      0x192 C:/nxp/MCUXpressoIDE_24.12.148/ide/plugins/com.nxp.mcuxpresso.tools.win32_24.12.0.202407110909/tools/bin/../lib/gcc/arm-none-eabi/13.2.1/../../../../arm-none-eabi/lib/thumb/v8-m.main/nofp\libcr_c.a(ungetc.o)
 .debug_info    0x00013f45      0x46d C:/nxp/MCUXpressoIDE_24.12.148/ide/plugins/com.nxp.mcuxpresso.tools.win32_24.12.0.202407110909/tools/bin/../lib/gcc/arm-none-eabi/13.2.1/../../../../arm-none-eabi/lib/thumb/v8-m.main/nofp\libcr_c.a(__fillbuf.o)
 .debug_info    0x000143b2       0xd4 C:/nxp/MCUXpressoIDE_24.12.148/ide/plugins/com.nxp.mcuxpresso.tools.win32_24.12.0.202407110909/tools/bin/../lib/gcc/arm-none-eabi/13.2.1/../../../../arm-none-eabi/lib/thumb/v8-m.main/nofp\libcr_c.a(__init_alloc.o)
 .debug_info    0x00014486      0x107 C:/nxp/MCUXpressoIDE_24.12.148/ide/plugins/com.nxp.mcuxpresso.tools.win32_24.12.0.202407110909/tools/bin/../lib/gcc/arm-none-eabi/13.2.1/../../../../arm-none-eabi/lib/thumb/v8-m.main/nofp\libcr_c.a(_cr_sbrk.o)
 .debug_info    0x0001458d      0x24b C:/nxp/MCUXpressoIDE_24.12.148/ide/plugins/com.nxp.mcuxpresso.tools.win32_24.12.0.202407110909/tools/bin/../lib/gcc/arm-none-eabi/13.2.1/../../../../arm-none-eabi/lib/thumb/v8-m.main/nofp\libcr_c.a(_fdopen.o)
 .debug_info    0x000147d8      0x15e C:/nxp/MCUXpressoIDE_24.12.148/ide/plugins/com.nxp.mcuxpresso.tools.win32_24.12.0.202407110909/tools/bin/../lib/gcc/arm-none-eabi/13.2.1/../../../../arm-none-eabi/lib/thumb/v8-m.main/nofp\libcr_c.a(_frexpl.o)
 .debug_info    0x00014936      0x146 C:/nxp/MCUXpressoIDE_24.12.148/ide/plugins/com.nxp.mcuxpresso.tools.win32_24.12.0.202407110909/tools/bin/../lib/gcc/arm-none-eabi/13.2.1/../../../../arm-none-eabi/lib/thumb/v8-m.main/nofp\libcr_c.a(_ldexpl.o)
 .debug_info    0x00014a7c      0x286 C:/nxp/MCUXpressoIDE_24.12.148/ide/plugins/com.nxp.mcuxpresso.tools.win32_24.12.0.202407110909/tools/bin/../lib/gcc/arm-none-eabi/13.2.1/../../../../arm-none-eabi/lib/thumb/v8-m.main/nofp\libcr_c.a(_sincos.o)
 .debug_info    0x00014d02      0x2f8 C:/nxp/MCUXpressoIDE_24.12.148/ide/plugins/com.nxp.mcuxpresso.tools.win32_24.12.0.202407110909/tools/bin/../lib/gcc/arm-none-eabi/13.2.1/../../../../arm-none-eabi/lib/thumb/v8-m.main/nofp\libcr_c.a(ctype.o)
 .debug_info    0x00014ffa       0x44 C:/nxp/MCUXpressoIDE_24.12.148/ide/plugins/com.nxp.mcuxpresso.tools.win32_24.12.0.202407110909/tools/bin/../lib/gcc/arm-none-eabi/13.2.1/../../../../arm-none-eabi/lib/thumb/v8-m.main/nofp\libcr_c.a(errno.o)
 .debug_info    0x0001503e      0x318 C:/nxp/MCUXpressoIDE_24.12.148/ide/plugins/com.nxp.mcuxpresso.tools.win32_24.12.0.202407110909/tools/bin/../lib/gcc/arm-none-eabi/13.2.1/../../../../arm-none-eabi/lib/thumb/v8-m.main/nofp\libcr_c.a(fclose.o)