Archive member included to satisfy reference by file (symbol)

/Applications/MCUXpressoIDE_24.12.148/ide/plugins/com.nxp.mcuxpresso.tools.macosx_24.12.0.202407110909/tools/bin/../lib/gcc/arm-none-eabi/13.2.1/../../../../arm-none-eabi/lib/thumb/v8-m.main/nofp/libcr_semihost_nf.a(_cr__main.o)
                              ./startup/startup_mcxa153.o (__main)
/Applications/MCUXpressoIDE_24.12.148/ide/plugins/com.nxp.mcuxpresso.tools.macosx_24.12.0.202407110909/tools/bin/../lib/gcc/arm-none-eabi/13.2.1/../../../../arm-none-eabi/lib/thumb/v8-m.main/nofp/libcr_c.a(cos.o)
                              ./source/utils/GPS.o (cos)
/Applications/MCUXpressoIDE_24.12.148/ide/plugins/com.nxp.mcuxpresso.tools.macosx_24.12.0.202407110909/tools/bin/../lib/gcc/arm-none-eabi/13.2.1/../../../../arm-none-eabi/lib/thumb/v8-m.main/nofp/libcr_c.a(fabs.o)
                              ./source/utils/GPS.o (fabs)
/Applications/MCUXpressoIDE_24.12.148/ide/plugins/com.nxp.mcuxpresso.tools.macosx_24.12.0.202407110909/tools/bin/../lib/gcc/arm-none-eabi/13.2.1/../../../../arm-none-eabi/lib/thumb/v8-m.main/nofp/libcr_c.a(fpprintf.o)
                              ./source/main.o (printf)
/Applications/MCUXpressoIDE_24.12.148/ide/plugins/com.nxp.mcuxpresso.tools.macosx_24.12.0.202407110909/tools/bin/../lib/gcc/arm-none-eabi/13.2.1/../../../../arm-none-eabi/lib/thumb/v8-m.main/nofp/libcr_c.a(initio.o)
                              /Applications/MCUXpressoIDE_24.12.148/ide/plugins/com.nxp.mcuxpresso.tools.macosx_24.12.0.202407110909/tools/bin/../lib/gcc/arm-none-eabi/13.2.1/../../../../arm-none-eabi/lib/thumb/v8-m.main/nofp/libcr_semihost_nf.a(_cr__main.o) (_initio)
/Applications/MCUXpressoIDE_24.12.148/ide/plugins/com.nxp.mcuxpresso.tools.macosx_24.12.0.202407110909/tools/bin/../lib/gcc/arm-none-eabi/13.2.1/../../../../arm-none-eabi/lib/thumb/v8-m.main/nofp/libcr_c.a(printf.o)
                              /Applications/MCUXpressoIDE_24.12.148/ide/plugins/com.nxp.mcuxpresso.tools.macosx_24.12.0.202407110909/tools/bin/../lib/gcc/arm-none-eabi/13.2.1/../../../../arm-none-eabi/lib/thumb/v8-m.main/nofp/libcr_c.a(fpprintf.o) (__vfprintf)
/Applications/MCUXpressoIDE_24.12.148/ide/plugins/com.nxp.mcuxpresso.tools.macosx_24.12.0.202407110909/tools/bin/../lib/gcc/arm-none-eabi/13.2.1/../../../../arm-none-eabi/lib/thumb/v8-m.main/nofp/libcr_c.a(scanf.o)
                              ./source/main.o (atof)
/Applications/MCUXpressoIDE_24.12.148/ide/plugins/com.nxp.mcuxpresso.tools.macosx_24.12.0.202407110909/tools/bin/../lib/gcc/arm-none-eabi/13.2.1/../../../../arm-none-eabi/lib/thumb/v8-m.main/nofp/libcr_c.a(setvbuf.o)
                              /Applications/MCUXpressoIDE_24.12.148/ide/plugins/com.nxp.mcuxpresso.tools.macosx_24.12.0.202407110909/tools/bin/../lib/gcc/arm-none-eabi/13.2.1/../../../../arm-none-eabi/lib/thumb/v8-m.main/nofp/libcr_c.a(initio.o) (setvbuf)
/Applications/MCUXpressoIDE_24.12.148/ide/plugins/com.nxp.mcuxpresso.tools.macosx_24.12.0.202407110909/tools/bin/../lib/gcc/arm-none-eabi/13.2.1/../../../../arm-none-eabi/lib/thumb/v8-m.main/nofp/libcr_c.a(strlen.o)
                              /Applications/MCUXpressoIDE_24.12.148/ide/plugins/com.nxp.mcuxpresso.tools.macosx_24.12.0.202407110909/tools/bin/../lib/gcc/arm-none-eabi/13.2.1/../../../../arm-none-eabi/lib/thumb/v8-m.main/nofp/libcr_c.a(printf.o) (strlen)
/Applications/MCUXpressoIDE_24.12.148/ide/plugins/com.nxp.mcuxpresso.tools.macosx_24.12.0.202407110909/tools/bin/../lib/gcc/arm-none-eabi/13.2.1/../../../../arm-none-eabi/lib/thumb/v8-m.main/nofp/libcr_c.a(strncat.o)
                              ./source/main.o (strncat)
/Applications/MCUXpressoIDE_24.12.148/ide/plugins/com.nxp.mcuxpresso.tools.macosx_24.12.0.202407110909/tools/bin/../lib/gcc/arm-none-eabi/13.2.1/../../../../arm-none-eabi/lib/thumb/v8-m.main/nofp/libcr_c.a(strncmp.o)
                              ./source/main.o (strncmp)
/Applications/MCUXpressoIDE_24.12.148/ide/plugins/com.nxp.mcuxpresso.tools.macosx_24.12.0.202407110909/tools/bin/../lib/gcc/arm-none-eabi/13.2.1/../../../../arm-none-eabi/lib/thumb/v8-m.main/nofp/libcr_c.a(strtok.o)
                              ./source/main.o (strtok)
/Applications/MCUXpressoIDE_24.12.148/ide/plugins/com.nxp.mcuxpresso.tools.macosx_24.12.0.202407110909/tools/bin/../lib/gcc/arm-none-eabi/13.2.1/../../../../arm-none-eabi/lib/thumb/v8-m.main/nofp/libcr_c.a(ungetc.o)
                              /Applications/MCUXpressoIDE_24.12.148/ide/plugins/com.nxp.mcuxpresso.tools.macosx_24.12.0.202407110909/tools/bin/../lib/gcc/arm-none-eabi/13.2.1/../../../../arm-none-eabi/lib/thumb/v8-m.main/nofp/libcr_c.a(scanf.o) (ungetc)
/Applications/MCUXpressoIDE_24.12.148/ide/plugins/com.nxp.mcuxpresso.tools.macosx_24.12.0.202407110909/tools/bin/../lib/gcc/arm-none-eabi/13.2.1/../../../../arm-none-eabi/lib/thumb/v8-m.main/nofp/libcr_c.a(memset.o)
[...]
Memory Configuration

Name             Origin             Length             Attributes
PROGRAM_FLASH    0x00000000         0x00020000         xr
SRAM             0x20000000         0x00006000         xrw
SRAMX0           0x04000000         0x00002000         xrw
SRAMX1           0x04002000         0x00001000         xrw
*default*        0x00000000         0xffffffff

Linker script and memory map

LOAD ./startup/startup_mcxa153.o
LOAD ./source/utils/GPS.o
LOAD ./source/fifo.o
LOAD ./source/lpuart0_interrupt.o
LOAD ./source/lpuart2_interrupt.o
LOAD ./source/main.o
LOAD ./source/retarget.o
LOAD ./source/semihost_hardfault.o
LOAD ./device/system_MCXA153.o
START GROUP
LOAD /Applications/MCUXpressoIDE_24.12.148/ide/plugins/com.nxp.mcuxpresso.tools.macosx_24.12.0.202407110909/tools/bin/../lib/gcc/arm-none-eabi/13.2.1/../../../../arm-none-eabi/lib/thumb/v8-m.main/nofp/libcr_semihost_nf.a
LOAD /Applications/MCUXpressoIDE_24.12.148/ide/plugins/com.nxp.mcuxpresso.tools.macosx_24.12.0.202407110909/tools/bin/../lib/gcc/arm-none-eabi/13.2.1/../../../../arm-none-eabi/lib/thumb/v8-m.main/nofp/libcr_c.a
LOAD /Applications/MCUXpressoIDE_24.12.148/ide/plugins/com.nxp.mcuxpresso.tools.macosx_24.12.0.202407110909/tools/bin/../lib/gcc/arm-none-eabi/13.2.1/thumb/v8-m.main/nofp/libcr_eabihelpers.a
LOAD /Applications/MCUXpressoIDE_24.12.148/ide/plugins/com.nxp.mcuxpresso.tools.macosx_24.12.0.202407110909/tools/bin/../lib/gcc/arm-none-eabi/13.2.1/thumb/v8-m.main/nofp/libgcc.a
END GROUP
                0x00000000                        __base_PROGRAM_FLASH = 0x0
                0x00000000                        __base_Flash = 0x0
                0x00020000                        __top_PROGRAM_FLASH = 0x20000
                0x00020000                        __top_Flash = 0x20000
                0x20000000                        __base_SRAM = 0x20000000
                0x20000000                        __base_RAM = 0x20000000
                0x20006000                        __top_SRAM = 0x20006000
                0x20006000                        __top_RAM = 0x20006000
                0x04000000                        __base_SRAMX0 = 0x4000000
                0x04000000                        __base_RAM2 = 0x4000000
                0x04002000                        __top_SRAMX0 = 0x4002000
                0x04002000                        __top_RAM2 = 0x4002000
                0x04002000                        __base_SRAMX1 = 0x4002000
                0x04002000                        __base_RAM3 = 0x4002000
                0x04003000                        __top_SRAMX1 = 0x4003000
                0x04003000                        __top_RAM3 = 0x4003000

.text           0x00000000     0x4d08
 FILL mask 0xff
                0x00000000                        __vectors_start__ = ABSOLUTE (.)
 *(SORT_BY_ALIGNMENT(.isr_vector))
 .isr_vector    0x00000000      0x16c ./startup/startup_mcxa153.o
                0x00000000                __Vectors
                0x00000000                g_pfnVectors
                0x0000016c                        . = ALIGN (0x4)
                0x0000016c                        __section_table_start = .
                0x0000016c                        __data_section_table = .
                0x0000016c        0x4 LONG 0x4d08 LOADADDR (.data)
                0x00000170        0x4 LONG 0x20000000 ADDR (.data)
                0x00000174        0x4 LONG 0x10 SIZEOF (.data)
                0x00000178        0x4 LONG 0x4d08 LOADADDR (.data_RAM2)
                0x0000017c        0x4 LONG 0x4000000 ADDR (.data_RAM2)
                0x00000180        0x4 LONG 0x0 SIZEOF (.data_RAM2)
                0x00000184        0x4 LONG 0x4d08 LOADADDR (.data_RAM3)
                0x00000188        0x4 LONG 0x4002000 ADDR (.data_RAM3)
                0x0000018c        0x4 LONG 0x0 SIZEOF (.data_RAM3)
                0x00000190                        __data_section_table_end = .
                0x00000190                        __bss_section_table = .
                0x00000190        0x4 LONG 0x20000010 ADDR (.bss)
                0x00000194        0x4 LONG 0x378 SIZEOF (.bss)
                0x00000198        0x4 LONG 0x4000000 ADDR (.bss_RAM2)
                0x0000019c        0x4 LONG 0x0 SIZEOF (.bss_RAM2)
                0x000001a0        0x4 LONG 0x4002000 ADDR (.bss_RAM3)
                0x000001a4        0x4 LONG 0x0 SIZEOF (.bss_RAM3)
                0x000001a8                        __bss_section_table_end = .
                0x000001a8                        __section_table_end = .
 *(SORT_BY_ALIGNMENT(.after_vectors*))
 .after_vectors.reset
                0x000001a8       0x68 ./startup/startup_mcxa153.o
                0x000001a8                ResetISR
 .after_vectors.init_data
                0x00000210       0x1c ./startup/startup_mcxa153.o
                0x00000210                data_init
 .after_vectors.init_bss
                0x0000022c       0x12 ./startup/startup_mcxa153.o
                0x0000022c                bss_init
 .after_vectors
                0x0000023e       0x16 ./startup/startup_mcxa153.o
                0x0000023e                NMI_Handler
                0x00000242                MemManage_Handler
                0x00000244                BusFault_Handler
                0x00000246                UsageFault_Handler
                0x00000248                SecureFault_Handler
                0x0000024a                SVC_Handler
                0x0000024c                DebugMon_Handler
                0x0000024e                PendSV_Handler
                0x00000250                SysTick_Handler
                0x00000252                FLEXPWM0_SUBMODULE1_DriverIRQHandler
                0x00000252                LPI2C0_DriverIRQHandler
                0x00000252                FLEXPWM0_RELOAD_ERROR_DriverIRQHandler
                0x00000252                QDC0_HOME_DriverIRQHandler
                0x00000252                Reserved82_DriverIRQHandler
                0x00000252                QDC0_WATCHDOG_DriverIRQHandler
                0x00000252                ERM0_MULTI_BIT_DriverIRQHandler
                0x00000252                Reserved36_DriverIRQHandler
                0x00000252                CTIMER2_DriverIRQHandler
                0x00000252                CMP1_DriverIRQHandler
                0x00000252                IntDefaultHandler
                0x00000252                USB0_DriverIRQHandler
                0x00000252                QDC0_INDEX_DriverIRQHandler
                0x00000252                UTICK0_DriverIRQHandler
                0x00000252                Reserved41_DriverIRQHandler
                0x00000252                FLEXPWM0_SUBMODULE2_DriverIRQHandler
                0x00000252                LPUART2_DriverIRQHandler
                0x00000252                WWDT0_DriverIRQHandler
                0x00000252                Reserved84_DriverIRQHandler
                0x00000252                FLEXPWM0_FAULT_DriverIRQHandler
                0x00000252                GPIO0_DriverIRQHandler
                0x00000252                Reserved38_DriverIRQHandler
                0x00000252                FREQME0_DriverIRQHandler
                0x00000252                Reserved22_DriverIRQHandler
                0x00000252                Reserved53_DriverIRQHandler
                0x00000252                Reserved35_DriverIRQHandler
                0x00000252                CTIMER0_DriverIRQHandler
                0x00000252                Reserved79_DriverIRQHandler
                0x00000252                Reserved24_DriverIRQHandler
                0x00000252                CTIMER1_DriverIRQHandler
                0x00000252                QDC0_COMPARE_DriverIRQHandler
                0x00000252                LPUART1_DriverIRQHandler
                0x00000252                LPSPI0_DriverIRQHandler
                0x00000252                DMA_CH3_DriverIRQHandler
                0x00000252                Reserved83_DriverIRQHandler
                0x00000252                Reserved72_DriverIRQHandler
                0x00000252                Reserved23_DriverIRQHandler
                0x00000252                Reserved65_DriverIRQHandler
                0x00000252                ERM0_SINGLE_BIT_DriverIRQHandler
                0x00000252                DMA_CH2_DriverIRQHandler
                0x00000252                Reserved51_DriverIRQHandler
                0x00000252                Reserved25_DriverIRQHandler
                0x00000252                FMU0_DriverIRQHandler
                0x00000252                LPSPI1_DriverIRQHandler
                0x00000252                Reserved77_DriverIRQHandler
                0x00000252                Reserved16_DriverIRQHandler
                0x00000252                LPUART0_DriverIRQHandler
                0x00000252                GPIO2_DriverIRQHandler
                0x00000252                Reserved85_DriverIRQHandler
                0x00000252                ADC0_DriverIRQHandler
                0x00000252                CMP0_DriverIRQHandler
                0x00000252                CDOG0_DriverIRQHandler
                0x00000252                Reserved59_DriverIRQHandler
                0x00000252                DMA_CH0_DriverIRQHandler
                0x00000252                Reserved58_DriverIRQHandler
                0x00000252                DMA_CH1_DriverIRQHandler
                0x00000252                SPC0_DriverIRQHandler
                0x00000252                Reserved43_DriverIRQHandler
                0x00000252                Reserved46_DriverIRQHandler
                0x00000252                Reserved37_DriverIRQHandler
                0x00000252                Reserved86_DriverIRQHandler
                0x00000252                GPIO1_DriverIRQHandler
                0x00000252                FLEXPWM0_SUBMODULE0_DriverIRQHandler
                0x00000252                Reserved50_DriverIRQHandler
                0x00000252                OS_EVENT_DriverIRQHandler
                0x00000252                SCG0_DriverIRQHandler
                0x00000252                GLIKEY0_DriverIRQHandler
                0x00000252                GPIO3_DriverIRQHandler
                0x00000252                CMC_DriverIRQHandler
                0x00000252                WUU0_DriverIRQHandler
                0x00000252                Reserved33_DriverIRQHandler
                0x00000252                I3C0_DriverIRQHandler
                0x00000252                Reserved39_DriverIRQHandler
                0x00000252                WAKETIMER0_DriverIRQHandler
                0x00000252                MBC0_DriverIRQHandler
                0x00000252                LPTMR0_DriverIRQHandler
 *(SORT_BY_ALIGNMENT(.text*))
 *fill*         0x00000254        0x4 ff
 .text.calculateLongitudeDistance
                0x00000258       0xcc ./source/utils/GPS.o
                0x00000258                calculateLongitudeDistance
 *fill*         0x00000324        0x4 ff
 .text.calculateLatitudeDistance
                0x00000328       0x8c ./source/utils/GPS.o
                0x00000328                calculateLatitudeDistance
 *fill*         0x000003b4        0x4 ff
 .text.main     0x000003b8      0x14c ./source/main.o
                0x000003b8                main
 *fill*         0x00000504        0x4 ff
 .text.cos      0x00000508       0x60 /Applications/MCUXpressoIDE_24.12.148/ide/plugins/com.nxp.mcuxpresso.tools.macosx_24.12.0.202407110909/tools/bin/../lib/gcc/arm-none-eabi/13.2.1/../../../../arm-none-eabi/lib/thumb/v8-m.main/nofp/libcr_c.a(cos.o)
                0x00000508                cos
 .text.fp_display
                0x00000568      0x9ac /Applications/MCUXpressoIDE_24.12.148/ide/plugins/com.nxp.mcuxpresso.tools.macosx_24.12.0.202407110909/tools/bin/../lib/gcc/arm-none-eabi/13.2.1/../../../../arm-none-eabi/lib/thumb/v8-m.main/nofp/libcr_c.a(fpprintf.o)
 *fill*         0x00000f14        0x4 ff
 .text.vfscanf  0x00000f18      0x900 /Applications/MCUXpressoIDE_24.12.148/ide/plugins/com.nxp.mcuxpresso.tools.macosx_24.12.0.202407110909/tools/bin/../lib/gcc/arm-none-eabi/13.2.1/../../../../arm-none-eabi/lib/thumb/v8-m.main/nofp/libcr_c.a(scanf.o)
                0x00000f18                vfscanf
 .text._sincos  0x00001818      0x1fc /Applications/MCUXpressoIDE_24.12.148/ide/plugins/com.nxp.mcuxpresso.tools.macosx_24.12.0.202407110909/tools/bin/../lib/gcc/arm-none-eabi/13.2.1/../../../../arm-none-eabi/lib/thumb/v8-m.main/nofp/libcr_c.a(_sincos.o)
                0x00001818                _sincos
 .text.__NVIC_EnableIRQ
                0x00001a14       0x38 ./source/lpuart0_interrupt.o
 .text.__NVIC_ClearPendingIRQ
                0x00001a4c       0x3c ./source/lpuart0_interrupt.o
 .text.__NVIC_SetPriority
                0x00001a88       0x54 ./source/lpuart0_interrupt.o
 .text.lpuart0_init
                0x00001adc       0xc4 ./source/lpuart0_interrupt.o
                0x00001adc                lpuart0_init
 .text.lpuart0_putchar
                0x00001ba0       0x40 ./source/lpuart0_interrupt.o
                0x00001ba0                lpuart0_putchar
 .text.lpuart0_getchar
                0x00001be0       0x30 ./source/lpuart0_interrupt.o
                0x00001be0                lpuart0_getchar
 .text.LPUART0_IRQHandler
                0x00001c10       0x7c ./source/lpuart0_interrupt.o
                0x00001c10                LPUART0_IRQHandler
 .text.__NVIC_EnableIRQ
                0x00001c8c       0x38 ./source/lpuart2_interrupt.o
 .text.__NVIC_ClearPendingIRQ
                0x00001cc4       0x3c ./source/lpuart2_interrupt.o
 .text.__NVIC_SetPriority
                0x00001d00       0x54 ./source/lpuart2_interrupt.o
 .text.lpuart2_init
                0x00001d54       0xc8 ./source/lpuart2_interrupt.o
                0x00001d54                lpuart2_init
 .text.lpuart2_getchar
                0x00001e1c       0x30 ./source/lpuart2_interrupt.o
                0x00001e1c                lpuart2_getchar
 .text.lpuart2_rxcnt
                0x00001e4c       0x14 ./source/lpuart2_interrupt.o
                0x00001e4c                lpuart2_rxcnt
 .text.LPUART2_IRQHandler
                0x00001e60       0x7c ./source/lpuart2_interrupt.o
                0x00001e60                LPUART2_IRQHandler
 .text.parseGNGGA
                0x00001edc      0x1fc ./source/main.o
                0x00001edc                parseGNGGA
 .text.SystemInit
                0x000020d8      0x120 ./device/system_MCXA153.o
                0x000020d8                SystemInit
 .text.sprintf  0x000021f8       0x6c /Applications/MCUXpressoIDE_24.12.148/ide/plugins/com.nxp.mcuxpresso.tools.macosx_24.12.0.202407110909/tools/bin/../lib/gcc/arm-none-eabi/13.2.1/../../../../arm-none-eabi/lib/thumb/v8-m.main/nofp/libcr_c.a(fpprintf.o)
                0x000021f8                sprintf
 .text.vsnprintf
                0x00002264       0x68 /Applications/MCUXpressoIDE_24.12.148/ide/plugins/com.nxp.mcuxpresso.tools.macosx_24.12.0.202407110909/tools/bin/../lib/gcc/arm-none-eabi/13.2.1/../../../../arm-none-eabi/lib/thumb/v8-m.main/nofp/libcr_c.a(fpprintf.o)
                0x00002264                vsnprintf
 .text.printf   0x000022cc       0x54 /Applications/MCUXpressoIDE_24.12.148/ide/plugins/com.nxp.mcuxpresso.tools.macosx_24.12.0.202407110909/tools/bin/../lib/gcc/arm-none-eabi/13.2.1/../../../../arm-none-eabi/lib/thumb/v8-m.main/nofp/libcr_c.a(fpprintf.o)
                0x000022cc                printf
 .text._initio  0x00002320       0x78 /Applications/MCUXpressoIDE_24.12.148/ide/plugins/com.nxp.mcuxpresso.tools.macosx_24.12.0.202407110909/tools/bin/../lib/gcc/arm-none-eabi/13.2.1/../../../../arm-none-eabi/lib/thumb/v8-m.main/nofp/libcr_c.a(initio.o)
                0x00002320                _initio
 .text.__vfprintf
                0x00002398      0xb70 /Applications/MCUXpressoIDE_24.12.148/ide/plugins/com.nxp.mcuxpresso.tools.macosx_24.12.0.202407110909/tools/bin/../lib/gcc/arm-none-eabi/13.2.1/../../../../arm-none-eabi/lib/thumb/v8-m.main/nofp/libcr_c.a(printf.o)
                0x00002398                __vfprintf
 .text.ch_val   0x00002f08       0x30 /Applications/MCUXpressoIDE_24.12.148/ide/plugins/com.nxp.mcuxpresso.tools.macosx_24.12.0.202407110909/tools/bin/../lib/gcc/arm-none-eabi/13.2.1/../../../../arm-none-eabi/lib/thumb/v8-m.main/nofp/libcr_c.a(scanf.o)
 .text._strtoul
                0x00002f38       0xb4 /Applications/MCUXpressoIDE_24.12.148/ide/plugins/com.nxp.mcuxpresso.tools.macosx_24.12.0.202407110909/tools/bin/../lib/gcc/arm-none-eabi/13.2.1/../../../../arm-none-eabi/lib/thumb/v8-m.main/nofp/libcr_c.a(scanf.o)
 .text.cr_rd_int
                0x00002fec      0x1a0 /Applications/MCUXpressoIDE_24.12.148/ide/plugins/com.nxp.mcuxpresso.tools.macosx_24.12.0.202407110909/tools/bin/../lib/gcc/arm-none-eabi/13.2.1/../../../../arm-none-eabi/lib/thumb/v8-m.main/nofp/libcr_c.a(scanf.o)
 .text.strtod   0x0000318c       0x34 /Applications/MCUXpressoIDE_24.12.148/ide/plugins/com.nxp.mcuxpresso.tools.macosx_24.12.0.202407110909/tools/bin/../lib/gcc/arm-none-eabi/13.2.1/../../../../arm-none-eabi/lib/thumb/v8-m.main/nofp/libcr_c.a(scanf.o)
                0x0000318c                strtod
 .text.strtol   0x000031c0       0x80 /Applications/MCUXpressoIDE_24.12.148/ide/plugins/com.nxp.mcuxpresso.tools.macosx_24.12.0.202407110909/tools/bin/../lib/gcc/arm-none-eabi/13.2.1/../../../../arm-none-eabi/lib/thumb/v8-m.main/nofp/libcr_c.a(scanf.o)
                0x000031c0                strtol
 .text.atof     0x00003240       0x14 /Applications/MCUXpressoIDE_24.12.148/ide/plugins/com.nxp.mcuxpresso.tools.macosx_24.12.0.202407110909/tools/bin/../lib/gcc/arm-none-eabi/13.2.1/../../../../arm-none-eabi/lib/thumb/v8-m.main/nofp/libcr_c.a(scanf.o)
                0x00003240                atof
 .text.atoi     0x00003254       0x18 /Applications/MCUXpressoIDE_24.12.148/ide/plugins/com.nxp.mcuxpresso.tools.macosx_24.12.0.202407110909/tools/bin/../lib/gcc/arm-none-eabi/13.2.1/../../../../arm-none-eabi/lib/thumb/v8-m.main/nofp/libcr_c.a(scanf.o)
                0x00003254                atoi
 .text.strtok   0x0000326c       0x40 /Applications/MCUXpressoIDE_24.12.148/ide/plugins/com.nxp.mcuxpresso.tools.macosx_24.12.0.202407110909/tools/bin/../lib/gcc/arm-none-eabi/13.2.1/../../../../arm-none-eabi/lib/thumb/v8-m.main/nofp/libcr_c.a(strtok.o)
                0x0000326c                strtok
 .text.__filbuf
                0x000032ac      0x178 /Applications/MCUXpressoIDE_24.12.148/ide/plugins/com.nxp.mcuxpresso.tools.macosx_24.12.0.202407110909/tools/bin/../lib/gcc/arm-none-eabi/13.2.1/../../../../arm-none-eabi/lib/thumb/v8-m.main/nofp/libcr_c.a(__fillbuf.o)
                0x000032ac                __filbuf
 .text._ldexpl  0x00003424       0x48 /Applications/MCUXpressoIDE_24.12.148/ide/plugins/com.nxp.mcuxpresso.tools.macosx_24.12.0.202407110909/tools/bin/../lib/gcc/arm-none-eabi/13.2.1/../../../../arm-none-eabi/lib/thumb/v8-m.main/nofp/libcr_c.a(_ldexpl.o)
                0x00003424                _ldexpl
 .text._Cwritebuf
                0x0000346c       0x6c /Applications/MCUXpressoIDE_24.12.148/ide/plugins/com.nxp.mcuxpresso.tools.macosx_24.12.0.202407110909/tools/bin/../lib/gcc/arm-none-eabi/13.2.1/../../../../arm-none-eabi/lib/thumb/v8-m.main/nofp/libcr_c.a(_writebuf.o)
                0x0000346c                _Cwritebuf
 .text.malloc   0x000034d8       0xc8 /Applications/MCUXpressoIDE_24.12.148/ide/plugins/com.nxp.mcuxpresso.tools.macosx_24.12.0.202407110909/tools/bin/../lib/gcc/arm-none-eabi/13.2.1/../../../../arm-none-eabi/lib/thumb/v8-m.main/nofp/libcr_c.a(alloc.o)
                0x000034d8                malloc
 .text._Csys_alloc
                0x000035a0       0x20 /Applications/MCUXpressoIDE_24.12.148/ide/plugins/com.nxp.mcuxpresso.tools.macosx_24.12.0.202407110909/tools/bin/../lib/gcc/arm-none-eabi/13.2.1/../../../../arm-none-eabi/lib/thumb/v8-m.main/nofp/libcr_c.a(alloc.o)
                0x000035a0                _Csys_alloc
 .text.fflush   0x000035c0       0x3c /Applications/MCUXpressoIDE_24.12.148/ide/plugins/com.nxp.mcuxpresso.tools.macosx_24.12.0.202407110909/tools/bin/../lib/gcc/arm-none-eabi/13.2.1/../../../../arm-none-eabi/lib/thumb/v8-m.main/nofp/libcr_c.a(fflush.o)
                0x000035c0                fflush
 .text.fseek    0x000035fc       0xf8 /Applications/MCUXpressoIDE_24.12.148/ide/plugins/com.nxp.mcuxpresso.tools.macosx_24.12.0.202407110909/tools/bin/../lib/gcc/arm-none-eabi/13.2.1/../../../../arm-none-eabi/lib/thumb/v8-m.main/nofp/libcr_c.a(fseek.o)
                0x000035fc                fseek
 .text.ftell    0x000036f4       0x44 /Applications/MCUXpressoIDE_24.12.148/ide/plugins/com.nxp.mcuxpresso.tools.macosx_24.12.0.202407110909/tools/bin/../lib/gcc/arm-none-eabi/13.2.1/../../../../arm-none-eabi/lib/thumb/v8-m.main/nofp/libcr_c.a(ftell.o)
                0x000036f4                ftell
 .text._sbrk    0x00003738       0x3c /Applications/MCUXpressoIDE_24.12.148/ide/plugins/com.nxp.mcuxpresso.tools.macosx_24.12.0.202407110909/tools/bin/../lib/gcc/arm-none-eabi/13.2.1/../../../../arm-none-eabi/lib/thumb/v8-m.main/nofp/libcr_c.a(_cr_sbrk.o)
                0x00003738                _sbrk
 .text.__check_heap_overflow
                0x00003774       0x18 /Applications/MCUXpressoIDE_24.12.148/ide/plugins/com.nxp.mcuxpresso.tools.macosx_24.12.0.202407110909/tools/bin/../lib/gcc/arm-none-eabi/13.2.1/../../../../arm-none-eabi/lib/thumb/v8-m.main/nofp/libcr_c.a(_cr_check_heap.o)
                0x00003774                __check_heap_overflow
 .text.__aeabi_dmul
                0x0000378c       0xfc /Applications/MCUXpressoIDE_24.12.148/ide/plugins/com.nxp.mcuxpresso.tools.macosx_24.12.0.202407110909/tools/bin/../lib/gcc/arm-none-eabi/13.2.1/thumb/v8-m.main/nofp/libcr_eabihelpers.a(double.o)
                0x0000378c                __aeabi_dmul
 .text.__aeabi_ddiv
                0x00003888      0x134 /Applications/MCUXpressoIDE_24.12.148/ide/plugins/com.nxp.mcuxpresso.tools.macosx_24.12.0.202407110909/tools/bin/../lib/gcc/arm-none-eabi/13.2.1/thumb/v8-m.main/nofp/libcr_eabihelpers.a(double.o)
                0x00003888                __aeabi_ddiv
 .text.__aeabi_dsub
                0x000039bc      0x1b4 /Applications/MCUXpressoIDE_24.12.148/ide/plugins/com.nxp.mcuxpresso.tools.macosx_24.12.0.202407110909/tools/bin/../lib/gcc/arm-none-eabi/13.2.1/thumb/v8-m.main/nofp/libcr_eabihelpers.a(double.o)
                0x000039bc                __aeabi_dsub
 .text.__aeabi_dadd
                0x00003b70      0x118 /Applications/MCUXpressoIDE_24.12.148/ide/plugins/com.nxp.mcuxpresso.tools.macosx_24.12.0.202407110909/tools/bin/../lib/gcc/arm-none-eabi/13.2.1/thumb/v8-m.main/nofp/libcr_eabihelpers.a(double.o)
                0x00003b70                __aeabi_dadd
 .text.__aeabi_d2f
                0x00003c88       0x58 /Applications/MCUXpressoIDE_24.12.148/ide/plugins/com.nxp.mcuxpresso.tools.macosx_24.12.0.202407110909/tools/bin/../lib/gcc/arm-none-eabi/13.2.1/thumb/v8-m.main/nofp/libcr_eabihelpers.a(double.o)
                0x00003c88                __aeabi_d2f
 .text.__sys_appexit
                0x00003ce0        0xc /Applications/MCUXpressoIDE_24.12.148/ide/plugins/com.nxp.mcuxpresso.tools.macosx_24.12.0.202407110909/tools/bin/../lib/gcc/arm-none-eabi/13.2.1/../../../../arm-none-eabi/lib/thumb/v8-m.main/nofp/libcr_semihost_nf.a(__sys_appexit.o)
                0x00003ce0                __exit
                0x00003ce0                __sys_appexit
 .text.Reserved16_IRQHandler
                0x00003cec        0x8 ./startup/startup_mcxa153.o
                0x00003cec                Reserved16_IRQHandler
 .text.CMC_IRQHandler
                0x00003cf4        0x8 ./startup/startup_mcxa153.o
                0x00003cf4                CMC_IRQHandler
 .text.DMA_CH0_IRQHandler
                0x00003cfc        0x8 ./startup/startup_mcxa153.o
                0x00003cfc                DMA_CH0_IRQHandler
 .text.DMA_CH1_IRQHandler
                0x00003d04        0x8 ./startup/startup_mcxa153.o
                0x00003d04                DMA_CH1_IRQHandler
 .text.DMA_CH2_IRQHandler
                0x00003d0c        0x8 ./startup/startup_mcxa153.o
                0x00003d0c                DMA_CH2_IRQHandler
 .text.DMA_CH3_IRQHandler
                0x00003d14        0x8 ./startup/startup_mcxa153.o
                0x00003d14                DMA_CH3_IRQHandler
 .text.Reserved22_IRQHandler
                0x00003d1c        0x8 ./startup/startup_mcxa153.o
                0x00003d1c                Reserved22_IRQHandler
 .text.Reserved23_IRQHandler
                0x00003d24        0x8 ./startup/startup_mcxa153.o
                0x00003d24                Reserved23_IRQHandler
 .text.Reserved24_IRQHandler
                0x00003d2c        0x8 ./startup/startup_mcxa153.o
                0x00003d2c                Reserved24_IRQHandler
 .text.Reserved25_IRQHandler
                0x00003d34        0x8 ./startup/startup_mcxa153.o
                0x00003d34                Reserved25_IRQHandler
 .text.ERM0_SINGLE_BIT_IRQHandler
                0x00003d3c        0x8 ./startup/startup_mcxa153.o
                0x00003d3c                ERM0_SINGLE_BIT_IRQHandler
 .text.ERM0_MULTI_BIT_IRQHandler
                0x00003d44        0x8 ./startup/startup_mcxa153.o
                0x00003d44                ERM0_MULTI_BIT_IRQHandler
 .text.FMU0_IRQHandler
                0x00003d4c        0x8 ./startup/startup_mcxa153.o
                0x00003d4c                FMU0_IRQHandler
 .text.GLIKEY0_IRQHandler
                0x00003d54        0x8 ./startup/startup_mcxa153.o
                0x00003d54                GLIKEY0_IRQHandler
 .text.MBC0_IRQHandler
                0x00003d5c        0x8 ./startup/startup_mcxa153.o
                0x00003d5c                MBC0_IRQHandler
 .text.SCG0_IRQHandler
                0x00003d64        0x8 ./startup/startup_mcxa153.o
                0x00003d64                SCG0_IRQHandler
 .text.SPC0_IRQHandler
                0x00003d6c        0x8 ./startup/startup_mcxa153.o
                0x00003d6c                SPC0_IRQHandler
 .text.Reserved33_IRQHandler
                0x00003d74        0x8 ./startup/startup_mcxa153.o
                0x00003d74                Reserved33_IRQHandler
 .text.WUU0_IRQHandler
                0x00003d7c        0x8 ./startup/startup_mcxa153.o
                0x00003d7c                WUU0_IRQHandler
 .text.Reserved35_IRQHandler
                0x00003d84        0x8 ./startup/startup_mcxa153.o
                0x00003d84                Reserved35_IRQHandler
 .text.Reserved36_IRQHandler
                0x00003d8c        0x8 ./startup/startup_mcxa153.o
                0x00003d8c                Reserved36_IRQHandler
 .text.Reserved37_IRQHandler
                0x00003d94        0x8 ./startup/startup_mcxa153.o
                0x00003d94                Reserved37_IRQHandler
 .text.Reserved38_IRQHandler
                0x00003d9c        0x8 ./startup/startup_mcxa153.o
                0x00003d9c                Reserved38_IRQHandler
 .text.Reserved39_IRQHandler
                0x00003da4        0x8 ./startup/startup_mcxa153.o
                0x00003da4                Reserved39_IRQHandler
 .text.I3C0_IRQHandler
                0x00003dac        0x8 ./startup/startup_mcxa153.o
                0x00003dac                I3C0_IRQHandler
 .text.Reserved41_IRQHandler
                0x00003db4        0x8 ./startup/startup_mcxa153.o
                0x00003db4                Reserved41_IRQHandler
 .text.LPI2C0_IRQHandler
                0x00003dbc        0x8 ./startup/startup_mcxa153.o
                0x00003dbc                LPI2C0_IRQHandler
 .text.Reserved43_IRQHandler
                0x00003dc4        0x8 ./startup/startup_mcxa153.o
                0x00003dc4                Reserved43_IRQHandler
 .text.LPSPI0_IRQHandler
                0x00003dcc        0x8 ./startup/startup_mcxa153.o
                0x00003dcc                LPSPI0_IRQHandler
 .text.LPSPI1_IRQHandler
                0x00003dd4        0x8 ./startup/startup_mcxa153.o
                0x00003dd4                LPSPI1_IRQHandler
 .text.Reserved46_IRQHandler
                0x00003ddc        0x8 ./startup/startup_mcxa153.o
                0x00003ddc                Reserved46_IRQHandler
 .text.LPUART1_IRQHandler
                0x00003de4        0x8 ./startup/startup_mcxa153.o
                0x00003de4                LPUART1_IRQHandler
 .text.Reserved50_IRQHandler
                0x00003dec        0x8 ./startup/startup_mcxa153.o
                0x00003dec                Reserved50_IRQHandler
 .text.Reserved51_IRQHandler
                0x00003df4        0x8 ./startup/startup_mcxa153.o
                0x00003df4                Reserved51_IRQHandler
 .text.USB0_IRQHandler
                0x00003dfc        0x8 ./startup/startup_mcxa153.o
                0x00003dfc                USB0_IRQHandler
 .text.Reserved53_IRQHandler
                0x00003e04        0x8 ./startup/startup_mcxa153.o
                0x00003e04                Reserved53_IRQHandler
 .text.CDOG0_IRQHandler
                0x00003e0c        0x8 ./startup/startup_mcxa153.o
                0x00003e0c                CDOG0_IRQHandler
 .text.CTIMER0_IRQHandler
                0x00003e14        0x8 ./startup/startup_mcxa153.o
                0x00003e14                CTIMER0_IRQHandler
 .text.CTIMER1_IRQHandler
                0x00003e1c        0x8 ./startup/startup_mcxa153.o
                0x00003e1c                CTIMER1_IRQHandler
 .text.CTIMER2_IRQHandler
                0x00003e24        0x8 ./startup/startup_mcxa153.o
                0x00003e24                CTIMER2_IRQHandler
 .text.Reserved58_IRQHandler
                0x00003e2c        0x8 ./startup/startup_mcxa153.o
                0x00003e2c                Reserved58_IRQHandler
 .text.Reserved59_IRQHandler
                0x00003e34        0x8 ./startup/startup_mcxa153.o
                0x00003e34                Reserved59_IRQHandler
 .text.FLEXPWM0_RELOAD_ERROR_IRQHandler
                0x00003e3c        0x8 ./startup/startup_mcxa153.o
                0x00003e3c                FLEXPWM0_RELOAD_ERROR_IRQHandler
 .text.FLEXPWM0_FAULT_IRQHandler
                0x00003e44        0x8 ./startup/startup_mcxa153.o
                0x00003e44                FLEXPWM0_FAULT_IRQHandler
 .text.FLEXPWM0_SUBMODULE0_IRQHandler
                0x00003e4c        0x8 ./startup/startup_mcxa153.o
                0x00003e4c                FLEXPWM0_SUBMODULE0_IRQHandler
 .text.FLEXPWM0_SUBMODULE1_IRQHandler
                0x00003e54        0x8 ./startup/startup_mcxa153.o
                0x00003e54                FLEXPWM0_SUBMODULE1_IRQHandler
 .text.FLEXPWM0_SUBMODULE2_IRQHandler
                0x00003e5c        0x8 ./startup/startup_mcxa153.o
                0x00003e5c                FLEXPWM0_SUBMODULE2_IRQHandler
 .text.Reserved65_IRQHandler
                0x00003e64        0x8 ./startup/startup_mcxa153.o
                0x00003e64                Reserved65_IRQHandler
 .text.QDC0_COMPARE_IRQHandler
                0x00003e6c        0x8 ./startup/startup_mcxa153.o
                0x00003e6c                QDC0_COMPARE_IRQHandler
 .text.QDC0_HOME_IRQHandler
                0x00003e74        0x8 ./startup/startup_mcxa153.o
                0x00003e74                QDC0_HOME_IRQHandler
 .text.QDC0_WATCHDOG_IRQHandler
                0x00003e7c        0x8 ./startup/startup_mcxa153.o
                0x00003e7c                QDC0_WATCHDOG_IRQHandler
 .text.QDC0_INDEX_IRQHandler
                0x00003e84        0x8 ./startup/startup_mcxa153.o
                0x00003e84                QDC0_INDEX_IRQHandler
 .text.FREQME0_IRQHandler
                0x00003e8c        0x8 ./startup/startup_mcxa153.o
                0x00003e8c                FREQME0_IRQHandler
 .text.LPTMR0_IRQHandler
                0x00003e94        0x8 ./startup/startup_mcxa153.o
                0x00003e94                LPTMR0_IRQHandler
 .text.Reserved72_IRQHandler
                0x00003e9c        0x8 ./startup/startup_mcxa153.o
                0x00003e9c                Reserved72_IRQHandler
 .text.OS_EVENT_IRQHandler
                0x00003ea4        0x8 ./startup/startup_mcxa153.o
                0x00003ea4                OS_EVENT_IRQHandler
 .text.WAKETIMER0_IRQHandler
                0x00003eac        0x8 ./startup/startup_mcxa153.o
                0x00003eac                WAKETIMER0_IRQHandler
 .text.UTICK0_IRQHandler
                0x00003eb4        0x8 ./startup/startup_mcxa153.o
                0x00003eb4                UTICK0_IRQHandler
 .text.WWDT0_IRQHandler
                0x00003ebc        0x8 ./startup/startup_mcxa153.o
                0x00003ebc                WWDT0_IRQHandler
 .text.Reserved77_IRQHandler
                0x00003ec4        0x8 ./startup/startup_mcxa153.o
                0x00003ec4                Reserved77_IRQHandler
 .text.ADC0_IRQHandler
                0x00003ecc        0x8 ./startup/startup_mcxa153.o
                0x00003ecc                ADC0_IRQHandler
 .text.Reserved79_IRQHandler
                0x00003ed4        0x8 ./startup/startup_mcxa153.o
                0x00003ed4                Reserved79_IRQHandler
 .text.CMP0_IRQHandler
                0x00003edc        0x8 ./startup/startup_mcxa153.o
                0x00003edc                CMP0_IRQHandler
 .text.CMP1_IRQHandler
                0x00003ee4        0x8 ./startup/startup_mcxa153.o
                0x00003ee4                CMP1_IRQHandler
 .text.Reserved82_IRQHandler
                0x00003eec        0x8 ./startup/startup_mcxa153.o
                0x00003eec                Reserved82_IRQHandler
 .text.Reserved83_IRQHandler
                0x00003ef4        0x8 ./startup/startup_mcxa153.o
                0x00003ef4                Reserved83_IRQHandler
 .text.Reserved84_IRQHandler
                0x00003efc        0x8 ./startup/startup_mcxa153.o
                0x00003efc                Reserved84_IRQHandler
 .text.Reserved85_IRQHandler
                0x00003f04        0x8 ./startup/startup_mcxa153.o
                0x00003f04                Reserved85_IRQHandler
 .text.Reserved86_IRQHandler
                0x00003f0c        0x8 ./startup/startup_mcxa153.o
                0x00003f0c                Reserved86_IRQHandler
 .text.GPIO0_IRQHandler
                0x00003f14        0x8 ./startup/startup_mcxa153.o
                0x00003f14                GPIO0_IRQHandler
 .text.GPIO1_IRQHandler
                0x00003f1c        0x8 ./startup/startup_mcxa153.o
                0x00003f1c                GPIO1_IRQHandler
 .text.GPIO2_IRQHandler
                0x00003f24        0x8 ./startup/startup_mcxa153.o
                0x00003f24                GPIO2_IRQHandler
 .text.GPIO3_IRQHandler
                0x00003f2c        0x8 ./startup/startup_mcxa153.o
                0x00003f2c                GPIO3_IRQHandler
 .text.determineLongitudeDirection
                0x00003f34       0x2e ./source/utils/GPS.o
                0x00003f34                determineLongitudeDirection
 .text.determineLatitudeDirection
                0x00003f62       0x2e ./source/utils/GPS.o
                0x00003f62                determineLatitudeDirection
 .text.f_init   0x00003f90       0x4a ./source/fifo.o
                0x00003f90                f_init
 .text.f_push   0x00003fda       0x6a ./source/fifo.o
                0x00003fda                f_push
 .text.f_pop    0x00004044       0x66 ./source/fifo.o
                0x00004044                f_pop
 .text.f_cnt    0x000040aa       0x16 ./source/fifo.o
                0x000040aa                f_cnt
 .text.GPSCalculateDirections
                0x000040c0       0x86 ./source/main.o
                0x000040c0                GPSCalculateDirections
 .text.__sys_write
                0x00004146       0x56 ./source/retarget.o
                0x00004146                __sys_write
 .text.__sys_readc
                0x0000419c        0xe ./source/retarget.o
                0x0000419c                __sys_readc
 .text.HardFault_Handler
                0x000041aa       0x36 ./source/semihost_hardfault.o
                0x000041aa                HardFault_Handler
 .text.SystemInitHook
                0x000041e0        0xc ./device/system_MCXA153.o
                0x000041e0                SystemInitHook
 .text.__main   0x000041ec        0xe /Applications/MCUXpressoIDE_24.12.148/ide/plugins/com.nxp.mcuxpresso.tools.macosx_24.12.0.202407110909/tools/bin/../lib/gcc/arm-none-eabi/13.2.1/../../../../arm-none-eabi/lib/thumb/v8-m.main/nofp/libcr_semihost_nf.a(_cr__main.o)
                0x000041ec                __main
                0x000041ec                __CR_SEMIHOST
 .text.fabs     0x000041fa       0x1c /Applications/MCUXpressoIDE_24.12.148/ide/plugins/com.nxp.mcuxpresso.tools.macosx_24.12.0.202407110909/tools/bin/../lib/gcc/arm-none-eabi/13.2.1/../../../../arm-none-eabi/lib/thumb/v8-m.main/nofp/libcr_c.a(fabs.o)
                0x000041fa                fabs
 .text.fp_round
                0x00004216       0x4c /Applications/MCUXpressoIDE_24.12.148/ide/plugins/com.nxp.mcuxpresso.tools.macosx_24.12.0.202407110909/tools/bin/../lib/gcc/arm-none-eabi/13.2.1/../../../../arm-none-eabi/lib/thumb/v8-m.main/nofp/libcr_c.a(fpprintf.o)
 .text.pr_dec.constprop.0
                0x00004262       0x24 /Applications/MCUXpressoIDE_24.12.148/ide/plugins/com.nxp.mcuxpresso.tools.macosx_24.12.0.202407110909/tools/bin/../lib/gcc/arm-none-eabi/13.2.1/../../../../arm-none-eabi/lib/thumb/v8-m.main/nofp/libcr_c.a(fpprintf.o)
 .text.sscanf   0x00004286       0x3e /Applications/MCUXpressoIDE_24.12.148/ide/plugins/com.nxp.mcuxpresso.tools.macosx_24.12.0.202407110909/tools/bin/../lib/gcc/arm-none-eabi/13.2.1/../../../../arm-none-eabi/lib/thumb/v8-m.main/nofp/libcr_c.a(scanf.o)
                0x00004286                sscanf
 .text.setvbuf  0x000042c4       0x3e /Applications/MCUXpressoIDE_24.12.148/ide/plugins/com.nxp.mcuxpresso.tools.macosx_24.12.0.202407110909/tools/bin/../lib/gcc/arm-none-eabi/13.2.1/../../../../arm-none-eabi/lib/thumb/v8-m.main/nofp/libcr_c.a(setvbuf.o)
                0x000042c4                setvbuf
 .text.strlen   0x00004302       0x4e /Applications/MCUXpressoIDE_24.12.148/ide/plugins/com.nxp.mcuxpresso.tools.macosx_24.12.0.202407110909/tools/bin/../lib/gcc/arm-none-eabi/13.2.1/../../../../arm-none-eabi/lib/thumb/v8-m.main/nofp/libcr_c.a(strlen.o)
                0x00004302                strlen
 .text.strncat  0x00004350       0x28 /Applications/MCUXpressoIDE_24.12.148/ide/plugins/com.nxp.mcuxpresso.tools.macosx_24.12.0.202407110909/tools/bin/../lib/gcc/arm-none-eabi/13.2.1/../../../../arm-none-eabi/lib/thumb/v8-m.main/nofp/libcr_c.a(strncat.o)
                0x00004350                strncat
 .text.strncmp  0x00004378       0x54 /Applications/MCUXpressoIDE_24.12.148/ide/plugins/com.nxp.mcuxpresso.tools.macosx_24.12.0.202407110909/tools/bin/../lib/gcc/arm-none-eabi/13.2.1/../../../../arm-none-eabi/lib/thumb/v8-m.main/nofp/libcr_c.a(strncmp.o)
                0x00004378                strncmp
 .text.ungetc   0x000043cc       0x32 /Applications/MCUXpressoIDE_24.12.148/ide/plugins/com.nxp.mcuxpresso.tools.macosx_24.12.0.202407110909/tools/bin/../lib/gcc/arm-none-eabi/13.2.1/../../../../arm-none-eabi/lib/thumb/v8-m.main/nofp/libcr_c.a(ungetc.o)
                0x000043cc                ungetc
 .text.memset   0x000043fe        0x4 /Applications/MCUXpressoIDE_24.12.148/ide/plugins/com.nxp.mcuxpresso.tools.macosx_24.12.0.202407110909/tools/bin/../lib/gcc/arm-none-eabi/13.2.1/../../../../arm-none-eabi/lib/thumb/v8-m.main/nofp/libcr_c.a(memset.o)
                0x000043fe                memset
 .text._Csys_read_
                0x00004402       0x22 /Applications/MCUXpressoIDE_24.12.148/ide/plugins/com.nxp.mcuxpresso.tools.macosx_24.12.0.202407110909/tools/bin/../lib/gcc/arm-none-eabi/13.2.1/../../../../arm-none-eabi/lib/thumb/v8-m.main/nofp/libcr_c.a(__fillbuf.o)
                0x00004402                _Csys_read_
 .text._deferredlazyseek
                0x00004424       0x40 /Applications/MCUXpressoIDE_24.12.148/ide/plugins/com.nxp.mcuxpresso.tools.macosx_24.12.0.202407110909/tools/bin/../lib/gcc/arm-none-eabi/13.2.1/../../../../arm-none-eabi/lib/thumb/v8-m.main/nofp/libcr_c.a(_deferredlazyseek.o)
                0x00004424                _deferredlazyseek
 .text.__flsbuf
                0x00004464      0x126 /Applications/MCUXpressoIDE_24.12.148/ide/plugins/com.nxp.mcuxpresso.tools.macosx_24.12.0.202407110909/tools/bin/../lib/gcc/arm-none-eabi/13.2.1/../../../../arm-none-eabi/lib/thumb/v8-m.main/nofp/libcr_c.a(_deferredlazyseek.o)
                0x00004464                __flsbuf
 .text._fdopen  0x0000458a       0x68 /Applications/MCUXpressoIDE_24.12.148/ide/plugins/com.nxp.mcuxpresso.tools.macosx_24.12.0.202407110909/tools/bin/../lib/gcc/arm-none-eabi/13.2.1/../../../../arm-none-eabi/lib/thumb/v8-m.main/nofp/libcr_c.a(_fdopen.o)
                0x0000458a                _fdopen
 .text._fflush  0x000045f2       0x52 /Applications/MCUXpressoIDE_24.12.148/ide/plugins/com.nxp.mcuxpresso.tools.macosx_24.12.0.202407110909/tools/bin/../lib/gcc/arm-none-eabi/13.2.1/../../../../arm-none-eabi/lib/thumb/v8-m.main/nofp/libcr_c.a(_fflush.o)
                0x000045f2                _fflush
 .text._frexpl  0x00004644       0x5a /Applications/MCUXpressoIDE_24.12.148/ide/plugins/com.nxp.mcuxpresso.tools.macosx_24.12.0.202407110909/tools/bin/../lib/gcc/arm-none-eabi/13.2.1/../../../../arm-none-eabi/lib/thumb/v8-m.main/nofp/libcr_c.a(_frexpl.o)
                0x00004644                _frexpl
 .text.free     0x0000469e       0x30 /Applications/MCUXpressoIDE_24.12.148/ide/plugins/com.nxp.mcuxpresso.tools.macosx_24.12.0.202407110909/tools/bin/../lib/gcc/arm-none-eabi/13.2.1/../../../../arm-none-eabi/lib/thumb/v8-m.main/nofp/libcr_c.a(alloc.o)
                0x0000469e                free
 .text.fclose   0x000046ce       0x58 /Applications/MCUXpressoIDE_24.12.148/ide/plugins/com.nxp.mcuxpresso.tools.macosx_24.12.0.202407110909/tools/bin/../lib/gcc/arm-none-eabi/13.2.1/../../../../arm-none-eabi/lib/thumb/v8-m.main/nofp/libcr_c.a(fclose.o)
                0x000046ce                fclose
 .text.remove   0x00004726       0x14 /Applications/MCUXpressoIDE_24.12.148/ide/plugins/com.nxp.mcuxpresso.tools.macosx_24.12.0.202407110909/tools/bin/../lib/gcc/arm-none-eabi/13.2.1/../../../../arm-none-eabi/lib/thumb/v8-m.main/nofp/libcr_c.a(remove.o)
                0x00004726                remove
 .text.strcspn  0x0000473a       0x1e /Applications/MCUXpressoIDE_24.12.148/ide/plugins/com.nxp.mcuxpresso.tools.macosx_24.12.0.202407110909/tools/bin/../lib/gcc/arm-none-eabi/13.2.1/../../../../arm-none-eabi/lib/thumb/v8-m.main/nofp/libcr_c.a(strcspn.o)
                0x0000473a                strcspn
 .text.strspn   0x00004758       0x1e /Applications/MCUXpressoIDE_24.12.148/ide/plugins/com.nxp.mcuxpresso.tools.macosx_24.12.0.202407110909/tools/bin/../lib/gcc/arm-none-eabi/13.2.1/../../../../arm-none-eabi/lib/thumb/v8-m.main/nofp/libcr_c.a(strspn.o)
                0x00004758                strspn
 .text._do_fflush
                0x00004776       0x40 /Applications/MCUXpressoIDE_24.12.148/ide/plugins/com.nxp.mcuxpresso.tools.macosx_24.12.0.202407110909/tools/bin/../lib/gcc/arm-none-eabi/13.2.1/../../../../arm-none-eabi/lib/thumb/v8-m.main/nofp/libcr_c.a(_do_fflush.o)
                0x00004776                _do_fflush
 .text.__aeabi_d2iz
                0x000047b6       0x42 /Applications/MCUXpressoIDE_24.12.148/ide/plugins/com.nxp.mcuxpresso.tools.macosx_24.12.0.202407110909/tools/bin/../lib/gcc/arm-none-eabi/13.2.1/thumb/v8-m.main/nofp/libcr_eabihelpers.a(double.o)
                0x000047b6                __aeabi_d2iz
 .text.__bhs_ui2d
                0x000047f8       0x46 /Applications/MCUXpressoIDE_24.12.148/ide/plugins/com.nxp.mcuxpresso.tools.macosx_24.12.0.202407110909/tools/bin/../lib/gcc/arm-none-eabi/13.2.1/thumb/v8-m.main/nofp/libcr_eabihelpers.a(double.o)
                0x000047f8                __bhs_ui2d
 .text.__aeabi_i2d
                0x0000483e       0x10 /Applications/MCUXpressoIDE_24.12.148/ide/plugins/com.nxp.mcuxpresso.tools.macosx_24.12.0.202407110909/tools/bin/../lib/gcc/arm-none-eabi/13.2.1/thumb/v8-m.main/nofp/libcr_eabihelpers.a(double.o)
                0x0000483e                __aeabi_i2d
 .text.__aeabi_dcmpeq
                0x0000484e       0x30 /Applications/MCUXpressoIDE_24.12.148/ide/plugins/com.nxp.mcuxpresso.tools.macosx_24.12.0.202407110909/tools/bin/../lib/gcc/arm-none-eabi/13.2.1/thumb/v8-m.main/nofp/libcr_eabihelpers.a(double.o)
                0x0000484e                __aeabi_dcmpeq
 .text.__aeabi_dcmplt
                0x0000487e       0x56 /Applications/MCUXpressoIDE_24.12.148/ide/plugins/com.nxp.mcuxpresso.tools.macosx_24.12.0.202407110909/tools/bin/../lib/gcc/arm-none-eabi/13.2.1/thumb/v8-m.main/nofp/libcr_eabihelpers.a(double.o)
                0x0000487e                __aeabi_dcmplt
 .text.__aeabi_dcmpgt
                0x000048d4       0x56 /Applications/MCUXpressoIDE_24.12.148/ide/plugins/com.nxp.mcuxpresso.tools.macosx_24.12.0.202407110909/tools/bin/../lib/gcc/arm-none-eabi/13.2.1/thumb/v8-m.main/nofp/libcr_eabihelpers.a(double.o)
                0x000048d4                __aeabi_dcmpgt
 .text.__aeabi_dcmple
                0x0000492a       0x54 /Applications/MCUXpressoIDE_24.12.148/ide/plugins/com.nxp.mcuxpresso.tools.macosx_24.12.0.202407110909/tools/bin/../lib/gcc/arm-none-eabi/13.2.1/thumb/v8-m.main/nofp/libcr_eabihelpers.a(double.o)
                0x0000492a                __aeabi_dcmple
 .text.__aeabi_dcmpge
                0x0000497e       0x5a /Applications/MCUXpressoIDE_24.12.148/ide/plugins/com.nxp.mcuxpresso.tools.macosx_24.12.0.202407110909/tools/bin/../lib/gcc/arm-none-eabi/13.2.1/thumb/v8-m.main/nofp/libcr_eabihelpers.a(double.o)
                0x0000497e                __aeabi_dcmpge
 .text.__aeabi_memset_lowlevel
                0x000049d8       0x32 /Applications/MCUXpressoIDE_24.12.148/ide/plugins/com.nxp.mcuxpresso.tools.macosx_24.12.0.202407110909/tools/bin/../lib/gcc/arm-none-eabi/13.2.1/thumb/v8-m.main/nofp/libcr_eabihelpers.a(memcpy.o)
                0x000049d8                __aeabi_lowlevel_memset
 .text.__sys_close
                0x00004a0a        0xc /Applications/MCUXpressoIDE_24.12.148/ide/plugins/com.nxp.mcuxpresso.tools.macosx_24.12.0.202407110909/tools/bin/../lib/gcc/arm-none-eabi/13.2.1/../../../../arm-none-eabi/lib/thumb/v8-m.main/nofp/libcr_semihost_nf.a(__sys_close.o)
                0x00004a0a                __sys_close
 .text.__sys_flen
                0x00004a16        0xc /Applications/MCUXpressoIDE_24.12.148/ide/plugins/com.nxp.mcuxpresso.tools.macosx_24.12.0.202407110909/tools/bin/../lib/gcc/arm-none-eabi/13.2.1/../../../../arm-none-eabi/lib/thumb/v8-m.main/nofp/libcr_semihost_nf.a(__sys_flen.o)
                0x00004a16                __sys_flen
 .text.__sys_istty
                0x00004a22        0xc /Applications/MCUXpressoIDE_24.12.148/ide/plugins/com.nxp.mcuxpresso.tools.macosx_24.12.0.202407110909/tools/bin/../lib/gcc/arm-none-eabi/13.2.1/../../../../arm-none-eabi/lib/thumb/v8-m.main/nofp/libcr_semihost_nf.a(__sys_istty.o)
                0x00004a22                __sys_istty
 .text.__sys_read
                0x00004a2e        0xc /Applications/MCUXpressoIDE_24.12.148/ide/plugins/com.nxp.mcuxpresso.tools.macosx_24.12.0.202407110909/tools/bin/../lib/gcc/arm-none-eabi/13.2.1/../../../../arm-none-eabi/lib/thumb/v8-m.main/nofp/libcr_semihost_nf.a(__sys_read.o)
                0x00004a2e                __sys_read
 .text.__sys_remove
                0x00004a3a        0xc /Applications/MCUXpressoIDE_24.12.148/ide/plugins/com.nxp.mcuxpresso.tools.macosx_24.12.0.202407110909/tools/bin/../lib/gcc/arm-none-eabi/13.2.1/../../../../arm-none-eabi/lib/thumb/v8-m.main/nofp/libcr_semihost_nf.a(__sys_remove.o)
                0x00004a3a                __sys_remove
 .text.__sys_seek
                0x00004a46        0xc /Applications/MCUXpressoIDE_24.12.148/ide/plugins/com.nxp.mcuxpresso.tools.macosx_24.12.0.202407110909/tools/bin/../lib/gcc/arm-none-eabi/13.2.1/../../../../arm-none-eabi/lib/thumb/v8-m.main/nofp/libcr_semihost_nf.a(__sys_seek.o)
                0x00004a46                __sys_seek
 .text.__sys_tmpnam
                0x00004a52        0xc /Applications/MCUXpressoIDE_24.12.148/ide/plugins/com.nxp.mcuxpresso.tools.macosx_24.12.0.202407110909/tools/bin/../lib/gcc/arm-none-eabi/13.2.1/../../../../arm-none-eabi/lib/thumb/v8-m.main/nofp/libcr_semihost_nf.a(__sys_tmpnam.o)
                0x00004a52                __sys_tmpnam
 *(SORT_BY_ALIGNMENT(.rodata) SORT_BY_ALIGNMENT(.rodata.*) SORT_BY_ALIGNMENT(.constdata) SORT_BY_ALIGNMENT(.constdata.*))
 *fill*         0x00004a5e        0x2 ff
 .rodata.main.str1.4
                0x00004a60       0x9a ./source/main.o
                                 0x96 (size before relaxing)
 .rodata.parseGNGGA.str1.4
                0x00004afa        0x2 ./source/main.o
 *fill*         0x00004afa        0x2 ff
 .rodata.__num_Ciob_streams
                0x00004afc        0x4 /Applications/MCUXpressoIDE_24.12.148/ide/plugins/com.nxp.mcuxpresso.tools.macosx_24.12.0.202407110909/tools/bin/../lib/gcc/arm-none-eabi/13.2.1/../../../../arm-none-eabi/lib/thumb/v8-m.main/nofp/libcr_semihost_nf.a(__ciob.o)
                0x00004afc                __num_Ciob_streams
 .rodata.fp_display.str1.1
                0x00004b00       0x87 /Applications/MCUXpressoIDE_24.12.148/ide/plugins/com.nxp.mcuxpresso.tools.macosx_24.12.0.202407110909/tools/bin/../lib/gcc/arm-none-eabi/13.2.1/../../../../arm-none-eabi/lib/thumb/v8-m.main/nofp/libcr_c.a(fpprintf.o)
                                 0x35 (size before relaxing)
 .rodata._initio.str1.1
                0x00004b87        0x4 /Applications/MCUXpressoIDE_24.12.148/ide/plugins/com.nxp.mcuxpresso.tools.macosx_24.12.0.202407110909/tools/bin/../lib/gcc/arm-none-eabi/13.2.1/../../../../arm-none-eabi/lib/thumb/v8-m.main/nofp/libcr_c.a(initio.o)
 .rodata.__vfprintf.str1.1
                0x00004b87       0x38 /Applications/MCUXpressoIDE_24.12.148/ide/plugins/com.nxp.mcuxpresso.tools.macosx_24.12.0.202407110909/tools/bin/../lib/gcc/arm-none-eabi/13.2.1/../../../../arm-none-eabi/lib/thumb/v8-m.main/nofp/libcr_c.a(printf.o)
 .rodata.strtod.str1.1
                0x00004b87        0x6 /Applications/MCUXpressoIDE_24.12.148/ide/plugins/com.nxp.mcuxpresso.tools.macosx_24.12.0.202407110909/tools/bin/../lib/gcc/arm-none-eabi/13.2.1/../../../../arm-none-eabi/lib/thumb/v8-m.main/nofp/libcr_c.a(scanf.o)
 .rodata.str1.1
                0x00004b87        0x1 /Applications/MCUXpressoIDE_24.12.148/ide/plugins/com.nxp.mcuxpresso.tools.macosx_24.12.0.202407110909/tools/bin/../lib/gcc/arm-none-eabi/13.2.1/../../../../arm-none-eabi/lib/thumb/v8-m.main/nofp/libcr_c.a(strtok.o)
 .rodata._Csys_alloc.str1.1
                0x00004b87       0x18 /Applications/MCUXpressoIDE_24.12.148/ide/plugins/com.nxp.mcuxpresso.tools.macosx_24.12.0.202407110909/tools/bin/../lib/gcc/arm-none-eabi/13.2.1/../../../../arm-none-eabi/lib/thumb/v8-m.main/nofp/libcr_c.a(alloc.o)
 .rodata.__ctype
                0x00004b87      0x180 /Applications/MCUXpressoIDE_24.12.148/ide/plugins/com.nxp.mcuxpresso.tools.macosx_24.12.0.202407110909/tools/bin/../lib/gcc/arm-none-eabi/13.2.1/../../../../arm-none-eabi/lib/thumb/v8-m.main/nofp/libcr_c.a(ctype.o)
                0x00004b87                __ctype
                0x00004d08                        . = ALIGN (0x4)
 *fill*         0x00004d07        0x1 ff

.glue_7         0x00004d08        0x0
 .glue_7        0x00004d08        0x0 linker stubs

.glue_7t        0x00004d08        0x0
 .glue_7t       0x00004d08        0x0 linker stubs

.vfp11_veneer   0x00004d08        0x0
 .vfp11_veneer  0x00004d08        0x0 linker stubs

.v4_bx          0x00004d08        0x0
 .v4_bx         0x00004d08        0x0 linker stubs

.iplt           0x00004d08        0x0
 .iplt          0x00004d08        0x0 ./startup/startup_mcxa153.o

.rel.dyn        0x00004d08        0x0
 .rel.iplt      0x00004d08        0x0 ./startup/startup_mcxa153.o

.ARM.extab
 *(SORT_BY_ALIGNMENT(.ARM.extab*) SORT_BY_ALIGNMENT(.gnu.linkonce.armextab.*))

.ARM.exidx      0x00004d08        0x0
                0x00004d08                        __exidx_start = .
 *(SORT_BY_ALIGNMENT(.ARM.exidx*) SORT_BY_ALIGNMENT(.gnu.linkonce.armexidx.*))
                0x00004d08                        __exidx_end = .
                0x00004d08                        _etext = .

.data_RAM2      0x04000000        0x0 load address 0x00004d08
 FILL mask 0xff
                [!provide]                        PROVIDE (__start_data_RAM2 = .)
                [!provide]                        PROVIDE (__start_data_SRAMX0 = .)
 *(SORT_BY_ALIGNMENT(.ramfunc.$RAM2))
 *(SORT_BY_ALIGNMENT(.ramfunc.$SRAMX0))
 *(SORT_BY_ALIGNMENT(.data.$RAM2))
 *(SORT_BY_ALIGNMENT(.data.$SRAMX0))
 *(SORT_BY_ALIGNMENT(.data.$RAM2.*))
 *(SORT_BY_ALIGNMENT(.data.$SRAMX0.*))
                0x04000000                        . = ALIGN (0x4)
                [!provide]                        PROVIDE (__end_data_RAM2 = .)
                [!provide]                        PROVIDE (__end_data_SRAMX0 = .)

.data_RAM3      0x04002000        0x0 load address 0x00004d08
 FILL mask 0xff
                [!provide]                        PROVIDE (__start_data_RAM3 = .)
                [!provide]                        PROVIDE (__start_data_SRAMX1 = .)
 *(SORT_BY_ALIGNMENT(.ramfunc.$RAM3))
 *(SORT_BY_ALIGNMENT(.ramfunc.$SRAMX1))
 *(SORT_BY_ALIGNMENT(.data.$RAM3))
 *(SORT_BY_ALIGNMENT(.data.$SRAMX1))
 *(SORT_BY_ALIGNMENT(.data.$RAM3.*))
 *(SORT_BY_ALIGNMENT(.data.$SRAMX1.*))
                0x04002000                        . = ALIGN (0x4)
                [!provide]                        PROVIDE (__end_data_RAM3 = .)
                [!provide]                        PROVIDE (__end_data_SRAMX1 = .)

.uninit_RESERVED
                0x20000000        0x0
                0x20000000                        _start_uninit_RESERVED = .
 *(SORT_BY_ALIGNMENT(.bss.$RESERVED*))
                0x20000000                        . = ALIGN (0x4)
                0x20000000                        _end_uninit_RESERVED = .

.data           0x20000000       0x10 load address 0x00004d08
 FILL mask 0xff
                0x20000000                        _data = .
                [!provide]                        PROVIDE (__start_data_RAM = .)
                [!provide]                        PROVIDE (__start_data_SRAM = .)
 *(SORT_BY_ALIGNMENT(vtable))
 *(SORT_BY_ALIGNMENT(.ramfunc*))
 *(SORT_BY_ALIGNMENT(CodeQuickAccess))
 *(SORT_BY_ALIGNMENT(DataQuickAccess))
 *(SORT_BY_ALIGNMENT(RamFunction))
 *(SORT_BY_ALIGNMENT(.data*))
 .data.noFixLoops
                0x20000000        0x4 ./source/main.o
                0x20000000                noFixLoops
 .data.neginf.0
                0x20000004        0x4 /Applications/MCUXpressoIDE_24.12.148/ide/plugins/com.nxp.mcuxpresso.tools.macosx_24.12.0.202407110909/tools/bin/../lib/gcc/arm-none-eabi/13.2.1/../../../../arm-none-eabi/lib/thumb/v8-m.main/nofp/libcr_c.a(scanf.o)
 .data.posinf.1
                0x20000008        0x4 /Applications/MCUXpressoIDE_24.12.148/ide/plugins/com.nxp.mcuxpresso.tools.macosx_24.12.0.202407110909/tools/bin/../lib/gcc/arm-none-eabi/13.2.1/../../../../arm-none-eabi/lib/thumb/v8-m.main/nofp/libcr_c.a(scanf.o)
 .data.saves1.0
                0x2000000c        0x4 /Applications/MCUXpressoIDE_24.12.148/ide/plugins/com.nxp.mcuxpresso.tools.macosx_24.12.0.202407110909/tools/bin/../lib/gcc/arm-none-eabi/13.2.1/../../../../arm-none-eabi/lib/thumb/v8-m.main/nofp/libcr_c.a(strtok.o)
                0x20000010                        . = ALIGN (0x4)
                0x20000010                        _edata = .
                [!provide]                        PROVIDE (__end_data_RAM = .)
                [!provide]                        PROVIDE (__end_data_SRAM = .)

.igot.plt       0x20000010        0x0 load address 0x00004d18
 .igot.plt      0x20000010        0x0 ./startup/startup_mcxa153.o

.bss_RAM2       0x04000000        0x0
                [!provide]                        PROVIDE (__start_bss_RAM2 = .)
                [!provide]                        PROVIDE (__start_bss_SRAMX0 = .)
 *(SORT_BY_ALIGNMENT(.bss.$RAM2))
 *(SORT_BY_ALIGNMENT(.bss.$SRAMX0))
 *(SORT_BY_ALIGNMENT(.bss.$RAM2.*))
 *(SORT_BY_ALIGNMENT(.bss.$SRAMX0.*))
                0x04000000                        . = ALIGN ((. != 0x0)?0x4:0x1)
                [!provide]                        PROVIDE (__end_bss_RAM2 = .)
                [!provide]                        PROVIDE (__end_bss_SRAMX0 = .)

.bss_RAM3       0x04002000        0x0
                [!provide]                        PROVIDE (__start_bss_RAM3 = .)
                [!provide]                        PROVIDE (__start_bss_SRAMX1 = .)
 *(SORT_BY_ALIGNMENT(.bss.$RAM3))
 *(SORT_BY_ALIGNMENT(.bss.$SRAMX1))
 *(SORT_BY_ALIGNMENT(.bss.$RAM3.*))
 *(SORT_BY_ALIGNMENT(.bss.$SRAMX1.*))
                0x04002000                        . = ALIGN ((. != 0x0)?0x4:0x1)
                [!provide]                        PROVIDE (__end_bss_RAM3 = .)
                [!provide]                        PROVIDE (__end_bss_SRAMX1 = .)

.bss            0x20000010      0x378
                0x20000010                        _bss = .
                [!provide]                        PROVIDE (__start_bss_RAM = .)
                [!provide]                        PROVIDE (__start_bss_SRAM = .)
 *(SORT_BY_ALIGNMENT(.bss*))
 .bss.currentLocation
                0x20000010       0x18 ./source/main.o
                0x20000010                currentLocation
 .bss.targetLocation
                0x20000028       0x18 ./source/main.o
                0x20000028                targetLocation
 .bss.directions
                0x20000040       0x18 ./source/main.o
                0x20000040                directions
 .bss.connectionQuality
                0x20000058       0x10 ./source/main.o
                0x20000058                connectionQuality
 .bss.tx        0x20000068       0x18 ./source/lpuart0_interrupt.o
 .bss.rx        0x20000080       0x18 ./source/lpuart0_interrupt.o
 .bss.tx_buffer
                0x20000098       0x80 ./source/lpuart0_interrupt.o
 .bss.rx_buffer
                0x20000118       0x80 ./source/lpuart0_interrupt.o
 .bss.tx        0x20000198       0x18 ./source/lpuart2_interrupt.o
 .bss.rx        0x200001b0       0x18 ./source/lpuart2_interrupt.o
 .bss.tx_buffer
                0x200001c8       0x80 ./source/lpuart2_interrupt.o
 .bss.rx_buffer
                0x20000248       0x80 ./source/lpuart2_interrupt.o
 .bss.errno     0x200002c8        0x4 /Applications/MCUXpressoIDE_24.12.148/ide/plugins/com.nxp.mcuxpresso.tools.macosx_24.12.0.202407110909/tools/bin/../lib/gcc/arm-none-eabi/13.2.1/../../../../arm-none-eabi/lib/thumb/v8-m.main/nofp/libcr_c.a(errno.o)
                0x200002c8                errno
 .bss.__end_of_heap
                0x200002cc        0x4 /Applications/MCUXpressoIDE_24.12.148/ide/plugins/com.nxp.mcuxpresso.tools.macosx_24.12.0.202407110909/tools/bin/../lib/gcc/arm-none-eabi/13.2.1/../../../../arm-none-eabi/lib/thumb/v8-m.main/nofp/libcr_c.a(__init_alloc.o)
                0x200002cc                __end_of_heap
 .bss.__heaps   0x200002d0        0x4 /Applications/MCUXpressoIDE_24.12.148/ide/plugins/com.nxp.mcuxpresso.tools.macosx_24.12.0.202407110909/tools/bin/../lib/gcc/arm-none-eabi/13.2.1/../../../../arm-none-eabi/lib/thumb/v8-m.main/nofp/libcr_c.a(__init_alloc.o)
                0x200002d0                __heaps
 .bss.__Ciob    0x200002d4       0xb4 /Applications/MCUXpressoIDE_24.12.148/ide/plugins/com.nxp.mcuxpresso.tools.macosx_24.12.0.202407110909/tools/bin/../lib/gcc/arm-none-eabi/13.2.1/../../../../arm-none-eabi/lib/thumb/v8-m.main/nofp/libcr_semihost_nf.a(__ciob.o)
                0x200002d4                __Ciob
 *(SORT_BY_ALIGNMENT(COMMON))
                0x20000388                        . = ALIGN (0x4)
                0x20000388                        _ebss = .
                [!provide]                        PROVIDE (__end_bss_RAM = .)
                [!provide]                        PROVIDE (__end_bss_SRAM = .)
                [!provide]                        PROVIDE (end = .)

.noinit_RAM2    0x04000000        0x0
                [!provide]                        PROVIDE (__start_noinit_RAM2 = .)
                [!provide]                        PROVIDE (__start_noinit_SRAMX0 = .)
 *(SORT_BY_ALIGNMENT(.noinit.$RAM2))
 *(SORT_BY_ALIGNMENT(.noinit.$SRAMX0))
 *(SORT_BY_ALIGNMENT(.noinit.$RAM2.*))
 *(SORT_BY_ALIGNMENT(.noinit.$SRAMX0.*))
                0x04000000                        . = ALIGN (0x4)
                [!provide]                        PROVIDE (__end_noinit_RAM2 = .)
                [!provide]                        PROVIDE (__end_noinit_SRAMX0 = .)

.noinit_RAM3    0x04002000        0x0
                [!provide]                        PROVIDE (__start_noinit_RAM3 = .)
                [!provide]                        PROVIDE (__start_noinit_SRAMX1 = .)
 *(SORT_BY_ALIGNMENT(.noinit.$RAM3))
 *(SORT_BY_ALIGNMENT(.noinit.$SRAMX1))
 *(SORT_BY_ALIGNMENT(.noinit.$RAM3.*))
 *(SORT_BY_ALIGNMENT(.noinit.$SRAMX1.*))
                0x04002000                        . = ALIGN (0x4)
                [!provide]                        PROVIDE (__end_noinit_RAM3 = .)
                [!provide]                        PROVIDE (__end_noinit_SRAMX1 = .)

.noinit         0x20000388        0x0
                0x20000388                        _noinit = .
                [!provide]                        PROVIDE (__start_noinit_RAM = .)
                [!provide]                        PROVIDE (__start_noinit_SRAM = .)
 *(SORT_BY_ALIGNMENT(.noinit*))
                0x20000388                        . = ALIGN (0x4)
                0x20000388                        _end_noinit = .
                [!provide]                        PROVIDE (__end_noinit_RAM = .)
                [!provide]                        PROVIDE (__end_noinit_SRAM = .)
                0x00000600                        _HeapSize = 0x600

.heap           0x20000388      0x600
                0x20000388                        _pvHeapStart = .
                0x20000988                        . = (. + _HeapSize)
 *fill*         0x20000388      0x600 
                0x20000988                        . = ALIGN (0x4)
                0x20000988                        _pvHeapLimit = .
                0x00000600                        _StackSize = 0x600

.heap2stackfill
                0x20000988      0x600
                0x20000f88                        . = (. + _StackSize)
 *fill*         0x20000988      0x600 

.stack          0x20005a00        0x0
                0x20005a00                        _vStackBase = .
                0x20005a00                        . = ALIGN (0x4)
                0x20006000                        _vStackTop = (. + _StackSize)
                0x00000000                        _image_start = LOADADDR (.text)
                0x00004d18                        _image_end = (LOADADDR (.data) + SIZEOF (.data))
                0x00004d18                        _image_size = (_image_end - _image_start)
OUTPUT(project.axf elf32-littlearm)
LOAD linker stubs

.debug_info     0x00000000     0xe089
 .debug_info    0x00000000      0xb86 ./startup/startup_mcxa153.o
 .debug_info    0x00000b86      0x196 ./source/utils/GPS.o
 .debug_info    0x00000d1c      0x2dc ./source/fifo.o
 .debug_info    0x00000ff8      0xf5b ./source/lpuart0_interrupt.o
 .debug_info    0x00001f53      0xf5b ./source/lpuart2_interrupt.o
 .debug_info    0x00002eae      0x46c ./source/main.o
 .debug_info    0x0000331a      0x128 ./source/retarget.o
 .debug_info    0x00003442       0x3c ./source/semihost_hardfault.o
 .debug_info    0x0000347e      0xc6a ./device/system_MCXA153.o
 .debug_info    0x000040e8       0x85 /Applications/MCUXpressoIDE_24.12.148/ide/plugins/com.nxp.mcuxpresso.tools.macosx_24.12.0.202407110909/tools/bin/../lib/gcc/arm-none-eabi/13.2.1/../../../../arm-none-eabi/lib/thumb/v8-m.main/nofp/libcr_semihost_nf.a(_cr__main.o)
 .debug_info    0x0000416d       0xe2 /Applications/MCUXpressoIDE_24.12.148/ide/plugins/com.nxp.mcuxpresso.tools.macosx_24.12.0.202407110909/tools/bin/../lib/gcc/arm-none-eabi/13.2.1/../../../../arm-none-eabi/lib/thumb/v8-m.main/nofp/libcr_c.a(cos.o)
 .debug_info    0x0000424f       0x8f /Applications/MCUXpressoIDE_24.12.148/ide/plugins/com.nxp.mcuxpresso.tools.macosx_24.12.0.202407110909/tools/bin/../lib/gcc/arm-none-eabi/13.2.1/../../../../arm-none-eabi/lib/thumb/v8-m.main/nofp/libcr_c.a(fabs.o)
 .debug_info    0x000042de     0x1569 /Applications/MCUXpressoIDE_24.12.148/ide/plugins/com.nxp.mcuxpresso.tools.macosx_24.12.0.202407110909/tools/bin/../lib/gcc/arm-none-eabi/13.2.1/../../../../arm-none-eabi/lib/thumb/v8-m.main/nofp/libcr_c.a(fpprintf.o)
 .debug_info    0x00005847      0x339 /Applications/MCUXpressoIDE_24.12.148/ide/plugins/com.nxp.mcuxpresso.tools.macosx_24.12.0.202407110909/tools/bin/../lib/gcc/arm-none-eabi/13.2.1/../../../../arm-none-eabi/lib/thumb/v8-m.main/nofp/libcr_c.a(initio.o)
 .debug_info    0x00005b80     0x1280 /Applications/MCUXpressoIDE_24.12.148/ide/plugins/com.nxp.mcuxpresso.tools.macosx_24.12.0.202407110909/tools/bin/../lib/gcc/arm-none-eabi/13.2.1/../../../../arm-none-eabi/lib/thumb/v8-m.main/nofp/libcr_c.a(printf.o)
 .debug_info    0x00006e00     0x19dd /Applications/MCUXpressoIDE_24.12.148/ide/plugins/com.nxp.mcuxpresso.tools.macosx_24.12.0.202407110909/tools/bin/../lib/gcc/arm-none-eabi/13.2.1/../../../../arm-none-eabi/lib/thumb/v8-m.main/nofp/libcr_c.a(scanf.o)
 .debug_info    0x000087dd      0x1fd /Applications/MCUXpressoIDE_24.12.148/ide/plugins/com.nxp.mcuxpresso.tools.macosx_24.12.0.202407110909/tools/bin/../lib/gcc/arm-none-eabi/13.2.1/../../../../arm-none-eabi/lib/thumb/v8-m.main/nofp/libcr_c.a(setvbuf.o)
 .debug_info    0x000089da       0xe1 /Applications/MCUXpressoIDE_24.12.148/ide/plugins/com.nxp.mcuxpresso.tools.macosx_24.12.0.202407110909/tools/bin/../lib/gcc/arm-none-eabi/13.2.1/../../../../arm-none-eabi/lib/thumb/v8-m.main/nofp/libcr_c.a(strlen.o)
 .debug_info    0x00008abb       0xca /Applications/MCUXpressoIDE_24.12.148/ide/plugins/com.nxp.mcuxpresso.tools.macosx_24.12.0.202407110909/tools/bin/../lib/gcc/arm-none-eabi/13.2.1/../../../../arm-none-eabi/lib/thumb/v8-m.main/nofp/libcr_c.a(strncat.o)
 .debug_info    0x00008b85      0x11c /Applications/MCUXpressoIDE_24.12.148/ide/plugins/com.nxp.mcuxpresso.tools.macosx_24.12.0.202407110909/tools/bin/../lib/gcc/arm-none-eabi/13.2.1/../../../../arm-none-eabi/lib/thumb/v8-m.main/nofp/libcr_c.a(strncmp.o)
 .debug_info    0x00008ca1      0x139 /Applications/MCUXpressoIDE_24.12.148/ide/plugins/com.nxp.mcuxpresso.tools.macosx_24.12.0.202407110909/tools/bin/../lib/gcc/arm-none-eabi/13.2.1/../../../../arm-none-eabi/lib/thumb/v8-m.main/nofp/libcr_c.a(strtok.o)
 .debug_info    0x00008dda      0x192 /Applications/MCUXpressoIDE_24.12.148/ide/plugins/com.nxp.mcuxpresso.tools.macosx_24.12.0.202407110909/tools/bin/../lib/gcc/arm-none-eabi/13.2.1/../../../../arm-none-eabi/lib/thumb/v8-m.main/nofp/libcr_c.a(ungetc.o)
 .debug_info    0x00008f6c       0xfc /Applications/MCUXpressoIDE_24.12.148/ide/plugins/com.nxp.mcuxpresso.tools.macosx_24.12.0.202407110909/tools/bin/../lib/gcc/arm-none-eabi/13.2.1/../../../../arm-none-eabi/lib/thumb/v8-m.main/nofp/libcr_c.a(memset.o)
 .debug_info    0x00009068      0x46d /Applications/MCUXpressoIDE_24.12.148/ide/plugins/com.nxp.mcuxpresso.tools.macosx_24.12.0.202407110909/tools/bin/../lib/gcc/arm-none-eabi/13.2.1/../../../../arm-none-eabi/lib/thumb/v8-m.main/nofp/libcr_c.a(__fillbuf.o)
 .debug_info    0x000094d5      0x369 /Applications/MCUXpressoIDE_24.12.148/ide/plugins/com.nxp.mcuxpresso.tools.macosx_24.12.0.202407110909/tools/bin/../lib/gcc/arm-none-eabi/13.2.1/../../../../arm-none-eabi/lib/thumb/v8-m.main/nofp/libcr_c.a(_deferredlazyseek.o)
 .debug_info    0x0000983e      0x24b /Applications/MCUXpressoIDE_24.12.148/ide/plugins/com.nxp.mcuxpresso.tools.macosx_24.12.0.202407110909/tools/bin/../lib/gcc/arm-none-eabi/13.2.1/../../../../arm-none-eabi/lib/thumb/v8-m.main/nofp/libcr_c.a(_fdopen.o)
 .debug_info    0x00009a89      0x1e3 /Applications/MCUXpressoIDE_24.12.148/ide/plugins/com.nxp.mcuxpresso.tools.macosx_24.12.0.202407110909/tools/bin/../lib/gcc/arm-none-eabi/13.2.1/../../../../arm-none-eabi/lib/thumb/v8-m.main/nofp/libcr_c.a(_fflush.o)
 .debug_info    0x00009c6c      0x15e /Applications/MCUXpressoIDE_24.12.148/ide/plugins/com.nxp.mcuxpresso.tools.macosx_24.12.0.202407110909/tools/bin/../lib/gcc/arm-none-eabi/13.2.1/../../../../arm-none-eabi/lib/thumb/v8-m.main/nofp/libcr_c.a(_frexpl.o)
 .debug_info    0x00009dca      0x146 /Applications/MCUXpressoIDE_24.12.148/ide/plugins/com.nxp.mcuxpresso.tools.macosx_24.12.0.202407110909/tools/bin/../lib/gcc/arm-none-eabi/13.2.1/../../../../arm-none-eabi/lib/thumb/v8-m.main/nofp/libcr_c.a(_ldexpl.o)
 .debug_info    0x00009f10      0x286 /Applications/MCUXpressoIDE_24.12.148/ide/plugins/com.nxp.mcuxpresso.tools.macosx_24.12.0.202407110909/tools/bin/../lib/gcc/arm-none-eabi/13.2.1/../../../../arm-none-eabi/lib/thumb/v8-m.main/nofp/libcr_c.a(_sincos.o)
 .debug_info    0x0000a196      0x289 /Applications/MCUXpressoIDE_24.12.148/ide/plugins/com.nxp.mcuxpresso.tools.macosx_24.12.0.202407110909/tools/bin/../lib/gcc/arm-none-eabi/13.2.1/../../../../arm-none-eabi/lib/thumb/v8-m.main/nofp/libcr_c.a(_writebuf.o)
 .debug_info    0x0000a41f      0x520 /Applications/MCUXpressoIDE_24.12.148/ide/plugins/com.nxp.mcuxpresso.tools.macosx_24.12.0.202407110909/tools/bin/../lib/gcc/arm-none-eabi/13.2.1/../../../../arm-none-eabi/lib/thumb/v8-m.main/nofp/libcr_c.a(alloc.o)
 .debug_info    0x0000a93f      0x2f8 /Applications/MCUXpressoIDE_24.12.148/ide/plugins/com.nxp.mcuxpresso.tools.macosx_24.12.0.202407110909/tools/bin/../lib/gcc/arm-none-eabi/13.2.1/../../../../arm-none-eabi/lib/thumb/v8-m.main/nofp/libcr_c.a(ctype.o)
 .debug_info    0x0000ac37       0x44 /Applications/MCUXpressoIDE_24.12.148/ide/plugins/com.nxp.mcuxpresso.tools.macosx_24.12.0.202407110909/tools/bin/../lib/gcc/arm-none-eabi/13.2.1/../../../../arm-none-eabi/lib/thumb/v8-m.main/nofp/libcr_c.a(errno.o)
 .debug_info    0x0000ac7b      0x318 /Applications/MCUXpressoIDE_24.12.148/ide/plugins/com.nxp.mcuxpresso.tools.macosx_24.12.0.202407110909/tools/bin/../lib/gcc/arm-none-eabi/13.2.1/../../../../arm-none-eabi/lib/thumb/v8-m.main/nofp/libcr_c.a(fclose.o)
 .debug_info    0x0000af93      0x209 /Applications/MCUXpressoIDE_24.12.148/ide/plugins/com.nxp.mcuxpresso.tools.macosx_24.12.0.202407110909/tools/bin/../lib/gcc/arm-none-eabi/13.2.1/../../../../arm-none-eabi/lib/thumb/v8-m.main/nofp/libcr_c.a(fflush.o)
 .debug_info    0x0000b19c      0x276 /Applications/MCUXpressoIDE_24.12.148/ide/plugins/com.nxp.mcuxpresso.tools.macosx_24.12.0.202407110909/tools/bin/../lib/gcc/arm-none-eabi/13.2.1/../../../../arm-none-eabi/lib/thumb/v8-m.main/nofp/libcr_c.a(fseek.o)
 .debug_info    0x0000b412      0x197 /Applications/MCUXpressoIDE_24.12.148/ide/plugins/com.nxp.mcuxpresso.tools.macosx_24.12.0.202407110909/tools/bin/../lib/gcc/arm-none-eabi/13.2.1/../../../../arm-none-eabi/lib/thumb/v8-m.main/nofp/libcr_c.a(ftell.o)
 .debug_info    0x0000b5a9      0x1d7 /Applications/MCUXpressoIDE_24.12.148/ide/plugins/com.nxp.mcuxpresso.tools.macosx_24.12.0.202407110909/tools/bin/../lib/gcc/arm-none-eabi/13.2.1/../../../../arm-none-eabi/lib/thumb/v8-m.main/nofp/libcr_c.a(remove.o)
 .debug_info    0x0000b780       0xe0 /Applications/MCUXpressoIDE_24.12.148/ide/plugins/com.nxp.mcuxpresso.tools.macosx_24.12.0.202407110909/tools/bin/../lib/gcc/arm-none-eabi/13.2.1/../../../../arm-none-eabi/lib/thumb/v8-m.main/nofp/libcr_c.a(strcspn.o)
 .debug_info    0x0000b860       0xe0 /Applications/MCUXpressoIDE_24.12.148/ide/plugins/com.nxp.mcuxpresso.tools.macosx_24.12.0.202407110909/tools/bin/../lib/gcc/arm-none-eabi/13.2.1/../../../../arm-none-eabi/lib/thumb/v8-m.main/nofp/libcr_c.a(strspn.o)
 .debug_info    0x0000b940       0xd4 /Applications/MCUXpressoIDE_24.12.148/ide/plugins/com.nxp.mcuxpresso.tools.macosx_24.12.0.202407110909/tools/bin/../lib/gcc/arm-none-eabi/13.2.1/../../../../arm-none-eabi/lib/thumb/v8-m.main/nofp/libcr_c.a(__init_alloc.o)
 .debug_info    0x0000ba14      0x107 /Applications/MCUXpressoIDE_24.12.148/ide/plugins/com.nxp.mcuxpresso.tools.macosx_24.12.0.202407110909/tools/bin/../lib/gcc/arm-none-eabi/13.2.1/../../../../arm-none-eabi/lib/thumb/v8-m.main/nofp/libcr_c.a(_cr_sbrk.o)
 .debug_info    0x0000bb1b      0x23a /Applications/MCUXpressoIDE_24.12.148/ide/plugins/com.nxp.mcuxpresso.tools.macosx_24.12.0.202407110909/tools/bin/../lib/gcc/arm-none-eabi/13.2.1/../../../../arm-none-eabi/lib/thumb/v8-m.main/nofp/libcr_c.a(_do_fflush.o)
 .debug_info    0x0000bd55       0x78 /Applications/MCUXpressoIDE_24.12.148/ide/plugins/com.nxp.mcuxpresso.tools.macosx_24.12.0.202407110909/tools/bin/../lib/gcc/arm-none-eabi/13.2.1/../../../../arm-none-eabi/lib/thumb/v8-m.main/nofp/libcr_c.a(_cr_check_heap.o)
 .debug_info    0x0000bdcd     0x2131 /Applications/MCUXpressoIDE_24.12.148/ide/plugins/com.nxp.mcuxpresso.tools.macosx_24.12.0.202407110909/tools/bin/../lib/gcc/arm-none-eabi/13.2.1/thumb/v8-m.main/nofp/libcr_eabihelpers.a(double.o)
 .debug_info    0x0000defe      0x18b /Applications/MCUXpressoIDE_24.12.148/ide/plugins/com.nxp.mcuxpresso.tools.macosx_24.12.0.202407110909/tools/bin/../lib/gcc/arm-none-eabi/13.2.1/../../../../arm-none-eabi/lib/thumb/v8-m.main/nofp/libcr_semihost_nf.a(__ciob.o)

.debug_abbrev   0x00000000     0x3b8a
 .debug_abbrev  0x00000000      0x134 ./startup/startup_mcxa153.o
 .debug_abbrev  0x00000134       0xb3 ./source/utils/GPS.o
 .debug_abbrev  0x000001e7      0x191 ./source/fifo.o
 .debug_abbrev  0x00000378      0x251 ./source/lpuart0_interrupt.o
 .debug_abbrev  0x000005c9      0x251 ./source/lpuart2_interrupt.o
 .debug_abbrev  0x0000081a      0x15b ./source/main.o
 .debug_abbrev  0x00000975       0xe2 ./source/retarget.o
 .debug_abbrev  0x00000a57       0x31 ./source/semihost_hardfault.o
 .debug_abbrev  0x00000a88      0x17f ./device/system_MCXA153.o
 .debug_abbrev  0x00000c07       0x70 /Applications/MCUXpressoIDE_24.12.148/ide/plugins/com.nxp.mcuxpresso.tools.macosx_24.12.0.202407110909/tools/bin/../lib/gcc/arm-none-eabi/13.2.1/../../../../arm-none-eabi/lib/thumb/v8-m.main/nofp/libcr_semihost_nf.a(_cr__main.o)
 .debug_abbrev  0x00000c77       0x92 /Applications/MCUXpressoIDE_24.12.148/ide/plugins/com.nxp.mcuxpresso.tools.macosx_24.12.0.202407110909/tools/bin/../lib/gcc/arm-none-eabi/13.2.1/../../../../arm-none-eabi/lib/thumb/v8-m.main/nofp/libcr_c.a(cos.o)
 .debug_abbrev  0x00000d09       0x74 /Applications/MCUXpressoIDE_24.12.148/ide/plugins/com.nxp.mcuxpresso.tools.macosx_24.12.0.202407110909/tools/bin/../lib/gcc/arm-none-eabi/13.2.1/../../../../arm-none-eabi/lib/thumb/v8-m.main/nofp/libcr_c.a(fabs.o)
 .debug_abbrev  0x00000d7d      0x46c /Applications/MCUXpressoIDE_24.12.148/ide/plugins/com.nxp.mcuxpresso.tools.macosx_24.12.0.202407110909/tools/bin/../lib/gcc/arm-none-eabi/13.2.1/../../../../arm-none-eabi/lib/thumb/v8-m.main/nofp/libcr_c.a(fpprintf.o)
 .debug_abbrev  0x000011e9      0x169 /Applications/MCUXpressoIDE_24.12.148/ide/plugins/com.nxp.mcuxpresso.tools.macosx_24.12.0.202407110909/tools/bin/../lib/gcc/arm-none-eabi/13.2.1/../../../../arm-none-eabi/lib/thumb/v8-m.main/nofp/libcr_c.a(initio.o)
 .debug_abbrev  0x00001352      0x3ba /Applications/MCUXpressoIDE_24.12.148/ide/plugins/com.nxp.mcuxpresso.tools.macosx_24.12.0.202407110909/tools/bin/../lib/gcc/arm-none-eabi/13.2.1/../../../../arm-none-eabi/lib/thumb/v8-m.main/nofp/libcr_c.a(printf.o)
 .debug_abbrev  0x0000170c      0x453 /Applications/MCUXpressoIDE_24.12.148/ide/plugins/com.nxp.mcuxpresso.tools.macosx_24.12.0.202407110909/tools/bin/../lib/gcc/arm-none-eabi/13.2.1/../../../../arm-none-eabi/lib/thumb/v8-m.main/nofp/libcr_c.a(scanf.o)
 .debug_abbrev  0x00001b5f       0xe1 /Applications/MCUXpressoIDE_24.12.148/ide/plugins/com.nxp.mcuxpresso.tools.macosx_24.12.0.202407110909/tools/bin/../lib/gcc/arm-none-eabi/13.2.1/../../../../arm-none-eabi/lib/thumb/v8-m.main/nofp/libcr_c.a(setvbuf.o)
 .debug_abbrev  0x00001c40       0xa7 /Applications/MCUXpressoIDE_24.12.148/ide/plugins/com.nxp.mcuxpresso.tools.macosx_24.12.0.202407110909/tools/bin/../lib/gcc/arm-none-eabi/13.2.1/../../../../arm-none-eabi/lib/thumb/v8-m.main/nofp/libcr_c.a(strlen.o)
 .debug_abbrev  0x00001ce7       0xa0 /Applications/MCUXpressoIDE_24.12.148/ide/plugins/com.nxp.mcuxpresso.tools.macosx_24.12.0.202407110909/tools/bin/../lib/gcc/arm-none-eabi/13.2.1/../../../../arm-none-eabi/lib/thumb/v8-m.main/nofp/libcr_c.a(strncat.o)
 .debug_abbrev  0x00001d87       0xb0 /Applications/MCUXpressoIDE_24.12.148/ide/plugins/com.nxp.mcuxpresso.tools.macosx_24.12.0.202407110909/tools/bin/../lib/gcc/arm-none-eabi/13.2.1/../../../../arm-none-eabi/lib/thumb/v8-m.main/nofp/libcr_c.a(strncmp.o)
 .debug_abbrev  0x00001e37       0xe2 /Applications/MCUXpressoIDE_24.12.148/ide/plugins/com.nxp.mcuxpresso.tools.macosx_24.12.0.202407110909/tools/bin/../lib/gcc/arm-none-eabi/13.2.1/../../../../arm-none-eabi/lib/thumb/v8-m.main/nofp/libcr_c.a(strtok.o)
 .debug_abbrev  0x00001f19       0xb9 /Applications/MCUXpressoIDE_24.12.148/ide/plugins/com.nxp.mcuxpresso.tools.macosx_24.12.0.202407110909/tools/bin/../lib/gcc/arm-none-eabi/13.2.1/../../../../arm-none-eabi/lib/thumb/v8-m.main/nofp/libcr_c.a(ungetc.o)
 .debug_abbrev  0x00001fd2       0xa8 /Applications/MCUXpressoIDE_24.12.148/ide/plugins/com.nxp.mcuxpresso.tools.macosx_24.12.0.202407110909/tools/bin/../lib/gcc/arm-none-eabi/13.2.1/../../../../arm-none-eabi/lib/thumb/v8-m.main/nofp/libcr_c.a(memset.o)
 .debug_abbrev  0x0000207a      0x228 /Applications/MCUXpressoIDE_24.12.148/ide/plugins/com.nxp.mcuxpresso.tools.macosx_24.12.0.202407110909/tools/bin/../lib/gcc/arm-none-eabi/13.2.1/../../../../arm-none-eabi/lib/thumb/v8-m.main/nofp/libcr_c.a(__fillbuf.o)
 .debug_abbrev  0x000022a2      0x152 /Applications/MCUXpressoIDE_24.12.148/ide/plugins/com.nxp.mcuxpresso.tools.macosx_24.12.0.202407110909/tools/bin/../lib/gcc/arm-none-eabi/13.2.1/../../../../arm-none-eabi/lib/thumb/v8-m.main/nofp/libcr_c.a(_deferredlazyseek.o)
 .debug_abbrev  0x000023f4      0x119 /Applications/MCUXpressoIDE_24.12.148/ide/plugins/com.nxp.mcuxpresso.tools.macosx_24.12.0.202407110909/tools/bin/../lib/gcc/arm-none-eabi/13.2.1/../../../../arm-none-eabi/lib/thumb/v8-m.main/nofp/libcr_c.a(_fdopen.o)
 .debug_abbrev  0x0000250d       0xf1 /Applications/MCUXpressoIDE_24.12.148/ide/plugins/com.nxp.mcuxpresso.tools.macosx_24.12.0.202407110909/tools/bin/../lib/gcc/arm-none-eabi/13.2.1/../../../../arm-none-eabi/lib/thumb/v8-m.main/nofp/libcr_c.a(_fflush.o)
 .debug_abbrev  0x000025fe      0x123 /Applications/MCUXpressoIDE_24.12.148/ide/plugins/com.nxp.mcuxpresso.tools.macosx_24.12.0.202407110909/tools/bin/../lib/gcc/arm-none-eabi/13.2.1/../../../../arm-none-eabi/lib/thumb/v8-m.main/nofp/libcr_c.a(_frexpl.o)
 .debug_abbrev  0x00002721      0x115 /Applications/MCUXpressoIDE_24.12.148/ide/plugins/com.nxp.mcuxpresso.tools.macosx_24.12.0.202407110909/tools/bin/../lib/gcc/arm-none-eabi/13.2.1/../../../../arm-none-eabi/lib/thumb/v8-m.main/nofp/libcr_c.a(_ldexpl.o)
 .debug_abbrev  0x00002836       0xd4 /Applications/MCUXpressoIDE_24.12.148/ide/plugins/com.nxp.mcuxpresso.tools.macosx_24.12.0.202407110909/tools/bin/../lib/gcc/arm-none-eabi/13.2.1/../../../../arm-none-eabi/lib/thumb/v8-m.main/nofp/libcr_c.a(_sincos.o)
 .debug_abbrev  0x0000290a      0x126 /Applications/MCUXpressoIDE_24.12.148/ide/plugins/com.nxp.mcuxpresso.tools.macosx_24.12.0.202407110909/tools/bin/../lib/gcc/arm-none-eabi/13.2.1/../../../../arm-none-eabi/lib/thumb/v8-m.main/nofp/libcr_c.a(_writebuf.o)
 .debug_abbrev  0x00002a30      0x284 /Applications/MCUXpressoIDE_24.12.148/ide/plugins/com.nxp.mcuxpresso.tools.macosx_24.12.0.202407110909/tools/bin/../lib/gcc/arm-none-eabi/13.2.1/../../../../arm-none-eabi/lib/thumb/v8-m.main/nofp/libcr_c.a(alloc.o)
 .debug_abbrev  0x00002cb4       0xba /Applications/MCUXpressoIDE_24.12.148/ide/plugins/com.nxp.mcuxpresso.tools.macosx_24.12.0.202407110909/tools/bin/../lib/gcc/arm-none-eabi/13.2.1/../../../../arm-none-eabi/lib/thumb/v8-m.main/nofp/libcr_c.a(ctype.o)
 .debug_abbrev  0x00002d6e       0x44 /Applications/MCUXpressoIDE_24.12.148/ide/plugins/com.nxp.mcuxpresso.tools.macosx_24.12.0.202407110909/tools/bin/../lib/gcc/arm-none-eabi/13.2.1/../../../../arm-none-eabi/lib/thumb/v8-m.main/nofp/libcr_c.a(errno.o)
 .debug_abbrev  0x00002db2      0x155 /Applications/MCUXpressoIDE_24.12.148/ide/plugins/com.nxp.mcuxpresso.tools.macosx_24.12.0.202407110909/tools/bin/../lib/gcc/arm-none-eabi/13.2.1/../../../../arm-none-eabi/lib/thumb/v8-m.main/nofp/libcr_c.a(fclose.o)
 .debug_abbrev  0x00002f07      0x125 /Applications/MCUXpressoIDE_24.12.148/ide/plugins/com.nxp.mcuxpresso.tools.macosx_24.12.0.202407110909/tools/bin/../lib/gcc/arm-none-eabi/13.2.1/../../../../arm-none-eabi/lib/thumb/v8-m.main/nofp/libcr_c.a(fflush.o)
 .debug_abbrev  0x0000302c      0x11b /Applications/MCUXpressoIDE_24.12.148/ide/plugins/com.nxp.mcuxpresso.tools.macosx_24.12.0.202407110909/tools/bin/../lib/gcc/arm-none-eabi/13.2.1/../../../../arm-none-eabi/lib/thumb/v8-m.main/nofp/libcr_c.a(fseek.o)
 .debug_abbrev  0x00003147       0xc2 /Applications/MCUXpressoIDE_24.12.148/ide/plugins/com.nxp.mcuxpresso.tools.macosx_24.12.0.202407110909/tools/bin/../lib/gcc/arm-none-eabi/13.2.1/../../../../arm-none-eabi/lib/thumb/v8-m.main/nofp/libcr_c.a(ftell.o)
 .debug_abbrev  0x00003209       0xfb /Applications/MCUXpressoIDE_24.12.148/ide/plugins/com.nxp.mcuxpresso.tools.macosx_24.12.0.202407110909/tools/bin/../lib/gcc/arm-none-eabi/13.2.1/../../../../arm-none-eabi/lib/thumb/v8-m.main/nofp/libcr_c.a(remove.o)
 .debug_abbrev  0x00003304       0xa0 /Applications/MCUXpressoIDE_24.12.148/ide/plugins/com.nxp.mcuxpresso.tools.macosx_24.12.0.202407110909/tools/bin/../lib/gcc/arm-none-eabi/13.2.1/../../../../arm-none-eabi/lib/thumb/v8-m.main/nofp/libcr_c.a(strcspn.o)
 .debug_abbrev  0x000033a4       0xa0 /Applications/MCUXpressoIDE_24.12.148/ide/plugins/com.nxp.mcuxpresso.tools.macosx_24.12.0.202407110909/tools/bin/../lib/gcc/arm-none-eabi/13.2.1/../../../../arm-none-eabi/lib/thumb/v8-m.main/nofp/libcr_c.a(strspn.o)
 .debug_abbrev  0x00003444       0xaf /Applications/MCUXpressoIDE_24.12.148/ide/plugins/com.nxp.mcuxpresso.tools.macosx_24.12.0.202407110909/tools/bin/../lib/gcc/arm-none-eabi/13.2.1/../../../../arm-none-eabi/lib/thumb/v8-m.main/nofp/libcr_c.a(__init_alloc.o)
 .debug_abbrev  0x000034f3       0xd3 /Applications/MCUXpressoIDE_24.12.148/ide/plugins/com.nxp.mcuxpresso.tools.macosx_24.12.0.202407110909/tools/bin/../lib/gcc/arm-none-eabi/13.2.1/../../../../arm-none-eabi/lib/thumb/v8-m.main/nofp/libcr_c.a(_cr_sbrk.o)
 .debug_abbrev  0x000035c6      0x12c /Applications/MCUXpressoIDE_24.12.148/ide/plugins/com.nxp.mcuxpresso.tools.macosx_24.12.0.202407110909/tools/bin/../lib/gcc/arm-none-eabi/13.2.1/../../../../arm-none-eabi/lib/thumb/v8-m.main/nofp/libcr_c.a(_do_fflush.o)
 .debug_abbrev  0x000036f2       0x6b /Applications/MCUXpressoIDE_24.12.148/ide/plugins/com.nxp.mcuxpresso.tools.macosx_24.12.0.202407110909/tools/bin/../lib/gcc/arm-none-eabi/13.2.1/../../../../arm-none-eabi/lib/thumb/v8-m.main/nofp/libcr_c.a(_cr_check_heap.o)
 .debug_abbrev  0x0000375d      0x378 /Applications/MCUXpressoIDE_24.12.148/ide/plugins/com.nxp.mcuxpresso.tools.macosx_24.12.0.202407110909/tools/bin/../lib/gcc/arm-none-eabi/13.2.1/thumb/v8-m.main/nofp/libcr_eabihelpers.a(double.o)
 .debug_abbrev  0x00003ad5       0xb5 /Applications/MCUXpressoIDE_24.12.148/ide/plugins/com.nxp.mcuxpresso.tools.macosx_24.12.0.202407110909/tools/bin/../lib/gcc/arm-none-eabi/13.2.1/../../../../arm-none-eabi/lib/thumb/v8-m.main/nofp/libcr_semihost_nf.a(__ciob.o)

.debug_loc      0x00000000     0xa413
 .debug_loc     0x00000000      0x1f9 ./startup/startup_mcxa153.o
 .debug_loc     0x000001f9       0x2c /Applications/MCUXpressoIDE_24.12.148/ide/plugins/com.nxp.mcuxpresso.tools.macosx_24.12.0.202407110909/tools/bin/../lib/gcc/arm-none-eabi/13.2.1/../../../../arm-none-eabi/lib/thumb/v8-m.main/nofp/libcr_c.a(cos.o)
 .debug_loc     0x00000225       0x2c /Applications/MCUXpressoIDE_24.12.148/ide/plugins/com.nxp.mcuxpresso.tools.macosx_24.12.0.202407110909/tools/bin/../lib/gcc/arm-none-eabi/13.2.1/../../../../arm-none-eabi/lib/thumb/v8-m.main/nofp/libcr_c.a(fabs.o)
 .debug_loc     0x00000251     0x1359 /Applications/MCUXpressoIDE_24.12.148/ide/plugins/com.nxp.mcuxpresso.tools.macosx_24.12.0.202407110909/tools/bin/../lib/gcc/arm-none-eabi/13.2.1/../../../../arm-none-eabi/lib/thumb/v8-m.main/nofp/libcr_c.a(fpprintf.o)
 .debug_loc     0x000015aa       0x68 /Applications/MCUXpressoIDE_24.12.148/ide/plugins/com.nxp.mcuxpresso.tools.macosx_24.12.0.202407110909/tools/bin/../lib/gcc/arm-none-eabi/13.2.1/../../../../arm-none-eabi/lib/thumb/v8-m.main/nofp/libcr_c.a(initio.o)
 .debug_loc     0x00001612     0x1b0d /Applications/MCUXpressoIDE_24.12.148/ide/plugins/com.nxp.mcuxpresso.tools.macosx_24.12.0.202407110909/tools/bin/../lib/gcc/arm-none-eabi/13.2.1/../../../../arm-none-eabi/lib/thumb/v8-m.main/nofp/libcr_c.a(printf.o)
 .debug_loc     0x0000311f     0x25d9 /Applications/MCUXpressoIDE_24.12.148/ide/plugins/com.nxp.mcuxpresso.tools.macosx_24.12.0.202407110909/tools/bin/../lib/gcc/arm-none-eabi/13.2.1/../../../../arm-none-eabi/lib/thumb/v8-m.main/nofp/libcr_c.a(scanf.o)
 .debug_loc     0x000056f8      0x11e /Applications/MCUXpressoIDE_24.12.148/ide/plugins/com.nxp.mcuxpresso.tools.macosx_24.12.0.202407110909/tools/bin/../lib/gcc/arm-none-eabi/13.2.1/../../../../arm-none-eabi/lib/thumb/v8-m.main/nofp/libcr_c.a(setvbuf.o)
 .debug_loc     0x00005816       0xe1 /Applications/MCUXpressoIDE_24.12.148/ide/plugins/com.nxp.mcuxpresso.tools.macosx_24.12.0.202407110909/tools/bin/../lib/gcc/arm-none-eabi/13.2.1/../../../../arm-none-eabi/lib/thumb/v8-m.main/nofp/libcr_c.a(strlen.o)
 .debug_loc     0x000058f7       0x91 /Applications/MCUXpressoIDE_24.12.148/ide/plugins/com.nxp.mcuxpresso.tools.macosx_24.12.0.202407110909/tools/bin/../lib/gcc/arm-none-eabi/13.2.1/../../../../arm-none-eabi/lib/thumb/v8-m.main/nofp/libcr_c.a(strncat.o)
 .debug_loc     0x00005988      0x1ac /Applications/MCUXpressoIDE_24.12.148/ide/plugins/com.nxp.mcuxpresso.tools.macosx_24.12.0.202407110909/tools/bin/../lib/gcc/arm-none-eabi/13.2.1/../../../../arm-none-eabi/lib/thumb/v8-m.main/nofp/libcr_c.a(strncmp.o)
 .debug_loc     0x00005b34       0xa9 /Applications/MCUXpressoIDE_24.12.148/ide/plugins/com.nxp.mcuxpresso.tools.macosx_24.12.0.202407110909/tools/bin/../lib/gcc/arm-none-eabi/13.2.1/../../../../arm-none-eabi/lib/thumb/v8-m.main/nofp/libcr_c.a(strtok.o)
 .debug_loc     0x00005bdd       0x2b /Applications/MCUXpressoIDE_24.12.148/ide/plugins/com.nxp.mcuxpresso.tools.macosx_24.12.0.202407110909/tools/bin/../lib/gcc/arm-none-eabi/13.2.1/../../../../arm-none-eabi/lib/thumb/v8-m.main/nofp/libcr_c.a(ungetc.o)
 .debug_loc     0x00005c08       0x81 /Applications/MCUXpressoIDE_24.12.148/ide/plugins/com.nxp.mcuxpresso.tools.macosx_24.12.0.202407110909/tools/bin/../lib/gcc/arm-none-eabi/13.2.1/../../../../arm-none-eabi/lib/thumb/v8-m.main/nofp/libcr_c.a(memset.o)
 .debug_loc     0x00005c89      0x2ce /Applications/MCUXpressoIDE_24.12.148/ide/plugins/com.nxp.mcuxpresso.tools.macosx_24.12.0.202407110909/tools/bin/../lib/gcc/arm-none-eabi/13.2.1/../../../../arm-none-eabi/lib/thumb/v8-m.main/nofp/libcr_c.a(__fillbuf.o)
 .debug_loc     0x00005f57      0x18f /Applications/MCUXpressoIDE_24.12.148/ide/plugins/com.nxp.mcuxpresso.tools.macosx_24.12.0.202407110909/tools/bin/../lib/gcc/arm-none-eabi/13.2.1/../../../../arm-none-eabi/lib/thumb/v8-m.main/nofp/libcr_c.a(_deferredlazyseek.o)
 .debug_loc     0x000060e6      0x12d /Applications/MCUXpressoIDE_24.12.148/ide/plugins/com.nxp.mcuxpresso.tools.macosx_24.12.0.202407110909/tools/bin/../lib/gcc/arm-none-eabi/13.2.1/../../../../arm-none-eabi/lib/thumb/v8-m.main/nofp/libcr_c.a(_fdopen.o)
 .debug_loc     0x00006213       0xfa /Applications/MCUXpressoIDE_24.12.148/ide/plugins/com.nxp.mcuxpresso.tools.macosx_24.12.0.202407110909/tools/bin/../lib/gcc/arm-none-eabi/13.2.1/../../../../arm-none-eabi/lib/thumb/v8-m.main/nofp/libcr_c.a(_fflush.o)
 .debug_loc     0x0000630d       0xa1 /Applications/MCUXpressoIDE_24.12.148/ide/plugins/com.nxp.mcuxpresso.tools.macosx_24.12.0.202407110909/tools/bin/../lib/gcc/arm-none-eabi/13.2.1/../../../../arm-none-eabi/lib/thumb/v8-m.main/nofp/libcr_c.a(_frexpl.o)
 .debug_loc     0x000063ae       0xa0 /Applications/MCUXpressoIDE_24.12.148/ide/plugins/com.nxp.mcuxpresso.tools.macosx_24.12.0.202407110909/tools/bin/../lib/gcc/arm-none-eabi/13.2.1/../../../../arm-none-eabi/lib/thumb/v8-m.main/nofp/libcr_c.a(_ldexpl.o)
 .debug_loc     0x0000644e      0x1d5 /Applications/MCUXpressoIDE_24.12.148/ide/plugins/com.nxp.mcuxpresso.tools.macosx_24.12.0.202407110909/tools/bin/../lib/gcc/arm-none-eabi/13.2.1/../../../../arm-none-eabi/lib/thumb/v8-m.main/nofp/libcr_c.a(_sincos.o)
 .debug_loc     0x00006623      0x12b /Applications/MCUXpressoIDE_24.12.148/ide/plugins/com.nxp.mcuxpresso.tools.macosx_24.12.0.202407110909/tools/bin/../lib/gcc/arm-none-eabi/13.2.1/../../../../arm-none-eabi/lib/thumb/v8-m.main/nofp/libcr_c.a(_writebuf.o)
 .debug_loc     0x0000674e      0x8a8 /Applications/MCUXpressoIDE_24.12.148/ide/plugins/com.nxp.mcuxpresso.tools.macosx_24.12.0.202407110909/tools/bin/../lib/gcc/arm-none-eabi/13.2.1/../../../../arm-none-eabi/lib/thumb/v8-m.main/nofp/libcr_c.a(alloc.o)
 .debug_loc     0x00006ff6      0x22f /Applications/MCUXpressoIDE_24.12.148/ide/plugins/com.nxp.mcuxpresso.tools.macosx_24.12.0.202407110909/tools/bin/../lib/gcc/arm-none-eabi/13.2.1/../../../../arm-none-eabi/lib/thumb/v8-m.main/nofp/libcr_c.a(ctype.o)
 .debug_loc     0x00007225       0x73 /Applications/MCUXpressoIDE_24.12.148/ide/plugins/com.nxp.mcuxpresso.tools.macosx_24.12.0.202407110909/tools/bin/../lib/gcc/arm-none-eabi/13.2.1/../../../../arm-none-eabi/lib/thumb/v8-m.main/nofp/libcr_c.a(fclose.o)
 .debug_loc     0x00007298       0xae /Applications/MCUXpressoIDE_24.12.148/ide/plugins/com.nxp.mcuxpresso.tools.macosx_24.12.0.202407110909/tools/bin/../lib/gcc/arm-none-eabi/13.2.1/../../../../arm-none-eabi/lib/thumb/v8-m.main/nofp/libcr_c.a(fflush.o)
 .debug_loc     0x00007346       0xee /Applications/MCUXpressoIDE_24.12.148/ide/plugins/com.nxp.mcuxpresso.tools.macosx_24.12.0.202407110909/tools/bin/../lib/gcc/arm-none-eabi/13.2.1/../../../../arm-none-eabi/lib/thumb/v8-m.main/nofp/libcr_c.a(fseek.o)
 .debug_loc     0x00007434       0xb7 /Applications/MCUXpressoIDE_24.12.148/ide/plugins/com.nxp.mcuxpresso.tools.macosx_24.12.0.202407110909/tools/bin/../lib/gcc/arm-none-eabi/13.2.1/../../../../arm-none-eabi/lib/thumb/v8-m.main/nofp/libcr_c.a(ftell.o)
 .debug_loc     0x000074eb       0xcd /Applications/MCUXpressoIDE_24.12.148/ide/plugins/com.nxp.mcuxpresso.tools.macosx_24.12.0.202407110909/tools/bin/../lib/gcc/arm-none-eabi/13.2.1/../../../../arm-none-eabi/lib/thumb/v8-m.main/nofp/libcr_c.a(remove.o)
 .debug_loc     0x000075b8       0x93 /Applications/MCUXpressoIDE_24.12.148/ide/plugins/com.nxp.mcuxpresso.tools.macosx_24.12.0.202407110909/tools/bin/../lib/gcc/arm-none-eabi/13.2.1/../../../../arm-none-eabi/lib/thumb/v8-m.main/nofp/libcr_c.a(strcspn.o)
 .debug_loc     0x0000764b       0xad /Applications/MCUXpressoIDE_24.12.148/ide/plugins/com.nxp.mcuxpresso.tools.macosx_24.12.0.202407110909/tools/bin/../lib/gcc/arm-none-eabi/13.2.1/../../../../arm-none-eabi/lib/thumb/v8-m.main/nofp/libcr_c.a(strspn.o)
 .debug_loc     0x000076f8       0x62 /Applications/MCUXpressoIDE_24.12.148/ide/plugins/com.nxp.mcuxpresso.tools.macosx_24.12.0.202407110909/tools/bin/../lib/gcc/arm-none-eabi/13.2.1/../../../../arm-none-eabi/lib/thumb/v8-m.main/nofp/libcr_c.a(_cr_sbrk.o)
 .debug_loc     0x0000775a       0x73 /Applications/MCUXpressoIDE_24.12.148/ide/plugins/com.nxp.mcuxpresso.tools.macosx_24.12.0.202407110909/tools/bin/../lib/gcc/arm-none-eabi/13.2.1/../../../../arm-none-eabi/lib/thumb/v8-m.main/nofp/libcr_c.a(_do_fflush.o)
 .debug_loc     0x000077cd       0x4e /Applications/MCUXpressoIDE_24.12.148/ide/plugins/com.nxp.mcuxpresso.tools.macosx_24.12.0.202407110909/tools/bin/../lib/gcc/arm-none-eabi/13.2.1/../../../../arm-none-eabi/lib/thumb/v8-m.main/nofp/libcr_c.a(_cr_check_heap.o)
 .debug_loc     0x0000781b     0x2bf8 /Applications/MCUXpressoIDE_24.12.148/ide/plugins/com.nxp.mcuxpresso.tools.macosx_24.12.0.202407110909/tools/bin/../lib/gcc/arm-none-eabi/13.2.1/thumb/v8-m.main/nofp/libcr_eabihelpers.a(double.o)

.debug_aranges  0x00000000      0xbf8
 .debug_aranges
                0x00000000      0x2e0 ./startup/startup_mcxa153.o
 .debug_aranges
                0x000002e0       0x38 ./source/utils/GPS.o
 .debug_aranges
                0x00000318       0x38 ./source/fifo.o
 .debug_aranges
                0x00000350       0x58 ./source/lpuart0_interrupt.o
 .debug_aranges
                0x000003a8       0x58 ./source/lpuart2_interrupt.o
 .debug_aranges
                0x00000400       0x30 ./source/main.o
 .debug_aranges
                0x00000430       0x28 ./source/retarget.o
 .debug_aranges
                0x00000458       0x20 ./source/semihost_hardfault.o
 .debug_aranges
                0x00000478       0x30 ./device/system_MCXA153.o
 .debug_aranges
                0x000004a8       0x20 /Applications/MCUXpressoIDE_24.12.148/ide/plugins/com.nxp.mcuxpresso.tools.macosx_24.12.0.202407110909/tools/bin/../lib/gcc/arm-none-eabi/13.2.1/../../../../arm-none-eabi/lib/thumb/v8-m.main/nofp/libcr_semihost_nf.a(_cr__main.o)
 .debug_aranges
                0x000004c8       0x20 /Applications/MCUXpressoIDE_24.12.148/ide/plugins/com.nxp.mcuxpresso.tools.macosx_24.12.0.202407110909/tools/bin/../lib/gcc/arm-none-eabi/13.2.1/../../../../arm-none-eabi/lib/thumb/v8-m.main/nofp/libcr_c.a(cos.o)
 .debug_aranges
                0x000004e8       0x20 /Applications/MCUXpressoIDE_24.12.148/ide/plugins/com.nxp.mcuxpresso.tools.macosx_24.12.0.202407110909/tools/bin/../lib/gcc/arm-none-eabi/13.2.1/../../../../arm-none-eabi/lib/thumb/v8-m.main/nofp/libcr_c.a(fabs.o)
 .debug_aranges
                0x00000508       0x78 /Applications/MCUXpressoIDE_24.12.148/ide/plugins/com.nxp.mcuxpresso.tools.macosx_24.12.0.202407110909/tools/bin/../lib/gcc/arm-none-eabi/13.2.1/../../../../arm-none-eabi/lib/thumb/v8-m.main/nofp/libcr_c.a(fpprintf.o)
 .debug_aranges
                0x00000580       0x28 /Applications/MCUXpressoIDE_24.12.148/ide/plugins/com.nxp.mcuxpresso.tools.macosx_24.12.0.202407110909/tools/bin/../lib/gcc/arm-none-eabi/13.2.1/../../../../arm-none-eabi/lib/thumb/v8-m.main/nofp/libcr_c.a(initio.o)
 .debug_aranges