C:\Users\adibh\MCUXpressoIDE\workspace\project\CMSIS/core_cm33.h:2358:22:__NVIC_EnableIRQ	16	static
C:\Users\adibh\MCUXpressoIDE\workspace\project\CMSIS/core_cm33.h:2449:22:__NVIC_ClearPendingIRQ	16	static
C:\Users\adibh\MCUXpressoIDE\workspace\project\CMSIS/core_cm33.h:2555:22:__NVIC_SetPriority	16	static
../source/lpuart2_interrupt.c:58:6:lpuart2_init	16	static
../source/lpuart2_interrupt.c:143:6:lpuart2_putchar	16	static
../source/lpuart2_interrupt.c:153:5:lpuart2_getchar	16	static
../source/lpuart2_interrupt.c:166:10:lpuart2_rxcnt	8	static
../source/lpuart2_interrupt.c:171:6:LPUART2_IRQHandler	16	static
