../startup/startup_mcxa153.c:370:6:data_init	4	static
../startup/startup_mcxa153.c:379:6:bss_init	0	static
../startup/startup_mcxa153.c:404:6:ResetISR	0	static
../startup/startup_mcxa153.c:490:14:NMI_Handler	0	static
../startup/startup_mcxa153.c:494:14:HardFault_Handler	0	static
../startup/startup_mcxa153.c:498:14:MemManage_Handler	0	static
../startup/startup_mcxa153.c:502:14:BusFault_Handler	0	static
../startup/startup_mcxa153.c:506:14:UsageFault_Handler	0	static
../startup/startup_mcxa153.c:510:14:SecureFault_Handler	0	static
../startup/startup_mcxa153.c:514:14:SVC_Handler	0	static
../startup/startup_mcxa153.c:518:14:DebugMon_Handler	0	static
../startup/startup_mcxa153.c:522:14:PendSV_Handler	0	static
../startup/startup_mcxa153.c:526:14:SysTick_Handler	0	static
../startup/startup_mcxa153.c:534:14:IntDefaultHandler	0	static
../startup/startup_mcxa153.c:544:11:Reserved16_IRQHandler	8	static
../startup/startup_mcxa153.c:548:11:CMC_IRQHandler	8	static
../startup/startup_mcxa153.c:552:11:DMA_CH0_IRQHandler	8	static
../startup/startup_mcxa153.c:556:11:DMA_CH1_IRQHandler	8	static
../startup/startup_mcxa153.c:560:11:DMA_CH2_IRQHandler	8	static
../startup/startup_mcxa153.c:564:11:DMA_CH3_IRQHandler	8	static
../startup/startup_mcxa153.c:568:11:Reserved22_IRQHandler	8	static
../startup/startup_mcxa153.c:572:11:Reserved23_IRQHandler	8	static
../startup/startup_mcxa153.c:576:11:Reserved24_IRQHandler	8	static
../startup/startup_mcxa153.c:580:11:Reserved25_IRQHandler	8	static
../startup/startup_mcxa153.c:584:11:ERM0_SINGLE_BIT_IRQHandler	8	static
../startup/startup_mcxa153.c:588:11:ERM0_MULTI_BIT_IRQHandler	8	static
../startup/startup_mcxa153.c:592:11:FMU0_IRQHandler	8	static
../startup/startup_mcxa153.c:596:11:GLIKEY0_IRQHandler	8	static
../startup/startup_mcxa153.c:600:11:MBC0_IRQHandler	8	static
../startup/startup_mcxa153.c:604:11:SCG0_IRQHandler	8	static
../startup/startup_mcxa153.c:608:11:SPC0_IRQHandler	8	static
../startup/startup_mcxa153.c:612:11:Reserved33_IRQHandler	8	static
../startup/startup_mcxa153.c:616:11:WUU0_IRQHandler	8	static
../startup/startup_mcxa153.c:620:11:Reserved35_IRQHandler	8	static
../startup/startup_mcxa153.c:624:11:Reserved36_IRQHandler	8	static
../startup/startup_mcxa153.c:628:11:Reserved37_IRQHandler	8	static
../startup/startup_mcxa153.c:632:11:Reserved38_IRQHandler	8	static
../startup/startup_mcxa153.c:636:11:Reserved39_IRQHandler	8	static
../startup/startup_mcxa153.c:640:11:I3C0_IRQHandler	8	static
../startup/startup_mcxa153.c:644:11:Reserved41_IRQHandler	8	static
../startup/startup_mcxa153.c:648:11:LPI2C0_IRQHandler	8	static
../startup/startup_mcxa153.c:652:11:Reserved43_IRQHandler	8	static
../startup/startup_mcxa153.c:656:11:LPSPI0_IRQHandler	8	static
../startup/startup_mcxa153.c:660:11:LPSPI1_IRQHandler	8	static
../startup/startup_mcxa153.c:664:11:Reserved46_IRQHandler	8	static
../startup/startup_mcxa153.c:668:11:LPUART0_IRQHandler	8	static
../startup/startup_mcxa153.c:672:11:LPUART1_IRQHandler	8	static
../startup/startup_mcxa153.c:676:11:LPUART2_IRQHandler	8	static
../startup/startup_mcxa153.c:680:11:Reserved50_IRQHandler	8	static
../startup/startup_mcxa153.c:684:11:Reserved51_IRQHandler	8	static
../startup/startup_mcxa153.c:688:11:USB0_IRQHandler	8	static
../startup/startup_mcxa153.c:692:11:Reserved53_IRQHandler	8	static
../startup/startup_mcxa153.c:696:11:CDOG0_IRQHandler	8	static
../startup/startup_mcxa153.c:700:11:CTIMER0_IRQHandler	8	static
../startup/startup_mcxa153.c:704:11:CTIMER1_IRQHandler	8	static
../startup/startup_mcxa153.c:708:11:CTIMER2_IRQHandler	8	static
../startup/startup_mcxa153.c:712:11:Reserved58_IRQHandler	8	static
../startup/startup_mcxa153.c:716:11:Reserved59_IRQHandler	8	static
../startup/startup_mcxa153.c:720:11:FLEXPWM0_RELOAD_ERROR_IRQHandler	8	static
../startup/startup_mcxa153.c:724:11:FLEXPWM0_FAULT_IRQHandler	8	static
../startup/startup_mcxa153.c:728:11:FLEXPWM0_SUBMODULE0_IRQHandler	8	static
../startup/startup_mcxa153.c:732:11:FLEXPWM0_SUBMODULE1_IRQHandler	8	static
../startup/startup_mcxa153.c:736:11:FLEXPWM0_SUBMODULE2_IRQHandler	8	static
../startup/startup_mcxa153.c:740:11:Reserved65_IRQHandler	8	static
../startup/startup_mcxa153.c:744:11:QDC0_COMPARE_IRQHandler	8	static
../startup/startup_mcxa153.c:748:11:QDC0_HOME_IRQHandler	8	static
../startup/startup_mcxa153.c:752:11:QDC0_WATCHDOG_IRQHandler	8	static
../startup/startup_mcxa153.c:756:11:QDC0_INDEX_IRQHandler	8	static
../startup/startup_mcxa153.c:760:11:FREQME0_IRQHandler	8	static
../startup/startup_mcxa153.c:764:11:LPTMR0_IRQHandler	8	static
../startup/startup_mcxa153.c:768:11:Reserved72_IRQHandler	8	static
../startup/startup_mcxa153.c:772:11:OS_EVENT_IRQHandler	8	static
../startup/startup_mcxa153.c:776:11:WAKETIMER0_IRQHandler	8	static
../startup/startup_mcxa153.c:780:11:UTICK0_IRQHandler	8	static
../startup/startup_mcxa153.c:784:11:WWDT0_IRQHandler	8	static
../startup/startup_mcxa153.c:788:11:Reserved77_IRQHandler	8	static
../startup/startup_mcxa153.c:792:11:ADC0_IRQHandler	8	static
../startup/startup_mcxa153.c:796:11:Reserved79_IRQHandler	8	static
../startup/startup_mcxa153.c:800:11:CMP0_IRQHandler	8	static
../startup/startup_mcxa153.c:804:11:CMP1_IRQHandler	8	static
../startup/startup_mcxa153.c:808:11:Reserved82_IRQHandler	8	static
../startup/startup_mcxa153.c:812:11:Reserved83_IRQHandler	8	static
../startup/startup_mcxa153.c:816:11:Reserved84_IRQHandler	8	static
../startup/startup_mcxa153.c:820:11:Reserved85_IRQHandler	8	static
../startup/startup_mcxa153.c:824:11:Reserved86_IRQHandler	8	static
../startup/startup_mcxa153.c:828:11:GPIO0_IRQHandler	8	static
../startup/startup_mcxa153.c:832:11:GPIO1_IRQHandler	8	static
../startup/startup_mcxa153.c:836:11:GPIO2_IRQHandler	8	static
../startup/startup_mcxa153.c:840:11:GPIO3_IRQHandler	8	static
