16:36:36 **** Build of configuration Debug for project project ****
make -r -j16 all 
Building file: ../startup/startup_mcxa153.c
Building file: ../source/utils/GPS.c
Building file: ../source/utils/delay.c
Invoking: MCU C Compiler
Invoking: MCU C Compiler
arm-none-eabi-gcc -std=gnu99 -DCPU_MCXA153VLH -DCPU_MCXA153VLH_cm33_nodsp -DMCUXPRESSO_SDK -DSDK_DEBUGCONSOLE=0 -DMCUX_META_BUILD -DPRINTF_FLOAT_ENABLE=1 -D__MCUXPRESSO -D__USE_CMSIS -DDEBUG -D__REDLIB__ -I"C:\Users\safin\Desktop\Final Safin\project\source" -I"C:/Users/safin/Desktop/Final Safin/project/board" -I"C:/Users/safin/Desktop/Final Safin/project/drivers" -I"C:\Users\safin\Desktop\Final Safin\project\CMSIS" -I"C:\Users\safin\Desktop\Final Safin\project\CMSIS\m-profile" -I"C:\Users\safin\Desktop\Final Safin\project\device" -I"C:\Users\safin\Desktop\Final Safin\project\device\periph" -O0 -fno-common -g3 -gdwarf-4 -mcpu=cortex-m33+nodsp -c -ffunction-sections -fdata-sections -fno-builtin -fmerge-constants -fmacro-prefix-map="../startup/"= -mcpu=cortex-m33+nodsp -mthumb -D__REDLIB__ -fstack-usage -specs=redlib.specs -MMD -MP -MF"startup/startup_mcxa153.d" -MT"startup/startup_mcxa153.o" -MT"startup/startup_mcxa153.d" -o "startup/startup_mcxa153.o" "../startup/startup_mcxa153.c"
Invoking: MCU C Compiler
arm-none-eabi-gcc -std=gnu99 -DCPU_MCXA153VLH -DCPU_MCXA153VLH_cm33_nodsp -DMCUXPRESSO_SDK -DSDK_DEBUGCONSOLE=0 -DMCUX_META_BUILD -DPRINTF_FLOAT_ENABLE=1 -D__MCUXPRESSO -D__USE_CMSIS -DDEBUG -D__REDLIB__ -I"C:\Users\safin\Desktop\Final Safin\project\source" -I"C:/Users/safin/Desktop/Final Safin/project/board" -I"C:/Users/safin/Desktop/Final Safin/project/drivers" -I"C:\Users\safin\Desktop\Final Safin\project\CMSIS" -I"C:\Users\safin\Desktop\Final Safin\project\CMSIS\m-profile" -I"C:\Users\safin\Desktop\FinaBuilding file: ../source/utils/keypad.c
l Safin\project\device" -I"C:\Users\safin\Desktop\Final Safin\project\device\periph" -O0 -fno-common -g3 -gdwarf-4 -mcpu=cortex-m33+nodsp -c -ffunction-sections -fdata-sections -fno-builtin -fmerge-constants -fmacro-prefix-map="../source/utils/"= -mcpu=cortex-m33+nodsp -mthumb -D__REDLIB__ -fstack-usage -specs=redlib.specs -MMD -MP -MF"source/utils/GPS.d" -MT"source/utils/GPS.o" -MT"source/utils/GPS.d" -o "source/utils/GPS.o" "../source/utils/GPS.c"
arm-none-eabi-gcc -std=gnu99 -DCPU_MCXA153VLH -DCPU_MCXA153VLH_cm33_nodsp -DMCUXPRESSO_SDK -DSDK_DEBUGCONSOLE=0 -DMCUX_META_BUILD -DPRINTF_FLOAT_ENABLE=1 -D__MCUXPRESSO -D__USE_CMSIS -DDEBUG -D__REDLIB__ -I"C:\Users\safin\Desktop\Final Safin\project\source" -I"C:/Users/safin/Desktop/Final Safin/project/board" -I"C:/Users/safin/Desktop/Final Safin/project/drivers" -I"C:\Users\safin\Desktop\Final Safin\project\CMSIS" -I"C:\Users\safin\Desktop\Final Safin\project\CMSIS\m-profile" -I"C:\Users\safin\Desktop\Final Safin\project\device" -I"C:\Users\safin\Desktop\Final Safin\project\device\periph" -O0 -fno-common -g3 -gdwarf-4 -mcpu=cortex-m33+nodsp -c -ffunction-sections -fdata-sections -fno-builtin -fmerge-constants -fmacro-prefix-map="../source/utils/"= -mcpu=cortex-m33+nodsp -mthumb -D__REDLIB__ -fstack-usage -specs=redlib.specs -MMD -MP -MF"source/utils/delay.d" -MT"source/utils/delay.o" -MT"source/utils/delay.d" -o "source/utils/delay.o" "../source/utils/delay.c"
Invoking: MCU C Compiler
arm-none-eabi-gcc -std=gnu99 -DCPU_MCXA153VLH -DCPU_MCXA153VLH_cm33_nodsp -DMCUXPRESSO_SDK -DSDK_DEBUGCONSOLE=0 -DMCUX_META_BUILD -DPRINTF_FLOAT_ENABLE=1 -D__MCUXPRESSO -D__USE_CMSIS -DDEBUG -D__REDLIB__ -I"C:\Users\safin\Desktop\Final Safin\project\source" -I"C:/Users/safin/Desktop/Final Safin/project/board" -I"C:/Users/safin/Desktop/Final Safin/project/drivers" -I"C:\Users\safin\Desktop\Final Safin\project\CMSIS" -I"C:\Users\safin\Desktop\Final Safin\project\CMSIS\m-profile" -I"C:\Users\safin\Desktop\Final Safin\project\device" -I"C:\Users\safin\Desktop\Final Safin\project\device\periph" -O0 -fno-common -g3 -gdwarf-4 -mcpu=cortex-m33+nodsp -c -ffunction-sections -fdata-sections -fno-builtin -fmerge-constants -fmacro-prefix-map="../source/utils/"= -mcpu=cortex-m33+nodsp -mthumb -D__REDLIB__ -fstack-usage -specs=redlib.specs -MMD -MP -MF"source/utils/keypad.d" -MT"source/utils/keypad.o" -MT"source/utils/keypad.d" -o "source/utils/keypad.o" "../source/utils/keypad.c"
Building file: ../source/utils/oled_ui.c
Building file: ../source/utils/ssd1306.c
Building file: ../source/utils/twi.c
Invoking: MCU C Compiler
Invoking: MCU C Compiler
Building file: ../source/games/game_control.c
arm-none-eabi-gcc -std=gnu99 -DCPU_MCXA153VLH -DCPU_MCXA153VLH_cm33_nodsp -DMCUXPRESSO_SDK -DSDK_DEBUGCONSOLE=0 -DMCUX_META_BUILD -DPRINTF_FLOAT_ENABLE=1 -D__MCUXPRESSO -D__USE_CMSIS -DDEBUG -D__REDLIB__ -I"C:\Users\safin\Desktop\Final Safin\project\source" -I"C:/Users/safin/Desktop/Final Safin/project/board" -I"C:/Users/safin/Desktop/Final Safin/project/drivers" -I"C:\Users\safin\Desktop\Final Safin\project\CMSIS" -I"C:\Users\safin\Desktop\Final Safin\project\CMSIS\m-profile" -I"C:\Users\safin\Desktop\Final Safin\project\device" -I"C:\Users\safin\Desktop\Final Safin\project\device\periph" -O0 -fno-common -g3 -gdwarf-4 -mcpu=cortex-m33+nodsp -c -ffunction-sections -fdata-sections -fno-builtin -fmerge-constants -fmacro-prefix-map="../source/utils/"= -mcpu=cortex-m33+nodsp -mthumb -D__REDLIB__ -fstack-usage -specs=redlib.specs -MMD -MP -MF"source/utils/oled_ui.d" -MT"source/utils/oled_ui.o" -MT"source/utils/oled_ui.d" -o "source/utils/oled_ui.o" "../source/utils/oled_ui.c"
Invoking: MCU C Compiler
arm-none-eabi-gcc -std=gnu99 -DCPU_MCXA153VLH -DCPU_MCXA153VLH_cm33_nodsp -DMCUXPRESSO_SDK -DSDK_DEBUGCONSOLE=0 -DMCUX_META_BUILD -DPRINTF_FLOAT_ENABLE=1 -D__MCUXPRESSO -D__USE_CMSIS -DDEBUG -D__REDLIB__ -I"C:\Users\safin\Desktop\Final Safin\project\source" -I"C:/Users/safin/Desktop/Final Safin/project/board" -I"C:/Users/safin/Desktop/Final Safin/project/drivers" -I"C:\Users\safin\Desktop\Final Safin\project\CMSIS" -I"C:\Users\safin\Desktop\Final Safin\project\CMSIS\m-profile" -I"C:\Users\safin\Desktop\Final Safin\project\device" -I"C:\Users\safin\Desktop\Final Safin\project\device\periph" -O0 -fno-common -g3 -gdwarf-4 -mcpu=cortex-m33+nodsp -c -ffunction-sections -fdata-sections -fno-builtin -fmerge-constants -fmacro-prefix-map="../source/utils/"= -mcpu=cortex-m33+nodsp -mthumb -D__REDLIB__ -fstack-usage -specs=redlib.specs -MMD -MP -MF"source/utils/ssd1306.d" -MT"source/utils/ssd1306.o" -MT"source/utils/ssd1306.d" -o "source/utils/ssd1306.o" "../source/utils/ssd1306.c"
Building file: ../source/games/gps_location.game.c
arm-none-eabi-gcc -std=gnu99 -DCPU_MCXA153VLH -DCPU_MCXA153VLH_cm33_nodsp -DMCUXPRESSO_SDK -DSDK_DEBUGCONSOLE=0 -DMCUX_META_BUILD -DPRINTF_FLOAT_ENABLE=1 -D__MCUXPRESSO -D__USE_CMSIS -DDEBUG -D__REDLIB__ -I"C:\Users\safin\Desktop\Final Safin\project\source" -I"C:/Users/safin/Desktop/Final Safin/project/board" -I"C:/Users/safin/Desktop/Final Safin/project/drivers" -I"C:\Users\safin\Desktop\Final Safin\project\CMSIS" -I"C:\Users\safin\Desktop\Final Safin\project\CMSIS\m-profile" -I"C:\Users\safin\Desktop\Final Safin\project\device" -I"C:\Users\safin\Desktop\Final Safin\project\device\periph" -O0 -fno-common -g3 -gdwarf-4 -mcpu=cortex-m33+nodsp -c -ffunction-sections -fdata-sections -fno-builtin -fmerge-constants -fmacro-prefix-map="../source/utils/"= -mcpu=cortex-m33+nodsp -mthumb -D__REDLIB__ -fstack-usage -specs=redlib.specs -MMD -MP -MF"source/utils/twi.d" -MT"source/utils/twi.o" -MT"source/utils/twi.d" -o "source/utils/twi.o" "../source/utils/twi.c"
Invoking: MCU C Compiler
arm-none-eabi-gcc -std=gnu99 -DCPU_MCXA153VLH -DCPU_MCXA153VLH_cm33_nodsp -DMCUXPRESSO_SDK -DSDK_DEBUGCONSOLE=0 -DMCUX_META_BUILD -DPRINTF_FLOAT_ENABLE=1 -D__MCUXPRESSO -D__USE_CMSIS -DDEBUG -D__REDLIB__ -I"C:\Users\safin\Desktop\Final Safin\project\source" -I"C:/Users/safin/Desktop/Final Safin/project/board" -I"C:/Users/safin/Desktop/Final Safin/project/drivers" -I"C:\Users\safin\Desktop\Final Safin\project\CMSIS" -I"C:\Users\safin\Desktop\Final Safin\project\CMSIS\m-profile" -I"C:\Users\safin\Desktop\Final Safin\project\device" -I"C:\Users\safin\Desktop\Final Safin\project\device\periph" -O0 -fno-common -g3 -gdwarf-4 -mcpu=cortex-m33+nodsp -c -ffunction-sections -fdata-sections -fno-builtin -fmerge-constants -fmacro-prefix-map="../source/games/"= -mcpu=cortex-m33+nodsp -mthumb -D__REDLIB__ -fstack-usage -specs=redlib.specs -MMD -MP -MF"source/games/game_control.d" -MT"source/games/game_control.o" -MT"source/games/game_control.d" -o "source/games/game_control.o" "../source/games/game_control.c"
Invoking: MCU C Compiler
Building file: ../source/games/gps_proximity.game.c
arm-none-eabi-gcc -std=gnu99 -DCPU_MCXA153VLH -DCPU_MCXA153VLH_cm33_nodsp -DMCUXPRESSO_SDK -DSDK_DEBUGCONSOLE=0 -DMCUX_META_BUILD -DPRINTF_FLOAT_ENABLE=1 -D__MCUXPRESSO -D__USE_CMSIS -DDEBUG -D__REDLIB__ -I"C:\Users\safin\Desktop\Final Safin\project\source" -I"C:/Users/safin/Desktop/Final Safin/project/board" -I"C:/Users/safin/Desktop/Final Safin/project/drivers" -I"C:\Users\safin\Desktop\Final Safin\project\CMSIS" -I"C:\Users\safin\Desktop\Final Safin\project\CMSIS\m-profile" -I"C:\Users\safin\Desktop\Final Safin\project\device" -I"C:\Users\safin\Desktop\Final Safin\project\device\periph" -O0 -fno-common -g3 -gdwarf-4 -mcpu=cortex-m33+nodsp -c -ffunction-sections -fdata-sections -fno-builtin -fmerge-constants -fmacro-prefix-map="../source/games/"= -mcpu=cortex-m33+nodsp -mthumb -D__REDLIB__ -fstack-usage -specs=redlib.specs -MMD -MP -MF"source/games/gps_location.game.d" -MT"source/games/gps_location.game.o" -MT"source/games/gps_location.game.d" -o "source/games/gps_location.game.o" "../source/games/gps_location.game.c"
Building file: ../source/games/trivia.c
Invoking: MCU C Compiler
Building file: ../source/fifo.c
../source/utils/oled_ui.c: In function 'OLED_Init':
../source/utils/oled_ui.c:8:5: warning: implicit declaration of function 'SSD1306_Display' [-Wimplicit-function-declaration]
    8 |     SSD1306_Display();
      |     ^~~~~~~~~~~~~~~
arm-none-eabi-gcc -std=gnu99 -DCPU_MCXA153VLH -DCPU_MCXA153VLH_cm33_nodsp -DMCUXPRESSO_SDK -DSDK_DEBUGCONSOLE=0 -DMCUX_META_BUILD -DPRINTF_FLOAT_ENABLE=1 -D__MCUXPRESSO -D__USE_CMSIS -DDEBUG -D__REDLIB__ -I"C:\Users\safin\Desktop\Final Safin\project\source" -I"C:/Users/safin/Desktop/Final Safin/project/board" -I"C:/Users/safin/Desktop/Final Safin/project/drivers" -I"C:\Users\safin\Desktop\Final Safin\project\CMSIS" -I"C:\Users\safin\Desktop\Final Safin\project\CMSIS\m-profile" -I"C:\Users\safin\Desktop\Final Safin\project\device" -I"C:\Users\safin\Desktop\Final Safin\project\device\periph" -O0 -fno-common -g3 -gdwarf-4 -mcpu=cortex-m33+nodsp -c -ffunction-sections -fdata-sections -fno-builtin -fmerge-constants -fmacro-prefix-map="../source/games/"= -mcpu=cortex-m33+nodsp -mthumb -D__REDLIB__ -fstack-usage -specs=redlib.specs -MMD -MP -MF"source/games/gps_proximity.game.d" -MT"source/games/gps_proximity.game.o" -MT"source/games/gps_proximity.game.d" -o "source/games/gps_proximity.game.o" "../source/games/gps_proximity.game.c"
Invoking: MCU C Compiler
Building file: ../source/fsl_clock.c
arm-none-eabi-gcc -std=gnu99 -DCPU_MCXA153VLH -DCPU_MCXA153VLH_cm33_nodsp -DMCUXPRESSO_SDK -DSDK_DEBUGCONSOLE=0 -DMCUX_META_BUILD -DPRINTF_FLOAT_ENABLE=1 -D__MCUXPRESSO -D__USE_CMSIS -DDEBUG -D__REDLIB__ -I"C:\Users\safin\Desktop\Final Safin\project\source" -I"C:/Users/safin/Desktop/Final Safin/project/board" -I"C:/Users/safin/Desktop/Final Safin/project/drivers" -I"C:\Users\safin\Desktop\Final Safin\project\CMSIS" -I"C:\Users\safin\Desktop\Final Safin\project\CMSIS\m-profile" -I"C:\Users\safin\Desktop\Final Safin\project\device" -I"C:\Users\safin\Desktop\Final Safin\project\device\periph" -O0 -fno-common -g3 -gdwarf-4 -mcpu=cortex-m33+nodsp -c -ffunction-sections -fdata-sections -fno-builtin -fmerge-constants -fmacro-prefix-map="../source/games/"= -mcpu=cortex-m33+nodsp -mthumb -D__REDLIB__ -fstack-usage -specs=redlib.specs -MMD -MP -MF"source/games/trivia.d" -MT"source/games/trivia.o" -MT"source/games/trivia.d" -o "source/games/trivia.o" "../source/games/trivia.c"
Invoking: MCU C Compiler
arm-none-eabi-gcc -std=gnu99 -DCPU_MCXA153VLH -DCPU_MCXA153VLH_cm33_nodsp -DMCUXPRESSO_SDK -DSDK_DEBUGCONSOLE=0 -DMCUX_META_BUILD -DPRINTF_FLOAT_ENABLE=1 -D__MCUXPRESSO -D__USE_CMSIS -DDEBUG -D__REDLIB__ -I"C:\Users\safin\Desktop\Final Safin\project\source" -I"C:/Users/safin/Desktop/Final Safin/project/board" -I"C:/Users/safin/Desktop/Final Safin/project/drivers" -I"C:\Users\safin\Desktop\Final Safin\project\CMSIS" -I"C:\Users\safin\Desktop\Final Safin\project\CMSIS\m-profile" -I"C:\Users\safin\Desktop\Final Safin\project\device" -I"C:\Users\safin\Desktop\Final Safin\project\device\periph" -O0 -fno-common -g3 -gdwarf-4 -mcpu=cortex-m33+nodsp -c -ffunction-sections -fdata-sections -fno-builtin -fmerge-constants -fmacro-prefix-map="../source/"= -mcpu=cortex-m33+nodsp -mthumb -D__REDLIB__ -fstack-usage -specs=redlib.specs -MMD -MP -MF"source/fifo.d" -MT"source/fifo.o" -MT"source/fifo.d" -o "source/fifo.o" "../source/fifo.c"
Invoking: MCU C Compiler
Building file: ../source/fsl_gpio.c
arm-none-eabi-gcc -std=gnu99 -DCPU_MCXA153VLH -DCPU_MCXA153VLH_cm33_nodsp -DMCUXPRESSO_SDK -DSDK_DEBUGCONSOLE=0 -DMCUX_META_BUILD -DPRINTF_FLOAT_ENABLE=1 -D__MCUXPRESSO -D__USE_CMSIS -DDEBUG -D__REDLIB__ -I"C:\Users\safin\Desktop\Final Safin\project\source" -I"C:/Users/safin/Desktop/Final Safin/project/board" -I"C:/Users/safin/Desktop/Final Safin/project/drivers" -I"C:\Users\safin\Desktop\Final Safin\project\CMSIS" -I"C:\Users\safin\Desktop\Final Safin\project\CMSIS\m-profile" -I"C:\Users\safin\Desktop\Final Safin\project\device" -I"C:\Users\safin\Desktop\Final Safin\project\device\periph" -O0 -fno-common -g3 -gdwarf-4 -mcpu=cortex-m33+nodsp -c -ffunction-sections -fdata-sections -fno-builtin -fmerge-constants -fmacro-prefix-map="../source/"= -mcpu=cortex-m33+nodsp -mthumb -D__REDLIB__ -fstack-usage -specs=redlib.specs -MMD -MP -MF"source/fsl_clock.d" -MT"source/fsl_clock.o" -MT"source/fsl_clock.d" -o "source/fsl_clock.o" "../source/fsl_clock.c"
Building file: ../source/fsl_lpi2c.c
Invoking: MCU C Compiler
Finished building: ../source/utils/oled_ui.c
arm-none-eabi-gcc -std=gnu99 -DCPU_MCXA153VLH -DCPU_MCXA153VLH_cm33_nodsp -DMCUXPRESSO_SDK -DSDK_DEBUGCONSOLE=0 -DMCUX_META_BUILD -DPRINTF_FLOAT_ENABLE=1 -D__MCUXPRESSO -D__USE_CMSIS -DDEBUG -D__REDLIB__ -I"C:\Users\safin\Desktop\Final Safin\project\source" -I"C:/Users/safin/Desktop/Final Safin/project/board" -I"C:/Users/safin/Desktop/Final Safin/project/drivers" -I"C:\Users\safin\Desktop\Final Safin\project\CMSIS" -I"C:\Users\safin\Desktop\Final Safin\project\CMSIS\m-profile" -I"C:\Users\safin\Desktop\Final Safin\project\device" -I"C:\Users\safin\Desktop\Final Safin\project\device\periph" -O0 -fno-common -g3 -gdwarf-4 -mcpu=cortex-m33+nodsp -c -ffunction-sections -fdata-sections -fno-builtin -fmerge-constants -fmacro-prefix-map="../source/"= -mcpu=cortex-m33+nodsp -mthumb -D__REDLIB__ -fstack-usage -specs=redlib.specs -MMD -MP -MF"source/fsl_gpio.d" -MT"source/fsl_gpio.o" -MT"source/fsl_gpio.d" -o "source/fsl_gpio.o" "../source/fsl_gpio.c"
Finished building: ../source/utils/twi.c
Invoking: MCU C Compiler
arm-none-eabi-gcc -std=gnu99 -DCPU_MCXA153VLH -DCPU_MCXA153VLH_cm33_nodsp -DMCUXPRESSO_SDK -DSDK_DEBUGCONSOLE=0 -DMCUX_META_BUILD -DPRINTF_FLOAT_ENABLE=1 -D__MCUXPRESSO -D__USE_CMSIS -DDEBUG -D__REDLIB__ -I"C:\Users\safin\Desktop\Final Safin\project\source" -I"C:/Users/safin/Desktop/Final Safin/project/board" -I"C:/Users/safin/Desktop/Final Safin/project/drivers" -I"C:\Users\safin\Desktop\Final Safin\project\CMSIS" -I"C:\Users\safin\Desktop\Final Safin\project\CMSIS\m-profile" -I"C:\Users\safin\Desktop\Final Safin\project\device" -I"C:\Users\safin\Desktop\Final Safin\project\device\periph" -O0 -fno-common -g3 -gdwarf-4 -mcpu=cortex-m33+nodsp -c -ffunction-sections -fdata-sections -fno-builtin -fmerge-constants -fmacro-prefix-map="../source/"= -mcpu=cortex-m33+nodsp -mthumb -D__REDLIB__ -fstack-usage -specs=redlib.specs -MMD -MP -MF"source/fsl_lpi2c.d" -MT"source/fsl_lpi2c.o" -MT"source/fsl_lpi2c.d" -o "source/fsl_lpi2c.o" "../source/fsl_lpi2c.c"
 
Building file: ../source/fsl_reset.c
 
Building file: ../source/lpuart0_interrupt.c
Invoking: MCU C Compiler
Finished building: ../source/utils/delay.c
Building file: ../source/lpuart2_interrupt.c
Finished building: ../startup/startup_mcxa153.c
Invoking: MCU C Compiler
Finished building: ../source/utils/GPS.c
arm-none-eabi-gcc -std=gnu99 -DCPU_MCXA153VLH -DCPU_MCXA153VLH_cm33_nodsp -DMCUXPRESSO_SDK -DSDK_DEBUGCONSOLE=0 -DMCUX_META_BUILD -DPRINTF_FLOAT_ENABLE=1 -D__MCUXPRESSO -D__USE_CMSIS -DDEBUG -D__REDLIB__ -I"C:\Users\safin\Desktop\Final Safin\project\source" -I"C:/Users/safin/Desktop/Final Safin/project/board" -I"C:/Users/safin/Desktop/Final Safin/project/drivers" -I"C:\Users\safin\Desktop\Final Safin\project\CMSIS" -I"C:\Users\safin\Desktop\Final Safin\project\CMSIS\m-profile" -I"C:\Users\safin\Desktop\Final Safin\project\device" -I"C:\Users\safin\Desktop\Final Safin\project\device\periph" -O0 -fno-common -g3 -gdwarf-4 -mcpu=cortex-m33+nodsp -c -ffunction-sections -fdata-sections -fno-builtin -fmerge-constants -fmacro-prefix-map="../source/"= -mcpu=cortex-m33+nodsp -mthumb -D__REDLIB__ -fstack-usage -specs=redlib.specs -MMD -MP -MF"source/fsl_reset.d" -MT"source/fsl_reset.o" -MT"source/fsl_reset.d" -o "source/fsl_reset.o" "../source/fsl_reset.c"
Finished building: ../source/games/gps_location.game.c
../source/games/trivia.c: In function 'Trivia_RunGame':
../source/games/trivia.c:153:9: warning: implicit declaration of function 'OLED_ShowQuestionScreen' [-Wimplicit-function-declaration]
  153 |         OLED_ShowQuestionScreen(
      |         ^~~~~~~~~~~~~~~~~~~~~~~
../source/games/trivia.c:172:9: warning: implicit declaration of function 'Delay_ms'; did you mean 'Delay_us'? [-Wimplicit-function-declaration]
  172 |         Delay_ms(1000);
      |         ^~~~~~~~
      |         Delay_us
Finished building: ../source/games/game_control.c
 
 
Invoking: MCU C Compiler
 
Finished building: ../source/utils/keypad.c
Finished building: ../source/games/gps_proximity.game.c
arm-none-eabi-gcc -std=gnu99 -DCPU_MCXA153VLH -DCPU_MCXA153VLH_cm33_nodsp -DMCUXPRESSO_SDK -DSDK_DEBUGCONSOLE=0 -DMCUX_META_BUILD -DPRINTF_FLOAT_ENABLE=1 -D__MCUXPRESSO -D__USE_CMSIS -DDEBUG -D__REDLIB__ -I"C:\Users\safin\Desktop\Final Safin\project\source" -I"C:/Users/safin/Desktop/Final Safin/project/board" -I"C:/Users/safin/Desktop/Final Safin/project/drivers" -I"C:\Users\safin\Desktop\Final Safin\project\CMSIS" -I"C:\Users\safin\Desktop\Final Safin\project\CMSIS\m-profile" -I"C:\Users\safin\Desktop\Final Safin\project\device" -I"C:\Users\safin\Desktop\Final Safin\project\device\periph" -O0 -fno-common -g3 -gdwarf-4 -mcpu=cortex-m33+nodsp -c -ffunction-sections -fdata-sections -fno-builtin -fmerge-constants -fmacro-prefix-map="../source/"= -mcpu=cortex-m33+nodsp -mthumb -D__REDLIB__ -fstack-usage -specs=redlib.specs -MMD -MP -MF"source/lpuart0_interrupt.d" -MT"source/lpuart0_interrupt.o" -MT"source/lpuart0_interrupt.d" -o "source/lpuart0_interrupt.o" "../source/lpuart0_interrupt.c"
Finished building: ../source/utils/ssd1306.c
arm-none-eabi-gcc -std=gnu99 -DCPU_MCXA153VLH -DCPU_MCXA153VLH_cm33_nodsp -DMCUXPRESSO_SDK -DSDK_DEBUGCONSOLE=0 -DMCUX_META_BUILD -DPRINTF_FLOAT_ENABLE=1 -D__MCUXPRESSO -D__USE_CMSIS -DDEBUG -D__REDLIB__ -I"C:\Users\safin\Desktop\Final Safin\project\source" -I"C:/Users/safin/Desktop/Final Safin/project/board" -I"C:/Users/safin/Desktop/Final Safin/project/drivers" -I"C:\Users\safin\Desktop\Final Safin\project\CMSIS" -I"C:\Users\safin\Desktop\Final Safin\project\CMSIS\m-profile" -I"C:\Users\safin\Desktop\Final Safin\project\device" -I"C:\Users\safin\Desktop\Final Safin\project\device\periph" -O0 -fno-common -g3 -gdwarf-4 -mcpu=cortex-m33+nodsp -c -ffunction-sections -fdata-sections -fno-builtin -fmerge-constants -fmacro-prefix-map="../source/"= -mcpu=cortex-m33+nodsp -mthumb -D__REDLIB__ -fstack-usage -specs=redlib.specs -MMD -MP -MF"source/lpuart2_interrupt.d" -MT"source/lpuart2_interrupt.o" -MT"source/lpuart2_interrupt.d" -o "source/lpuart2_interrupt.o" "../source/lpuart2_interrupt.c"
 
 
 
 
Finished building: ../source/fifo.c
 
Building file: ../source/main.c
Building file: ../source/retarget.c
Invoking: MCU C Compiler
 
Building file: ../source/semihost_hardfault.c
arm-none-eabi-gcc -std=gnu99 -DCPU_MCXA153VLH -DCPU_MCXA153VLH_cm33_nodsp -DMCUXPRESSO_SDK -DSDK_DEBUGCONSOLE=0 -DMCUX_META_BUILD -DPRINTF_FLOAT_ENABLE=1 -D__MCUXPRESSO -D__USE_CMSIS -DDEBUG -D__REDLIB__ -I"C:\Users\safin\Desktop\Final Safin\project\source" -I"C:/Users/safin/Desktop/Final Safin/project/board" -I"C:/Users/safin/Desktop/Final Safin/project/drivers" -I"C:\Users\safin\Desktop\Final Safin\project\CMSIS" -I"C:\Users\safin\Desktop\Final Safin\project\CMSIS\m-profile" -I"C:\Users\safin\Desktop\Final Safin\project\device" -I"C:\Users\safin\Desktop\Final Safin\project\device\periph" -O0 -fno-common -g3 -gdwarf-4 -mcpu=cortex-m33+nodsp -c -ffunction-sections -fdata-sections -fno-builtin -fmerge-constants -fmacro-prefix-map="../source/"= -mcpu=cortex-m33+nodsp -mthumb -D__REDLIB__ -fstack-usage -specs=redlib.specs -MMD -MP -MF"source/main.d" -MT"source/main.o" -MT"source/main.d" -o "source/main.o" "../source/main.c"
Finished building: ../source/fsl_clock.c
Invoking: MCU C Compiler
Finished building: ../source/fsl_gpio.c
arm-none-eabi-gcc -std=gnu99 -DCPU_MCXA153VLH -DCPU_MCXA153VLH_cm33_nodsp -DMCUXPRESSO_SDK -DSDK_DEBUGCONSOLE=0 -DMCUX_META_BUILD -DPRINTF_FLOAT_ENABLE=1 -D__MCUXPRESSO -D__USE_CMSIS -DDEBUG -D__REDLIB__ -I"C:\Users\safin\Desktop\Final Safin\project\source" -I"C:/Users/safin/Desktop/Final Safin/project/board" -I"C:/Users/safin/Desktop/Final Safin/project/drivers" -I"C:\Users\safin\Desktop\Final Safin\project\CMSIS" -I"C:\Users\safin\Desktop\Final Safin\project\CMSIS\m-profile" -I"C:\Users\safin\Desktop\Final Safin\project\device" -I"C:\Users\safin\Desktop\Final Safin\project\device\periph" -O0 -fno-common -g3 -gdwarf-4 -mcpu=cortex-m33+nodsp -c -ffunction-sections -fdata-sections -fno-builtin -fmerge-constants -fmacro-prefix-map="../source/"= -mcpu=cortex-m33+nodsp -mthumb -D__REDLIB__ -fstack-usage -specs=redlib.specs -MMD -MP -MF"source/retarget.d" -MT"source/retarget.o" -MT"source/retarget.d" -o "source/retarget.o" "../source/retarget.c"
Finished building: ../source/games/trivia.c
Invoking: MCU C Compiler
 
 
arm-none-eabi-gcc -std=gnu99 -DCPU_MCXA153VLH -DCPU_MCXA153VLH_cm33_nodsp -DMCUXPRESSO_SDK -DSDK_DEBUGCONSOLE=0 -DMCUX_META_BUILD -DPRINTF_FLOAT_ENABLE=1 -D__MCUXPRESSO -D__USE_CMSIS -DDEBUG -D__REDLIB__ -I"C:\Users\safin\Desktop\Final Safin\project\source" -I"C:/Users/safin/Desktop/Final Safin/project/board" -I"C:/Users/safin/Desktop/Final Safin/project/drivers" -I"C:\Users\safin\Desktop\Final Safin\project\CMSIS" -I"C:\Users\safin\Desktop\Final Safin\project\CMSIS\m-profile" -I"C:\Users\safin\Desktop\Final Safin\project\device" -I"C:\Users\safin\Desktop\Final Safin\project\device\periph" -O0 -fno-common -g3 -gdwarf-4 -mcpu=cortex-m33+nodsp -c -ffunction-sections -fdata-sections -fno-builtin -fmerge-constants -fmacro-prefix-map="../source/"= -mcpu=cortex-m33+nodsp -mthumb -D__REDLIB__ -fstack-usage -specs=redlib.specs -MMD -MP -MF"source/semihost_hardfault.d" -MT"source/semihost_hardfault.o" -MT"source/semihost_hardfault.d" -o "source/semihost_hardfault.o" "../source/semihost_hardfault.c"
 
Finished building: ../source/fsl_lpi2c.c
Building file: ../device/system_MCXA153.c
 
Invoking: MCU C Compiler
arm-none-eabi-gcc -std=gnu99 -DCPU_MCXA153VLH -DCPU_MCXA153VLH_cm33_nodsp -DMCUXPRESSO_SDK -DSDK_DEBUGCONSOLE=0 -DMCUX_META_BUILD -DPRINTF_FLOAT_ENABLE=1 -D__MCUXPRESSO -D__USE_CMSIS -DDEBUG -D__REDLIB__ -I"C:\Users\safin\Desktop\Final Safin\project\source" -I"C:/Users/safin/Desktop/Final Safin/project/board" -I"C:/Users/safin/Desktop/Final Safin/project/drivers" -I"C:\Users\safin\Desktop\Final Safin\project\CMSIS" -I"C:\Users\safin\Desktop\Final Safin\project\CMSIS\m-profile" -I"C:\Users\safin\Desktop\Final Safin\project\device" -I"C:\Users\safin\Desktop\Final Safin\project\device\periph" -O0 -fno-common -g3 -gdwarf-4 -mcpu=cortex-m33+nodsp -c -ffunction-sections -fdata-sections -fno-builtin -fmerge-constants -fmacro-prefix-map="../device/"= -mcpu=cortex-m33+nodsp -mthumb -D__REDLIB__ -fstack-usage -specs=redlib.specs -MMD -MP -MF"device/system_MCXA153.d" -MT"device/system_MCXA153.o" -MT"device/system_MCXA153.d" -o "device/system_MCXA153.o" "../device/system_MCXA153.c"
../source/main.c: In function 'handle_code_memory_game':
../source/main.c:105:13: warning: implicit declaration of function 'Delay_ms'; did you mean 'Delay_us'? [-Wimplicit-function-declaration]
  105 |             Delay_ms(1000);
      |             ^~~~~~~~
      |             Delay_us
Finished building: ../source/fsl_reset.c
Finished building: ../source/semihost_hardfault.c
 
 
Finished building: ../source/lpuart0_interrupt.c
 
Finished building: ../source/lpuart2_interrupt.c
 
Finished building: ../source/retarget.c
Finished building: ../source/main.c
 
 
Finished building: ../device/system_MCXA153.c
 
Building target: project.axf
Invoking: MCU Linker
arm-none-eabi-gcc -nostdlib -Xlinker -no-warn-rwx-segments -Xlinker -Map="project.map" -Xlinker --gc-sections -Xlinker -print-memory-usage -Xlinker --sort-section=alignment -Xlinker --cref -mcpu=cortex-m33+nodsp -mthumb -T project_Debug.ld -o "project.axf" ./startup/startup_mcxa153.o  ./source/utils/GPS.o ./source/utils/delay.o ./source/utils/keypad.o ./source/utils/oled_ui.o ./source/utils/ssd1306.o ./source/utils/twi.o  ./source/games/game_control.o ./source/games/gps_location.game.o ./source/games/gps_proximity.game.o ./source/games/trivia.o  ./source/fifo.o ./source/fsl_clock.o ./source/fsl_gpio.o ./source/fsl_lpi2c.o ./source/fsl_reset.o ./source/lpuart0_interrupt.o ./source/lpuart2_interrupt.o ./source/main.o ./source/retarget.o ./source/semihost_hardfault.o  ./device/system_MCXA153.o   
Memory region         Used Size  Region Size  %age Used
   PROGRAM_FLASH:       28396 B       128 KB     21.66%
            SRAM:        6008 B        24 KB     24.45%
          SRAMX0:          0 GB         8 KB      0.00%
          SRAMX1:          0 GB         4 KB      0.00%
Finished building target: project.axf
 
Performing post-build steps
arm-none-eabi-size "project.axf"; # arm-none-eabi-objcopy -v -O binary "project.axf" "project.bin" ; # checksum -p MCXA153 -d "project.bin";
   text	   data	    bss	    dec	    hex	filename
  27556	    840	   5168	  33564	   831c	project.axf
 

16:36:38 Build Finished. 0 errors, 4 warnings. (took 2s.382ms)

